=== RUN   Test
=== RUN   Test/ReceiveBufferCompactionAppend
=== RUN   Test/ReceiveBufferCompactionConcurrentReads
=== RUN   Test/ReceiveBufferCompactionOwnership
=== RUN   Test/ReceiveBufferSmallFrames
=== RUN   Test/ReceiveBufferSmallFrames/environment
=== RUN   Test/ReceiveBufferSmallFrames/environment/client
=== RUN   Test/ReceiveBufferSmallFrames/environment/server
=== RUN   Test/ReceiveBufferSmallFrames/enabled
=== RUN   Test/ReceiveBufferSmallFrames/enabled/client
=== RUN   Test/ReceiveBufferSmallFrames/enabled/server
=== RUN   Test/ReceiveBufferSmallFrames/disabled
=== RUN   Test/ReceiveBufferSmallFrames/disabled/client
=== RUN   Test/ReceiveBufferSmallFrames/disabled/server
--- PASS: Test (2.45s)
    --- PASS: Test/ReceiveBufferCompactionAppend (0.00s)
    --- PASS: Test/ReceiveBufferCompactionConcurrentReads (0.30s)
    --- PASS: Test/ReceiveBufferCompactionOwnership (0.30s)
    --- PASS: Test/ReceiveBufferSmallFrames (1.84s)
        --- PASS: Test/ReceiveBufferSmallFrames/environment (0.61s)
            --- PASS: Test/ReceiveBufferSmallFrames/environment/client (0.30s)
            --- PASS: Test/ReceiveBufferSmallFrames/environment/server (0.30s)
        --- PASS: Test/ReceiveBufferSmallFrames/enabled (0.61s)
            --- PASS: Test/ReceiveBufferSmallFrames/enabled/client (0.31s)
            --- PASS: Test/ReceiveBufferSmallFrames/enabled/server (0.30s)
        --- PASS: Test/ReceiveBufferSmallFrames/disabled (0.62s)
            --- PASS: Test/ReceiveBufferSmallFrames/disabled/client (0.31s)
            --- PASS: Test/ReceiveBufferSmallFrames/disabled/server (0.31s)
=== RUN   Test
--- PASS: Test (0.00s)
=== RUN   Test
=== RUN   Test/ReceiveBufferCompactionAppend
=== RUN   Test/ReceiveBufferCompactionConcurrentReads
=== RUN   Test/ReceiveBufferCompactionOwnership
=== RUN   Test/ReceiveBufferSmallFrames
=== RUN   Test/ReceiveBufferSmallFrames/environment
=== RUN   Test/ReceiveBufferSmallFrames/environment/client
=== RUN   Test/ReceiveBufferSmallFrames/environment/server
=== RUN   Test/ReceiveBufferSmallFrames/enabled
=== RUN   Test/ReceiveBufferSmallFrames/enabled/client
=== RUN   Test/ReceiveBufferSmallFrames/enabled/server
=== RUN   Test/ReceiveBufferSmallFrames/disabled
=== RUN   Test/ReceiveBufferSmallFrames/disabled/client
=== RUN   Test/ReceiveBufferSmallFrames/disabled/server
--- PASS: Test (2.45s)
    --- PASS: Test/ReceiveBufferCompactionAppend (0.00s)
    --- PASS: Test/ReceiveBufferCompactionConcurrentReads (0.31s)
    --- PASS: Test/ReceiveBufferCompactionOwnership (0.30s)
    --- PASS: Test/ReceiveBufferSmallFrames (1.84s)
        --- PASS: Test/ReceiveBufferSmallFrames/environment (0.61s)
            --- PASS: Test/ReceiveBufferSmallFrames/environment/client (0.30s)
            --- PASS: Test/ReceiveBufferSmallFrames/environment/server (0.31s)
        --- PASS: Test/ReceiveBufferSmallFrames/enabled (0.61s)
            --- PASS: Test/ReceiveBufferSmallFrames/enabled/client (0.30s)
            --- PASS: Test/ReceiveBufferSmallFrames/enabled/server (0.30s)
        --- PASS: Test/ReceiveBufferSmallFrames/disabled (0.62s)
            --- PASS: Test/ReceiveBufferSmallFrames/disabled/client (0.31s)
            --- PASS: Test/ReceiveBufferSmallFrames/disabled/server (0.31s)
=== RUN   Test
--- PASS: Test (0.00s)
=== RUN   Test
=== RUN   Test/ReceiveBufferCompactionAppend
=== RUN   Test/ReceiveBufferCompactionConcurrentReads
=== RUN   Test/ReceiveBufferCompactionOwnership
=== RUN   Test/ReceiveBufferSmallFrames
=== RUN   Test/ReceiveBufferSmallFrames/environment
=== RUN   Test/ReceiveBufferSmallFrames/environment/client
=== RUN   Test/ReceiveBufferSmallFrames/environment/server
=== RUN   Test/ReceiveBufferSmallFrames/enabled
=== RUN   Test/ReceiveBufferSmallFrames/enabled/client
=== RUN   Test/ReceiveBufferSmallFrames/enabled/server
=== RUN   Test/ReceiveBufferSmallFrames/disabled
=== RUN   Test/ReceiveBufferSmallFrames/disabled/client
=== RUN   Test/ReceiveBufferSmallFrames/disabled/server
--- PASS: Test (2.45s)
    --- PASS: Test/ReceiveBufferCompactionAppend (0.00s)
    --- PASS: Test/ReceiveBufferCompactionConcurrentReads (0.30s)
    --- PASS: Test/ReceiveBufferCompactionOwnership (0.31s)
    --- PASS: Test/ReceiveBufferSmallFrames (1.84s)
        --- PASS: Test/ReceiveBufferSmallFrames/environment (0.61s)
            --- PASS: Test/ReceiveBufferSmallFrames/environment/client (0.30s)
            --- PASS: Test/ReceiveBufferSmallFrames/environment/server (0.30s)
        --- PASS: Test/ReceiveBufferSmallFrames/enabled (0.61s)
            --- PASS: Test/ReceiveBufferSmallFrames/enabled/client (0.30s)
            --- PASS: Test/ReceiveBufferSmallFrames/enabled/server (0.30s)
        --- PASS: Test/ReceiveBufferSmallFrames/disabled (0.63s)
            --- PASS: Test/ReceiveBufferSmallFrames/disabled/client (0.31s)
            --- PASS: Test/ReceiveBufferSmallFrames/disabled/server (0.31s)
=== RUN   Test
--- PASS: Test (0.00s)
=== RUN   Test
=== RUN   Test/ReceiveBufferCompactionAppend
=== RUN   Test/ReceiveBufferCompactionConcurrentReads
=== RUN   Test/ReceiveBufferCompactionOwnership
=== RUN   Test/ReceiveBufferSmallFrames
=== RUN   Test/ReceiveBufferSmallFrames/environment
=== RUN   Test/ReceiveBufferSmallFrames/environment/client
=== RUN   Test/ReceiveBufferSmallFrames/environment/server
=== RUN   Test/ReceiveBufferSmallFrames/enabled
=== RUN   Test/ReceiveBufferSmallFrames/enabled/client
=== RUN   Test/ReceiveBufferSmallFrames/enabled/server
=== RUN   Test/ReceiveBufferSmallFrames/disabled
=== RUN   Test/ReceiveBufferSmallFrames/disabled/client
=== RUN   Test/ReceiveBufferSmallFrames/disabled/server
--- PASS: Test (2.46s)
    --- PASS: Test/ReceiveBufferCompactionAppend (0.00s)
    --- PASS: Test/ReceiveBufferCompactionConcurrentReads (0.30s)
    --- PASS: Test/ReceiveBufferCompactionOwnership (0.31s)
    --- PASS: Test/ReceiveBufferSmallFrames (1.85s)
        --- PASS: Test/ReceiveBufferSmallFrames/environment (0.61s)
            --- PASS: Test/ReceiveBufferSmallFrames/environment/client (0.30s)
            --- PASS: Test/ReceiveBufferSmallFrames/environment/server (0.30s)
        --- PASS: Test/ReceiveBufferSmallFrames/enabled (0.61s)
            --- PASS: Test/ReceiveBufferSmallFrames/enabled/client (0.31s)
            --- PASS: Test/ReceiveBufferSmallFrames/enabled/server (0.30s)
        --- PASS: Test/ReceiveBufferSmallFrames/disabled (0.63s)
            --- PASS: Test/ReceiveBufferSmallFrames/disabled/client (0.31s)
            --- PASS: Test/ReceiveBufferSmallFrames/disabled/server (0.31s)
=== RUN   Test
--- PASS: Test (0.00s)
=== RUN   Test
=== RUN   Test/ReceiveBufferCompactionAppend
=== RUN   Test/ReceiveBufferCompactionConcurrentReads
=== RUN   Test/ReceiveBufferCompactionOwnership
=== RUN   Test/ReceiveBufferSmallFrames
=== RUN   Test/ReceiveBufferSmallFrames/environment
=== RUN   Test/ReceiveBufferSmallFrames/environment/client
=== RUN   Test/ReceiveBufferSmallFrames/environment/server
=== RUN   Test/ReceiveBufferSmallFrames/enabled
=== RUN   Test/ReceiveBufferSmallFrames/enabled/client
=== RUN   Test/ReceiveBufferSmallFrames/enabled/server
=== RUN   Test/ReceiveBufferSmallFrames/disabled
=== RUN   Test/ReceiveBufferSmallFrames/disabled/client
=== RUN   Test/ReceiveBufferSmallFrames/disabled/server
--- PASS: Test (2.46s)
    --- PASS: Test/ReceiveBufferCompactionAppend (0.00s)
    --- PASS: Test/ReceiveBufferCompactionConcurrentReads (0.30s)
    --- PASS: Test/ReceiveBufferCompactionOwnership (0.31s)
    --- PASS: Test/ReceiveBufferSmallFrames (1.85s)
        --- PASS: Test/ReceiveBufferSmallFrames/environment (0.61s)
            --- PASS: Test/ReceiveBufferSmallFrames/environment/client (0.30s)
            --- PASS: Test/ReceiveBufferSmallFrames/environment/server (0.30s)
        --- PASS: Test/ReceiveBufferSmallFrames/enabled (0.61s)
            --- PASS: Test/ReceiveBufferSmallFrames/enabled/client (0.30s)
            --- PASS: Test/ReceiveBufferSmallFrames/enabled/server (0.30s)
        --- PASS: Test/ReceiveBufferSmallFrames/disabled (0.62s)
            --- PASS: Test/ReceiveBufferSmallFrames/disabled/client (0.31s)
            --- PASS: Test/ReceiveBufferSmallFrames/disabled/server (0.31s)
=== RUN   Test
--- PASS: Test (0.00s)
PASS
ok  	google.golang.org/grpc/internal/transport	12.282s
