=== RUN   Test
=== RUN   Test/ReadGivesSameErrorAfterAnyErrorOccurs
C1-MUTANT-HIT post-consumption put on this buffer, kind=data
C1-MUTANT-HIT post-consumption put on this buffer, kind=terminal
=== RUN   Test/ReadMessageHeaderMultipleBuffers
=== RUN   Test/RecvBuffer_ConcurrentSmallFrames
C1-MUTANT-HIT post-consumption put on this buffer, kind=data
C1-MUTANT-HIT post-consumption put on this buffer, kind=terminal
    recv_buffer_test.go:352: read data differs from written data (first mismatch at 1155)
=== RUN   Test/RecvBuffer_ErrorAfterCompactedData
=== RUN   Test/RecvBuffer_LargeFramesBypassCompaction
=== RUN   Test/RecvBuffer_ManySmallFrames
=== RUN   Test/RecvBuffer_ManySmallFrames/compaction-enabled
=== RUN   Test/RecvBuffer_ManySmallFrames/compaction-disabled
=== RUN   Test/RecvBuffer_SmallFramesMemoryBounded
=== RUN   Test/ServerReceivesManyTinyDataFrames
--- FAIL: Test (0.05s)
    --- PASS: Test/ReadGivesSameErrorAfterAnyErrorOccurs (0.00s)
    --- PASS: Test/ReadMessageHeaderMultipleBuffers (0.00s)
    --- FAIL: Test/RecvBuffer_ConcurrentSmallFrames (0.00s)
    --- PASS: Test/RecvBuffer_ErrorAfterCompactedData (0.00s)
    --- PASS: Test/RecvBuffer_LargeFramesBypassCompaction (0.00s)
    --- PASS: Test/RecvBuffer_ManySmallFrames (0.02s)
        --- PASS: Test/RecvBuffer_ManySmallFrames/compaction-enabled (0.00s)
        --- PASS: Test/RecvBuffer_ManySmallFrames/compaction-disabled (0.01s)
    --- PASS: Test/RecvBuffer_SmallFramesMemoryBounded (0.01s)
    --- PASS: Test/ServerReceivesManyTinyDataFrames (0.01s)
=== RUN   Test
--- PASS: Test (0.00s)
=== RUN   Test
=== RUN   Test/ReadGivesSameErrorAfterAnyErrorOccurs
C1-MUTANT-HIT post-consumption put on this buffer, kind=data
C1-MUTANT-HIT post-consumption put on this buffer, kind=terminal
=== RUN   Test/ReadMessageHeaderMultipleBuffers
=== RUN   Test/RecvBuffer_ConcurrentSmallFrames
C1-MUTANT-HIT post-consumption put on this buffer, kind=data
C1-MUTANT-HIT post-consumption put on this buffer, kind=terminal
    recv_buffer_test.go:352: read data differs from written data (first mismatch at 1)
=== RUN   Test/RecvBuffer_ErrorAfterCompactedData
=== RUN   Test/RecvBuffer_LargeFramesBypassCompaction
=== RUN   Test/RecvBuffer_ManySmallFrames
=== RUN   Test/RecvBuffer_ManySmallFrames/compaction-enabled
=== RUN   Test/RecvBuffer_ManySmallFrames/compaction-disabled
=== RUN   Test/RecvBuffer_SmallFramesMemoryBounded
=== RUN   Test/ServerReceivesManyTinyDataFrames
--- FAIL: Test (0.05s)
    --- PASS: Test/ReadGivesSameErrorAfterAnyErrorOccurs (0.00s)
    --- PASS: Test/ReadMessageHeaderMultipleBuffers (0.00s)
    --- FAIL: Test/RecvBuffer_ConcurrentSmallFrames (0.00s)
    --- PASS: Test/RecvBuffer_ErrorAfterCompactedData (0.00s)
    --- PASS: Test/RecvBuffer_LargeFramesBypassCompaction (0.00s)
    --- PASS: Test/RecvBuffer_ManySmallFrames (0.02s)
        --- PASS: Test/RecvBuffer_ManySmallFrames/compaction-enabled (0.00s)
        --- PASS: Test/RecvBuffer_ManySmallFrames/compaction-disabled (0.01s)
    --- PASS: Test/RecvBuffer_SmallFramesMemoryBounded (0.01s)
    --- PASS: Test/ServerReceivesManyTinyDataFrames (0.01s)
=== RUN   Test
--- PASS: Test (0.00s)
=== RUN   Test
=== RUN   Test/ReadGivesSameErrorAfterAnyErrorOccurs
C1-MUTANT-HIT post-consumption put on this buffer, kind=data
C1-MUTANT-HIT post-consumption put on this buffer, kind=terminal
=== RUN   Test/ReadMessageHeaderMultipleBuffers
=== RUN   Test/RecvBuffer_ConcurrentSmallFrames
C1-MUTANT-HIT post-consumption put on this buffer, kind=data
C1-MUTANT-HIT post-consumption put on this buffer, kind=terminal
    recv_buffer_test.go:352: read data differs from written data (first mismatch at 1)
=== RUN   Test/RecvBuffer_ErrorAfterCompactedData
=== RUN   Test/RecvBuffer_LargeFramesBypassCompaction
=== RUN   Test/RecvBuffer_ManySmallFrames
=== RUN   Test/RecvBuffer_ManySmallFrames/compaction-enabled
=== RUN   Test/RecvBuffer_ManySmallFrames/compaction-disabled
=== RUN   Test/RecvBuffer_SmallFramesMemoryBounded
=== RUN   Test/ServerReceivesManyTinyDataFrames
--- FAIL: Test (0.10s)
    --- PASS: Test/ReadGivesSameErrorAfterAnyErrorOccurs (0.00s)
    --- PASS: Test/ReadMessageHeaderMultipleBuffers (0.00s)
    --- FAIL: Test/RecvBuffer_ConcurrentSmallFrames (0.00s)
    --- PASS: Test/RecvBuffer_ErrorAfterCompactedData (0.00s)
    --- PASS: Test/RecvBuffer_LargeFramesBypassCompaction (0.00s)
    --- PASS: Test/RecvBuffer_ManySmallFrames (0.01s)
        --- PASS: Test/RecvBuffer_ManySmallFrames/compaction-enabled (0.00s)
        --- PASS: Test/RecvBuffer_ManySmallFrames/compaction-disabled (0.01s)
    --- PASS: Test/RecvBuffer_SmallFramesMemoryBounded (0.01s)
    --- PASS: Test/ServerReceivesManyTinyDataFrames (0.06s)
=== RUN   Test
--- PASS: Test (0.00s)
=== RUN   Test
=== RUN   Test/ReadGivesSameErrorAfterAnyErrorOccurs
C1-MUTANT-HIT post-consumption put on this buffer, kind=data
C1-MUTANT-HIT post-consumption put on this buffer, kind=terminal
=== RUN   Test/ReadMessageHeaderMultipleBuffers
=== RUN   Test/RecvBuffer_ConcurrentSmallFrames
C1-MUTANT-HIT post-consumption put on this buffer, kind=data
C1-MUTANT-HIT post-consumption put on this buffer, kind=terminal
    recv_buffer_test.go:352: read data differs from written data (first mismatch at 1)
=== RUN   Test/RecvBuffer_ErrorAfterCompactedData
=== RUN   Test/RecvBuffer_LargeFramesBypassCompaction
=== RUN   Test/RecvBuffer_ManySmallFrames
=== RUN   Test/RecvBuffer_ManySmallFrames/compaction-enabled
=== RUN   Test/RecvBuffer_ManySmallFrames/compaction-disabled
=== RUN   Test/RecvBuffer_SmallFramesMemoryBounded
=== RUN   Test/ServerReceivesManyTinyDataFrames
--- FAIL: Test (0.04s)
    --- PASS: Test/ReadGivesSameErrorAfterAnyErrorOccurs (0.00s)
    --- PASS: Test/ReadMessageHeaderMultipleBuffers (0.00s)
    --- FAIL: Test/RecvBuffer_ConcurrentSmallFrames (0.00s)
    --- PASS: Test/RecvBuffer_ErrorAfterCompactedData (0.00s)
    --- PASS: Test/RecvBuffer_LargeFramesBypassCompaction (0.00s)
    --- PASS: Test/RecvBuffer_ManySmallFrames (0.01s)
        --- PASS: Test/RecvBuffer_ManySmallFrames/compaction-enabled (0.00s)
        --- PASS: Test/RecvBuffer_ManySmallFrames/compaction-disabled (0.01s)
    --- PASS: Test/RecvBuffer_SmallFramesMemoryBounded (0.01s)
    --- PASS: Test/ServerReceivesManyTinyDataFrames (0.01s)
=== RUN   Test
--- PASS: Test (0.00s)
=== RUN   Test
=== RUN   Test/ReadGivesSameErrorAfterAnyErrorOccurs
C1-MUTANT-HIT post-consumption put on this buffer, kind=data
C1-MUTANT-HIT post-consumption put on this buffer, kind=terminal
=== RUN   Test/ReadMessageHeaderMultipleBuffers
=== RUN   Test/RecvBuffer_ConcurrentSmallFrames
C1-MUTANT-HIT post-consumption put on this buffer, kind=data
C1-MUTANT-HIT post-consumption put on this buffer, kind=terminal
    recv_buffer_test.go:352: read data differs from written data (first mismatch at 1)
=== RUN   Test/RecvBuffer_ErrorAfterCompactedData
=== RUN   Test/RecvBuffer_LargeFramesBypassCompaction
=== RUN   Test/RecvBuffer_ManySmallFrames
=== RUN   Test/RecvBuffer_ManySmallFrames/compaction-enabled
=== RUN   Test/RecvBuffer_ManySmallFrames/compaction-disabled
=== RUN   Test/RecvBuffer_SmallFramesMemoryBounded
=== RUN   Test/ServerReceivesManyTinyDataFrames
--- FAIL: Test (0.10s)
    --- PASS: Test/ReadGivesSameErrorAfterAnyErrorOccurs (0.00s)
    --- PASS: Test/ReadMessageHeaderMultipleBuffers (0.00s)
    --- FAIL: Test/RecvBuffer_ConcurrentSmallFrames (0.00s)
    --- PASS: Test/RecvBuffer_ErrorAfterCompactedData (0.00s)
    --- PASS: Test/RecvBuffer_LargeFramesBypassCompaction (0.00s)
    --- PASS: Test/RecvBuffer_ManySmallFrames (0.02s)
        --- PASS: Test/RecvBuffer_ManySmallFrames/compaction-enabled (0.00s)
        --- PASS: Test/RecvBuffer_ManySmallFrames/compaction-disabled (0.01s)
    --- PASS: Test/RecvBuffer_SmallFramesMemoryBounded (0.01s)
    --- PASS: Test/ServerReceivesManyTinyDataFrames (0.06s)
=== RUN   Test
--- PASS: Test (0.00s)
=== RUN   Test
=== RUN   Test/ReadGivesSameErrorAfterAnyErrorOccurs
C1-MUTANT-HIT post-consumption put on this buffer, kind=data
C1-MUTANT-HIT post-consumption put on this buffer, kind=terminal
=== RUN   Test/ReadMessageHeaderMultipleBuffers
=== RUN   Test/RecvBuffer_ConcurrentSmallFrames
C1-MUTANT-HIT post-consumption put on this buffer, kind=data
C1-MUTANT-HIT post-consumption put on this buffer, kind=terminal
    recv_buffer_test.go:352: read data differs from written data (first mismatch at 1)
=== RUN   Test/RecvBuffer_ErrorAfterCompactedData
=== RUN   Test/RecvBuffer_LargeFramesBypassCompaction
=== RUN   Test/RecvBuffer_ManySmallFrames
=== RUN   Test/RecvBuffer_ManySmallFrames/compaction-enabled
=== RUN   Test/RecvBuffer_ManySmallFrames/compaction-disabled
=== RUN   Test/RecvBuffer_SmallFramesMemoryBounded
=== RUN   Test/ServerReceivesManyTinyDataFrames
--- FAIL: Test (0.05s)
    --- PASS: Test/ReadGivesSameErrorAfterAnyErrorOccurs (0.00s)
    --- PASS: Test/ReadMessageHeaderMultipleBuffers (0.00s)
    --- FAIL: Test/RecvBuffer_ConcurrentSmallFrames (0.01s)
    --- PASS: Test/RecvBuffer_ErrorAfterCompactedData (0.00s)
    --- PASS: Test/RecvBuffer_LargeFramesBypassCompaction (0.00s)
    --- PASS: Test/RecvBuffer_ManySmallFrames (0.02s)
        --- PASS: Test/RecvBuffer_ManySmallFrames/compaction-enabled (0.00s)
        --- PASS: Test/RecvBuffer_ManySmallFrames/compaction-disabled (0.02s)
    --- PASS: Test/RecvBuffer_SmallFramesMemoryBounded (0.01s)
    --- PASS: Test/ServerReceivesManyTinyDataFrames (0.01s)
=== RUN   Test
--- PASS: Test (0.00s)
=== RUN   Test
=== RUN   Test/ReadGivesSameErrorAfterAnyErrorOccurs
C1-MUTANT-HIT post-consumption put on this buffer, kind=data
C1-MUTANT-HIT post-consumption put on this buffer, kind=terminal
=== RUN   Test/ReadMessageHeaderMultipleBuffers
=== RUN   Test/RecvBuffer_ConcurrentSmallFrames
C1-MUTANT-HIT post-consumption put on this buffer, kind=data
C1-MUTANT-HIT post-consumption put on this buffer, kind=terminal
    recv_buffer_test.go:352: read data differs from written data (first mismatch at 654)
=== RUN   Test/RecvBuffer_ErrorAfterCompactedData
=== RUN   Test/RecvBuffer_LargeFramesBypassCompaction
=== RUN   Test/RecvBuffer_ManySmallFrames
=== RUN   Test/RecvBuffer_ManySmallFrames/compaction-enabled
=== RUN   Test/RecvBuffer_ManySmallFrames/compaction-disabled
=== RUN   Test/RecvBuffer_SmallFramesMemoryBounded
=== RUN   Test/ServerReceivesManyTinyDataFrames
--- FAIL: Test (0.05s)
    --- PASS: Test/ReadGivesSameErrorAfterAnyErrorOccurs (0.00s)
    --- PASS: Test/ReadMessageHeaderMultipleBuffers (0.00s)
    --- FAIL: Test/RecvBuffer_ConcurrentSmallFrames (0.00s)
    --- PASS: Test/RecvBuffer_ErrorAfterCompactedData (0.00s)
    --- PASS: Test/RecvBuffer_LargeFramesBypassCompaction (0.00s)
    --- PASS: Test/RecvBuffer_ManySmallFrames (0.01s)
        --- PASS: Test/RecvBuffer_ManySmallFrames/compaction-enabled (0.00s)
        --- PASS: Test/RecvBuffer_ManySmallFrames/compaction-disabled (0.01s)
    --- PASS: Test/RecvBuffer_SmallFramesMemoryBounded (0.01s)
    --- PASS: Test/ServerReceivesManyTinyDataFrames (0.01s)
=== RUN   Test
--- PASS: Test (0.00s)
=== RUN   Test
=== RUN   Test/ReadGivesSameErrorAfterAnyErrorOccurs
C1-MUTANT-HIT post-consumption put on this buffer, kind=data
C1-MUTANT-HIT post-consumption put on this buffer, kind=terminal
=== RUN   Test/ReadMessageHeaderMultipleBuffers
=== RUN   Test/RecvBuffer_ConcurrentSmallFrames
C1-MUTANT-HIT post-consumption put on this buffer, kind=data
C1-MUTANT-HIT post-consumption put on this buffer, kind=terminal
    recv_buffer_test.go:352: read data differs from written data (first mismatch at 1)
=== RUN   Test/RecvBuffer_ErrorAfterCompactedData
=== RUN   Test/RecvBuffer_LargeFramesBypassCompaction
=== RUN   Test/RecvBuffer_ManySmallFrames
=== RUN   Test/RecvBuffer_ManySmallFrames/compaction-enabled
=== RUN   Test/RecvBuffer_ManySmallFrames/compaction-disabled
=== RUN   Test/RecvBuffer_SmallFramesMemoryBounded
=== RUN   Test/ServerReceivesManyTinyDataFrames
--- FAIL: Test (0.04s)
    --- PASS: Test/ReadGivesSameErrorAfterAnyErrorOccurs (0.00s)
    --- PASS: Test/ReadMessageHeaderMultipleBuffers (0.00s)
    --- FAIL: Test/RecvBuffer_ConcurrentSmallFrames (0.00s)
    --- PASS: Test/RecvBuffer_ErrorAfterCompactedData (0.00s)
    --- PASS: Test/RecvBuffer_LargeFramesBypassCompaction (0.00s)
    --- PASS: Test/RecvBuffer_ManySmallFrames (0.01s)
        --- PASS: Test/RecvBuffer_ManySmallFrames/compaction-enabled (0.00s)
        --- PASS: Test/RecvBuffer_ManySmallFrames/compaction-disabled (0.01s)
    --- PASS: Test/RecvBuffer_SmallFramesMemoryBounded (0.01s)
    --- PASS: Test/ServerReceivesManyTinyDataFrames (0.01s)
=== RUN   Test
--- PASS: Test (0.00s)
=== RUN   Test
=== RUN   Test/ReadGivesSameErrorAfterAnyErrorOccurs
C1-MUTANT-HIT post-consumption put on this buffer, kind=data
C1-MUTANT-HIT post-consumption put on this buffer, kind=terminal
=== RUN   Test/ReadMessageHeaderMultipleBuffers
=== RUN   Test/RecvBuffer_ConcurrentSmallFrames
C1-MUTANT-HIT post-consumption put on this buffer, kind=data
C1-MUTANT-HIT post-consumption put on this buffer, kind=terminal
    recv_buffer_test.go:352: read data differs from written data (first mismatch at 1)
=== RUN   Test/RecvBuffer_ErrorAfterCompactedData
=== RUN   Test/RecvBuffer_LargeFramesBypassCompaction
=== RUN   Test/RecvBuffer_ManySmallFrames
=== RUN   Test/RecvBuffer_ManySmallFrames/compaction-enabled
=== RUN   Test/RecvBuffer_ManySmallFrames/compaction-disabled
=== RUN   Test/RecvBuffer_SmallFramesMemoryBounded
=== RUN   Test/ServerReceivesManyTinyDataFrames
--- FAIL: Test (0.04s)
    --- PASS: Test/ReadGivesSameErrorAfterAnyErrorOccurs (0.00s)
    --- PASS: Test/ReadMessageHeaderMultipleBuffers (0.00s)
    --- FAIL: Test/RecvBuffer_ConcurrentSmallFrames (0.00s)
    --- PASS: Test/RecvBuffer_ErrorAfterCompactedData (0.00s)
    --- PASS: Test/RecvBuffer_LargeFramesBypassCompaction (0.00s)
    --- PASS: Test/RecvBuffer_ManySmallFrames (0.01s)
        --- PASS: Test/RecvBuffer_ManySmallFrames/compaction-enabled (0.00s)
        --- PASS: Test/RecvBuffer_ManySmallFrames/compaction-disabled (0.01s)
    --- PASS: Test/RecvBuffer_SmallFramesMemoryBounded (0.01s)
    --- PASS: Test/ServerReceivesManyTinyDataFrames (0.01s)
=== RUN   Test
--- PASS: Test (0.00s)
=== RUN   Test
=== RUN   Test/ReadGivesSameErrorAfterAnyErrorOccurs
C1-MUTANT-HIT post-consumption put on this buffer, kind=data
C1-MUTANT-HIT post-consumption put on this buffer, kind=terminal
=== RUN   Test/ReadMessageHeaderMultipleBuffers
=== RUN   Test/RecvBuffer_ConcurrentSmallFrames
C1-MUTANT-HIT post-consumption put on this buffer, kind=data
C1-MUTANT-HIT post-consumption put on this buffer, kind=terminal
    recv_buffer_test.go:352: read data differs from written data (first mismatch at 1)
=== RUN   Test/RecvBuffer_ErrorAfterCompactedData
=== RUN   Test/RecvBuffer_LargeFramesBypassCompaction
=== RUN   Test/RecvBuffer_ManySmallFrames
=== RUN   Test/RecvBuffer_ManySmallFrames/compaction-enabled
=== RUN   Test/RecvBuffer_ManySmallFrames/compaction-disabled
=== RUN   Test/RecvBuffer_SmallFramesMemoryBounded
=== RUN   Test/ServerReceivesManyTinyDataFrames
--- FAIL: Test (0.04s)
    --- PASS: Test/ReadGivesSameErrorAfterAnyErrorOccurs (0.00s)
    --- PASS: Test/ReadMessageHeaderMultipleBuffers (0.00s)
    --- FAIL: Test/RecvBuffer_ConcurrentSmallFrames (0.00s)
    --- PASS: Test/RecvBuffer_ErrorAfterCompactedData (0.00s)
    --- PASS: Test/RecvBuffer_LargeFramesBypassCompaction (0.00s)
    --- PASS: Test/RecvBuffer_ManySmallFrames (0.01s)
        --- PASS: Test/RecvBuffer_ManySmallFrames/compaction-enabled (0.00s)
        --- PASS: Test/RecvBuffer_ManySmallFrames/compaction-disabled (0.01s)
    --- PASS: Test/RecvBuffer_SmallFramesMemoryBounded (0.01s)
    --- PASS: Test/ServerReceivesManyTinyDataFrames (0.01s)
=== RUN   Test
--- PASS: Test (0.00s)
FAIL
FAIL	google.golang.org/grpc/internal/transport	0.561s
FAIL
