---- event log: admitted RPC across LDS replacement ----
  [00] TEST: warm-up RPC ok on existing connection
  [01] TEST: RPC admitted on the existing connection (client 127.0.0.1:38134); server stream parked before the routing interceptor
  [02] TEST: >>> publishing replacement Listener (LDS) through the management server
  [03] FILTER F#1 BUILT (BuildServerFilter)
  [04] INTERCEPTOR F#1/i1[lds2] BUILT from FILTER F#1 filterClosed=false
  [05] TEST: replacement Listener active; letting the admitted RPC proceed to routing
  [06] TEST: admitted RPC returned code=Unavailable err=rpc error: code = Unavailable desc = error from xDS configuration for matched route configuration: filter chain stopped
  [07] INTERCEPTOR F#1/i1[lds2] AllowRPC selfClosed=false filterClosed=false
  [08] TEST: follow-up RPC ok
OBSERVATION(C6 withFilter=false): ADMITTED-RPC-FAILED-STOPPED-CHAIN: code=Unavailable err=rpc error: code = Unavailable desc = error from xDS configuration for matched route configuration: filter chain stopped
---- event log: admitted RPC across LDS replacement ----
  [00] FILTER F#1 BUILT (BuildServerFilter)
  [01] INTERCEPTOR F#1/i1[lds1] BUILT from FILTER F#1 filterClosed=false
  [02] INTERCEPTOR F#1/i1[lds1] AllowRPC selfClosed=false filterClosed=false
  [03] TEST: warm-up RPC ok on existing connection
  [04] TEST: RPC admitted on the existing connection (client 127.0.0.1:40564); server stream parked before the routing interceptor
  [05] TEST: >>> publishing replacement Listener (LDS) through the management server
  [06] INTERCEPTOR F#1/i2[lds2] BUILT from FILTER F#1 filterClosed=false
  [07] INTERCEPTOR F#1/i1[lds1] CLOSE-START filterClosed=false via (*interceptorList).Close < virtualHostWithInterceptors.closeInterceptors < (*usableRouteConfiguration).closeResources < (*usableRouteConfiguration).close < (*filterChain).updateRouteConfiguration
  [08] INTERCEPTOR F#1/i1[lds1] CLOSE-END filterClosed=false
  [09] TEST: replacement Listener active; letting the admitted RPC proceed to routing
  [10] TEST: admitted RPC returned code=Unavailable err=rpc error: code = Unavailable desc = error from xDS configuration for matched route configuration: filter chain stopped
  [11] INTERCEPTOR F#1/i2[lds2] AllowRPC selfClosed=false filterClosed=false
  [12] TEST: follow-up RPC ok
OBSERVATION(C6 withFilter=true): ADMITTED-RPC-FAILED-STOPPED-CHAIN: code=Unavailable err=rpc error: code = Unavailable desc = error from xDS configuration for matched route configuration: filter chain stopped
--- PASS: Test (0.67s)
    --- PASS: Test/VerifyC6_AdmittedRPCAcrossLDSReplacement_RouterOnly (0.34s)
    --- PASS: Test/VerifyC6_AdmittedRPCAcrossLDSReplacement_WithFilter (0.33s)
ok  	google.golang.org/grpc/test/xds	1.693s
exit=0
