=== RUN   Test
--- PASS: Test (0.00s)
=== RUN   Test
=== RUN   Test/ChildOperationsIndependent
=== RUN   Test/ChildOperationsIndependent/UpdateClientConnState/ChildState
    balancer.go:193: testutils.BalancerClientConn: UpdateState({READY 0xc000135b80})
    balancer.go:193: testutils.BalancerClientConn: UpdateState({READY 0xc000135c40})
=== RUN   Test/ChildOperationsIndependent/UpdateClientConnState/Balancer
    balancer.go:193: testutils.BalancerClientConn: UpdateState({READY 0xc000135e80})
    endpointsharding_ext_test.go:477: The other child could not exit idle while the first child was blocked
    balancer.go:193: testutils.BalancerClientConn: UpdateState({READY 0xc000135f40})
=== RUN   Test/ChildOperationsIndependent/UpdateClientConnState/AutoReconnect
    balancer.go:193: testutils.BalancerClientConn: UpdateState({READY 0xc00024a200})
    balancer.go:193: testutils.BalancerClientConn: UpdateState({READY 0xc00024a2c0})
=== RUN   Test/ChildOperationsIndependent/ResolverError/ChildState
    balancer.go:193: testutils.BalancerClientConn: UpdateState({READY 0xc00024a500})
    balancer.go:193: testutils.BalancerClientConn: UpdateState({READY 0xc00024a580})
=== RUN   Test/ChildOperationsIndependent/ResolverError/Balancer
    balancer.go:193: testutils.BalancerClientConn: UpdateState({READY 0xc00024a7c0})
    endpointsharding_ext_test.go:477: The other child could not exit idle while the first child was blocked
    balancer.go:193: testutils.BalancerClientConn: UpdateState({READY 0xc0002ac000})
=== RUN   Test/ChildOperationsIndependent/ResolverError/AutoReconnect
    balancer.go:193: testutils.BalancerClientConn: UpdateState({READY 0xc0002ac240})
    balancer.go:193: testutils.BalancerClientConn: UpdateState({READY 0xc0002ac2c0})
=== RUN   Test/ChildOperationsIndependent/Close/ChildState
    balancer.go:193: testutils.BalancerClientConn: UpdateState({READY 0xc0002ac500})
    balancer.go:193: testutils.BalancerClientConn: UpdateState({READY 0xc0002ac5c0})
=== RUN   Test/ChildOperationsIndependent/Close/Balancer
    balancer.go:193: testutils.BalancerClientConn: UpdateState({READY 0xc0002ac800})
    endpointsharding_ext_test.go:477: The other child could not exit idle while the first child was blocked
    balancer.go:193: testutils.BalancerClientConn: UpdateState({READY 0xc0000520c0})
=== RUN   Test/ChildOperationsIndependent/Close/AutoReconnect
    balancer.go:193: testutils.BalancerClientConn: UpdateState({READY 0xc0002aca80})
    balancer.go:193: testutils.BalancerClientConn: UpdateState({IDLE 0xc0002acb40})
=== RUN   Test/ChildOperationsIndependent/ExitIdle/ChildState
    balancer.go:193: testutils.BalancerClientConn: UpdateState({READY 0xc0002acd80})
=== RUN   Test/ChildOperationsIndependent/ExitIdle/Balancer
    balancer.go:193: testutils.BalancerClientConn: UpdateState({READY 0xc00024aa40})
    endpointsharding_ext_test.go:477: The other child could not exit idle while the first child was blocked
=== RUN   Test/ChildOperationsIndependent/ExitIdle/AutoReconnect
    balancer.go:193: testutils.BalancerClientConn: UpdateState({READY 0xc000052300})
    balancer.go:193: testutils.BalancerClientConn: UpdateState({READY 0xc000052380})
--- FAIL: Test (40.17s)
    --- FAIL: Test/ChildOperationsIndependent (40.17s)
        --- PASS: Test/ChildOperationsIndependent/UpdateClientConnState/ChildState (0.00s)
        --- FAIL: Test/ChildOperationsIndependent/UpdateClientConnState/Balancer (10.05s)
        --- PASS: Test/ChildOperationsIndependent/UpdateClientConnState/AutoReconnect (0.00s)
        --- PASS: Test/ChildOperationsIndependent/ResolverError/ChildState (0.00s)
        --- FAIL: Test/ChildOperationsIndependent/ResolverError/Balancer (10.05s)
        --- PASS: Test/ChildOperationsIndependent/ResolverError/AutoReconnect (0.00s)
        --- PASS: Test/ChildOperationsIndependent/Close/ChildState (0.00s)
        --- FAIL: Test/ChildOperationsIndependent/Close/Balancer (10.05s)
        --- PASS: Test/ChildOperationsIndependent/Close/AutoReconnect (0.00s)
        --- PASS: Test/ChildOperationsIndependent/ExitIdle/ChildState (0.00s)
        --- FAIL: Test/ChildOperationsIndependent/ExitIdle/Balancer (10.02s)
        --- PASS: Test/ChildOperationsIndependent/ExitIdle/AutoReconnect (0.00s)
FAIL
FAIL	google.golang.org/grpc/balancer/endpointsharding	40.190s
FAIL

real	0m42.737s
user	0m4.864s
sys	0m0.932s
