=== RUN   Test
--- PASS: Test (0.00s)
=== RUN   Test
=== RUN   Test/EndpointSharding_ChildStateExitIdleNotBlockedByOtherChild
    balancer.go:193: testutils.BalancerClientConn: UpdateState({IDLE 0xc000053bc0})
    endpointsharding_ext_test.go:498: Timeout waiting for UpdateClientConnState on child "b"
    grpctest.go:45: Leaked goroutine: goroutine 11 [chan receive]:
        google.golang.org/grpc/balancer/endpointsharding_test.(*fakeChild).UpdateClientConnState(0xc000093320, {{{0x0, 0x0, 0x0}, {0xc000092100, 0x1, 0x1}, 0x0, 0x0}, {0x0, ...}})
        	/home/ubuntu/verify-wt/c1-eb9cd093-leak/eb9cd093/balancer/endpointsharding/endpointsharding_ext_test.go:397 +0x239
        google.golang.org/grpc/balancer/endpointsharding.(*balancerWrapper).updateClientConnState(0xc0001e2900, {{{0x0, 0x0, 0x0}, {0xc000092100, 0x1, 0x1}, 0x0, 0x0}, {0x0, ...}})
        	/home/ubuntu/verify-wt/c1-eb9cd093-leak/eb9cd093/balancer/endpointsharding/endpointsharding.go:406 +0x119
        google.golang.org/grpc/balancer/endpointsharding.(*endpointSharding).UpdateClientConnState(0xc000180fc0, {{{0x0, 0x0, 0x0}, {0xc000053ac0, 0x2, 0x2}, 0x0, 0x0}, {0x0, ...}})
        	/home/ubuntu/verify-wt/c1-eb9cd093-leak/eb9cd093/balancer/endpointsharding/endpointsharding.go:198 +0x9e5
        google.golang.org/grpc/balancer/endpointsharding_test.blockChildUpdate.func1()
        	/home/ubuntu/verify-wt/c1-eb9cd093-leak/eb9cd093/balancer/endpointsharding/endpointsharding_ext_test.go:473 +0x9e
        created by google.golang.org/grpc/balancer/endpointsharding_test.blockChildUpdate in goroutine 10
        	/home/ubuntu/verify-wt/c1-eb9cd093-leak/eb9cd093/balancer/endpointsharding/endpointsharding_ext_test.go:472 +0x21d
    grpctest.go:77: Goroutine leak check disabled for future tests
--- FAIL: Test (20.02s)
    --- FAIL: Test/EndpointSharding_ChildStateExitIdleNotBlockedByOtherChild (20.02s)
FAIL
FAIL	google.golang.org/grpc/balancer/endpointsharding	20.034s
FAIL

real	0m20.606s
user	0m0.776s
sys	0m0.245s
