    eval_recv_buffer_compaction_test.go:150: Got backlog length 1025 after compaction, want <= 64
--- FAIL: TestEval_RecvBufferCompaction (0.00s)
    eval_recv_buffer_compaction_test.go:189: ComponentBuffer: got backlog length 1025, want <= 64 (compaction enabled)
--- FAIL: TestEval_RecvBufferCompactionDisabled (0.01s)
    --- PASS: TestEval_RecvBufferCompactionDisabled/ProductionStream (0.00s)
    --- FAIL: TestEval_RecvBufferCompactionDisabled/ComponentBuffer (0.00s)
--- PASS: TestEval_RecvBufferCompactionSkippedLargeBuffer (0.03s)
    --- PASS: TestEval_RecvBufferCompactionSkippedLargeBuffer/PoolOwnership_SliceGrowth (0.00s)
--- PASS: TestEval_RecvBufferErrorResetSafety (0.00s)
    eval_recv_buffer_compaction_test.go:416: Got backlog length 1073 after mixed frame compaction, want <= 134
--- FAIL: TestEval_RecvBufferCompaction_MixedFrames (0.00s)
    eval_recv_buffer_compaction_test.go:496: Cycle 0: backlog length 1123 exceeded bound 512
--- FAIL: TestEval_RecvBufferCompaction_MultiCycleMemoryBound (0.02s)
    --- FAIL: TestEval_RecvBufferCompaction_MultiCycleMemoryBound/MultiCycleBursts (0.01s)
    --- PASS: TestEval_RecvBufferCompaction_MultiCycleMemoryBound/IncrementalMessageAssembly (0.01s)
    eval_recv_buffer_compaction_test.go:627: Compaction destination buffer was never acquired from the configured buffer pool
--- FAIL: TestEval_RecvBufferConfiguredPoolAcquisition (0.00s)
    --- FAIL: TestEval_RecvBufferConfiguredPoolAcquisition/UnpooledConsolidation (0.00s)
    --- PASS: TestEval_RecvBufferConfiguredPoolAcquisition/SliceGrowthPoolOwnership (0.00s)
    --- PASS: TestEval_RecvBufferConfiguredPoolAcquisition/ExactCapacitySmallDestination (0.00s)
FAIL
FAIL	google.golang.org/grpc/internal/transport	0.081s
FAIL
