=== RUN   Test
=== RUN   Test/VerifyC5_AllRoutesDisableFilter
    setup.go:45: Created new snapshot cache...
    tlogger.go:133: INFO server.go:732 [core] [Server #1] Server created  (t=+743.249µs)
    setup.go:45: Registered Aggregated Discovery Service (ADS)...
    setup.go:45: xDS management server serving at: 127.0.0.1:39131...
    tlogger.go:133: INFO server.go:928 [core] [Server #1 ListenSocket #2] ListenSocket created  (t=+989.811µs)
    tlogger.go:133: INFO server.go:732 [core] [Server #3] Server created  (t=+2.159267ms)
    tlogger.go:133: INFO pool.go:309 [xds] xDS node ID: 648f0105-9e79-4055-b60c-84d4351bc865  (t=+2.288458ms)
    tlogger.go:133: INFO server.go:118 [xds] [xds-server 0xc00045ce00] Created xds.GRPCServer  (t=+2.321162ms)
    stubserver.go:300: Started test service backend at "127.0.0.1:37797"
    tlogger.go:133: INFO server.go:177 [xds] [xds-server 0xc00045ce00] Serve() passed a net.Listener on 127.0.0.1:37797  (t=+2.493509ms)
    tlogger.go:133: INFO clientconn.go:1837 [core] original dial target is: "passthrough:///127.0.0.1:39131"  (t=+2.593146ms)
    tlogger.go:133: INFO clientconn.go:516 [core] [Channel #4] Channel created for target "passthrough:///127.0.0.1:39131"  (t=+2.648188ms)
    tlogger.go:133: INFO clientconn.go:247 [core] [Channel #4] parsed dial target is: resolver.Target{URL:url.URL{Scheme:"passthrough", Opaque:"", User:(*url.Userinfo)(nil), Host:"", Path:"/127.0.0.1:39131", RawPath:"", OmitHost:false, ForceQuery:false, RawQuery:"", Fragment:"", RawFragment:""}}  (t=+2.694029ms)
    tlogger.go:133: INFO clientconn.go:248 [core] [Channel #4] Channel authority set to "127.0.0.1:39131"  (t=+2.732932ms)
    tlogger.go:133: INFO clientconn.go:620 [core] [Channel #4] Channel Connectivity change to CONNECTING  (t=+2.902515ms)
    tlogger.go:133: INFO server.go:928 [core] [Server #3 ListenSocket #5] ListenSocket created  (t=+2.997695ms)
    tlogger.go:133: INFO resolver_wrapper.go:211 [core] [Channel #4] Resolver state updated: {
          "Addresses": [
            {
              "Addr": "127.0.0.1:39131",
              "ServerName": "",
              "Attributes": null,
              "BalancerAttributes": null,
              "Metadata": null
            }
          ],
          "Endpoints": [
            {
              "Addresses": [
                {
                  "Addr": "127.0.0.1:39131",
                  "ServerName": "",
                  "Attributes": null,
                  "BalancerAttributes": null,
                  "Metadata": null
                }
              ],
              "Attributes": null
            }
          ],
          "ServiceConfig": null,
          "Attributes": null
        } (resolver returned new addresses)  (t=+3.197325ms)
    tlogger.go:133: INFO balancer_wrapper.go:121 [core] [Channel #4] Channel switches to new LB policy "pick_first"  (t=+3.367989ms)
    tlogger.go:133: INFO clientconn.go:923 [core] [Channel #4 SubChannel #6] Subchannel created  (t=+3.497109ms)
    tlogger.go:133: INFO clientconn.go:421 [core] [Channel #4] Channel exiting idle mode  (t=+3.576637ms)
    tlogger.go:133: INFO clientconn.go:1303 [core] [Channel #4 SubChannel #6] Subchannel Connectivity change to CONNECTING  (t=+3.634481ms)
    tlogger.go:133: INFO clientconn.go:1471 [core] [Channel #4 SubChannel #6] Subchannel picks a new address "127.0.0.1:39131" to connect  (t=+3.695538ms)
    tlogger.go:133: INFO clientconn.go:1303 [core] [Channel #4 SubChannel #6] Subchannel Connectivity change to READY  (t=+4.607384ms)
    tlogger.go:133: INFO clientconn.go:620 [core] [Channel #4] Channel Connectivity change to READY  (t=+4.771466ms)
    logging.go:30: open watch 1 for type.googleapis.com/envoy.config.listener.v3.Listener map[grpc/server?xds.resource.listening_address=127.0.0.1:37797:{}] from nodeID "648f0105-9e79-4055-b60c-84d4351bc865", version ""
    server.go:229: Created new resource snapshot...
    logging.go:30: setting snapshot for node 648f0105-9e79-4055-b60c-84d4351bc865
    logging.go:30: respond open watch 1 type.googleapis.com/envoy.config.listener.v3.Listener [grpc/server?xds.resource.listening_address=127.0.0.1:37797] with new version "1"
    logging.go:30: respond type.googleapis.com/envoy.config.listener.v3.Listener (requested [grpc/server?xds.resource.listening_address=127.0.0.1:37797]) version "" with version "1" and resources [grpc/server?xds.resource.listening_address=127.0.0.1:37797]
    server.go:235: Updated snapshot cache with resource snapshot...
    tlogger.go:133: INFO clientconn.go:1837 [core] original dial target is: "xds:///my-service"  (t=+7.228514ms)
    tlogger.go:133: INFO clientconn.go:516 [core] [Channel #9] Channel created for target "xds:///my-service"  (t=+7.274652ms)
    tlogger.go:133: INFO clientconn.go:247 [core] [Channel #9] parsed dial target is: resolver.Target{URL:url.URL{Scheme:"xds", Opaque:"", User:(*url.Userinfo)(nil), Host:"", Path:"/my-service", RawPath:"", OmitHost:false, ForceQuery:false, RawQuery:"", Fragment:"", RawFragment:""}}  (t=+7.325739ms)
    tlogger.go:133: INFO clientconn.go:248 [core] [Channel #9] Channel authority set to "my-service"  (t=+7.357225ms)
    logging.go:30: open watch 2 for type.googleapis.com/envoy.config.listener.v3.Listener map[grpc/server?xds.resource.listening_address=127.0.0.1:37797:{}] from nodeID "648f0105-9e79-4055-b60c-84d4351bc865", version "1"
    logging.go:30: respond type.googleapis.com/envoy.config.route.v3.RouteConfiguration (requested [routeName]) version "" with version "1" and resources [routeName]
    tlogger.go:133: INFO rds_handler.go:147 RDS watch for resource "routeName" received update: &xdsresource.RouteConfigUpdate{VirtualHosts:[]*xdsresource.VirtualHost{(*xdsresource.VirtualHost)(0xc000470000)}, ClusterSpecifierPlugins:map[string]clusterspecifier.BalancerConfig{}, Raw:(*anypb.Any)(0xc0001280a0)}  (t=+10.671772ms)
    logging.go:30: open watch 3 for type.googleapis.com/envoy.config.route.v3.RouteConfiguration map[routeName:{}] from nodeID "648f0105-9e79-4055-b60c-84d4351bc865", version "1"
    tlogger.go:133: INFO clientconn.go:620 [core] [Channel #9] Channel Connectivity change to CONNECTING  (t=+10.957463ms)
    tlogger.go:133: INFO pool.go:309 [xds] xDS node ID: 648f0105-9e79-4055-b60c-84d4351bc865  (t=+11.772674ms)
    tlogger.go:133: INFO xds_resolver.go:157 [xds] [xds-resolver 0xc000176750] Creating resolver for target: xds:///my-service  (t=+11.842008ms)
    tlogger.go:133: INFO clientconn.go:1837 [core] original dial target is: "passthrough:///127.0.0.1:39131"  (t=+11.95397ms)
    tlogger.go:133: INFO clientconn.go:516 [core] [Channel #10] Channel created for target "passthrough:///127.0.0.1:39131"  (t=+12.022715ms)
    tlogger.go:133: INFO clientconn.go:247 [core] [Channel #10] parsed dial target is: resolver.Target{URL:url.URL{Scheme:"passthrough", Opaque:"", User:(*url.Userinfo)(nil), Host:"", Path:"/127.0.0.1:39131", RawPath:"", OmitHost:false, ForceQuery:false, RawQuery:"", Fragment:"", RawFragment:""}}  (t=+12.078651ms)
    tlogger.go:133: INFO clientconn.go:248 [core] [Channel #10] Channel authority set to "127.0.0.1:39131"  (t=+12.110821ms)
    tlogger.go:133: INFO clientconn.go:620 [core] [Channel #10] Channel Connectivity change to CONNECTING  (t=+12.250678ms)
    tlogger.go:133: INFO clientconn.go:421 [core] [Channel #9] Channel exiting idle mode  (t=+12.294625ms)
    tlogger.go:133: INFO resolver_wrapper.go:211 [core] [Channel #10] Resolver state updated: {
          "Addresses": [
            {
              "Addr": "127.0.0.1:39131",
              "ServerName": "",
              "Attributes": null,
              "BalancerAttributes": null,
              "Metadata": null
            }
          ],
          "Endpoints": [
            {
              "Addresses": [
                {
                  "Addr": "127.0.0.1:39131",
                  "ServerName": "",
                  "Attributes": null,
                  "BalancerAttributes": null,
                  "Metadata": null
                }
              ],
              "Attributes": null
            }
          ],
          "ServiceConfig": null,
          "Attributes": null
        } (resolver returned new addresses)  (t=+12.435488ms)
    tlogger.go:133: INFO balancer_wrapper.go:121 [core] [Channel #10] Channel switches to new LB policy "pick_first"  (t=+12.592682ms)
    tlogger.go:133: INFO clientconn.go:923 [core] [Channel #10 SubChannel #11] Subchannel created  (t=+12.683625ms)
    tlogger.go:133: INFO clientconn.go:421 [core] [Channel #10] Channel exiting idle mode  (t=+12.75613ms)
    tlogger.go:133: INFO clientconn.go:1303 [core] [Channel #10 SubChannel #11] Subchannel Connectivity change to CONNECTING  (t=+12.829005ms)
    tlogger.go:133: INFO clientconn.go:1471 [core] [Channel #10 SubChannel #11] Subchannel picks a new address "127.0.0.1:39131" to connect  (t=+12.880443ms)
    tlogger.go:133: INFO clientconn.go:1303 [core] [Channel #10 SubChannel #11] Subchannel Connectivity change to READY  (t=+13.247865ms)
    tlogger.go:133: INFO clientconn.go:620 [core] [Channel #10] Channel Connectivity change to READY  (t=+13.352636ms)
    logging.go:30: respond type.googleapis.com/envoy.config.listener.v3.Listener (requested [my-service]) version "" with version "1" and resources [my-service]
    logging.go:30: open watch 4 for type.googleapis.com/envoy.config.listener.v3.Listener map[my-service:{}] from nodeID "648f0105-9e79-4055-b60c-84d4351bc865", version "1"
    logging.go:30: respond type.googleapis.com/envoy.config.route.v3.RouteConfiguration (requested [route-my-service]) version "" with version "1" and resources [route-my-service]
    logging.go:30: open watch 5 for type.googleapis.com/envoy.config.route.v3.RouteConfiguration map[route-my-service:{}] from nodeID "648f0105-9e79-4055-b60c-84d4351bc865", version "1"
    logging.go:30: respond type.googleapis.com/envoy.config.cluster.v3.Cluster (requested [cluster-my-service]) version "" with version "1" and resources [cluster-my-service]
    logging.go:30: open watch 6 for type.googleapis.com/envoy.config.cluster.v3.Cluster map[cluster-my-service:{}] from nodeID "648f0105-9e79-4055-b60c-84d4351bc865", version "1"
    logging.go:30: respond type.googleapis.com/envoy.config.endpoint.v3.ClusterLoadAssignment (requested [endpoints-my-service]) version "" with version "1" and resources [endpoints-my-service]
    logging.go:30: open watch 7 for type.googleapis.com/envoy.config.endpoint.v3.ClusterLoadAssignment map[endpoints-my-service:{}] from nodeID "648f0105-9e79-4055-b60c-84d4351bc865", version "1"
    tlogger.go:133: INFO resolver_wrapper.go:211 [core] [Channel #9] Resolver state updated: {
          "Addresses": null,
          "Endpoints": [],
          "ServiceConfig": {
            "Config": {
              "Config": null,
              "Methods": {}
            },
            "Err": null
          },
          "Attributes": {
            "\u003c%!p(xdsclient.clientKeyType=grpc.xds.internal.client.Client)\u003e": "\u003c0xc0004d0fc0\u003e",
            "\u003c%!p(xdsdepmgr.xdsClusterSubscriberKey={})\u003e": "\u003c0xc0004003c0\u003e",
            "\u003c%!p(xdsresource.xdsConfigkey={})\u003e": "\u003c0xc0002c8600\u003e",
            "\u003c%!p(resolver.csKeyType=grpc.internal.resolver.configSelector)\u003e": "\u003c0xc0002fcb60\u003e"
          }
        } (service config updated)  (t=+20.551172ms)
    tlogger.go:133: INFO balancer_wrapper.go:121 [core] [Channel #9] Channel switches to new LB policy "xds_cluster_manager_experimental"  (t=+20.664809ms)
    tlogger.go:133: INFO clustermanager.go:58 [xds] [xds-cluster-manager-lb 0xc0002c87c0] Created  (t=+20.712285ms)
    tlogger.go:133: INFO balancergroup.go:274 [xds] [xds-cluster-manager-lb 0xc0002c87c0] Adding child policy of type "cds_experimental" for child "cluster:cluster-my-service"  (t=+20.757799ms)
    tlogger.go:133: INFO balancergroup.go:102 [xds] [xds-cluster-manager-lb 0xc0002c87c0] Creating child policy of type "cds_experimental" for child "cluster:cluster-my-service"  (t=+20.79514ms)
    tlogger.go:133: INFO cdsbalancer.go:90 [xds] [cds-lb 0xc000503a40] Created  (t=+20.833809ms)
    tlogger.go:133: INFO cdsbalancer.go:167 [xds] [cds-lb 0xc000503a40] Received balancer config update: {
          "LoadBalancingConfig": null,
          "cluster": "cluster-my-service",
          "isDynamic": false
        }  (t=+20.907264ms)
    tlogger.go:133: INFO balancer.go:76 [xds] [priority-lb 0xc0002fcc40] Created  (t=+21.13277ms)
    tlogger.go:133: INFO balancergroup.go:528 [xds] [xds-cluster-manager-lb 0xc0002c87c0] Balancer state update from child cluster:cluster-my-service, new state: {ConnectivityState:CONNECTING Picker:0xc00078f960}  (t=+21.666066ms)
    tlogger.go:133: INFO balancerstateaggregator.go:147 [xds] [xds-cluster-manager-lb 0xc0002c87c0] State update from sub-balancer "cluster:cluster-my-service": {ConnectivityState:CONNECTING Picker:0xc00078f960}  (t=+21.701543ms)
    tlogger.go:133: INFO balancergroup.go:274 [xds] [priority-lb 0xc0002fcc40] Adding child policy of type "outlier_detection_experimental" for child "priority-0-0"  (t=+21.739036ms)
    tlogger.go:133: INFO balancergroup.go:102 [xds] [priority-lb 0xc0002fcc40] Creating child policy of type "outlier_detection_experimental" for child "priority-0-0"  (t=+21.766034ms)
    tlogger.go:133: INFO balancer.go:94 [xds] [outlier-detection-lb 0xc00039f0e0] Created  (t=+21.79666ms)
    tlogger.go:133: INFO clusterimpl.go:88 [xds] [xds-cluster-impl-lb 0xc000758a00] Created  (t=+21.840627ms)
    tlogger.go:133: INFO clusterimpl.go:100 [xds] [xds-cluster-impl-lb 0xc000758a00] xDS credentials in use: false  (t=+21.875751ms)
    tlogger.go:133: INFO weightedtarget.go:65 [xds] [weighted-target-lb 0xc0002c8c60] Created  (t=+21.970784ms)
    tlogger.go:133: INFO balancer.go:88 [xds] [wrrlocality-lb 0xc00075bb00] Created  (t=+21.996416ms)
    tlogger.go:133: INFO balancergroup.go:274 [xds] [weighted-target-lb 0xc0002c8c60] Adding child policy of type "round_robin" for child "{region=\"region-1\", zone=\"zone-1\", sub_zone=\"subzone-1\"}"  (t=+22.12555ms)
    tlogger.go:133: INFO balancergroup.go:102 [xds] [weighted-target-lb 0xc0002c8c60] Creating child policy of type "round_robin" for child "{region=\"region-1\", zone=\"zone-1\", sub_zone=\"subzone-1\"}"  (t=+22.154013ms)
    tlogger.go:133: INFO roundrobin.go:56 [roundrobin] [0xc000768360] Created  (t=+22.18927ms)
    tlogger.go:133: INFO clientconn.go:923 [core] [Channel #9 SubChannel #14] Subchannel created  (t=+22.324229ms)
    tlogger.go:133: INFO balancergroup.go:528 [xds] [weighted-target-lb 0xc0002c8c60] Balancer state update from child {region="region-1", zone="zone-1", sub_zone="subzone-1"}, new state: {ConnectivityState:CONNECTING Picker:0xc0006d5700}  (t=+22.38152ms)
    tlogger.go:133: INFO aggregator.go:253 [xds] [weighted-target-lb 0xc0002c8c60] Child pickers with config: map[{region="region-1", zone="zone-1", sub_zone="subzone-1"}:weight:1,picker:0xc0006d5700,state:CONNECTING,stateToAggregate:CONNECTING]  (t=+22.438255ms)
    tlogger.go:133: INFO clientconn.go:1303 [core] [Channel #9 SubChannel #14] Subchannel Connectivity change to CONNECTING  (t=+22.50561ms)
    tlogger.go:133: INFO clientconn.go:1471 [core] [Channel #9 SubChannel #14] Subchannel picks a new address "127.0.0.1:37797" to connect  (t=+22.546044ms)
    tlogger.go:133: INFO balancergroup.go:528 [xds] [priority-lb 0xc0002fcc40] Balancer state update from child priority-0-0, new state: {ConnectivityState:CONNECTING Picker:0xc000013578}  (t=+22.618734ms)
    tlogger.go:133: INFO balancergroup.go:528 [xds] [xds-cluster-manager-lb 0xc0002c87c0] Balancer state update from child cluster:cluster-my-service, new state: {ConnectivityState:CONNECTING Picker:0xc000013578}  (t=+22.712144ms)
    tlogger.go:133: INFO balancerstateaggregator.go:147 [xds] [xds-cluster-manager-lb 0xc0002c87c0] State update from sub-balancer "cluster:cluster-my-service": {ConnectivityState:CONNECTING Picker:0xc000013578}  (t=+22.766557ms)
    tlogger.go:133: INFO balancerstateaggregator.go:191 [xds] [xds-cluster-manager-lb 0xc0002c87c0] Child pickers: map[cluster:cluster-my-service:picker:0xc00078f960,state:CONNECTING,stateToAggregate:CONNECTING]  (t=+22.797197ms)
    tlogger.go:133: INFO balancerstateaggregator.go:191 [xds] [xds-cluster-manager-lb 0xc0002c87c0] Child pickers: map[cluster:cluster-my-service:picker:0xc000013578,state:CONNECTING,stateToAggregate:CONNECTING]  (t=+22.863931ms)
    tlogger.go:133: INFO clientconn.go:1303 [core] [Channel #9 SubChannel #14] Subchannel Connectivity change to READY  (t=+23.569814ms)
    tlogger.go:133: INFO balancergroup.go:528 [xds] [weighted-target-lb 0xc0002c8c60] Balancer state update from child {region="region-1", zone="zone-1", sub_zone="subzone-1"}, new state: {ConnectivityState:READY Picker:0xc0006d5880}  (t=+23.703434ms)
    tlogger.go:133: INFO aggregator.go:253 [xds] [weighted-target-lb 0xc0002c8c60] Child pickers with config: map[{region="region-1", zone="zone-1", sub_zone="subzone-1"}:weight:1,picker:0xc0006d5880,state:READY,stateToAggregate:READY]  (t=+23.783669ms)
    tlogger.go:133: INFO balancergroup.go:528 [xds] [priority-lb 0xc0002fcc40] Balancer state update from child priority-0-0, new state: {ConnectivityState:READY Picker:0xc0003bdc50}  (t=+23.832187ms)
    tlogger.go:133: INFO balancergroup.go:528 [xds] [xds-cluster-manager-lb 0xc0002c87c0] Balancer state update from child cluster:cluster-my-service, new state: {ConnectivityState:READY Picker:0xc0003bdc50}  (t=+23.878572ms)
    tlogger.go:133: INFO balancerstateaggregator.go:147 [xds] [xds-cluster-manager-lb 0xc0002c87c0] State update from sub-balancer "cluster:cluster-my-service": {ConnectivityState:READY Picker:0xc0003bdc50}  (t=+23.934669ms)
    tlogger.go:133: INFO balancerstateaggregator.go:191 [xds] [xds-cluster-manager-lb 0xc0002c87c0] Child pickers: map[cluster:cluster-my-service:picker:0xc0003bdc50,state:READY,stateToAggregate:READY]  (t=+23.988422ms)
    tlogger.go:133: INFO clientconn.go:620 [core] [Channel #9] Channel Connectivity change to READY  (t=+24.303938ms)
    server.go:229: Created new resource snapshot...
    logging.go:30: setting snapshot for node 648f0105-9e79-4055-b60c-84d4351bc865
    logging.go:30: respond open watch 7 type.googleapis.com/envoy.config.endpoint.v3.ClusterLoadAssignment [endpoints-my-service] with new version "2"
    logging.go:30: respond type.googleapis.com/envoy.config.endpoint.v3.ClusterLoadAssignment (requested [endpoints-my-service]) version "1" with version "2" and resources [endpoints-my-service]
    logging.go:30: respond open watch 2 type.googleapis.com/envoy.config.listener.v3.Listener [grpc/server?xds.resource.listening_address=127.0.0.1:37797] with new version "2"
    logging.go:30: respond type.googleapis.com/envoy.config.listener.v3.Listener (requested [grpc/server?xds.resource.listening_address=127.0.0.1:37797]) version "1" with version "2" and resources [grpc/server?xds.resource.listening_address=127.0.0.1:37797]
    logging.go:30: respond open watch 3 type.googleapis.com/envoy.config.route.v3.RouteConfiguration [routeName] with new version "2"
    logging.go:30: respond type.googleapis.com/envoy.config.route.v3.RouteConfiguration (requested [routeName]) version "1" with version "2" and resources [routeName]
    logging.go:30: respond open watch 4 type.googleapis.com/envoy.config.listener.v3.Listener [my-service] with new version "2"
    logging.go:30: respond type.googleapis.com/envoy.config.listener.v3.Listener (requested [my-service]) version "1" with version "2" and resources [my-service]
    logging.go:30: respond open watch 5 type.googleapis.com/envoy.config.route.v3.RouteConfiguration [route-my-service] with new version "2"
    logging.go:30: respond type.googleapis.com/envoy.config.route.v3.RouteConfiguration (requested [route-my-service]) version "1" with version "2" and resources [route-my-service]
    logging.go:30: respond open watch 6 type.googleapis.com/envoy.config.cluster.v3.Cluster [cluster-my-service] with new version "2"
    logging.go:30: respond type.googleapis.com/envoy.config.cluster.v3.Cluster (requested [cluster-my-service]) version "1" with version "2" and resources [cluster-my-service]
    server.go:235: Updated snapshot cache with resource snapshot...
    logging.go:30: open watch 8 for type.googleapis.com/envoy.config.endpoint.v3.ClusterLoadAssignment map[endpoints-my-service:{}] from nodeID "648f0105-9e79-4055-b60c-84d4351bc865", version "2"
    logging.go:30: open watch 9 for type.googleapis.com/envoy.config.listener.v3.Listener map[my-service:{}] from nodeID "648f0105-9e79-4055-b60c-84d4351bc865", version "2"
    tlogger.go:133: INFO rds_handler.go:147 RDS watch for resource "routeName" received update: &xdsresource.RouteConfigUpdate{VirtualHosts:[]*xdsresource.VirtualHost{(*xdsresource.VirtualHost)(0xc0004c22c0)}, ClusterSpecifierPlugins:map[string]clusterspecifier.BalancerConfig{}, Raw:(*anypb.Any)(0xc000696af0)}  (t=+26.134492ms)
    logging.go:30: open watch 10 for type.googleapis.com/envoy.config.listener.v3.Listener map[grpc/server?xds.resource.listening_address=127.0.0.1:37797:{}] from nodeID "648f0105-9e79-4055-b60c-84d4351bc865", version "2"
    logging.go:30: open watch 11 for type.googleapis.com/envoy.config.route.v3.RouteConfiguration map[routeName:{}] from nodeID "648f0105-9e79-4055-b60c-84d4351bc865", version "2"
    logging.go:30: open watch 12 for type.googleapis.com/envoy.config.cluster.v3.Cluster map[cluster-my-service:{}] from nodeID "648f0105-9e79-4055-b60c-84d4351bc865", version "2"
    logging.go:30: open watch 13 for type.googleapis.com/envoy.config.route.v3.RouteConfiguration map[route-my-service:{}] from nodeID "648f0105-9e79-4055-b60c-84d4351bc865", version "2"
    tlogger.go:129: WARNING ads_stream.go:452 [xds] [xds-client 0xc0002b5720] [xds-channel 0xc00050af00] [ads-stream 0xc0002b5860] ADS stream closed: rpc error: code = Canceled desc = context canceled  (t=+45.654689ms)
    tlogger.go:133: INFO ads_stream.go:165 [xds] [xds-client 0xc0002b5720] [xds-channel 0xc00050af00] [ads-stream 0xc0002b5860] Shutdown ADS stream  (t=+45.711285ms)
    tlogger.go:133: INFO clientconn.go:620 [core] [Channel #4] Channel Connectivity change to SHUTDOWN  (t=+45.762627ms)
    tlogger.go:133: INFO resolver_wrapper.go:112 [core] [Channel #4] Closing the name resolver  (t=+45.793705ms)
    tlogger.go:133: INFO balancer_wrapper.go:159 [core] [Channel #4] ccBalancerWrapper: closing  (t=+45.849491ms)
    logging.go:30: open watch 14 for type.googleapis.com/envoy.config.listener.v3.Listener map[] from nodeID "648f0105-9e79-4055-b60c-84d4351bc865", version "2"
    tlogger.go:133: INFO clientconn.go:1303 [core] [Channel #4 SubChannel #6] Subchannel Connectivity change to SHUTDOWN  (t=+45.961001ms)
    tlogger.go:133: INFO clientconn.go:1710 [core] [Channel #4 SubChannel #6] Subchannel deleted  (t=+46.004659ms)
    tlogger.go:133: INFO clientconn.go:1232 [core] [Channel #4] Channel deleted  (t=+46.135222ms)
    tlogger.go:133: INFO channel.go:143 [xds] [xds-client 0xc0002b5720] [xds-channel 0xc00050af00] Shutdown  (t=+46.226983ms)
    tlogger.go:133: INFO server.go:864 [core] [Server #3 ListenSocket #5] ListenSocket deleted  (t=+46.277313ms)
    tlogger.go:133: INFO xdsclient.go:210 [xds] [xds-client 0xc0002b5720] Shutdown  (t=+46.418017ms)
    zz_verify_c5_e2e_test.go:252: PROBE event[0] ServerFilter.Build
    zz_verify_c5_e2e_test.go:252: PROBE event[1] Interceptor#1.Build
    zz_verify_c5_e2e_test.go:252: PROBE event[2] --- generation 1 serving (RPC OK); sending in-place RDS replacement for "routeName" ---
    zz_verify_c5_e2e_test.go:252: PROBE event[3] Interceptor#1.Close parentFilterAlreadyDestroyed=false stack=[server.(*interceptorList).Close <- server.(*usableRouteConfiguration).stop <- server.(*filterChain).applyConfiguration <- server.(*filterChain).updateUsableRouteConfiguration <- server.(*listenerWrapper).handleRDSUpdate <- server.(*rdsWatcher).ResourceChanged]
    zz_verify_c5_e2e_test.go:252: PROBE event[4] ServerFilter.Close (filter DESTROYED) stack=[server.(*refCountedServerFilter).Close <- server.(*filterChain).applyConfiguration <- server.(*filterChain).updateUsableRouteConfiguration <- server.(*listenerWrapper).handleRDSUpdate <- server.(*rdsWatcher).ResourceChanged]
    zz_verify_c5_e2e_test.go:252: PROBE event[5] --- replacement observed; stopping server ---
    zz_verify_c5_e2e_test.go:254: PROBE RESULT after in-place replacement: retired interceptors closed while parent filter still alive=1, closed AFTER parent filter was destroyed=0
    tlogger.go:133: INFO clientconn.go:1303 [core] [Channel #9 SubChannel #14] Subchannel Connectivity change to IDLE  (t=+46.569515ms)
    tlogger.go:133: INFO clientconn.go:620 [core] [Channel #9] Channel Connectivity change to SHUTDOWN  (t=+46.639045ms)
    tlogger.go:133: INFO resolver_wrapper.go:112 [core] [Channel #9] Closing the name resolver  (t=+46.67352ms)
    tlogger.go:133: INFO balancergroup.go:528 [xds] [weighted-target-lb 0xc0002c8c60] Balancer state update from child {region="region-1", zone="zone-1", sub_zone="subzone-1"}, new state: {ConnectivityState:IDLE Picker:0xc0006d5980}  (t=+46.724525ms)
    tlogger.go:133: INFO aggregator.go:253 [xds] [weighted-target-lb 0xc0002c8c60] Child pickers with config: map[{region="region-1", zone="zone-1", sub_zone="subzone-1"}:weight:1,picker:0xc0006d5980,state:IDLE,stateToAggregate:IDLE]  (t=+46.78768ms)
    tlogger.go:133: INFO balancergroup.go:528 [xds] [priority-lb 0xc0002fcc40] Balancer state update from child priority-0-0, new state: {ConnectivityState:IDLE Picker:0xc000464a50}  (t=+46.843001ms)
    tlogger.go:133: INFO balancer_wrapper.go:159 [core] [Channel #9] ccBalancerWrapper: closing  (t=+46.891589ms)
    tlogger.go:133: INFO balancergroup.go:528 [xds] [weighted-target-lb 0xc0002c8c60] Balancer state update from child {region="region-1", zone="zone-1", sub_zone="subzone-1"}, new state: {ConnectivityState:CONNECTING Picker:0xc0006d59c0}  (t=+46.949943ms)
    logging.go:30: open watch 15 for type.googleapis.com/envoy.config.listener.v3.Listener map[] from nodeID "648f0105-9e79-4055-b60c-84d4351bc865", version "2"
    tlogger.go:133: INFO balancergroup.go:528 [xds] [xds-cluster-manager-lb 0xc0002c87c0] Balancer state update from child cluster:cluster-my-service, new state: {ConnectivityState:IDLE Picker:0xc000464a50}  (t=+47.006934ms)
    tlogger.go:133: INFO balancerstateaggregator.go:147 [xds] [xds-cluster-manager-lb 0xc0002c87c0] State update from sub-balancer "cluster:cluster-my-service": {ConnectivityState:IDLE Picker:0xc000464a50}  (t=+47.075811ms)
    logging.go:30: open watch 16 for type.googleapis.com/envoy.config.route.v3.RouteConfiguration map[] from nodeID "648f0105-9e79-4055-b60c-84d4351bc865", version "2"
    tlogger.go:133: INFO aggregator.go:253 [xds] [weighted-target-lb 0xc0002c8c60] Child pickers with config: map[{region="region-1", zone="zone-1", sub_zone="subzone-1"}:weight:1,picker:0xc0006d59c0,state:CONNECTING,stateToAggregate:CONNECTING]  (t=+47.119535ms)
    tlogger.go:129: WARNING ads_stream.go:410 [xds] [xds-client 0xc000174780] [xds-channel 0xc000696410] [ads-stream 0xc0002f2e60] Sending ADS request for type "type.googleapis.com/envoy.config.endpoint.v3.ClusterLoadAssignment", resources: [], version: "2", nonce: "5" failed: EOF  (t=+47.208594ms)
    tlogger.go:133: INFO clusterimpl.go:508 [xds] [xds-cluster-impl-lb 0xc000758a00] Shutdown  (t=+47.255612ms)
    tlogger.go:133: INFO balancergroup.go:351 [xds] [priority-lb 0xc0002fcc40] Removing child policy for child "priority-0-0"  (t=+47.300899ms)
    tlogger.go:133: INFO cdsbalancer.go:416 [xds] [cds-lb 0xc000503a40] Shutdown  (t=+47.334165ms)
    tlogger.go:133: INFO clustermanager.go:192 [xds] [xds-cluster-manager-lb 0xc0002c87c0] Shutdown  (t=+47.360571ms)
    tlogger.go:133: INFO clientconn.go:1303 [core] [Channel #9 SubChannel #14] Subchannel Connectivity change to CONNECTING  (t=+47.388729ms)
    tlogger.go:129: WARNING ads_stream.go:452 [xds] [xds-client 0xc000174780] [xds-channel 0xc000696410] [ads-stream 0xc0002f2e60] ADS stream closed: rpc error: code = Canceled desc = context canceled  (t=+47.420976ms)
    tlogger.go:133: INFO clientconn.go:1471 [core] [Channel #9 SubChannel #14] Subchannel picks a new address "127.0.0.1:37797" to connect  (t=+47.475061ms)
    tlogger.go:133: INFO ads_stream.go:165 [xds] [xds-client 0xc000174780] [xds-channel 0xc000696410] [ads-stream 0xc0002f2e60] Shutdown ADS stream  (t=+47.517941ms)
    tlogger.go:133: INFO clientconn.go:620 [core] [Channel #10] Channel Connectivity change to SHUTDOWN  (t=+47.579715ms)
    tlogger.go:133: INFO resolver_wrapper.go:112 [core] [Channel #10] Closing the name resolver  (t=+47.613737ms)
    tlogger.go:133: INFO balancer_wrapper.go:159 [core] [Channel #10] ccBalancerWrapper: closing  (t=+47.65945ms)
    tlogger.go:133: INFO clientconn.go:1303 [core] [Channel #10 SubChannel #11] Subchannel Connectivity change to SHUTDOWN  (t=+47.740862ms)
    tlogger.go:133: INFO clientconn.go:1710 [core] [Channel #10 SubChannel #11] Subchannel deleted  (t=+47.794497ms)
    tlogger.go:129: WARNING clientconn.go:1534 [core] [Channel #9 SubChannel #14] grpc: addrConn.createTransport failed to connect to {Addr: "127.0.0.1:37797", ServerName: "my-service", Attributes: {"<%!p(xds.hostnameKey={})>": "" , "<%!p(xds.handshakeAttrKey={})>": "<0xc000758a70>" , "<%!p(xds.handshakeClusterNameKey={})>": "cluster-my-service" }, BalancerAttributes: {"<%!p(weight.attributeKey={})>": "Weight: 2147483648" , "<%!p(wrrlocality.attributeKey={})>": "Locality Weight: 1" , "<%!p(xds.localityKeyType=grpc.xds.internal.address.locality)>": "<%!p(clients.Locality={region-1 zone-1 subzone-1})>" , "<%!p(hierarchy.pathKeyType=grpc.internal.address.hierarchical_path)>": "<0xc0002c8960>" }}. Err: connection error: desc = "transport: Error while dialing: dial tcp 127.0.0.1:37797: connect: connection refused"  (t=+47.836622ms)
    tlogger.go:133: INFO clientconn.go:1305 [core] [Channel #9 SubChannel #14] Subchannel Connectivity change to TRANSIENT_FAILURE, last error: connection error: desc = "transport: Error while dialing: dial tcp 127.0.0.1:37797: connect: connection refused"  (t=+47.921013ms)
    tlogger.go:133: INFO clientconn.go:1232 [core] [Channel #10] Channel deleted  (t=+47.959451ms)
    tlogger.go:133: INFO channel.go:143 [xds] [xds-client 0xc000174780] [xds-channel 0xc000696410] Shutdown  (t=+48.006807ms)
    tlogger.go:133: INFO xdsclient.go:210 [xds] [xds-client 0xc000174780] Shutdown  (t=+48.090158ms)
    tlogger.go:133: INFO xds_resolver.go:295 [xds] [xds-resolver 0xc000176750] Shutdown  (t=+48.130352ms)
    tlogger.go:133: INFO clientconn.go:1303 [core] [Channel #9 SubChannel #14] Subchannel Connectivity change to SHUTDOWN  (t=+48.186685ms)
    tlogger.go:133: INFO clientconn.go:1710 [core] [Channel #9 SubChannel #14] Subchannel deleted  (t=+48.22775ms)
    tlogger.go:133: INFO clientconn.go:1232 [core] [Channel #9] Channel deleted  (t=+48.264742ms)
    tlogger.go:133: INFO server.go:864 [core] [Server #1 ListenSocket #2] ListenSocket deleted  (t=+48.360791ms)
=== RUN   Test/VerifyC5_ReplacementWithNoRoutes
    setup.go:45: Created new snapshot cache...
    tlogger.go:133: INFO server.go:732 [core] [Server #17] Server created  (t=+150.861µs)
    setup.go:45: Registered Aggregated Discovery Service (ADS)...
    setup.go:45: xDS management server serving at: 127.0.0.1:34119...
    tlogger.go:133: INFO server.go:928 [core] [Server #17 ListenSocket #18] ListenSocket created  (t=+532.862µs)
    tlogger.go:133: INFO server.go:732 [core] [Server #19] Server created  (t=+1.066601ms)
    tlogger.go:133: INFO pool.go:309 [xds] xDS node ID: 2985663d-9436-40d0-8530-7e1181a81c41  (t=+1.157493ms)
    tlogger.go:133: INFO server.go:118 [xds] [xds-server 0xc00045d200] Created xds.GRPCServer  (t=+1.184933ms)
    stubserver.go:300: Started test service backend at "127.0.0.1:38225"
    tlogger.go:133: INFO server.go:177 [xds] [xds-server 0xc00045d200] Serve() passed a net.Listener on 127.0.0.1:38225  (t=+1.338205ms)
    tlogger.go:133: INFO clientconn.go:1837 [core] original dial target is: "passthrough:///127.0.0.1:34119"  (t=+1.47673ms)
    tlogger.go:133: INFO clientconn.go:516 [core] [Channel #20] Channel created for target "passthrough:///127.0.0.1:34119"  (t=+1.532291ms)
    tlogger.go:133: INFO clientconn.go:247 [core] [Channel #20] parsed dial target is: resolver.Target{URL:url.URL{Scheme:"passthrough", Opaque:"", User:(*url.Userinfo)(nil), Host:"", Path:"/127.0.0.1:34119", RawPath:"", OmitHost:false, ForceQuery:false, RawQuery:"", Fragment:"", RawFragment:""}}  (t=+1.582491ms)
    tlogger.go:133: INFO clientconn.go:248 [core] [Channel #20] Channel authority set to "127.0.0.1:34119"  (t=+1.615563ms)
    tlogger.go:133: INFO clientconn.go:620 [core] [Channel #20] Channel Connectivity change to CONNECTING  (t=+1.727839ms)
    tlogger.go:133: INFO server.go:928 [core] [Server #19 ListenSocket #21] ListenSocket created  (t=+1.760512ms)
    tlogger.go:133: INFO resolver_wrapper.go:211 [core] [Channel #20] Resolver state updated: {
          "Addresses": [
            {
              "Addr": "127.0.0.1:34119",
              "ServerName": "",
              "Attributes": null,
              "BalancerAttributes": null,
              "Metadata": null
            }
          ],
          "Endpoints": [
            {
              "Addresses": [
                {
                  "Addr": "127.0.0.1:34119",
                  "ServerName": "",
                  "Attributes": null,
                  "BalancerAttributes": null,
                  "Metadata": null
                }
              ],
              "Attributes": null
            }
          ],
          "ServiceConfig": null,
          "Attributes": null
        } (resolver returned new addresses)  (t=+1.832469ms)
    tlogger.go:133: INFO balancer_wrapper.go:121 [core] [Channel #20] Channel switches to new LB policy "pick_first"  (t=+1.959243ms)
    tlogger.go:133: INFO clientconn.go:923 [core] [Channel #20 SubChannel #22] Subchannel created  (t=+2.039887ms)
    server.go:229: Created new resource snapshot...
    logging.go:30: setting snapshot for node 2985663d-9436-40d0-8530-7e1181a81c41
    tlogger.go:133: INFO clientconn.go:1303 [core] [Channel #20 SubChannel #22] Subchannel Connectivity change to CONNECTING  (t=+2.106017ms)
    tlogger.go:133: INFO clientconn.go:1471 [core] [Channel #20 SubChannel #22] Subchannel picks a new address "127.0.0.1:34119" to connect  (t=+2.153931ms)
    tlogger.go:133: INFO clientconn.go:421 [core] [Channel #20] Channel exiting idle mode  (t=+2.177905ms)
    server.go:235: Updated snapshot cache with resource snapshot...
    tlogger.go:133: INFO clientconn.go:1837 [core] original dial target is: "xds:///my-service"  (t=+2.280931ms)
    tlogger.go:133: INFO clientconn.go:516 [core] [Channel #23] Channel created for target "xds:///my-service"  (t=+2.331182ms)
    tlogger.go:133: INFO clientconn.go:247 [core] [Channel #23] parsed dial target is: resolver.Target{URL:url.URL{Scheme:"xds", Opaque:"", User:(*url.Userinfo)(nil), Host:"", Path:"/my-service", RawPath:"", OmitHost:false, ForceQuery:false, RawQuery:"", Fragment:"", RawFragment:""}}  (t=+2.389443ms)
    tlogger.go:133: INFO clientconn.go:248 [core] [Channel #23] Channel authority set to "my-service"  (t=+2.419519ms)
    tlogger.go:133: INFO clientconn.go:1303 [core] [Channel #20 SubChannel #22] Subchannel Connectivity change to READY  (t=+2.52297ms)
    tlogger.go:133: INFO clientconn.go:620 [core] [Channel #20] Channel Connectivity change to READY  (t=+2.626774ms)
    logging.go:30: respond type.googleapis.com/envoy.config.listener.v3.Listener (requested [grpc/server?xds.resource.listening_address=127.0.0.1:38225]) version "" with version "1" and resources [grpc/server?xds.resource.listening_address=127.0.0.1:38225]
    logging.go:30: open watch 1 for type.googleapis.com/envoy.config.listener.v3.Listener map[grpc/server?xds.resource.listening_address=127.0.0.1:38225:{}] from nodeID "2985663d-9436-40d0-8530-7e1181a81c41", version "1"
    logging.go:30: respond type.googleapis.com/envoy.config.route.v3.RouteConfiguration (requested [routeName]) version "" with version "1" and resources [routeName]
    tlogger.go:133: INFO rds_handler.go:147 RDS watch for resource "routeName" received update: &xdsresource.RouteConfigUpdate{VirtualHosts:[]*xdsresource.VirtualHost{(*xdsresource.VirtualHost)(0xc000470500)}, ClusterSpecifierPlugins:map[string]clusterspecifier.BalancerConfig{}, Raw:(*anypb.Any)(0xc000696730)}  (t=+4.002238ms)
    tlogger.go:133: INFO clientconn.go:620 [core] [Channel #23] Channel Connectivity change to CONNECTING  (t=+4.10768ms)
    logging.go:30: open watch 2 for type.googleapis.com/envoy.config.route.v3.RouteConfiguration map[routeName:{}] from nodeID "2985663d-9436-40d0-8530-7e1181a81c41", version "1"
    tlogger.go:133: INFO pool.go:309 [xds] xDS node ID: 2985663d-9436-40d0-8530-7e1181a81c41  (t=+4.516662ms)
    tlogger.go:133: INFO xds_resolver.go:157 [xds] [xds-resolver 0xc0004d41b0] Creating resolver for target: xds:///my-service  (t=+4.555852ms)
    tlogger.go:133: INFO clientconn.go:1837 [core] original dial target is: "passthrough:///127.0.0.1:34119"  (t=+4.632984ms)
    tlogger.go:133: INFO clientconn.go:516 [core] [Channel #26] Channel created for target "passthrough:///127.0.0.1:34119"  (t=+4.679272ms)
    tlogger.go:133: INFO clientconn.go:247 [core] [Channel #26] parsed dial target is: resolver.Target{URL:url.URL{Scheme:"passthrough", Opaque:"", User:(*url.Userinfo)(nil), Host:"", Path:"/127.0.0.1:34119", RawPath:"", OmitHost:false, ForceQuery:false, RawQuery:"", Fragment:"", RawFragment:""}}  (t=+4.723195ms)
    tlogger.go:133: INFO clientconn.go:248 [core] [Channel #26] Channel authority set to "127.0.0.1:34119"  (t=+4.752092ms)
    tlogger.go:133: INFO clientconn.go:421 [core] [Channel #23] Channel exiting idle mode  (t=+4.827503ms)
    tlogger.go:133: INFO clientconn.go:620 [core] [Channel #26] Channel Connectivity change to CONNECTING  (t=+4.913406ms)
    tlogger.go:133: INFO resolver_wrapper.go:211 [core] [Channel #26] Resolver state updated: {
          "Addresses": [
            {
              "Addr": "127.0.0.1:34119",
              "ServerName": "",
              "Attributes": null,
              "BalancerAttributes": null,
              "Metadata": null
            }
          ],
          "Endpoints": [
            {
              "Addresses": [
                {
                  "Addr": "127.0.0.1:34119",
                  "ServerName": "",
                  "Attributes": null,
                  "BalancerAttributes": null,
                  "Metadata": null
                }
              ],
              "Attributes": null
            }
          ],
          "ServiceConfig": null,
          "Attributes": null
        } (resolver returned new addresses)  (t=+5.028064ms)
    tlogger.go:133: INFO balancer_wrapper.go:121 [core] [Channel #26] Channel switches to new LB policy "pick_first"  (t=+5.161692ms)
    tlogger.go:133: INFO clientconn.go:923 [core] [Channel #26 SubChannel #27] Subchannel created  (t=+5.240113ms)
    tlogger.go:133: INFO clientconn.go:1303 [core] [Channel #26 SubChannel #27] Subchannel Connectivity change to CONNECTING  (t=+5.286477ms)
    tlogger.go:133: INFO clientconn.go:1471 [core] [Channel #26 SubChannel #27] Subchannel picks a new address "127.0.0.1:34119" to connect  (t=+5.317505ms)
    tlogger.go:133: INFO clientconn.go:421 [core] [Channel #26] Channel exiting idle mode  (t=+5.37908ms)
    tlogger.go:133: INFO clientconn.go:1303 [core] [Channel #26 SubChannel #27] Subchannel Connectivity change to READY  (t=+5.617486ms)
    tlogger.go:133: INFO clientconn.go:620 [core] [Channel #26] Channel Connectivity change to READY  (t=+5.703304ms)
    logging.go:30: respond type.googleapis.com/envoy.config.listener.v3.Listener (requested [my-service]) version "" with version "1" and resources [my-service]
    logging.go:30: open watch 3 for type.googleapis.com/envoy.config.listener.v3.Listener map[my-service:{}] from nodeID "2985663d-9436-40d0-8530-7e1181a81c41", version "1"
    logging.go:30: respond type.googleapis.com/envoy.config.route.v3.RouteConfiguration (requested [route-my-service]) version "" with version "1" and resources [route-my-service]
    logging.go:30: open watch 4 for type.googleapis.com/envoy.config.route.v3.RouteConfiguration map[route-my-service:{}] from nodeID "2985663d-9436-40d0-8530-7e1181a81c41", version "1"
    logging.go:30: respond type.googleapis.com/envoy.config.cluster.v3.Cluster (requested [cluster-my-service]) version "" with version "1" and resources [cluster-my-service]
    logging.go:30: open watch 5 for type.googleapis.com/envoy.config.cluster.v3.Cluster map[cluster-my-service:{}] from nodeID "2985663d-9436-40d0-8530-7e1181a81c41", version "1"
    logging.go:30: respond type.googleapis.com/envoy.config.endpoint.v3.ClusterLoadAssignment (requested [endpoints-my-service]) version "" with version "1" and resources [endpoints-my-service]
    logging.go:30: open watch 6 for type.googleapis.com/envoy.config.endpoint.v3.ClusterLoadAssignment map[endpoints-my-service:{}] from nodeID "2985663d-9436-40d0-8530-7e1181a81c41", version "1"
    tlogger.go:133: INFO resolver_wrapper.go:211 [core] [Channel #23] Resolver state updated: {
          "Addresses": null,
          "Endpoints": [],
          "ServiceConfig": {
            "Config": {
              "Config": null,
              "Methods": {}
            },
            "Err": null
          },
          "Attributes": {
            "\u003c%!p(xdsclient.clientKeyType=grpc.xds.internal.client.Client)\u003e": "\u003c0xc0005ab7a0\u003e",
            "\u003c%!p(xdsdepmgr.xdsClusterSubscriberKey={})\u003e": "\u003c0xc0000f8600\u003e",
            "\u003c%!p(xdsresource.xdsConfigkey={})\u003e": "\u003c0xc0002c8080\u003e",
            "\u003c%!p(resolver.csKeyType=grpc.internal.resolver.configSelector)\u003e": "\u003c0xc000520070\u003e"
          }
        } (service config updated)  (t=+9.267504ms)
    tlogger.go:133: INFO balancer_wrapper.go:121 [core] [Channel #23] Channel switches to new LB policy "xds_cluster_manager_experimental"  (t=+9.399307ms)
    tlogger.go:133: INFO clustermanager.go:58 [xds] [xds-cluster-manager-lb 0xc0000ac160] Created  (t=+9.439156ms)
    tlogger.go:133: INFO balancergroup.go:274 [xds] [xds-cluster-manager-lb 0xc0000ac160] Adding child policy of type "cds_experimental" for child "cluster:cluster-my-service"  (t=+9.476469ms)
    tlogger.go:133: INFO balancergroup.go:102 [xds] [xds-cluster-manager-lb 0xc0000ac160] Creating child policy of type "cds_experimental" for child "cluster:cluster-my-service"  (t=+9.552459ms)
    tlogger.go:133: INFO cdsbalancer.go:90 [xds] [cds-lb 0xc000902540] Created  (t=+9.909124ms)
    tlogger.go:133: INFO cdsbalancer.go:167 [xds] [cds-lb 0xc000902540] Received balancer config update: {
          "LoadBalancingConfig": null,
          "cluster": "cluster-my-service",
          "isDynamic": false
        }  (t=+9.975894ms)
    tlogger.go:133: INFO balancer.go:76 [xds] [priority-lb 0xc000234850] Created  (t=+10.101098ms)
    tlogger.go:133: INFO balancergroup.go:528 [xds] [xds-cluster-manager-lb 0xc0000ac160] Balancer state update from child cluster:cluster-my-service, new state: {ConnectivityState:CONNECTING Picker:0xc000716f70}  (t=+10.479402ms)
    tlogger.go:133: INFO balancerstateaggregator.go:147 [xds] [xds-cluster-manager-lb 0xc0000ac160] State update from sub-balancer "cluster:cluster-my-service": {ConnectivityState:CONNECTING Picker:0xc000716f70}  (t=+10.51306ms)
    tlogger.go:133: INFO balancergroup.go:274 [xds] [priority-lb 0xc000234850] Adding child policy of type "outlier_detection_experimental" for child "priority-0-0"  (t=+10.540302ms)
    tlogger.go:133: INFO balancergroup.go:102 [xds] [priority-lb 0xc000234850] Creating child policy of type "outlier_detection_experimental" for child "priority-0-0"  (t=+10.565978ms)
    tlogger.go:133: INFO balancer.go:94 [xds] [outlier-detection-lb 0xc000489770] Created  (t=+10.592453ms)
    tlogger.go:133: INFO clusterimpl.go:88 [xds] [xds-cluster-impl-lb 0xc0004ee3c0] Created  (t=+10.631011ms)
    tlogger.go:133: INFO clusterimpl.go:100 [xds] [xds-cluster-impl-lb 0xc0004ee3c0] xDS credentials in use: false  (t=+10.660665ms)
    tlogger.go:133: INFO weightedtarget.go:65 [xds] [weighted-target-lb 0xc0000ad920] Created  (t=+10.753361ms)
    tlogger.go:133: INFO balancer.go:88 [xds] [wrrlocality-lb 0xc000593a40] Created  (t=+10.779904ms)
    tlogger.go:133: INFO balancergroup.go:274 [xds] [weighted-target-lb 0xc0000ad920] Adding child policy of type "round_robin" for child "{region=\"region-1\", zone=\"zone-1\", sub_zone=\"subzone-1\"}"  (t=+10.856993ms)
    tlogger.go:133: INFO balancergroup.go:102 [xds] [weighted-target-lb 0xc0000ad920] Creating child policy of type "round_robin" for child "{region=\"region-1\", zone=\"zone-1\", sub_zone=\"subzone-1\"}"  (t=+10.883886ms)
    tlogger.go:133: INFO roundrobin.go:56 [roundrobin] [0xc000593d70] Created  (t=+10.911462ms)
    tlogger.go:133: INFO clientconn.go:923 [core] [Channel #23 SubChannel #30] Subchannel created  (t=+11.019936ms)
    tlogger.go:133: INFO balancergroup.go:528 [xds] [weighted-target-lb 0xc0000ad920] Balancer state update from child {region="region-1", zone="zone-1", sub_zone="subzone-1"}, new state: {ConnectivityState:CONNECTING Picker:0xc00066ea00}  (t=+11.077914ms)
    tlogger.go:133: INFO aggregator.go:253 [xds] [weighted-target-lb 0xc0000ad920] Child pickers with config: map[{region="region-1", zone="zone-1", sub_zone="subzone-1"}:weight:1,picker:0xc00066ea00,state:CONNECTING,stateToAggregate:CONNECTING]  (t=+11.114371ms)
    tlogger.go:133: INFO clientconn.go:1303 [core] [Channel #23 SubChannel #30] Subchannel Connectivity change to CONNECTING  (t=+11.166556ms)
    tlogger.go:133: INFO clientconn.go:1471 [core] [Channel #23 SubChannel #30] Subchannel picks a new address "127.0.0.1:38225" to connect  (t=+11.200547ms)
    tlogger.go:133: INFO balancergroup.go:528 [xds] [priority-lb 0xc000234850] Balancer state update from child priority-0-0, new state: {ConnectivityState:CONNECTING Picker:0xc0000120f0}  (t=+11.294038ms)
    tlogger.go:133: INFO balancergroup.go:528 [xds] [xds-cluster-manager-lb 0xc0000ac160] Balancer state update from child cluster:cluster-my-service, new state: {ConnectivityState:CONNECTING Picker:0xc0000120f0}  (t=+11.36849ms)
    tlogger.go:133: INFO balancerstateaggregator.go:147 [xds] [xds-cluster-manager-lb 0xc0000ac160] State update from sub-balancer "cluster:cluster-my-service": {ConnectivityState:CONNECTING Picker:0xc0000120f0}  (t=+11.404761ms)
    tlogger.go:133: INFO balancerstateaggregator.go:191 [xds] [xds-cluster-manager-lb 0xc0000ac160] Child pickers: map[cluster:cluster-my-service:picker:0xc000716f70,state:CONNECTING,stateToAggregate:CONNECTING]  (t=+11.429369ms)
    tlogger.go:133: INFO balancerstateaggregator.go:191 [xds] [xds-cluster-manager-lb 0xc0000ac160] Child pickers: map[cluster:cluster-my-service:picker:0xc0000120f0,state:CONNECTING,stateToAggregate:CONNECTING]  (t=+11.526199ms)
    tlogger.go:133: INFO clientconn.go:1303 [core] [Channel #23 SubChannel #30] Subchannel Connectivity change to READY  (t=+11.631774ms)
    tlogger.go:133: INFO balancergroup.go:528 [xds] [weighted-target-lb 0xc0000ad920] Balancer state update from child {region="region-1", zone="zone-1", sub_zone="subzone-1"}, new state: {ConnectivityState:READY Picker:0xc0006d4d80}  (t=+11.732327ms)
    tlogger.go:133: INFO aggregator.go:253 [xds] [weighted-target-lb 0xc0000ad920] Child pickers with config: map[{region="region-1", zone="zone-1", sub_zone="subzone-1"}:weight:1,picker:0xc0006d4d80,state:READY,stateToAggregate:READY]  (t=+11.796473ms)
    tlogger.go:133: INFO balancergroup.go:528 [xds] [priority-lb 0xc000234850] Balancer state update from child priority-0-0, new state: {ConnectivityState:READY Picker:0xc0006a20d8}  (t=+11.841908ms)
    tlogger.go:133: INFO balancergroup.go:528 [xds] [xds-cluster-manager-lb 0xc0000ac160] Balancer state update from child cluster:cluster-my-service, new state: {ConnectivityState:READY Picker:0xc0006a20d8}  (t=+11.884236ms)
    tlogger.go:133: INFO balancerstateaggregator.go:147 [xds] [xds-cluster-manager-lb 0xc0000ac160] State update from sub-balancer "cluster:cluster-my-service": {ConnectivityState:READY Picker:0xc0006a20d8}  (t=+11.911757ms)
    tlogger.go:133: INFO balancerstateaggregator.go:191 [xds] [xds-cluster-manager-lb 0xc0000ac160] Child pickers: map[cluster:cluster-my-service:picker:0xc0006a20d8,state:READY,stateToAggregate:READY]  (t=+11.941273ms)
    tlogger.go:133: INFO clientconn.go:620 [core] [Channel #23] Channel Connectivity change to READY  (t=+11.979412ms)
    server.go:229: Created new resource snapshot...
    logging.go:30: setting snapshot for node 2985663d-9436-40d0-8530-7e1181a81c41
    logging.go:30: respond open watch 1 type.googleapis.com/envoy.config.listener.v3.Listener [grpc/server?xds.resource.listening_address=127.0.0.1:38225] with new version "2"
    logging.go:30: respond type.googleapis.com/envoy.config.listener.v3.Listener (requested [grpc/server?xds.resource.listening_address=127.0.0.1:38225]) version "1" with version "2" and resources [grpc/server?xds.resource.listening_address=127.0.0.1:38225]
    logging.go:30: respond open watch 2 type.googleapis.com/envoy.config.route.v3.RouteConfiguration [routeName] with new version "2"
    logging.go:30: respond type.googleapis.com/envoy.config.route.v3.RouteConfiguration (requested [routeName]) version "1" with version "2" and resources [routeName]
    logging.go:30: respond open watch 3 type.googleapis.com/envoy.config.listener.v3.Listener [my-service] with new version "2"
    logging.go:30: respond type.googleapis.com/envoy.config.listener.v3.Listener (requested [my-service]) version "1" with version "2" and resources [my-service]
    logging.go:30: respond open watch 4 type.googleapis.com/envoy.config.route.v3.RouteConfiguration [route-my-service] with new version "2"
    logging.go:30: respond type.googleapis.com/envoy.config.route.v3.RouteConfiguration (requested [route-my-service]) version "1" with version "2" and resources [route-my-service]
    logging.go:30: respond open watch 5 type.googleapis.com/envoy.config.cluster.v3.Cluster [cluster-my-service] with new version "2"
    logging.go:30: respond type.googleapis.com/envoy.config.cluster.v3.Cluster (requested [cluster-my-service]) version "1" with version "2" and resources [cluster-my-service]
    logging.go:30: respond open watch 6 type.googleapis.com/envoy.config.endpoint.v3.ClusterLoadAssignment [endpoints-my-service] with new version "2"
    logging.go:30: respond type.googleapis.com/envoy.config.endpoint.v3.ClusterLoadAssignment (requested [endpoints-my-service]) version "1" with version "2" and resources [endpoints-my-service]
    server.go:235: Updated snapshot cache with resource snapshot...
    logging.go:30: open watch 7 for type.googleapis.com/envoy.config.listener.v3.Listener map[grpc/server?xds.resource.listening_address=127.0.0.1:38225:{}] from nodeID "2985663d-9436-40d0-8530-7e1181a81c41", version "2"
    tlogger.go:133: INFO rds_handler.go:147 RDS watch for resource "routeName" received update: &xdsresource.RouteConfigUpdate{VirtualHosts:[]*xdsresource.VirtualHost{(*xdsresource.VirtualHost)(0xc000470840)}, ClusterSpecifierPlugins:map[string]clusterspecifier.BalancerConfig{}, Raw:(*anypb.Any)(0xc000696b40)}  (t=+13.139674ms)
    logging.go:30: open watch 8 for type.googleapis.com/envoy.config.listener.v3.Listener map[my-service:{}] from nodeID "2985663d-9436-40d0-8530-7e1181a81c41", version "2"
    logging.go:30: open watch 9 for type.googleapis.com/envoy.config.route.v3.RouteConfiguration map[routeName:{}] from nodeID "2985663d-9436-40d0-8530-7e1181a81c41", version "2"
    logging.go:30: open watch 10 for type.googleapis.com/envoy.config.cluster.v3.Cluster map[cluster-my-service:{}] from nodeID "2985663d-9436-40d0-8530-7e1181a81c41", version "2"
    logging.go:30: open watch 11 for type.googleapis.com/envoy.config.route.v3.RouteConfiguration map[route-my-service:{}] from nodeID "2985663d-9436-40d0-8530-7e1181a81c41", version "2"
    logging.go:30: open watch 12 for type.googleapis.com/envoy.config.endpoint.v3.ClusterLoadAssignment map[endpoints-my-service:{}] from nodeID "2985663d-9436-40d0-8530-7e1181a81c41", version "2"
    tlogger.go:129: WARNING ads_stream.go:410 [xds] [xds-client 0xc0006726e0] [xds-channel 0xc0004cc140] [ads-stream 0xc00069e000] Sending ADS request for type "type.googleapis.com/envoy.config.route.v3.RouteConfiguration", resources: [], version: "2", nonce: "4" failed: EOF  (t=+33.928478ms)
    tlogger.go:129: WARNING ads_stream.go:452 [xds] [xds-client 0xc0006726e0] [xds-channel 0xc0004cc140] [ads-stream 0xc00069e000] ADS stream closed: rpc error: code = Canceled desc = context canceled  (t=+33.988798ms)
    tlogger.go:133: INFO ads_stream.go:165 [xds] [xds-client 0xc0006726e0] [xds-channel 0xc0004cc140] [ads-stream 0xc00069e000] Shutdown ADS stream  (t=+34.021907ms)
    logging.go:30: open watch 13 for type.googleapis.com/envoy.config.listener.v3.Listener map[] from nodeID "2985663d-9436-40d0-8530-7e1181a81c41", version "2"
    tlogger.go:133: INFO clientconn.go:620 [core] [Channel #20] Channel Connectivity change to SHUTDOWN  (t=+34.07647ms)
    tlogger.go:133: INFO resolver_wrapper.go:112 [core] [Channel #20] Closing the name resolver  (t=+34.145262ms)
    tlogger.go:133: INFO balancer_wrapper.go:159 [core] [Channel #20] ccBalancerWrapper: closing  (t=+34.208518ms)
    tlogger.go:133: INFO clientconn.go:1303 [core] [Channel #20 SubChannel #22] Subchannel Connectivity change to SHUTDOWN  (t=+34.330265ms)
    tlogger.go:133: INFO clientconn.go:1710 [core] [Channel #20 SubChannel #22] Subchannel deleted  (t=+34.394686ms)
    tlogger.go:133: INFO clientconn.go:1232 [core] [Channel #20] Channel deleted  (t=+34.525109ms)
    tlogger.go:133: INFO channel.go:143 [xds] [xds-client 0xc0006726e0] [xds-channel 0xc0004cc140] Shutdown  (t=+34.579028ms)
    tlogger.go:133: INFO server.go:864 [core] [Server #19 ListenSocket #21] ListenSocket deleted  (t=+34.624254ms)
    tlogger.go:133: INFO clientconn.go:1303 [core] [Channel #23 SubChannel #30] Subchannel Connectivity change to IDLE  (t=+34.743188ms)
    tlogger.go:133: INFO xdsclient.go:210 [xds] [xds-client 0xc0006726e0] Shutdown  (t=+34.846671ms)
    zz_verify_c5_e2e_test.go:252: PROBE event[0] ServerFilter.Build
    zz_verify_c5_e2e_test.go:252: PROBE event[1] Interceptor#1.Build
    zz_verify_c5_e2e_test.go:252: PROBE event[2] --- generation 1 serving (RPC OK); sending in-place RDS replacement for "routeName" ---
    tlogger.go:133: INFO balancergroup.go:528 [xds] [weighted-target-lb 0xc0000ad920] Balancer state update from child {region="region-1", zone="zone-1", sub_zone="subzone-1"}, new state: {ConnectivityState:IDLE Picker:0xc0006d5600}  (t=+34.92465ms)
    tlogger.go:133: INFO aggregator.go:253 [xds] [weighted-target-lb 0xc0000ad920] Child pickers with config: map[{region="region-1", zone="zone-1", sub_zone="subzone-1"}:weight:1,picker:0xc0006d5600,state:IDLE,stateToAggregate:IDLE]  (t=+34.979769ms)
    zz_verify_c5_e2e_test.go:252: PROBE event[3] Interceptor#1.Close parentFilterAlreadyDestroyed=false stack=[server.(*interceptorList).Close <- server.(*usableRouteConfiguration).stop <- server.(*filterChain).applyConfiguration <- server.(*filterChain).updateUsableRouteConfiguration <- server.(*listenerWrapper).handleRDSUpdate <- server.(*rdsWatcher).ResourceChanged]
    zz_verify_c5_e2e_test.go:252: PROBE event[4] ServerFilter.Close (filter DESTROYED) stack=[server.(*refCountedServerFilter).Close <- server.(*filterChain).applyConfiguration <- server.(*filterChain).updateUsableRouteConfiguration <- server.(*listenerWrapper).handleRDSUpdate <- server.(*rdsWatcher).ResourceChanged]
    zz_verify_c5_e2e_test.go:252: PROBE event[5] --- replacement observed; stopping server ---
    zz_verify_c5_e2e_test.go:254: PROBE RESULT after in-place replacement: retired interceptors closed while parent filter still alive=1, closed AFTER parent filter was destroyed=0
    tlogger.go:133: INFO balancergroup.go:528 [xds] [priority-lb 0xc000234850] Balancer state update from child priority-0-0, new state: {ConnectivityState:IDLE Picker:0xc0005902b8}  (t=+35.039781ms)
    tlogger.go:133: INFO balancergroup.go:528 [xds] [weighted-target-lb 0xc0000ad920] Balancer state update from child {region="region-1", zone="zone-1", sub_zone="subzone-1"}, new state: {ConnectivityState:CONNECTING Picker:0xc0006d5640}  (t=+35.158208ms)
    tlogger.go:133: INFO aggregator.go:253 [xds] [weighted-target-lb 0xc0000ad920] Child pickers with config: map[{region="region-1", zone="zone-1", sub_zone="subzone-1"}:weight:1,picker:0xc0006d5640,state:CONNECTING,stateToAggregate:CONNECTING]  (t=+35.20873ms)
    tlogger.go:133: INFO clientconn.go:620 [core] [Channel #23] Channel Connectivity change to SHUTDOWN  (t=+35.261816ms)
    tlogger.go:133: INFO balancergroup.go:528 [xds] [xds-cluster-manager-lb 0xc0000ac160] Balancer state update from child cluster:cluster-my-service, new state: {ConnectivityState:IDLE Picker:0xc0005902b8}  (t=+35.303959ms)
    tlogger.go:133: INFO balancerstateaggregator.go:147 [xds] [xds-cluster-manager-lb 0xc0000ac160] State update from sub-balancer "cluster:cluster-my-service": {ConnectivityState:IDLE Picker:0xc0005902b8}  (t=+35.355718ms)
    tlogger.go:133: INFO balancerstateaggregator.go:191 [xds] [xds-cluster-manager-lb 0xc0000ac160] Child pickers: map[cluster:cluster-my-service:picker:0xc0005902b8,state:IDLE,stateToAggregate:IDLE]  (t=+35.3996ms)
    tlogger.go:133: INFO clientconn.go:1303 [core] [Channel #23 SubChannel #30] Subchannel Connectivity change to CONNECTING  (t=+35.431429ms)
    tlogger.go:133: INFO clientconn.go:1471 [core] [Channel #23 SubChannel #30] Subchannel picks a new address "127.0.0.1:38225" to connect  (t=+35.486179ms)
    tlogger.go:133: INFO balancergroup.go:528 [xds] [priority-lb 0xc000234850] Balancer state update from child priority-0-0, new state: {ConnectivityState:CONNECTING Picker:0xc000590300}  (t=+35.610088ms)
    tlogger.go:133: INFO balancergroup.go:528 [xds] [xds-cluster-manager-lb 0xc0000ac160] Balancer state update from child cluster:cluster-my-service, new state: {ConnectivityState:CONNECTING Picker:0xc000590300}  (t=+35.676459ms)
    tlogger.go:133: INFO balancerstateaggregator.go:147 [xds] [xds-cluster-manager-lb 0xc0000ac160] State update from sub-balancer "cluster:cluster-my-service": {ConnectivityState:CONNECTING Picker:0xc000590300}  (t=+35.712764ms)
    tlogger.go:133: INFO balancerstateaggregator.go:191 [xds] [xds-cluster-manager-lb 0xc0000ac160] Child pickers: map[cluster:cluster-my-service:picker:0xc000590300,state:CONNECTING,stateToAggregate:CONNECTING]  (t=+35.75232ms)
    tlogger.go:129: WARNING clientconn.go:1534 [core] [Channel #23 SubChannel #30] grpc: addrConn.createTransport failed to connect to {Addr: "127.0.0.1:38225", ServerName: "my-service", Attributes: {"<%!p(xds.hostnameKey={})>": "" , "<%!p(xds.handshakeAttrKey={})>": "<0xc0004ee430>" , "<%!p(xds.handshakeClusterNameKey={})>": "cluster-my-service" }, BalancerAttributes: {"<%!p(weight.attributeKey={})>": "Weight: 2147483648" , "<%!p(wrrlocality.attributeKey={})>": "Locality Weight: 1" , "<%!p(xds.localityKeyType=grpc.xds.internal.address.locality)>": "<%!p(clients.Locality={region-1 zone-1 subzone-1})>" , "<%!p(hierarchy.pathKeyType=grpc.internal.address.hierarchical_path)>": "<0xc0000acb00>" }}. Err: connection error: desc = "transport: Error while dialing: dial tcp 127.0.0.1:38225: connect: connection refused"  (t=+35.785245ms)
    tlogger.go:133: INFO resolver_wrapper.go:112 [core] [Channel #23] Closing the name resolver  (t=+35.832719ms)
    tlogger.go:133: INFO clientconn.go:1305 [core] [Channel #23 SubChannel #30] Subchannel Connectivity change to TRANSIENT_FAILURE, last error: connection error: desc = "transport: Error while dialing: dial tcp 127.0.0.1:38225: connect: connection refused"  (t=+35.869426ms)
    tlogger.go:133: INFO balancer_wrapper.go:159 [core] [Channel #23] ccBalancerWrapper: closing  (t=+35.903488ms)
    tlogger.go:133: INFO balancergroup.go:528 [xds] [weighted-target-lb 0xc0000ad920] Balancer state update from child {region="region-1", zone="zone-1", sub_zone="subzone-1"}, new state: {ConnectivityState:TRANSIENT_FAILURE Picker:0xc00055a1c0}  (t=+35.985277ms)
    tlogger.go:133: INFO aggregator.go:253 [xds] [weighted-target-lb 0xc0000ad920] Child pickers with config: map[{region="region-1", zone="zone-1", sub_zone="subzone-1"}:weight:1,picker:0xc00055a1c0,state:TRANSIENT_FAILURE,stateToAggregate:TRANSIENT_FAILURE]  (t=+36.039229ms)
    tlogger.go:129: WARNING ads_stream.go:452 [xds] [xds-client 0xc0004734a0] [xds-channel 0xc000696aa0] [ads-stream 0xc0004735e0] ADS stream closed: rpc error: code = Canceled desc = context canceled  (t=+36.077396ms)
    logging.go:30: open watch 14 for type.googleapis.com/envoy.config.listener.v3.Listener map[] from nodeID "2985663d-9436-40d0-8530-7e1181a81c41", version "2"
    tlogger.go:133: INFO ads_stream.go:165 [xds] [xds-client 0xc0004734a0] [xds-channel 0xc000696aa0] [ads-stream 0xc0004735e0] Shutdown ADS stream  (t=+36.118811ms)
    tlogger.go:129: WARNING ads_stream.go:410 [xds] [xds-client 0xc0004734a0] [xds-channel 0xc000696aa0] [ads-stream 0xc0004735e0] Sending ADS request for type "type.googleapis.com/envoy.config.endpoint.v3.ClusterLoadAssignment", resources: [], version: "2", nonce: "8" failed: EOF  (t=+36.154777ms)
    tlogger.go:133: INFO clusterimpl.go:508 [xds] [xds-cluster-impl-lb 0xc0004ee3c0] Shutdown  (t=+36.206706ms)
    logging.go:30: open watch 15 for type.googleapis.com/envoy.config.route.v3.RouteConfiguration map[] from nodeID "2985663d-9436-40d0-8530-7e1181a81c41", version "2"
    tlogger.go:133: INFO balancergroup.go:351 [xds] [priority-lb 0xc000234850] Removing child policy for child "priority-0-0"  (t=+36.268795ms)
    tlogger.go:133: INFO cdsbalancer.go:416 [xds] [cds-lb 0xc000902540] Shutdown  (t=+36.303585ms)
    tlogger.go:133: INFO clustermanager.go:192 [xds] [xds-cluster-manager-lb 0xc0000ac160] Shutdown  (t=+36.333416ms)
    tlogger.go:133: INFO clientconn.go:620 [core] [Channel #26] Channel Connectivity change to SHUTDOWN  (t=+36.369649ms)
    tlogger.go:133: INFO resolver_wrapper.go:112 [core] [Channel #26] Closing the name resolver  (t=+36.404799ms)
    tlogger.go:133: INFO balancer_wrapper.go:159 [core] [Channel #26] ccBalancerWrapper: closing  (t=+36.467048ms)
    tlogger.go:133: INFO clientconn.go:1303 [core] [Channel #26 SubChannel #27] Subchannel Connectivity change to SHUTDOWN  (t=+36.544312ms)
    tlogger.go:133: INFO clientconn.go:1710 [core] [Channel #26 SubChannel #27] Subchannel deleted  (t=+36.579423ms)
    tlogger.go:133: INFO clientconn.go:1232 [core] [Channel #26] Channel deleted  (t=+36.705546ms)
    tlogger.go:133: INFO channel.go:143 [xds] [xds-client 0xc0004734a0] [xds-channel 0xc000696aa0] Shutdown  (t=+36.750665ms)
    tlogger.go:133: INFO xdsclient.go:210 [xds] [xds-client 0xc0004734a0] Shutdown  (t=+36.830487ms)
    tlogger.go:133: INFO xds_resolver.go:295 [xds] [xds-resolver 0xc0004d41b0] Shutdown  (t=+36.864017ms)
    tlogger.go:133: INFO clientconn.go:1303 [core] [Channel #23 SubChannel #30] Subchannel Connectivity change to SHUTDOWN  (t=+36.922538ms)
    tlogger.go:133: INFO clientconn.go:1710 [core] [Channel #23 SubChannel #30] Subchannel deleted  (t=+36.955561ms)
    tlogger.go:133: INFO clientconn.go:1232 [core] [Channel #23] Channel deleted  (t=+36.987878ms)
    tlogger.go:133: INFO server.go:864 [core] [Server #17 ListenSocket #18] ListenSocket deleted  (t=+37.087451ms)
--- PASS: Test (0.14s)
    --- PASS: Test/VerifyC5_AllRoutesDisableFilter (0.10s)
    --- PASS: Test/VerifyC5_ReplacementWithNoRoutes (0.04s)
PASS
ok  	google.golang.org/grpc/test/xds	1.167s
exit=0
