=== RUN   Test
=== RUN   Test/VerifyC5_AllRoutesDisableFilter
    setup.go:45: Created new snapshot cache...
    tlogger.go:133: INFO server.go:732 [core] [Server #1] Server created  (t=+721.589µs)
    setup.go:45: Registered Aggregated Discovery Service (ADS)...
    setup.go:45: xDS management server serving at: 127.0.0.1:36055...
    tlogger.go:133: INFO server.go:928 [core] [Server #1 ListenSocket #2] ListenSocket created  (t=+1.06643ms)
    tlogger.go:133: INFO server.go:732 [core] [Server #3] Server created  (t=+2.177576ms)
    tlogger.go:133: INFO pool.go:309 [xds] xDS node ID: a91be747-5fe8-46e3-bf95-d7b9984998e6  (t=+2.314633ms)
    tlogger.go:133: INFO server.go:118 [xds] [xds-server 0xc0001a8a80] Created xds.GRPCServer  (t=+2.34993ms)
    stubserver.go:300: Started test service backend at "127.0.0.1:39109"
    tlogger.go:133: INFO server.go:177 [xds] [xds-server 0xc0001a8a80] Serve() passed a net.Listener on 127.0.0.1:39109  (t=+2.520331ms)
    tlogger.go:133: INFO clientconn.go:1837 [core] original dial target is: "passthrough:///127.0.0.1:36055"  (t=+2.656692ms)
    tlogger.go:133: INFO clientconn.go:516 [core] [Channel #4] Channel created for target "passthrough:///127.0.0.1:36055"  (t=+2.719086ms)
    tlogger.go:133: INFO clientconn.go:247 [core] [Channel #4] parsed dial target is: resolver.Target{URL:url.URL{Scheme:"passthrough", Opaque:"", User:(*url.Userinfo)(nil), Host:"", Path:"/127.0.0.1:36055", RawPath:"", OmitHost:false, ForceQuery:false, RawQuery:"", Fragment:"", RawFragment:""}}  (t=+2.781113ms)
    tlogger.go:133: INFO clientconn.go:248 [core] [Channel #4] Channel authority set to "127.0.0.1:36055"  (t=+2.817834ms)
    tlogger.go:133: INFO server.go:928 [core] [Server #3 ListenSocket #5] ListenSocket created  (t=+3.003871ms)
    tlogger.go:133: INFO clientconn.go:620 [core] [Channel #4] Channel Connectivity change to CONNECTING  (t=+3.093838ms)
    tlogger.go:133: INFO resolver_wrapper.go:211 [core] [Channel #4] Resolver state updated: {
          "Addresses": [
            {
              "Addr": "127.0.0.1:36055",
              "ServerName": "",
              "Attributes": null,
              "BalancerAttributes": null,
              "Metadata": null
            }
          ],
          "Endpoints": [
            {
              "Addresses": [
                {
                  "Addr": "127.0.0.1:36055",
                  "ServerName": "",
                  "Attributes": null,
                  "BalancerAttributes": null,
                  "Metadata": null
                }
              ],
              "Attributes": null
            }
          ],
          "ServiceConfig": null,
          "Attributes": null
        } (resolver returned new addresses)  (t=+3.435077ms)
    tlogger.go:133: INFO balancer_wrapper.go:121 [core] [Channel #4] Channel switches to new LB policy "pick_first"  (t=+3.657076ms)
    tlogger.go:133: INFO clientconn.go:923 [core] [Channel #4 SubChannel #6] Subchannel created  (t=+3.776724ms)
    tlogger.go:133: INFO clientconn.go:421 [core] [Channel #4] Channel exiting idle mode  (t=+3.860125ms)
    tlogger.go:133: INFO clientconn.go:1303 [core] [Channel #4 SubChannel #6] Subchannel Connectivity change to CONNECTING  (t=+3.950148ms)
    tlogger.go:133: INFO clientconn.go:1471 [core] [Channel #4 SubChannel #6] Subchannel picks a new address "127.0.0.1:36055" to connect  (t=+4.003594ms)
    tlogger.go:133: INFO clientconn.go:1303 [core] [Channel #4 SubChannel #6] Subchannel Connectivity change to READY  (t=+4.839412ms)
    tlogger.go:133: INFO clientconn.go:620 [core] [Channel #4] Channel Connectivity change to READY  (t=+4.940419ms)
    logging.go:30: open watch 1 for type.googleapis.com/envoy.config.listener.v3.Listener map[grpc/server?xds.resource.listening_address=127.0.0.1:39109:{}] from nodeID "a91be747-5fe8-46e3-bf95-d7b9984998e6", version ""
    server.go:229: Created new resource snapshot...
    logging.go:30: setting snapshot for node a91be747-5fe8-46e3-bf95-d7b9984998e6
    logging.go:30: respond open watch 1 type.googleapis.com/envoy.config.listener.v3.Listener [grpc/server?xds.resource.listening_address=127.0.0.1:39109] with new version "1"
    logging.go:30: respond type.googleapis.com/envoy.config.listener.v3.Listener (requested [grpc/server?xds.resource.listening_address=127.0.0.1:39109]) version "" with version "1" and resources [grpc/server?xds.resource.listening_address=127.0.0.1:39109]
    server.go:235: Updated snapshot cache with resource snapshot...
    tlogger.go:133: INFO clientconn.go:1837 [core] original dial target is: "xds:///my-service"  (t=+7.477712ms)
    tlogger.go:133: INFO clientconn.go:516 [core] [Channel #9] Channel created for target "xds:///my-service"  (t=+7.522608ms)
    tlogger.go:133: INFO clientconn.go:247 [core] [Channel #9] parsed dial target is: resolver.Target{URL:url.URL{Scheme:"xds", Opaque:"", User:(*url.Userinfo)(nil), Host:"", Path:"/my-service", RawPath:"", OmitHost:false, ForceQuery:false, RawQuery:"", Fragment:"", RawFragment:""}}  (t=+7.569244ms)
    tlogger.go:133: INFO clientconn.go:248 [core] [Channel #9] Channel authority set to "my-service"  (t=+7.598988ms)
    logging.go:30: open watch 2 for type.googleapis.com/envoy.config.listener.v3.Listener map[grpc/server?xds.resource.listening_address=127.0.0.1:39109:{}] from nodeID "a91be747-5fe8-46e3-bf95-d7b9984998e6", version "1"
    logging.go:30: respond type.googleapis.com/envoy.config.route.v3.RouteConfiguration (requested [routeName]) version "" with version "1" and resources [routeName]
    tlogger.go:133: INFO rds_handler.go:147 RDS watch for resource "routeName" received update: &xdsresource.RouteConfigUpdate{VirtualHosts:[]*xdsresource.VirtualHost{(*xdsresource.VirtualHost)(0xc00065fa00)}, ClusterSpecifierPlugins:map[string]clusterspecifier.BalancerConfig{}, Raw:(*anypb.Any)(0xc00076e9b0)}  (t=+11.281051ms)
    tlogger.go:133: INFO clientconn.go:620 [core] [Channel #9] Channel Connectivity change to CONNECTING  (t=+11.395142ms)
    logging.go:30: open watch 3 for type.googleapis.com/envoy.config.route.v3.RouteConfiguration map[routeName:{}] from nodeID "a91be747-5fe8-46e3-bf95-d7b9984998e6", version "1"
    tlogger.go:133: INFO pool.go:309 [xds] xDS node ID: a91be747-5fe8-46e3-bf95-d7b9984998e6  (t=+11.85404ms)
    tlogger.go:133: INFO xds_resolver.go:157 [xds] [xds-resolver 0xc00016c120] Creating resolver for target: xds:///my-service  (t=+11.907059ms)
    tlogger.go:133: INFO clientconn.go:1837 [core] original dial target is: "passthrough:///127.0.0.1:36055"  (t=+12.005716ms)
    tlogger.go:133: INFO clientconn.go:516 [core] [Channel #10] Channel created for target "passthrough:///127.0.0.1:36055"  (t=+12.058749ms)
    tlogger.go:133: INFO clientconn.go:247 [core] [Channel #10] parsed dial target is: resolver.Target{URL:url.URL{Scheme:"passthrough", Opaque:"", User:(*url.Userinfo)(nil), Host:"", Path:"/127.0.0.1:36055", RawPath:"", OmitHost:false, ForceQuery:false, RawQuery:"", Fragment:"", RawFragment:""}}  (t=+12.111793ms)
    tlogger.go:133: INFO clientconn.go:248 [core] [Channel #10] Channel authority set to "127.0.0.1:36055"  (t=+12.140402ms)
    tlogger.go:133: INFO clientconn.go:620 [core] [Channel #10] Channel Connectivity change to CONNECTING  (t=+12.276967ms)
    tlogger.go:133: INFO clientconn.go:421 [core] [Channel #9] Channel exiting idle mode  (t=+12.330519ms)
    tlogger.go:133: INFO resolver_wrapper.go:211 [core] [Channel #10] Resolver state updated: {
          "Addresses": [
            {
              "Addr": "127.0.0.1:36055",
              "ServerName": "",
              "Attributes": null,
              "BalancerAttributes": null,
              "Metadata": null
            }
          ],
          "Endpoints": [
            {
              "Addresses": [
                {
                  "Addr": "127.0.0.1:36055",
                  "ServerName": "",
                  "Attributes": null,
                  "BalancerAttributes": null,
                  "Metadata": null
                }
              ],
              "Attributes": null
            }
          ],
          "ServiceConfig": null,
          "Attributes": null
        } (resolver returned new addresses)  (t=+12.749238ms)
    tlogger.go:133: INFO balancer_wrapper.go:121 [core] [Channel #10] Channel switches to new LB policy "pick_first"  (t=+13.183465ms)
    tlogger.go:133: INFO clientconn.go:923 [core] [Channel #10 SubChannel #11] Subchannel created  (t=+13.313186ms)
    tlogger.go:133: INFO clientconn.go:421 [core] [Channel #10] Channel exiting idle mode  (t=+13.379077ms)
    tlogger.go:133: INFO clientconn.go:1303 [core] [Channel #10 SubChannel #11] Subchannel Connectivity change to CONNECTING  (t=+13.413417ms)
    tlogger.go:133: INFO clientconn.go:1471 [core] [Channel #10 SubChannel #11] Subchannel picks a new address "127.0.0.1:36055" to connect  (t=+13.470855ms)
    tlogger.go:133: INFO clientconn.go:1303 [core] [Channel #10 SubChannel #11] Subchannel Connectivity change to READY  (t=+13.833186ms)
    tlogger.go:133: INFO clientconn.go:620 [core] [Channel #10] Channel Connectivity change to READY  (t=+13.920382ms)
    logging.go:30: respond type.googleapis.com/envoy.config.listener.v3.Listener (requested [my-service]) version "" with version "1" and resources [my-service]
    logging.go:30: open watch 4 for type.googleapis.com/envoy.config.listener.v3.Listener map[my-service:{}] from nodeID "a91be747-5fe8-46e3-bf95-d7b9984998e6", version "1"
    logging.go:30: respond type.googleapis.com/envoy.config.route.v3.RouteConfiguration (requested [route-my-service]) version "" with version "1" and resources [route-my-service]
    logging.go:30: open watch 5 for type.googleapis.com/envoy.config.route.v3.RouteConfiguration map[route-my-service:{}] from nodeID "a91be747-5fe8-46e3-bf95-d7b9984998e6", version "1"
    logging.go:30: respond type.googleapis.com/envoy.config.cluster.v3.Cluster (requested [cluster-my-service]) version "" with version "1" and resources [cluster-my-service]
    logging.go:30: open watch 6 for type.googleapis.com/envoy.config.cluster.v3.Cluster map[cluster-my-service:{}] from nodeID "a91be747-5fe8-46e3-bf95-d7b9984998e6", version "1"
    logging.go:30: respond type.googleapis.com/envoy.config.endpoint.v3.ClusterLoadAssignment (requested [endpoints-my-service]) version "" with version "1" and resources [endpoints-my-service]
    logging.go:30: open watch 7 for type.googleapis.com/envoy.config.endpoint.v3.ClusterLoadAssignment map[endpoints-my-service:{}] from nodeID "a91be747-5fe8-46e3-bf95-d7b9984998e6", version "1"
    tlogger.go:133: INFO resolver_wrapper.go:211 [core] [Channel #9] Resolver state updated: {
          "Addresses": null,
          "Endpoints": [],
          "ServiceConfig": {
            "Config": {
              "Config": null,
              "Methods": {}
            },
            "Err": null
          },
          "Attributes": {
            "\u003c%!p(xdsclient.clientKeyType=grpc.xds.internal.client.Client)\u003e": "\u003c0xc0004d8000\u003e",
            "\u003c%!p(xdsdepmgr.xdsClusterSubscriberKey={})\u003e": "\u003c0xc0000f9080\u003e",
            "\u003c%!p(xdsresource.xdsConfigkey={})\u003e": "\u003c0xc000616d40\u003e",
            "\u003c%!p(resolver.csKeyType=grpc.internal.resolver.configSelector)\u003e": "\u003c0xc000325b20\u003e"
          }
        } (service config updated)  (t=+20.232996ms)
    tlogger.go:133: INFO balancer_wrapper.go:121 [core] [Channel #9] Channel switches to new LB policy "xds_cluster_manager_experimental"  (t=+20.356497ms)
    tlogger.go:133: INFO clustermanager.go:58 [xds] [xds-cluster-manager-lb 0xc000616f00] Created  (t=+20.395252ms)
    tlogger.go:133: INFO balancergroup.go:274 [xds] [xds-cluster-manager-lb 0xc000616f00] Adding child policy of type "cds_experimental" for child "cluster:cluster-my-service"  (t=+20.428032ms)
    tlogger.go:133: INFO balancergroup.go:102 [xds] [xds-cluster-manager-lb 0xc000616f00] Creating child policy of type "cds_experimental" for child "cluster:cluster-my-service"  (t=+20.45987ms)
    tlogger.go:133: INFO cdsbalancer.go:90 [xds] [cds-lb 0xc0006888c0] Created  (t=+20.490541ms)
    tlogger.go:133: INFO cdsbalancer.go:167 [xds] [cds-lb 0xc0006888c0] Received balancer config update: {
          "LoadBalancingConfig": null,
          "cluster": "cluster-my-service",
          "isDynamic": false
        }  (t=+20.555235ms)
    tlogger.go:133: INFO balancer.go:76 [xds] [priority-lb 0xc000325c70] Created  (t=+20.787494ms)
    tlogger.go:133: INFO balancergroup.go:528 [xds] [xds-cluster-manager-lb 0xc000616f00] Balancer state update from child cluster:cluster-my-service, new state: {ConnectivityState:CONNECTING Picker:0xc0001b44c0}  (t=+21.325279ms)
    tlogger.go:133: INFO balancerstateaggregator.go:147 [xds] [xds-cluster-manager-lb 0xc000616f00] State update from sub-balancer "cluster:cluster-my-service": {ConnectivityState:CONNECTING Picker:0xc0001b44c0}  (t=+21.362408ms)
    tlogger.go:133: INFO balancergroup.go:274 [xds] [priority-lb 0xc000325c70] Adding child policy of type "outlier_detection_experimental" for child "priority-0-0"  (t=+21.391996ms)
    tlogger.go:133: INFO balancergroup.go:102 [xds] [priority-lb 0xc000325c70] Creating child policy of type "outlier_detection_experimental" for child "priority-0-0"  (t=+21.426552ms)
    tlogger.go:133: INFO balancer.go:94 [xds] [outlier-detection-lb 0xc00031fe00] Created  (t=+21.461614ms)
    tlogger.go:133: INFO clusterimpl.go:88 [xds] [xds-cluster-impl-lb 0xc0004ef040] Created  (t=+21.509853ms)
    tlogger.go:133: INFO clusterimpl.go:100 [xds] [xds-cluster-impl-lb 0xc0004ef040] xDS credentials in use: false  (t=+21.544004ms)
    tlogger.go:133: INFO weightedtarget.go:65 [xds] [weighted-target-lb 0xc0006173a0] Created  (t=+21.64184ms)
    tlogger.go:133: INFO balancer.go:88 [xds] [wrrlocality-lb 0xc0001b7050] Created  (t=+21.680603ms)
    tlogger.go:133: INFO balancergroup.go:274 [xds] [weighted-target-lb 0xc0006173a0] Adding child policy of type "round_robin" for child "{region=\"region-1\", zone=\"zone-1\", sub_zone=\"subzone-1\"}"  (t=+21.831435ms)
    tlogger.go:133: INFO balancergroup.go:102 [xds] [weighted-target-lb 0xc0006173a0] Creating child policy of type "round_robin" for child "{region=\"region-1\", zone=\"zone-1\", sub_zone=\"subzone-1\"}"  (t=+21.864744ms)
    tlogger.go:133: INFO roundrobin.go:56 [roundrobin] [0xc00084a5d0] Created  (t=+21.891113ms)
    tlogger.go:133: INFO clientconn.go:923 [core] [Channel #9 SubChannel #14] Subchannel created  (t=+22.045305ms)
    tlogger.go:133: INFO balancergroup.go:528 [xds] [weighted-target-lb 0xc0006173a0] Balancer state update from child {region="region-1", zone="zone-1", sub_zone="subzone-1"}, new state: {ConnectivityState:CONNECTING Picker:0xc00065fe80}  (t=+22.125689ms)
    tlogger.go:133: INFO aggregator.go:253 [xds] [weighted-target-lb 0xc0006173a0] Child pickers with config: map[{region="region-1", zone="zone-1", sub_zone="subzone-1"}:weight:1,picker:0xc00065fe80,state:CONNECTING,stateToAggregate:CONNECTING]  (t=+22.164961ms)
    tlogger.go:133: INFO balancergroup.go:528 [xds] [priority-lb 0xc000325c70] Balancer state update from child priority-0-0, new state: {ConnectivityState:CONNECTING Picker:0xc0006a3f68}  (t=+22.223989ms)
    tlogger.go:133: INFO clientconn.go:1303 [core] [Channel #9 SubChannel #14] Subchannel Connectivity change to CONNECTING  (t=+22.498026ms)
    tlogger.go:133: INFO balancergroup.go:528 [xds] [xds-cluster-manager-lb 0xc000616f00] Balancer state update from child cluster:cluster-my-service, new state: {ConnectivityState:CONNECTING Picker:0xc0006a3f68}  (t=+22.555741ms)
    tlogger.go:133: INFO balancerstateaggregator.go:191 [xds] [xds-cluster-manager-lb 0xc000616f00] Child pickers: map[cluster:cluster-my-service:picker:0xc0001b44c0,state:CONNECTING,stateToAggregate:CONNECTING]  (t=+22.678174ms)
    tlogger.go:133: INFO balancerstateaggregator.go:147 [xds] [xds-cluster-manager-lb 0xc000616f00] State update from sub-balancer "cluster:cluster-my-service": {ConnectivityState:CONNECTING Picker:0xc0006a3f68}  (t=+22.810189ms)
    tlogger.go:133: INFO balancerstateaggregator.go:191 [xds] [xds-cluster-manager-lb 0xc000616f00] Child pickers: map[cluster:cluster-my-service:picker:0xc0006a3f68,state:CONNECTING,stateToAggregate:CONNECTING]  (t=+22.862593ms)
    tlogger.go:133: INFO clientconn.go:1471 [core] [Channel #9 SubChannel #14] Subchannel picks a new address "127.0.0.1:39109" to connect  (t=+22.983155ms)
    tlogger.go:133: INFO clientconn.go:1303 [core] [Channel #9 SubChannel #14] Subchannel Connectivity change to READY  (t=+23.901657ms)
    tlogger.go:133: INFO balancergroup.go:528 [xds] [weighted-target-lb 0xc0006173a0] Balancer state update from child {region="region-1", zone="zone-1", sub_zone="subzone-1"}, new state: {ConnectivityState:READY Picker:0xc0005c1640}  (t=+24.020306ms)
    tlogger.go:133: INFO aggregator.go:253 [xds] [weighted-target-lb 0xc0006173a0] Child pickers with config: map[{region="region-1", zone="zone-1", sub_zone="subzone-1"}:weight:1,picker:0xc0005c1640,state:READY,stateToAggregate:READY]  (t=+24.081413ms)
    tlogger.go:133: INFO balancergroup.go:528 [xds] [priority-lb 0xc000325c70] Balancer state update from child priority-0-0, new state: {ConnectivityState:READY Picker:0xc000436168}  (t=+24.12366ms)
    tlogger.go:133: INFO balancergroup.go:528 [xds] [xds-cluster-manager-lb 0xc000616f00] Balancer state update from child cluster:cluster-my-service, new state: {ConnectivityState:READY Picker:0xc000436168}  (t=+24.163804ms)
    tlogger.go:133: INFO balancerstateaggregator.go:147 [xds] [xds-cluster-manager-lb 0xc000616f00] State update from sub-balancer "cluster:cluster-my-service": {ConnectivityState:READY Picker:0xc000436168}  (t=+24.198651ms)
    tlogger.go:133: INFO balancerstateaggregator.go:191 [xds] [xds-cluster-manager-lb 0xc000616f00] Child pickers: map[cluster:cluster-my-service:picker:0xc000436168,state:READY,stateToAggregate:READY]  (t=+24.234703ms)
    tlogger.go:133: INFO clientconn.go:620 [core] [Channel #9] Channel Connectivity change to READY  (t=+24.27715ms)
    server.go:229: Created new resource snapshot...
    logging.go:30: setting snapshot for node a91be747-5fe8-46e3-bf95-d7b9984998e6
    logging.go:30: respond open watch 6 type.googleapis.com/envoy.config.cluster.v3.Cluster [cluster-my-service] with new version "2"
    logging.go:30: respond type.googleapis.com/envoy.config.cluster.v3.Cluster (requested [cluster-my-service]) version "1" with version "2" and resources [cluster-my-service]
    logging.go:30: respond open watch 7 type.googleapis.com/envoy.config.endpoint.v3.ClusterLoadAssignment [endpoints-my-service] with new version "2"
    logging.go:30: respond type.googleapis.com/envoy.config.endpoint.v3.ClusterLoadAssignment (requested [endpoints-my-service]) version "1" with version "2" and resources [endpoints-my-service]
    logging.go:30: respond open watch 2 type.googleapis.com/envoy.config.listener.v3.Listener [grpc/server?xds.resource.listening_address=127.0.0.1:39109] with new version "2"
    logging.go:30: respond type.googleapis.com/envoy.config.listener.v3.Listener (requested [grpc/server?xds.resource.listening_address=127.0.0.1:39109]) version "1" with version "2" and resources [grpc/server?xds.resource.listening_address=127.0.0.1:39109]
    logging.go:30: respond open watch 3 type.googleapis.com/envoy.config.route.v3.RouteConfiguration [routeName] with new version "2"
    logging.go:30: respond type.googleapis.com/envoy.config.route.v3.RouteConfiguration (requested [routeName]) version "1" with version "2" and resources [routeName]
    logging.go:30: respond open watch 4 type.googleapis.com/envoy.config.listener.v3.Listener [my-service] with new version "2"
    logging.go:30: respond type.googleapis.com/envoy.config.listener.v3.Listener (requested [my-service]) version "1" with version "2" and resources [my-service]
    logging.go:30: respond open watch 5 type.googleapis.com/envoy.config.route.v3.RouteConfiguration [route-my-service] with new version "2"
    logging.go:30: respond type.googleapis.com/envoy.config.route.v3.RouteConfiguration (requested [route-my-service]) version "1" with version "2" and resources [route-my-service]
    server.go:235: Updated snapshot cache with resource snapshot...
    logging.go:30: open watch 8 for type.googleapis.com/envoy.config.cluster.v3.Cluster map[cluster-my-service:{}] from nodeID "a91be747-5fe8-46e3-bf95-d7b9984998e6", version "2"
    tlogger.go:133: INFO rds_handler.go:147 RDS watch for resource "routeName" received update: &xdsresource.RouteConfigUpdate{VirtualHosts:[]*xdsresource.VirtualHost{(*xdsresource.VirtualHost)(0xc0001a8280)}, ClusterSpecifierPlugins:map[string]clusterspecifier.BalancerConfig{}, Raw:(*anypb.Any)(0xc00085c640)}  (t=+25.926804ms)
    logging.go:30: open watch 9 for type.googleapis.com/envoy.config.listener.v3.Listener map[grpc/server?xds.resource.listening_address=127.0.0.1:39109:{}] from nodeID "a91be747-5fe8-46e3-bf95-d7b9984998e6", version "2"
    logging.go:30: open watch 10 for type.googleapis.com/envoy.config.listener.v3.Listener map[my-service:{}] from nodeID "a91be747-5fe8-46e3-bf95-d7b9984998e6", version "2"
    logging.go:30: open watch 11 for type.googleapis.com/envoy.config.endpoint.v3.ClusterLoadAssignment map[endpoints-my-service:{}] from nodeID "a91be747-5fe8-46e3-bf95-d7b9984998e6", version "2"
    logging.go:30: open watch 12 for type.googleapis.com/envoy.config.route.v3.RouteConfiguration map[routeName:{}] from nodeID "a91be747-5fe8-46e3-bf95-d7b9984998e6", version "2"
    logging.go:30: open watch 13 for type.googleapis.com/envoy.config.route.v3.RouteConfiguration map[route-my-service:{}] from nodeID "a91be747-5fe8-46e3-bf95-d7b9984998e6", version "2"
    tlogger.go:129: WARNING ads_stream.go:410 [xds] [xds-client 0xc0004fd720] [xds-channel 0xc0004ca2d0] [ads-stream 0xc0000cc3c0] Sending ADS request for type "type.googleapis.com/envoy.config.listener.v3.Listener", resources: [], version: "2", nonce: "3" failed: EOF  (t=+45.641027ms)
    tlogger.go:129: WARNING ads_stream.go:452 [xds] [xds-client 0xc0004fd720] [xds-channel 0xc0004ca2d0] [ads-stream 0xc0000cc3c0] ADS stream closed: rpc error: code = Canceled desc = context canceled  (t=+45.705881ms)
    tlogger.go:133: INFO ads_stream.go:165 [xds] [xds-client 0xc0004fd720] [xds-channel 0xc0004ca2d0] [ads-stream 0xc0000cc3c0] Shutdown ADS stream  (t=+45.752945ms)
    tlogger.go:133: INFO clientconn.go:620 [core] [Channel #4] Channel Connectivity change to SHUTDOWN  (t=+45.791464ms)
    tlogger.go:133: INFO resolver_wrapper.go:112 [core] [Channel #4] Closing the name resolver  (t=+45.823278ms)
    tlogger.go:133: INFO balancer_wrapper.go:159 [core] [Channel #4] ccBalancerWrapper: closing  (t=+45.877101ms)
    tlogger.go:133: INFO clientconn.go:1303 [core] [Channel #4 SubChannel #6] Subchannel Connectivity change to SHUTDOWN  (t=+45.978698ms)
    tlogger.go:133: INFO clientconn.go:1710 [core] [Channel #4 SubChannel #6] Subchannel deleted  (t=+46.014298ms)
    tlogger.go:133: INFO clientconn.go:1232 [core] [Channel #4] Channel deleted  (t=+46.152136ms)
    tlogger.go:133: INFO channel.go:143 [xds] [xds-client 0xc0004fd720] [xds-channel 0xc0004ca2d0] Shutdown  (t=+46.19683ms)
    tlogger.go:133: INFO server.go:864 [core] [Server #3 ListenSocket #5] ListenSocket deleted  (t=+46.241189ms)
    tlogger.go:133: INFO xdsclient.go:210 [xds] [xds-client 0xc0004fd720] Shutdown  (t=+46.345423ms)
    zz_verify_c5_e2e_test.go:252: PROBE event[0] ServerFilter.Build
    zz_verify_c5_e2e_test.go:252: PROBE event[1] Interceptor#1.Build
    zz_verify_c5_e2e_test.go:252: PROBE event[2] --- generation 1 serving (RPC OK); sending in-place RDS replacement for "routeName" ---
    zz_verify_c5_e2e_test.go:252: PROBE event[3] ServerFilter.Close (filter DESTROYED) stack=[server.(*refCountedServerFilter).Close <- server.(*filterChain).constructUsableRouteConfiguration <- server.(*listenerWrapper).handleRDSUpdate <- server.(*rdsWatcher).ResourceChanged]
    zz_verify_c5_e2e_test.go:252: PROBE event[4] Interceptor#1.Close parentFilterAlreadyDestroyed=true stack=[server.(*interceptorList).Close <- server.(*usableRouteConfiguration).close <- server.(*listenerWrapper).handleRDSUpdate <- server.(*rdsWatcher).ResourceChanged]
    zz_verify_c5_e2e_test.go:252: PROBE event[5] --- replacement observed; stopping server ---
    zz_verify_c5_e2e_test.go:254: PROBE RESULT after in-place replacement: retired interceptors closed while parent filter still alive=0, closed AFTER parent filter was destroyed=1
    tlogger.go:133: INFO clientconn.go:620 [core] [Channel #9] Channel Connectivity change to SHUTDOWN  (t=+46.481596ms)
    tlogger.go:133: INFO resolver_wrapper.go:112 [core] [Channel #9] Closing the name resolver  (t=+46.509534ms)
    tlogger.go:133: INFO clientconn.go:1303 [core] [Channel #9 SubChannel #14] Subchannel Connectivity change to IDLE  (t=+46.554266ms)
    tlogger.go:133: INFO balancer_wrapper.go:159 [core] [Channel #9] ccBalancerWrapper: closing  (t=+46.614229ms)
    tlogger.go:129: WARNING ads_stream.go:410 [xds] [xds-client 0xc000660f00] [xds-channel 0xc0004cb810] [ads-stream 0xc000660fa0] Sending ADS request for type "type.googleapis.com/envoy.config.route.v3.RouteConfiguration", resources: [], version: "2", nonce: "8" failed: EOF  (t=+46.711462ms)
    tlogger.go:133: INFO clusterimpl.go:508 [xds] [xds-cluster-impl-lb 0xc0004ef040] Shutdown  (t=+46.761743ms)
    tlogger.go:133: INFO balancergroup.go:351 [xds] [priority-lb 0xc000325c70] Removing child policy for child "priority-0-0"  (t=+46.817516ms)
    tlogger.go:133: INFO cdsbalancer.go:416 [xds] [cds-lb 0xc0006888c0] Shutdown  (t=+46.846447ms)
    tlogger.go:133: INFO clustermanager.go:192 [xds] [xds-cluster-manager-lb 0xc000616f00] Shutdown  (t=+46.872288ms)
    tlogger.go:129: WARNING ads_stream.go:452 [xds] [xds-client 0xc000660f00] [xds-channel 0xc0004cb810] [ads-stream 0xc000660fa0] ADS stream closed: rpc error: code = Canceled desc = context canceled  (t=+46.900737ms)
    tlogger.go:133: INFO ads_stream.go:165 [xds] [xds-client 0xc000660f00] [xds-channel 0xc0004cb810] [ads-stream 0xc000660fa0] Shutdown ADS stream  (t=+46.938795ms)
    tlogger.go:133: INFO clientconn.go:620 [core] [Channel #10] Channel Connectivity change to SHUTDOWN  (t=+46.988272ms)
    tlogger.go:133: INFO resolver_wrapper.go:112 [core] [Channel #10] Closing the name resolver  (t=+47.020219ms)
    tlogger.go:133: INFO balancer_wrapper.go:159 [core] [Channel #10] ccBalancerWrapper: closing  (t=+47.072162ms)
    tlogger.go:133: INFO clientconn.go:1303 [core] [Channel #10 SubChannel #11] Subchannel Connectivity change to SHUTDOWN  (t=+47.143484ms)
    tlogger.go:133: INFO clientconn.go:1710 [core] [Channel #10 SubChannel #11] Subchannel deleted  (t=+47.179614ms)
    tlogger.go:133: INFO clientconn.go:1232 [core] [Channel #10] Channel deleted  (t=+47.280716ms)
    tlogger.go:133: INFO channel.go:143 [xds] [xds-client 0xc000660f00] [xds-channel 0xc0004cb810] Shutdown  (t=+47.315635ms)
    tlogger.go:133: INFO xdsclient.go:210 [xds] [xds-client 0xc000660f00] Shutdown  (t=+47.416048ms)
    tlogger.go:133: INFO xds_resolver.go:295 [xds] [xds-resolver 0xc00016c120] Shutdown  (t=+47.44846ms)
    tlogger.go:133: INFO clientconn.go:1303 [core] [Channel #9 SubChannel #14] Subchannel Connectivity change to SHUTDOWN  (t=+47.502163ms)
    tlogger.go:133: INFO clientconn.go:1710 [core] [Channel #9 SubChannel #14] Subchannel deleted  (t=+47.540547ms)
    tlogger.go:133: INFO clientconn.go:1232 [core] [Channel #9] Channel deleted  (t=+47.572066ms)
    tlogger.go:133: INFO server.go:864 [core] [Server #1 ListenSocket #2] ListenSocket deleted  (t=+47.662701ms)
=== RUN   Test/VerifyC5_ReplacementWithNoRoutes
    setup.go:45: Created new snapshot cache...
    tlogger.go:133: INFO server.go:732 [core] [Server #17] Server created  (t=+179.825µs)
    setup.go:45: Registered Aggregated Discovery Service (ADS)...
    setup.go:45: xDS management server serving at: 127.0.0.1:34077...
    tlogger.go:133: INFO server.go:928 [core] [Server #17 ListenSocket #18] ListenSocket created  (t=+302.393µs)
    tlogger.go:133: INFO server.go:732 [core] [Server #19] Server created  (t=+1.104588ms)
    tlogger.go:133: INFO pool.go:309 [xds] xDS node ID: 56205570-9012-4fa4-b47b-3fe3e1abafa6  (t=+1.210226ms)
    tlogger.go:133: INFO server.go:118 [xds] [xds-server 0xc000534940] Created xds.GRPCServer  (t=+1.241712ms)
    stubserver.go:300: Started test service backend at "127.0.0.1:45163"
    tlogger.go:133: INFO server.go:177 [xds] [xds-server 0xc000534940] Serve() passed a net.Listener on 127.0.0.1:45163  (t=+1.375388ms)
    tlogger.go:133: INFO clientconn.go:1837 [core] original dial target is: "passthrough:///127.0.0.1:34077"  (t=+1.454726ms)
    tlogger.go:133: INFO clientconn.go:516 [core] [Channel #20] Channel created for target "passthrough:///127.0.0.1:34077"  (t=+1.498853ms)
    tlogger.go:133: INFO clientconn.go:247 [core] [Channel #20] parsed dial target is: resolver.Target{URL:url.URL{Scheme:"passthrough", Opaque:"", User:(*url.Userinfo)(nil), Host:"", Path:"/127.0.0.1:34077", RawPath:"", OmitHost:false, ForceQuery:false, RawQuery:"", Fragment:"", RawFragment:""}}  (t=+1.540721ms)
    tlogger.go:133: INFO clientconn.go:248 [core] [Channel #20] Channel authority set to "127.0.0.1:34077"  (t=+1.56828ms)
    tlogger.go:133: INFO server.go:928 [core] [Server #19 ListenSocket #21] ListenSocket created  (t=+1.661898ms)
    tlogger.go:133: INFO clientconn.go:620 [core] [Channel #20] Channel Connectivity change to CONNECTING  (t=+1.735415ms)
    tlogger.go:133: INFO resolver_wrapper.go:211 [core] [Channel #20] Resolver state updated: {
          "Addresses": [
            {
              "Addr": "127.0.0.1:34077",
              "ServerName": "",
              "Attributes": null,
              "BalancerAttributes": null,
              "Metadata": null
            }
          ],
          "Endpoints": [
            {
              "Addresses": [
                {
                  "Addr": "127.0.0.1:34077",
                  "ServerName": "",
                  "Attributes": null,
                  "BalancerAttributes": null,
                  "Metadata": null
                }
              ],
              "Attributes": null
            }
          ],
          "ServiceConfig": null,
          "Attributes": null
        } (resolver returned new addresses)  (t=+1.862444ms)
    tlogger.go:133: INFO balancer_wrapper.go:121 [core] [Channel #20] Channel switches to new LB policy "pick_first"  (t=+2.008657ms)
    tlogger.go:133: INFO clientconn.go:923 [core] [Channel #20 SubChannel #22] Subchannel created  (t=+2.1004ms)
    server.go:229: Created new resource snapshot...
    logging.go:30: setting snapshot for node 56205570-9012-4fa4-b47b-3fe3e1abafa6
    server.go:235: Updated snapshot cache with resource snapshot...
    tlogger.go:133: INFO clientconn.go:421 [core] [Channel #20] Channel exiting idle mode  (t=+2.188002ms)
    tlogger.go:133: INFO clientconn.go:1837 [core] original dial target is: "xds:///my-service"  (t=+2.262123ms)
    tlogger.go:133: INFO clientconn.go:516 [core] [Channel #23] Channel created for target "xds:///my-service"  (t=+2.332195ms)
    tlogger.go:133: INFO clientconn.go:1303 [core] [Channel #20 SubChannel #22] Subchannel Connectivity change to CONNECTING  (t=+2.370295ms)
    tlogger.go:133: INFO clientconn.go:247 [core] [Channel #23] parsed dial target is: resolver.Target{URL:url.URL{Scheme:"xds", Opaque:"", User:(*url.Userinfo)(nil), Host:"", Path:"/my-service", RawPath:"", OmitHost:false, ForceQuery:false, RawQuery:"", Fragment:"", RawFragment:""}}  (t=+2.414243ms)
    tlogger.go:133: INFO clientconn.go:248 [core] [Channel #23] Channel authority set to "my-service"  (t=+2.451384ms)
    tlogger.go:133: INFO clientconn.go:1471 [core] [Channel #20 SubChannel #22] Subchannel picks a new address "127.0.0.1:34077" to connect  (t=+2.493099ms)
    tlogger.go:133: INFO clientconn.go:1303 [core] [Channel #20 SubChannel #22] Subchannel Connectivity change to READY  (t=+2.821308ms)
    tlogger.go:133: INFO clientconn.go:620 [core] [Channel #20] Channel Connectivity change to READY  (t=+2.905848ms)
    logging.go:30: respond type.googleapis.com/envoy.config.listener.v3.Listener (requested [grpc/server?xds.resource.listening_address=127.0.0.1:45163]) version "" with version "1" and resources [grpc/server?xds.resource.listening_address=127.0.0.1:45163]
    logging.go:30: open watch 1 for type.googleapis.com/envoy.config.listener.v3.Listener map[grpc/server?xds.resource.listening_address=127.0.0.1:45163:{}] from nodeID "56205570-9012-4fa4-b47b-3fe3e1abafa6", version "1"
    logging.go:30: respond type.googleapis.com/envoy.config.route.v3.RouteConfiguration (requested [routeName]) version "" with version "1" and resources [routeName]
    tlogger.go:133: INFO rds_handler.go:147 RDS watch for resource "routeName" received update: &xdsresource.RouteConfigUpdate{VirtualHosts:[]*xdsresource.VirtualHost{(*xdsresource.VirtualHost)(0xc0007ba240)}, ClusterSpecifierPlugins:map[string]clusterspecifier.BalancerConfig{}, Raw:(*anypb.Any)(0xc00076ec80)}  (t=+4.452085ms)
    tlogger.go:133: INFO clientconn.go:620 [core] [Channel #23] Channel Connectivity change to CONNECTING  (t=+4.54689ms)
    logging.go:30: open watch 2 for type.googleapis.com/envoy.config.route.v3.RouteConfiguration map[routeName:{}] from nodeID "56205570-9012-4fa4-b47b-3fe3e1abafa6", version "1"
    tlogger.go:133: INFO pool.go:309 [xds] xDS node ID: 56205570-9012-4fa4-b47b-3fe3e1abafa6  (t=+4.969928ms)
    tlogger.go:133: INFO xds_resolver.go:157 [xds] [xds-resolver 0xc000176a20] Creating resolver for target: xds:///my-service  (t=+5.008695ms)
    tlogger.go:133: INFO clientconn.go:1837 [core] original dial target is: "passthrough:///127.0.0.1:34077"  (t=+5.08496ms)
    tlogger.go:133: INFO clientconn.go:516 [core] [Channel #26] Channel created for target "passthrough:///127.0.0.1:34077"  (t=+5.130995ms)
    tlogger.go:133: INFO clientconn.go:247 [core] [Channel #26] parsed dial target is: resolver.Target{URL:url.URL{Scheme:"passthrough", Opaque:"", User:(*url.Userinfo)(nil), Host:"", Path:"/127.0.0.1:34077", RawPath:"", OmitHost:false, ForceQuery:false, RawQuery:"", Fragment:"", RawFragment:""}}  (t=+5.174545ms)
    tlogger.go:133: INFO clientconn.go:248 [core] [Channel #26] Channel authority set to "127.0.0.1:34077"  (t=+5.202468ms)
    tlogger.go:133: INFO clientconn.go:421 [core] [Channel #23] Channel exiting idle mode  (t=+5.274875ms)
    tlogger.go:133: INFO clientconn.go:620 [core] [Channel #26] Channel Connectivity change to CONNECTING  (t=+5.341811ms)
    tlogger.go:133: INFO resolver_wrapper.go:211 [core] [Channel #26] Resolver state updated: {
          "Addresses": [
            {
              "Addr": "127.0.0.1:34077",
              "ServerName": "",
              "Attributes": null,
              "BalancerAttributes": null,
              "Metadata": null
            }
          ],
          "Endpoints": [
            {
              "Addresses": [
                {
                  "Addr": "127.0.0.1:34077",
                  "ServerName": "",
                  "Attributes": null,
                  "BalancerAttributes": null,
                  "Metadata": null
                }
              ],
              "Attributes": null
            }
          ],
          "ServiceConfig": null,
          "Attributes": null
        } (resolver returned new addresses)  (t=+5.455912ms)
    tlogger.go:133: INFO balancer_wrapper.go:121 [core] [Channel #26] Channel switches to new LB policy "pick_first"  (t=+5.584616ms)
    tlogger.go:133: INFO clientconn.go:923 [core] [Channel #26 SubChannel #27] Subchannel created  (t=+5.66594ms)
    tlogger.go:133: INFO clientconn.go:421 [core] [Channel #26] Channel exiting idle mode  (t=+5.701344ms)
    tlogger.go:133: INFO clientconn.go:1303 [core] [Channel #26 SubChannel #27] Subchannel Connectivity change to CONNECTING  (t=+5.760881ms)
    tlogger.go:133: INFO clientconn.go:1471 [core] [Channel #26 SubChannel #27] Subchannel picks a new address "127.0.0.1:34077" to connect  (t=+5.818777ms)
    tlogger.go:133: INFO clientconn.go:1303 [core] [Channel #26 SubChannel #27] Subchannel Connectivity change to READY  (t=+6.10773ms)
    tlogger.go:133: INFO clientconn.go:620 [core] [Channel #26] Channel Connectivity change to READY  (t=+6.183575ms)
    logging.go:30: respond type.googleapis.com/envoy.config.listener.v3.Listener (requested [my-service]) version "" with version "1" and resources [my-service]
    logging.go:30: open watch 3 for type.googleapis.com/envoy.config.listener.v3.Listener map[my-service:{}] from nodeID "56205570-9012-4fa4-b47b-3fe3e1abafa6", version "1"
    logging.go:30: respond type.googleapis.com/envoy.config.route.v3.RouteConfiguration (requested [route-my-service]) version "" with version "1" and resources [route-my-service]
    logging.go:30: open watch 4 for type.googleapis.com/envoy.config.route.v3.RouteConfiguration map[route-my-service:{}] from nodeID "56205570-9012-4fa4-b47b-3fe3e1abafa6", version "1"
    logging.go:30: respond type.googleapis.com/envoy.config.cluster.v3.Cluster (requested [cluster-my-service]) version "" with version "1" and resources [cluster-my-service]
    logging.go:30: open watch 5 for type.googleapis.com/envoy.config.cluster.v3.Cluster map[cluster-my-service:{}] from nodeID "56205570-9012-4fa4-b47b-3fe3e1abafa6", version "1"
    logging.go:30: respond type.googleapis.com/envoy.config.endpoint.v3.ClusterLoadAssignment (requested [endpoints-my-service]) version "" with version "1" and resources [endpoints-my-service]
    tlogger.go:133: INFO resolver_wrapper.go:211 [core] [Channel #23] Resolver state updated: {
          "Addresses": null,
          "Endpoints": [],
          "ServiceConfig": {
            "Config": {
              "Config": null,
              "Methods": {}
            },
            "Err": null
          },
          "Attributes": {
            "\u003c%!p(xdsclient.clientKeyType=grpc.xds.internal.client.Client)\u003e": "\u003c0xc00014c120\u003e",
            "\u003c%!p(xdsdepmgr.xdsClusterSubscriberKey={})\u003e": "\u003c0xc0006b83c0\u003e",
            "\u003c%!p(xdsresource.xdsConfigkey={})\u003e": "\u003c0xc000696a00\u003e",
            "\u003c%!p(resolver.csKeyType=grpc.internal.resolver.configSelector)\u003e": "\u003c0xc0002b2bd0\u003e"
          }
        } (service config updated)  (t=+8.9825ms)
    logging.go:30: open watch 6 for type.googleapis.com/envoy.config.endpoint.v3.ClusterLoadAssignment map[endpoints-my-service:{}] from nodeID "56205570-9012-4fa4-b47b-3fe3e1abafa6", version "1"
    tlogger.go:133: INFO balancer_wrapper.go:121 [core] [Channel #23] Channel switches to new LB policy "xds_cluster_manager_experimental"  (t=+9.093871ms)
    tlogger.go:133: INFO clustermanager.go:58 [xds] [xds-cluster-manager-lb 0xc0000acca0] Created  (t=+9.124585ms)
    tlogger.go:133: INFO balancergroup.go:274 [xds] [xds-cluster-manager-lb 0xc0000acca0] Adding child policy of type "cds_experimental" for child "cluster:cluster-my-service"  (t=+9.156008ms)
    tlogger.go:133: INFO balancergroup.go:102 [xds] [xds-cluster-manager-lb 0xc0000acca0] Creating child policy of type "cds_experimental" for child "cluster:cluster-my-service"  (t=+9.196525ms)
    tlogger.go:133: INFO cdsbalancer.go:90 [xds] [cds-lb 0xc0007b4000] Created  (t=+9.229969ms)
    tlogger.go:133: INFO cdsbalancer.go:167 [xds] [cds-lb 0xc0007b4000] Received balancer config update: {
          "LoadBalancingConfig": null,
          "cluster": "cluster-my-service",
          "isDynamic": false
        }  (t=+9.283796ms)
    tlogger.go:133: INFO balancer.go:76 [xds] [priority-lb 0xc0002b2cb0] Created  (t=+9.402055ms)
    tlogger.go:133: INFO balancergroup.go:528 [xds] [xds-cluster-manager-lb 0xc0000acca0] Balancer state update from child cluster:cluster-my-service, new state: {ConnectivityState:CONNECTING Picker:0xc00082c030}  (t=+9.784859ms)
    tlogger.go:133: INFO balancerstateaggregator.go:147 [xds] [xds-cluster-manager-lb 0xc0000acca0] State update from sub-balancer "cluster:cluster-my-service": {ConnectivityState:CONNECTING Picker:0xc00082c030}  (t=+9.820894ms)
    tlogger.go:133: INFO balancergroup.go:274 [xds] [priority-lb 0xc0002b2cb0] Adding child policy of type "outlier_detection_experimental" for child "priority-0-0"  (t=+9.848622ms)
    tlogger.go:133: INFO balancergroup.go:102 [xds] [priority-lb 0xc0002b2cb0] Creating child policy of type "outlier_detection_experimental" for child "priority-0-0"  (t=+9.878749ms)
    tlogger.go:133: INFO balancer.go:94 [xds] [outlier-detection-lb 0xc000781680] Created  (t=+9.917064ms)
    tlogger.go:133: INFO clusterimpl.go:88 [xds] [xds-cluster-impl-lb 0xc0004eedc0] Created  (t=+9.964341ms)
    tlogger.go:133: INFO clusterimpl.go:100 [xds] [xds-cluster-impl-lb 0xc0004eedc0] xDS credentials in use: false  (t=+10.002277ms)
    tlogger.go:133: INFO weightedtarget.go:65 [xds] [weighted-target-lb 0xc0000ad500] Created  (t=+10.108043ms)
    tlogger.go:133: INFO balancer.go:88 [xds] [wrrlocality-lb 0xc0005369f0] Created  (t=+10.137105ms)
    tlogger.go:133: INFO balancergroup.go:274 [xds] [weighted-target-lb 0xc0000ad500] Adding child policy of type "round_robin" for child "{region=\"region-1\", zone=\"zone-1\", sub_zone=\"subzone-1\"}"  (t=+10.225956ms)
    tlogger.go:133: INFO balancergroup.go:102 [xds] [weighted-target-lb 0xc0000ad500] Creating child policy of type "round_robin" for child "{region=\"region-1\", zone=\"zone-1\", sub_zone=\"subzone-1\"}"  (t=+10.258225ms)
    tlogger.go:133: INFO roundrobin.go:56 [roundrobin] [0xc000537260] Created  (t=+10.289363ms)
    tlogger.go:133: INFO clientconn.go:923 [core] [Channel #23 SubChannel #30] Subchannel created  (t=+10.432006ms)
    tlogger.go:133: INFO balancergroup.go:528 [xds] [weighted-target-lb 0xc0000ad500] Balancer state update from child {region="region-1", zone="zone-1", sub_zone="subzone-1"}, new state: {ConnectivityState:CONNECTING Picker:0xc0004c8600}  (t=+10.507914ms)
    tlogger.go:133: INFO aggregator.go:253 [xds] [weighted-target-lb 0xc0000ad500] Child pickers with config: map[{region="region-1", zone="zone-1", sub_zone="subzone-1"}:weight:1,picker:0xc0004c8600,state:CONNECTING,stateToAggregate:CONNECTING]  (t=+10.550782ms)
    tlogger.go:133: INFO balancergroup.go:528 [xds] [priority-lb 0xc0002b2cb0] Balancer state update from child priority-0-0, new state: {ConnectivityState:CONNECTING Picker:0xc0006a2078}  (t=+10.611555ms)
    tlogger.go:133: INFO balancergroup.go:528 [xds] [xds-cluster-manager-lb 0xc0000acca0] Balancer state update from child cluster:cluster-my-service, new state: {ConnectivityState:CONNECTING Picker:0xc0006a2078}  (t=+10.654198ms)
    tlogger.go:133: INFO balancerstateaggregator.go:147 [xds] [xds-cluster-manager-lb 0xc0000acca0] State update from sub-balancer "cluster:cluster-my-service": {ConnectivityState:CONNECTING Picker:0xc0006a2078}  (t=+10.683745ms)
    tlogger.go:133: INFO clientconn.go:1303 [core] [Channel #23 SubChannel #30] Subchannel Connectivity change to CONNECTING  (t=+10.709261ms)
    tlogger.go:133: INFO balancerstateaggregator.go:191 [xds] [xds-cluster-manager-lb 0xc0000acca0] Child pickers: map[cluster:cluster-my-service:picker:0xc0006a2078,state:CONNECTING,stateToAggregate:CONNECTING]  (t=+10.734253ms)
    tlogger.go:133: INFO clientconn.go:1471 [core] [Channel #23 SubChannel #30] Subchannel picks a new address "127.0.0.1:45163" to connect  (t=+10.812457ms)
    tlogger.go:133: INFO clientconn.go:1303 [core] [Channel #23 SubChannel #30] Subchannel Connectivity change to READY  (t=+11.167363ms)
    tlogger.go:133: INFO balancergroup.go:528 [xds] [weighted-target-lb 0xc0000ad500] Balancer state update from child {region="region-1", zone="zone-1", sub_zone="subzone-1"}, new state: {ConnectivityState:READY Picker:0xc0007ba900}  (t=+11.271881ms)
    tlogger.go:133: INFO aggregator.go:253 [xds] [weighted-target-lb 0xc0000ad500] Child pickers with config: map[{region="region-1", zone="zone-1", sub_zone="subzone-1"}:weight:1,picker:0xc0007ba900,state:READY,stateToAggregate:READY]  (t=+11.355517ms)
    tlogger.go:133: INFO balancergroup.go:528 [xds] [priority-lb 0xc0002b2cb0] Balancer state update from child priority-0-0, new state: {ConnectivityState:READY Picker:0xc00031a4c8}  (t=+11.409171ms)
    tlogger.go:133: INFO balancergroup.go:528 [xds] [xds-cluster-manager-lb 0xc0000acca0] Balancer state update from child cluster:cluster-my-service, new state: {ConnectivityState:READY Picker:0xc00031a4c8}  (t=+11.449477ms)
    tlogger.go:133: INFO balancerstateaggregator.go:147 [xds] [xds-cluster-manager-lb 0xc0000acca0] State update from sub-balancer "cluster:cluster-my-service": {ConnectivityState:READY Picker:0xc00031a4c8}  (t=+11.48517ms)
    tlogger.go:133: INFO balancerstateaggregator.go:191 [xds] [xds-cluster-manager-lb 0xc0000acca0] Child pickers: map[cluster:cluster-my-service:picker:0xc00031a4c8,state:READY,stateToAggregate:READY]  (t=+11.542775ms)
    tlogger.go:133: INFO clientconn.go:620 [core] [Channel #23] Channel Connectivity change to READY  (t=+11.587451ms)
    server.go:229: Created new resource snapshot...
    logging.go:30: setting snapshot for node 56205570-9012-4fa4-b47b-3fe3e1abafa6
    logging.go:30: respond open watch 5 type.googleapis.com/envoy.config.cluster.v3.Cluster [cluster-my-service] with new version "2"
    logging.go:30: respond type.googleapis.com/envoy.config.cluster.v3.Cluster (requested [cluster-my-service]) version "1" with version "2" and resources [cluster-my-service]
    logging.go:30: respond open watch 6 type.googleapis.com/envoy.config.endpoint.v3.ClusterLoadAssignment [endpoints-my-service] with new version "2"
    logging.go:30: respond type.googleapis.com/envoy.config.endpoint.v3.ClusterLoadAssignment (requested [endpoints-my-service]) version "1" with version "2" and resources [endpoints-my-service]
    logging.go:30: respond open watch 1 type.googleapis.com/envoy.config.listener.v3.Listener [grpc/server?xds.resource.listening_address=127.0.0.1:45163] with new version "2"
    logging.go:30: respond type.googleapis.com/envoy.config.listener.v3.Listener (requested [grpc/server?xds.resource.listening_address=127.0.0.1:45163]) version "1" with version "2" and resources [grpc/server?xds.resource.listening_address=127.0.0.1:45163]
    logging.go:30: respond open watch 2 type.googleapis.com/envoy.config.route.v3.RouteConfiguration [routeName] with new version "2"
    logging.go:30: respond type.googleapis.com/envoy.config.route.v3.RouteConfiguration (requested [routeName]) version "1" with version "2" and resources [routeName]
    logging.go:30: respond open watch 3 type.googleapis.com/envoy.config.listener.v3.Listener [my-service] with new version "2"
    logging.go:30: respond type.googleapis.com/envoy.config.listener.v3.Listener (requested [my-service]) version "1" with version "2" and resources [my-service]
    logging.go:30: respond open watch 4 type.googleapis.com/envoy.config.route.v3.RouteConfiguration [route-my-service] with new version "2"
    logging.go:30: respond type.googleapis.com/envoy.config.route.v3.RouteConfiguration (requested [route-my-service]) version "1" with version "2" and resources [route-my-service]
    server.go:235: Updated snapshot cache with resource snapshot...
    logging.go:30: open watch 7 for type.googleapis.com/envoy.config.cluster.v3.Cluster map[cluster-my-service:{}] from nodeID "56205570-9012-4fa4-b47b-3fe3e1abafa6", version "2"
    logging.go:30: open watch 8 for type.googleapis.com/envoy.config.listener.v3.Listener map[grpc/server?xds.resource.listening_address=127.0.0.1:45163:{}] from nodeID "56205570-9012-4fa4-b47b-3fe3e1abafa6", version "2"
    logging.go:30: open watch 9 for type.googleapis.com/envoy.config.endpoint.v3.ClusterLoadAssignment map[endpoints-my-service:{}] from nodeID "56205570-9012-4fa4-b47b-3fe3e1abafa6", version "2"
    tlogger.go:133: INFO rds_handler.go:147 RDS watch for resource "routeName" received update: &xdsresource.RouteConfigUpdate{VirtualHosts:[]*xdsresource.VirtualHost{(*xdsresource.VirtualHost)(0xc000614940)}, ClusterSpecifierPlugins:map[string]clusterspecifier.BalancerConfig{}, Raw:(*anypb.Any)(0xc00020e5f0)}  (t=+12.988119ms)
    logging.go:30: open watch 10 for type.googleapis.com/envoy.config.route.v3.RouteConfiguration map[routeName:{}] from nodeID "56205570-9012-4fa4-b47b-3fe3e1abafa6", version "2"
    logging.go:30: open watch 11 for type.googleapis.com/envoy.config.listener.v3.Listener map[my-service:{}] from nodeID "56205570-9012-4fa4-b47b-3fe3e1abafa6", version "2"
    logging.go:30: open watch 12 for type.googleapis.com/envoy.config.route.v3.RouteConfiguration map[route-my-service:{}] from nodeID "56205570-9012-4fa4-b47b-3fe3e1abafa6", version "2"
    tlogger.go:129: WARNING ads_stream.go:452 [xds] [xds-client 0xc000170780] [xds-channel 0xc00028a730] [ads-stream 0xc000170820] ADS stream closed: rpc error: code = Canceled desc = context canceled  (t=+33.747938ms)
    tlogger.go:133: INFO ads_stream.go:165 [xds] [xds-client 0xc000170780] [xds-channel 0xc00028a730] [ads-stream 0xc000170820] Shutdown ADS stream  (t=+33.79998ms)
    tlogger.go:133: INFO clientconn.go:620 [core] [Channel #20] Channel Connectivity change to SHUTDOWN  (t=+33.839765ms)
    tlogger.go:133: INFO resolver_wrapper.go:112 [core] [Channel #20] Closing the name resolver  (t=+33.869762ms)
    logging.go:30: open watch 13 for type.googleapis.com/envoy.config.listener.v3.Listener map[] from nodeID "56205570-9012-4fa4-b47b-3fe3e1abafa6", version "2"
    tlogger.go:133: INFO balancer_wrapper.go:159 [core] [Channel #20] ccBalancerWrapper: closing  (t=+34.019029ms)
    tlogger.go:133: INFO clientconn.go:1303 [core] [Channel #20 SubChannel #22] Subchannel Connectivity change to SHUTDOWN  (t=+34.101989ms)
    tlogger.go:133: INFO clientconn.go:1710 [core] [Channel #20 SubChannel #22] Subchannel deleted  (t=+34.144947ms)
    tlogger.go:133: INFO clientconn.go:1232 [core] [Channel #20] Channel deleted  (t=+34.301673ms)
    tlogger.go:133: INFO channel.go:143 [xds] [xds-client 0xc000170780] [xds-channel 0xc00028a730] Shutdown  (t=+34.348327ms)
    tlogger.go:133: INFO server.go:864 [core] [Server #19 ListenSocket #21] ListenSocket deleted  (t=+34.406748ms)
    tlogger.go:133: INFO xdsclient.go:210 [xds] [xds-client 0xc000170780] Shutdown  (t=+34.540196ms)
    zz_verify_c5_e2e_test.go:252: PROBE event[0] ServerFilter.Build
    zz_verify_c5_e2e_test.go:252: PROBE event[1] Interceptor#1.Build
    tlogger.go:133: INFO clientconn.go:1303 [core] [Channel #23 SubChannel #30] Subchannel Connectivity change to IDLE  (t=+34.593944ms)
    zz_verify_c5_e2e_test.go:252: PROBE event[2] --- generation 1 serving (RPC OK); sending in-place RDS replacement for "routeName" ---
    zz_verify_c5_e2e_test.go:252: PROBE event[3] ServerFilter.Close (filter DESTROYED) stack=[server.(*refCountedServerFilter).Close <- server.(*filterChain).constructUsableRouteConfiguration <- server.(*listenerWrapper).handleRDSUpdate <- server.(*rdsWatcher).ResourceChanged]
    zz_verify_c5_e2e_test.go:252: PROBE event[4] Interceptor#1.Close parentFilterAlreadyDestroyed=true stack=[server.(*interceptorList).Close <- server.(*usableRouteConfiguration).close <- server.(*listenerWrapper).handleRDSUpdate <- server.(*rdsWatcher).ResourceChanged]
    zz_verify_c5_e2e_test.go:252: PROBE event[5] --- replacement observed; stopping server ---
    zz_verify_c5_e2e_test.go:254: PROBE RESULT after in-place replacement: retired interceptors closed while parent filter still alive=0, closed AFTER parent filter was destroyed=1
    tlogger.go:133: INFO clientconn.go:620 [core] [Channel #23] Channel Connectivity change to SHUTDOWN  (t=+34.780249ms)
    tlogger.go:133: INFO resolver_wrapper.go:112 [core] [Channel #23] Closing the name resolver  (t=+34.823701ms)
    tlogger.go:133: INFO balancer_wrapper.go:159 [core] [Channel #23] ccBalancerWrapper: closing  (t=+34.875843ms)
    tlogger.go:133: INFO balancergroup.go:528 [xds] [weighted-target-lb 0xc0000ad500] Balancer state update from child {region="region-1", zone="zone-1", sub_zone="subzone-1"}, new state: {ConnectivityState:IDLE Picker:0xc000c962c0}  (t=+34.934029ms)
    tlogger.go:133: INFO aggregator.go:253 [xds] [weighted-target-lb 0xc0000ad500] Child pickers with config: map[{region="region-1", zone="zone-1", sub_zone="subzone-1"}:weight:1,picker:0xc000c962c0,state:IDLE,stateToAggregate:IDLE]  (t=+34.988348ms)
    tlogger.go:133: INFO balancergroup.go:528 [xds] [weighted-target-lb 0xc0000ad500] Balancer state update from child {region="region-1", zone="zone-1", sub_zone="subzone-1"}, new state: {ConnectivityState:CONNECTING Picker:0xc000614b80}  (t=+35.076972ms)
    tlogger.go:129: WARNING ads_stream.go:410 [xds] [xds-client 0xc0002d6be0] [xds-channel 0xc00076eff0] [ads-stream 0xc0002d6c80] Sending ADS request for type "type.googleapis.com/envoy.config.endpoint.v3.ClusterLoadAssignment", resources: [], version: "2", nonce: "6" failed: EOF  (t=+35.154123ms)
    tlogger.go:133: INFO clientconn.go:1303 [core] [Channel #23 SubChannel #30] Subchannel Connectivity change to CONNECTING  (t=+35.214555ms)
    tlogger.go:133: INFO clusterimpl.go:508 [xds] [xds-cluster-impl-lb 0xc0004eedc0] Shutdown  (t=+35.26303ms)
    tlogger.go:133: INFO balancergroup.go:351 [xds] [priority-lb 0xc0002b2cb0] Removing child policy for child "priority-0-0"  (t=+35.310939ms)
    tlogger.go:133: INFO cdsbalancer.go:416 [xds] [cds-lb 0xc0007b4000] Shutdown  (t=+35.33732ms)
    tlogger.go:133: INFO clustermanager.go:192 [xds] [xds-cluster-manager-lb 0xc0000acca0] Shutdown  (t=+35.363528ms)
    tlogger.go:129: WARNING ads_stream.go:452 [xds] [xds-client 0xc0002d6be0] [xds-channel 0xc00076eff0] [ads-stream 0xc0002d6c80] ADS stream closed: rpc error: code = Canceled desc = context canceled  (t=+35.401631ms)
    tlogger.go:133: INFO ads_stream.go:165 [xds] [xds-client 0xc0002d6be0] [xds-channel 0xc00076eff0] [ads-stream 0xc0002d6c80] Shutdown ADS stream  (t=+35.437837ms)
    tlogger.go:133: INFO clientconn.go:620 [core] [Channel #26] Channel Connectivity change to SHUTDOWN  (t=+35.480016ms)
    tlogger.go:133: INFO resolver_wrapper.go:112 [core] [Channel #26] Closing the name resolver  (t=+35.515113ms)
    tlogger.go:133: INFO balancer_wrapper.go:159 [core] [Channel #26] ccBalancerWrapper: closing  (t=+35.557672ms)
    tlogger.go:133: INFO clientconn.go:1471 [core] [Channel #23 SubChannel #30] Subchannel picks a new address "127.0.0.1:45163" to connect  (t=+35.588969ms)
    tlogger.go:133: INFO clientconn.go:1303 [core] [Channel #26 SubChannel #27] Subchannel Connectivity change to SHUTDOWN  (t=+35.690149ms)
    tlogger.go:133: INFO clientconn.go:1710 [core] [Channel #26 SubChannel #27] Subchannel deleted  (t=+35.750913ms)
    tlogger.go:129: WARNING clientconn.go:1534 [core] [Channel #23 SubChannel #30] grpc: addrConn.createTransport failed to connect to {Addr: "127.0.0.1:45163", ServerName: "my-service", Attributes: {"<%!p(xds.hostnameKey={})>": "" , "<%!p(xds.handshakeAttrKey={})>": "<0xc0004eee30>" , "<%!p(xds.handshakeClusterNameKey={})>": "cluster-my-service" }, BalancerAttributes: {"<%!p(weight.attributeKey={})>": "Weight: 2147483648" , "<%!p(wrrlocality.attributeKey={})>": "Locality Weight: 1" , "<%!p(xds.localityKeyType=grpc.xds.internal.address.locality)>": "<%!p(clients.Locality={region-1 zone-1 subzone-1})>" , "<%!p(hierarchy.pathKeyType=grpc.internal.address.hierarchical_path)>": "<0xc0000ad180>" }}. Err: connection error: desc = "transport: Error while dialing: dial tcp 127.0.0.1:45163: connect: connection refused"  (t=+35.848991ms)
    tlogger.go:133: INFO clientconn.go:1232 [core] [Channel #26] Channel deleted  (t=+35.900625ms)
    tlogger.go:133: INFO clientconn.go:1305 [core] [Channel #23 SubChannel #30] Subchannel Connectivity change to TRANSIENT_FAILURE, last error: connection error: desc = "transport: Error while dialing: dial tcp 127.0.0.1:45163: connect: connection refused"  (t=+35.956679ms)
    tlogger.go:133: INFO channel.go:143 [xds] [xds-client 0xc0002d6be0] [xds-channel 0xc00076eff0] Shutdown  (t=+36.006178ms)
    tlogger.go:133: INFO xdsclient.go:210 [xds] [xds-client 0xc0002d6be0] Shutdown  (t=+36.078954ms)
    tlogger.go:133: INFO xds_resolver.go:295 [xds] [xds-resolver 0xc000176a20] Shutdown  (t=+36.118414ms)
    tlogger.go:133: INFO clientconn.go:1303 [core] [Channel #23 SubChannel #30] Subchannel Connectivity change to SHUTDOWN  (t=+36.186137ms)
    tlogger.go:133: INFO clientconn.go:1710 [core] [Channel #23 SubChannel #30] Subchannel deleted  (t=+36.226074ms)
    tlogger.go:133: INFO clientconn.go:1232 [core] [Channel #23] Channel deleted  (t=+36.26154ms)
    tlogger.go:133: INFO server.go:864 [core] [Server #17 ListenSocket #18] ListenSocket deleted  (t=+36.367364ms)
--- PASS: Test (0.09s)
    --- PASS: Test/VerifyC5_AllRoutesDisableFilter (0.05s)
    --- PASS: Test/VerifyC5_ReplacementWithNoRoutes (0.04s)
PASS
ok  	google.golang.org/grpc/test/xds	1.115s
exit=0
