=== RUN   Test
=== RUN   Test/VerifyC5_AllRoutesDisableFilter
    setup.go:45: Created new snapshot cache...
    tlogger.go:133: INFO server.go:732 [core] [Server #1] Server created  (t=+739.339µs)
    setup.go:45: Registered Aggregated Discovery Service (ADS)...
    setup.go:45: xDS management server serving at: 127.0.0.1:40555...
    tlogger.go:133: INFO server.go:928 [core] [Server #1 ListenSocket #2] ListenSocket created  (t=+963.992µs)
    tlogger.go:133: INFO server.go:732 [core] [Server #3] Server created  (t=+2.197838ms)
    tlogger.go:133: INFO pool.go:309 [xds] xDS node ID: 19a10959-af1b-4c83-8ac7-b6f98696ec69  (t=+2.319753ms)
    tlogger.go:133: INFO server.go:118 [xds] [xds-server 0xc00025e940] Created xds.GRPCServer  (t=+2.350822ms)
    stubserver.go:300: Started test service backend at "127.0.0.1:34411"
    tlogger.go:133: INFO server.go:177 [xds] [xds-server 0xc00025e940] Serve() passed a net.Listener on 127.0.0.1:34411  (t=+2.551239ms)
    tlogger.go:133: INFO clientconn.go:1837 [core] original dial target is: "passthrough:///127.0.0.1:40555"  (t=+2.650494ms)
    tlogger.go:133: INFO clientconn.go:516 [core] [Channel #4] Channel created for target "passthrough:///127.0.0.1:40555"  (t=+2.715061ms)
    tlogger.go:133: INFO clientconn.go:247 [core] [Channel #4] parsed dial target is: resolver.Target{URL:url.URL{Scheme:"passthrough", Opaque:"", User:(*url.Userinfo)(nil), Host:"", Path:"/127.0.0.1:40555", RawPath:"", OmitHost:false, ForceQuery:false, RawQuery:"", Fragment:"", RawFragment:""}}  (t=+2.759818ms)
    tlogger.go:133: INFO clientconn.go:248 [core] [Channel #4] Channel authority set to "127.0.0.1:40555"  (t=+2.789486ms)
    tlogger.go:133: INFO server.go:928 [core] [Server #3 ListenSocket #5] ListenSocket created  (t=+2.924708ms)
    tlogger.go:133: INFO clientconn.go:620 [core] [Channel #4] Channel Connectivity change to CONNECTING  (t=+3.148898ms)
    tlogger.go:133: INFO resolver_wrapper.go:211 [core] [Channel #4] Resolver state updated: {
          "Addresses": [
            {
              "Addr": "127.0.0.1:40555",
              "ServerName": "",
              "Attributes": null,
              "BalancerAttributes": null,
              "Metadata": null
            }
          ],
          "Endpoints": [
            {
              "Addresses": [
                {
                  "Addr": "127.0.0.1:40555",
                  "ServerName": "",
                  "Attributes": null,
                  "BalancerAttributes": null,
                  "Metadata": null
                }
              ],
              "Attributes": null
            }
          ],
          "ServiceConfig": null,
          "Attributes": null
        } (resolver returned new addresses)  (t=+4.164633ms)
    tlogger.go:133: INFO balancer_wrapper.go:121 [core] [Channel #4] Channel switches to new LB policy "pick_first"  (t=+4.387246ms)
    tlogger.go:133: INFO clientconn.go:923 [core] [Channel #4 SubChannel #6] Subchannel created  (t=+4.540869ms)
    tlogger.go:133: INFO clientconn.go:421 [core] [Channel #4] Channel exiting idle mode  (t=+4.615155ms)
    tlogger.go:133: INFO clientconn.go:1303 [core] [Channel #4 SubChannel #6] Subchannel Connectivity change to CONNECTING  (t=+4.675767ms)
    tlogger.go:133: INFO clientconn.go:1471 [core] [Channel #4 SubChannel #6] Subchannel picks a new address "127.0.0.1:40555" to connect  (t=+4.740284ms)
    tlogger.go:133: INFO clientconn.go:1303 [core] [Channel #4 SubChannel #6] Subchannel Connectivity change to READY  (t=+5.236547ms)
    tlogger.go:133: INFO clientconn.go:620 [core] [Channel #4] Channel Connectivity change to READY  (t=+5.347743ms)
    logging.go:30: open watch 1 for type.googleapis.com/envoy.config.listener.v3.Listener map[grpc/server?xds.resource.listening_address=127.0.0.1:34411:{}] from nodeID "19a10959-af1b-4c83-8ac7-b6f98696ec69", version ""
    server.go:229: Created new resource snapshot...
    logging.go:30: setting snapshot for node 19a10959-af1b-4c83-8ac7-b6f98696ec69
    logging.go:30: respond open watch 1 type.googleapis.com/envoy.config.listener.v3.Listener [grpc/server?xds.resource.listening_address=127.0.0.1:34411] with new version "1"
    logging.go:30: respond type.googleapis.com/envoy.config.listener.v3.Listener (requested [grpc/server?xds.resource.listening_address=127.0.0.1:34411]) version "" with version "1" and resources [grpc/server?xds.resource.listening_address=127.0.0.1:34411]
    server.go:235: Updated snapshot cache with resource snapshot...
    tlogger.go:133: INFO clientconn.go:1837 [core] original dial target is: "xds:///my-service"  (t=+7.068045ms)
    tlogger.go:133: INFO clientconn.go:516 [core] [Channel #9] Channel created for target "xds:///my-service"  (t=+7.109443ms)
    tlogger.go:133: INFO clientconn.go:247 [core] [Channel #9] parsed dial target is: resolver.Target{URL:url.URL{Scheme:"xds", Opaque:"", User:(*url.Userinfo)(nil), Host:"", Path:"/my-service", RawPath:"", OmitHost:false, ForceQuery:false, RawQuery:"", Fragment:"", RawFragment:""}}  (t=+7.16285ms)
    tlogger.go:133: INFO clientconn.go:248 [core] [Channel #9] Channel authority set to "my-service"  (t=+7.194041ms)
    logging.go:30: open watch 2 for type.googleapis.com/envoy.config.listener.v3.Listener map[grpc/server?xds.resource.listening_address=127.0.0.1:34411:{}] from nodeID "19a10959-af1b-4c83-8ac7-b6f98696ec69", version "1"
    logging.go:30: respond type.googleapis.com/envoy.config.route.v3.RouteConfiguration (requested [routeName]) version "" with version "1" and resources [routeName]
    tlogger.go:133: INFO rds_handler.go:147 RDS watch for resource "routeName" received update: &xdsresource.RouteConfigUpdate{VirtualHosts:[]*xdsresource.VirtualHost{(*xdsresource.VirtualHost)(0xc000255040)}, ClusterSpecifierPlugins:map[string]clusterspecifier.BalancerConfig{}, Raw:(*anypb.Any)(0xc00018eeb0)}  (t=+11.289967ms)
    tlogger.go:133: INFO clientconn.go:620 [core] [Channel #9] Channel Connectivity change to CONNECTING  (t=+11.396687ms)
    logging.go:30: open watch 3 for type.googleapis.com/envoy.config.route.v3.RouteConfiguration map[routeName:{}] from nodeID "19a10959-af1b-4c83-8ac7-b6f98696ec69", version "1"
    tlogger.go:133: INFO pool.go:309 [xds] xDS node ID: 19a10959-af1b-4c83-8ac7-b6f98696ec69  (t=+11.862778ms)
    tlogger.go:133: INFO xds_resolver.go:157 [xds] [xds-resolver 0xc0004cc3f0] Creating resolver for target: xds:///my-service  (t=+11.917195ms)
    tlogger.go:133: INFO clientconn.go:1837 [core] original dial target is: "passthrough:///127.0.0.1:40555"  (t=+11.995101ms)
    tlogger.go:133: INFO clientconn.go:516 [core] [Channel #10] Channel created for target "passthrough:///127.0.0.1:40555"  (t=+12.049537ms)
    tlogger.go:133: INFO clientconn.go:247 [core] [Channel #10] parsed dial target is: resolver.Target{URL:url.URL{Scheme:"passthrough", Opaque:"", User:(*url.Userinfo)(nil), Host:"", Path:"/127.0.0.1:40555", RawPath:"", OmitHost:false, ForceQuery:false, RawQuery:"", Fragment:"", RawFragment:""}}  (t=+12.101768ms)
    tlogger.go:133: INFO clientconn.go:248 [core] [Channel #10] Channel authority set to "127.0.0.1:40555"  (t=+12.132121ms)
    tlogger.go:133: INFO clientconn.go:421 [core] [Channel #9] Channel exiting idle mode  (t=+12.220667ms)
    tlogger.go:133: INFO clientconn.go:620 [core] [Channel #10] Channel Connectivity change to CONNECTING  (t=+12.306982ms)
    tlogger.go:133: INFO resolver_wrapper.go:211 [core] [Channel #10] Resolver state updated: {
          "Addresses": [
            {
              "Addr": "127.0.0.1:40555",
              "ServerName": "",
              "Attributes": null,
              "BalancerAttributes": null,
              "Metadata": null
            }
          ],
          "Endpoints": [
            {
              "Addresses": [
                {
                  "Addr": "127.0.0.1:40555",
                  "ServerName": "",
                  "Attributes": null,
                  "BalancerAttributes": null,
                  "Metadata": null
                }
              ],
              "Attributes": null
            }
          ],
          "ServiceConfig": null,
          "Attributes": null
        } (resolver returned new addresses)  (t=+12.44228ms)
    tlogger.go:133: INFO balancer_wrapper.go:121 [core] [Channel #10] Channel switches to new LB policy "pick_first"  (t=+12.593072ms)
    tlogger.go:133: INFO clientconn.go:923 [core] [Channel #10 SubChannel #11] Subchannel created  (t=+12.685215ms)
    tlogger.go:133: INFO clientconn.go:421 [core] [Channel #10] Channel exiting idle mode  (t=+12.734402ms)
    tlogger.go:133: INFO clientconn.go:1303 [core] [Channel #10 SubChannel #11] Subchannel Connectivity change to CONNECTING  (t=+12.782494ms)
    tlogger.go:133: INFO clientconn.go:1471 [core] [Channel #10 SubChannel #11] Subchannel picks a new address "127.0.0.1:40555" to connect  (t=+12.846524ms)
    tlogger.go:133: INFO clientconn.go:1303 [core] [Channel #10 SubChannel #11] Subchannel Connectivity change to READY  (t=+13.190439ms)
    tlogger.go:133: INFO clientconn.go:620 [core] [Channel #10] Channel Connectivity change to READY  (t=+13.277537ms)
    logging.go:30: respond type.googleapis.com/envoy.config.listener.v3.Listener (requested [my-service]) version "" with version "1" and resources [my-service]
    logging.go:30: open watch 4 for type.googleapis.com/envoy.config.listener.v3.Listener map[my-service:{}] from nodeID "19a10959-af1b-4c83-8ac7-b6f98696ec69", version "1"
    logging.go:30: respond type.googleapis.com/envoy.config.route.v3.RouteConfiguration (requested [route-my-service]) version "" with version "1" and resources [route-my-service]
    logging.go:30: open watch 5 for type.googleapis.com/envoy.config.route.v3.RouteConfiguration map[route-my-service:{}] from nodeID "19a10959-af1b-4c83-8ac7-b6f98696ec69", version "1"
    logging.go:30: respond type.googleapis.com/envoy.config.cluster.v3.Cluster (requested [cluster-my-service]) version "" with version "1" and resources [cluster-my-service]
    logging.go:30: open watch 6 for type.googleapis.com/envoy.config.cluster.v3.Cluster map[cluster-my-service:{}] from nodeID "19a10959-af1b-4c83-8ac7-b6f98696ec69", version "1"
    logging.go:30: respond type.googleapis.com/envoy.config.endpoint.v3.ClusterLoadAssignment (requested [endpoints-my-service]) version "" with version "1" and resources [endpoints-my-service]
    logging.go:30: open watch 7 for type.googleapis.com/envoy.config.endpoint.v3.ClusterLoadAssignment map[endpoints-my-service:{}] from nodeID "19a10959-af1b-4c83-8ac7-b6f98696ec69", version "1"
    tlogger.go:133: INFO resolver_wrapper.go:211 [core] [Channel #9] Resolver state updated: {
          "Addresses": null,
          "Endpoints": [],
          "ServiceConfig": {
            "Config": {
              "Config": null,
              "Methods": {}
            },
            "Err": null
          },
          "Attributes": {
            "\u003c%!p(xdsclient.clientKeyType=grpc.xds.internal.client.Client)\u003e": "\u003c0xc0006b4000\u003e",
            "\u003c%!p(xdsdepmgr.xdsClusterSubscriberKey={})\u003e": "\u003c0xc0001786c0\u003e",
            "\u003c%!p(xdsresource.xdsConfigkey={})\u003e": "\u003c0xc0002f67a0\u003e",
            "\u003c%!p(resolver.csKeyType=grpc.internal.resolver.configSelector)\u003e": "\u003c0xc000702850\u003e"
          }
        } (service config updated)  (t=+20.440574ms)
    tlogger.go:133: INFO balancer_wrapper.go:121 [core] [Channel #9] Channel switches to new LB policy "xds_cluster_manager_experimental"  (t=+20.565534ms)
    tlogger.go:133: INFO clustermanager.go:58 [xds] [xds-cluster-manager-lb 0xc0000ad940] Created  (t=+20.606373ms)
    tlogger.go:133: INFO balancergroup.go:274 [xds] [xds-cluster-manager-lb 0xc0000ad940] Adding child policy of type "cds_experimental" for child "cluster:cluster-my-service"  (t=+20.641265ms)
    tlogger.go:133: INFO balancergroup.go:102 [xds] [xds-cluster-manager-lb 0xc0000ad940] Creating child policy of type "cds_experimental" for child "cluster:cluster-my-service"  (t=+20.671468ms)
    tlogger.go:133: INFO cdsbalancer.go:90 [xds] [cds-lb 0xc000103880] Created  (t=+20.705346ms)
    tlogger.go:133: INFO cdsbalancer.go:167 [xds] [cds-lb 0xc000103880] Received balancer config update: {
          "LoadBalancingConfig": null,
          "cluster": "cluster-my-service",
          "isDynamic": false
        }  (t=+20.779658ms)
    tlogger.go:133: INFO balancer.go:76 [xds] [priority-lb 0xc0007029a0] Created  (t=+21.012384ms)
    tlogger.go:133: INFO balancergroup.go:528 [xds] [xds-cluster-manager-lb 0xc0000ad940] Balancer state update from child cluster:cluster-my-service, new state: {ConnectivityState:CONNECTING Picker:0xc0006117c0}  (t=+21.501897ms)
    tlogger.go:133: INFO balancerstateaggregator.go:147 [xds] [xds-cluster-manager-lb 0xc0000ad940] State update from sub-balancer "cluster:cluster-my-service": {ConnectivityState:CONNECTING Picker:0xc0006117c0}  (t=+21.543487ms)
    tlogger.go:133: INFO balancergroup.go:274 [xds] [priority-lb 0xc0007029a0] Adding child policy of type "outlier_detection_experimental" for child "priority-0-0"  (t=+21.57117ms)
    tlogger.go:133: INFO balancergroup.go:102 [xds] [priority-lb 0xc0007029a0] Creating child policy of type "outlier_detection_experimental" for child "priority-0-0"  (t=+21.604874ms)
    tlogger.go:133: INFO balancer.go:94 [xds] [outlier-detection-lb 0xc00051db30] Created  (t=+21.634357ms)
    tlogger.go:133: INFO clusterimpl.go:88 [xds] [xds-cluster-impl-lb 0xc0004d6780] Created  (t=+21.690513ms)
    tlogger.go:133: INFO clusterimpl.go:100 [xds] [xds-cluster-impl-lb 0xc0004d6780] xDS credentials in use: false  (t=+21.724273ms)
    tlogger.go:133: INFO weightedtarget.go:65 [xds] [weighted-target-lb 0xc0000ade00] Created  (t=+21.826584ms)
    tlogger.go:133: INFO balancer.go:88 [xds] [wrrlocality-lb 0xc00047c960] Created  (t=+21.852702ms)
    tlogger.go:133: INFO balancergroup.go:274 [xds] [weighted-target-lb 0xc0000ade00] Adding child policy of type "round_robin" for child "{region=\"region-1\", zone=\"zone-1\", sub_zone=\"subzone-1\"}"  (t=+21.985513ms)
    tlogger.go:133: INFO balancergroup.go:102 [xds] [weighted-target-lb 0xc0000ade00] Creating child policy of type "round_robin" for child "{region=\"region-1\", zone=\"zone-1\", sub_zone=\"subzone-1\"}"  (t=+22.015476ms)
    tlogger.go:133: INFO roundrobin.go:56 [roundrobin] [0xc00047d140] Created  (t=+22.044581ms)
    tlogger.go:133: INFO clientconn.go:923 [core] [Channel #9 SubChannel #14] Subchannel created  (t=+22.152776ms)
    tlogger.go:133: INFO balancergroup.go:528 [xds] [weighted-target-lb 0xc0000ade00] Balancer state update from child {region="region-1", zone="zone-1", sub_zone="subzone-1"}, new state: {ConnectivityState:CONNECTING Picker:0xc000255780}  (t=+22.206101ms)
    tlogger.go:133: INFO aggregator.go:253 [xds] [weighted-target-lb 0xc0000ade00] Child pickers with config: map[{region="region-1", zone="zone-1", sub_zone="subzone-1"}:weight:1,picker:0xc000255780,state:CONNECTING,stateToAggregate:CONNECTING]  (t=+22.2482ms)
    tlogger.go:133: INFO balancergroup.go:528 [xds] [priority-lb 0xc0007029a0] Balancer state update from child priority-0-0, new state: {ConnectivityState:CONNECTING Picker:0xc000673818}  (t=+22.30906ms)
    tlogger.go:133: INFO clientconn.go:1303 [core] [Channel #9 SubChannel #14] Subchannel Connectivity change to CONNECTING  (t=+22.356915ms)
    tlogger.go:133: INFO clientconn.go:1471 [core] [Channel #9 SubChannel #14] Subchannel picks a new address "127.0.0.1:34411" to connect  (t=+22.431579ms)
    tlogger.go:133: INFO balancergroup.go:528 [xds] [xds-cluster-manager-lb 0xc0000ad940] Balancer state update from child cluster:cluster-my-service, new state: {ConnectivityState:CONNECTING Picker:0xc000673818}  (t=+22.47995ms)
    tlogger.go:133: INFO balancerstateaggregator.go:191 [xds] [xds-cluster-manager-lb 0xc0000ad940] Child pickers: map[cluster:cluster-my-service:picker:0xc0006117c0,state:CONNECTING,stateToAggregate:CONNECTING]  (t=+22.552714ms)
    tlogger.go:133: INFO balancerstateaggregator.go:147 [xds] [xds-cluster-manager-lb 0xc0000ad940] State update from sub-balancer "cluster:cluster-my-service": {ConnectivityState:CONNECTING Picker:0xc000673818}  (t=+22.638163ms)
    tlogger.go:133: INFO balancerstateaggregator.go:191 [xds] [xds-cluster-manager-lb 0xc0000ad940] Child pickers: map[cluster:cluster-my-service:picker:0xc000673818,state:CONNECTING,stateToAggregate:CONNECTING]  (t=+22.706903ms)
    tlogger.go:133: INFO clientconn.go:1303 [core] [Channel #9 SubChannel #14] Subchannel Connectivity change to READY  (t=+22.825126ms)
    tlogger.go:133: INFO balancergroup.go:528 [xds] [weighted-target-lb 0xc0000ade00] Balancer state update from child {region="region-1", zone="zone-1", sub_zone="subzone-1"}, new state: {ConnectivityState:READY Picker:0xc0002558c0}  (t=+22.927569ms)
    tlogger.go:133: INFO aggregator.go:253 [xds] [weighted-target-lb 0xc0000ade00] Child pickers with config: map[{region="region-1", zone="zone-1", sub_zone="subzone-1"}:weight:1,picker:0xc0002558c0,state:READY,stateToAggregate:READY]  (t=+22.982622ms)
    tlogger.go:133: INFO balancergroup.go:528 [xds] [priority-lb 0xc0007029a0] Balancer state update from child priority-0-0, new state: {ConnectivityState:READY Picker:0xc0006739b0}  (t=+23.027599ms)
    tlogger.go:133: INFO balancergroup.go:528 [xds] [xds-cluster-manager-lb 0xc0000ad940] Balancer state update from child cluster:cluster-my-service, new state: {ConnectivityState:READY Picker:0xc0006739b0}  (t=+23.070956ms)
    tlogger.go:133: INFO balancerstateaggregator.go:147 [xds] [xds-cluster-manager-lb 0xc0000ad940] State update from sub-balancer "cluster:cluster-my-service": {ConnectivityState:READY Picker:0xc0006739b0}  (t=+23.102333ms)
    tlogger.go:133: INFO balancerstateaggregator.go:191 [xds] [xds-cluster-manager-lb 0xc0000ad940] Child pickers: map[cluster:cluster-my-service:picker:0xc0006739b0,state:READY,stateToAggregate:READY]  (t=+23.137791ms)
    tlogger.go:133: INFO clientconn.go:620 [core] [Channel #9] Channel Connectivity change to READY  (t=+23.179751ms)
    server.go:229: Created new resource snapshot...
    logging.go:30: setting snapshot for node 19a10959-af1b-4c83-8ac7-b6f98696ec69
    logging.go:30: respond open watch 7 type.googleapis.com/envoy.config.endpoint.v3.ClusterLoadAssignment [endpoints-my-service] with new version "2"
    logging.go:30: respond type.googleapis.com/envoy.config.endpoint.v3.ClusterLoadAssignment (requested [endpoints-my-service]) version "1" with version "2" and resources [endpoints-my-service]
    logging.go:30: respond open watch 2 type.googleapis.com/envoy.config.listener.v3.Listener [grpc/server?xds.resource.listening_address=127.0.0.1:34411] with new version "2"
    logging.go:30: respond type.googleapis.com/envoy.config.listener.v3.Listener (requested [grpc/server?xds.resource.listening_address=127.0.0.1:34411]) version "1" with version "2" and resources [grpc/server?xds.resource.listening_address=127.0.0.1:34411]
    logging.go:30: respond open watch 3 type.googleapis.com/envoy.config.route.v3.RouteConfiguration [routeName] with new version "2"
    logging.go:30: respond type.googleapis.com/envoy.config.route.v3.RouteConfiguration (requested [routeName]) version "1" with version "2" and resources [routeName]
    logging.go:30: respond open watch 4 type.googleapis.com/envoy.config.listener.v3.Listener [my-service] with new version "2"
    logging.go:30: respond type.googleapis.com/envoy.config.listener.v3.Listener (requested [my-service]) version "1" with version "2" and resources [my-service]
    logging.go:30: respond open watch 5 type.googleapis.com/envoy.config.route.v3.RouteConfiguration [route-my-service] with new version "2"
    logging.go:30: respond type.googleapis.com/envoy.config.route.v3.RouteConfiguration (requested [route-my-service]) version "1" with version "2" and resources [route-my-service]
    logging.go:30: respond open watch 6 type.googleapis.com/envoy.config.cluster.v3.Cluster [cluster-my-service] with new version "2"
    logging.go:30: respond type.googleapis.com/envoy.config.cluster.v3.Cluster (requested [cluster-my-service]) version "1" with version "2" and resources [cluster-my-service]
    server.go:235: Updated snapshot cache with resource snapshot...
    logging.go:30: open watch 8 for type.googleapis.com/envoy.config.endpoint.v3.ClusterLoadAssignment map[endpoints-my-service:{}] from nodeID "19a10959-af1b-4c83-8ac7-b6f98696ec69", version "2"
    tlogger.go:133: INFO rds_handler.go:147 RDS watch for resource "routeName" received update: &xdsresource.RouteConfigUpdate{VirtualHosts:[]*xdsresource.VirtualHost{(*xdsresource.VirtualHost)(0xc00025f400)}, ClusterSpecifierPlugins:map[string]clusterspecifier.BalancerConfig{}, Raw:(*anypb.Any)(0xc0004fc3c0)}  (t=+24.777373ms)
    logging.go:30: open watch 9 for type.googleapis.com/envoy.config.listener.v3.Listener map[grpc/server?xds.resource.listening_address=127.0.0.1:34411:{}] from nodeID "19a10959-af1b-4c83-8ac7-b6f98696ec69", version "2"
    logging.go:30: open watch 10 for type.googleapis.com/envoy.config.route.v3.RouteConfiguration map[routeName:{}] from nodeID "19a10959-af1b-4c83-8ac7-b6f98696ec69", version "2"
    logging.go:30: open watch 11 for type.googleapis.com/envoy.config.listener.v3.Listener map[my-service:{}] from nodeID "19a10959-af1b-4c83-8ac7-b6f98696ec69", version "2"
    logging.go:30: open watch 12 for type.googleapis.com/envoy.config.route.v3.RouteConfiguration map[route-my-service:{}] from nodeID "19a10959-af1b-4c83-8ac7-b6f98696ec69", version "2"
    logging.go:30: open watch 13 for type.googleapis.com/envoy.config.cluster.v3.Cluster map[cluster-my-service:{}] from nodeID "19a10959-af1b-4c83-8ac7-b6f98696ec69", version "2"
    tlogger.go:129: WARNING ads_stream.go:452 [xds] [xds-client 0xc0004f50e0] [xds-channel 0xc0004d8cd0] [ads-stream 0xc0004f5180] ADS stream closed: rpc error: code = Canceled desc = context canceled  (t=+45.319446ms)
    tlogger.go:133: INFO ads_stream.go:165 [xds] [xds-client 0xc0004f50e0] [xds-channel 0xc0004d8cd0] [ads-stream 0xc0004f5180] Shutdown ADS stream  (t=+45.367389ms)
    tlogger.go:133: INFO clientconn.go:620 [core] [Channel #4] Channel Connectivity change to SHUTDOWN  (t=+45.414451ms)
    tlogger.go:133: INFO resolver_wrapper.go:112 [core] [Channel #4] Closing the name resolver  (t=+45.446059ms)
    logging.go:30: open watch 14 for type.googleapis.com/envoy.config.listener.v3.Listener map[] from nodeID "19a10959-af1b-4c83-8ac7-b6f98696ec69", version "2"
    tlogger.go:133: INFO balancer_wrapper.go:159 [core] [Channel #4] ccBalancerWrapper: closing  (t=+45.4971ms)
    tlogger.go:133: INFO clientconn.go:1303 [core] [Channel #4 SubChannel #6] Subchannel Connectivity change to SHUTDOWN  (t=+45.640098ms)
    tlogger.go:133: INFO clientconn.go:1710 [core] [Channel #4 SubChannel #6] Subchannel deleted  (t=+45.70399ms)
    tlogger.go:133: INFO clientconn.go:1232 [core] [Channel #4] Channel deleted  (t=+46.170927ms)
    tlogger.go:133: INFO channel.go:143 [xds] [xds-client 0xc0004f50e0] [xds-channel 0xc0004d8cd0] Shutdown  (t=+46.248735ms)
    tlogger.go:133: INFO server.go:864 [core] [Server #3 ListenSocket #5] ListenSocket deleted  (t=+46.302559ms)
    tlogger.go:133: INFO xdsclient.go:210 [xds] [xds-client 0xc0004f50e0] Shutdown  (t=+46.440395ms)
    zz_verify_c5_e2e_test.go:252: PROBE event[0] ServerFilter.Build
    zz_verify_c5_e2e_test.go:252: PROBE event[1] Interceptor#1.Build
    tlogger.go:133: INFO clientconn.go:1303 [core] [Channel #9 SubChannel #14] Subchannel Connectivity change to IDLE  (t=+46.481339ms)
    zz_verify_c5_e2e_test.go:252: PROBE event[2] --- generation 1 serving (RPC OK); sending in-place RDS replacement for "routeName" ---
    zz_verify_c5_e2e_test.go:252: PROBE event[3] ServerFilter.Close (filter DESTROYED) stack=[server.(*refCountedServerFilter).Close <- server.(*filterChain).constructUsableRouteConfiguration <- server.(*listenerWrapper).handleRDSUpdate <- server.(*rdsWatcher).ResourceChanged]
    zz_verify_c5_e2e_test.go:252: PROBE event[4] Interceptor#1.Close parentFilterAlreadyDestroyed=true stack=[server.(*interceptorList).Close <- server.(*usableRouteConfiguration).closeInterceptors <- server.(*filterChain).updateUsableRouteConfiguration <- server.(*listenerWrapper).handleRDSUpdate <- server.(*rdsWatcher).ResourceChanged]
    zz_verify_c5_e2e_test.go:252: PROBE event[5] --- replacement observed; stopping server ---
    zz_verify_c5_e2e_test.go:254: PROBE RESULT after in-place replacement: retired interceptors closed while parent filter still alive=0, closed AFTER parent filter was destroyed=1
    tlogger.go:133: INFO balancergroup.go:528 [xds] [weighted-target-lb 0xc0000ade00] Balancer state update from child {region="region-1", zone="zone-1", sub_zone="subzone-1"}, new state: {ConnectivityState:IDLE Picker:0xc0005dc600}  (t=+46.739717ms)
    tlogger.go:133: INFO clientconn.go:620 [core] [Channel #9] Channel Connectivity change to SHUTDOWN  (t=+46.792698ms)
    tlogger.go:133: INFO resolver_wrapper.go:112 [core] [Channel #9] Closing the name resolver  (t=+46.921016ms)
    tlogger.go:133: INFO aggregator.go:253 [xds] [weighted-target-lb 0xc0000ade00] Child pickers with config: map[{region="region-1", zone="zone-1", sub_zone="subzone-1"}:weight:1,picker:0xc0005dc600,state:IDLE,stateToAggregate:IDLE]  (t=+47.033974ms)
    tlogger.go:133: INFO balancergroup.go:528 [xds] [priority-lb 0xc0007029a0] Balancer state update from child priority-0-0, new state: {ConnectivityState:IDLE Picker:0xc0002a0378}  (t=+47.12585ms)
    tlogger.go:133: INFO balancer_wrapper.go:159 [core] [Channel #9] ccBalancerWrapper: closing  (t=+47.161647ms)
    tlogger.go:133: INFO balancergroup.go:528 [xds] [weighted-target-lb 0xc0000ade00] Balancer state update from child {region="region-1", zone="zone-1", sub_zone="subzone-1"}, new state: {ConnectivityState:CONNECTING Picker:0xc00056c000}  (t=+47.252178ms)
    tlogger.go:133: INFO aggregator.go:253 [xds] [weighted-target-lb 0xc0000ade00] Child pickers with config: map[{region="region-1", zone="zone-1", sub_zone="subzone-1"}:weight:1,picker:0xc00056c000,state:CONNECTING,stateToAggregate:CONNECTING]  (t=+47.30429ms)
    tlogger.go:133: INFO clientconn.go:1303 [core] [Channel #9 SubChannel #14] Subchannel Connectivity change to CONNECTING  (t=+47.548352ms)
    logging.go:30: open watch 15 for type.googleapis.com/envoy.config.listener.v3.Listener map[] from nodeID "19a10959-af1b-4c83-8ac7-b6f98696ec69", version "2"
    tlogger.go:133: INFO clientconn.go:1471 [core] [Channel #9 SubChannel #14] Subchannel picks a new address "127.0.0.1:34411" to connect  (t=+47.594245ms)
    tlogger.go:133: INFO balancergroup.go:528 [xds] [xds-cluster-manager-lb 0xc0000ad940] Balancer state update from child cluster:cluster-my-service, new state: {ConnectivityState:IDLE Picker:0xc0002a0378}  (t=+47.693848ms)
    tlogger.go:133: INFO balancerstateaggregator.go:147 [xds] [xds-cluster-manager-lb 0xc0000ad940] State update from sub-balancer "cluster:cluster-my-service": {ConnectivityState:IDLE Picker:0xc0002a0378}  (t=+48.115423ms)
    tlogger.go:129: WARNING ads_stream.go:410 [xds] [xds-client 0xc0004d2140] [xds-channel 0xc0004d42d0] [ads-stream 0xc0004d21e0] Sending ADS request for type "type.googleapis.com/envoy.config.endpoint.v3.ClusterLoadAssignment", resources: [], version: "2", nonce: "5" failed: EOF  (t=+48.163801ms)
    tlogger.go:133: INFO balancergroup.go:528 [xds] [priority-lb 0xc0007029a0] Balancer state update from child priority-0-0, new state: {ConnectivityState:CONNECTING Picker:0xc00048bad0}  (t=+48.216124ms)
    tlogger.go:129: WARNING ads_stream.go:452 [xds] [xds-client 0xc0004d2140] [xds-channel 0xc0004d42d0] [ads-stream 0xc0004d21e0] ADS stream closed: rpc error: code = Canceled desc = context canceled  (t=+48.262317ms)
    tlogger.go:133: INFO clusterimpl.go:508 [xds] [xds-cluster-impl-lb 0xc0004d6780] Shutdown  (t=+48.303077ms)
    tlogger.go:133: INFO ads_stream.go:165 [xds] [xds-client 0xc0004d2140] [xds-channel 0xc0004d42d0] [ads-stream 0xc0004d21e0] Shutdown ADS stream  (t=+48.349355ms)
    tlogger.go:133: INFO clientconn.go:620 [core] [Channel #10] Channel Connectivity change to SHUTDOWN  (t=+48.405202ms)
    tlogger.go:133: INFO resolver_wrapper.go:112 [core] [Channel #10] Closing the name resolver  (t=+48.437891ms)
    tlogger.go:129: WARNING clientconn.go:1534 [core] [Channel #9 SubChannel #14] grpc: addrConn.createTransport failed to connect to {Addr: "127.0.0.1:34411", ServerName: "my-service", Attributes: {"<%!p(xds.hostnameKey={})>": "" , "<%!p(xds.handshakeAttrKey={})>": "<0xc0004d67f0>" , "<%!p(xds.handshakeClusterNameKey={})>": "cluster-my-service" }, BalancerAttributes: {"<%!p(weight.attributeKey={})>": "Weight: 2147483648" , "<%!p(wrrlocality.attributeKey={})>": "Locality Weight: 1" , "<%!p(xds.localityKeyType=grpc.xds.internal.address.locality)>": "<%!p(clients.Locality={region-1 zone-1 subzone-1})>" , "<%!p(hierarchy.pathKeyType=grpc.internal.address.hierarchical_path)>": "<0xc0000adae0>" }}. Err: connection error: desc = "transport: Error while dialing: dial tcp 127.0.0.1:34411: connect: connection refused"  (t=+48.48651ms)
    tlogger.go:133: INFO clientconn.go:1305 [core] [Channel #9 SubChannel #14] Subchannel Connectivity change to TRANSIENT_FAILURE, last error: connection error: desc = "transport: Error while dialing: dial tcp 127.0.0.1:34411: connect: connection refused"  (t=+48.582317ms)
    tlogger.go:133: INFO balancergroup.go:351 [xds] [priority-lb 0xc0007029a0] Removing child policy for child "priority-0-0"  (t=+48.618767ms)
    tlogger.go:133: INFO cdsbalancer.go:416 [xds] [cds-lb 0xc000103880] Shutdown  (t=+48.652579ms)
    tlogger.go:133: INFO clustermanager.go:192 [xds] [xds-cluster-manager-lb 0xc0000ad940] Shutdown  (t=+48.68471ms)
    tlogger.go:133: INFO balancer_wrapper.go:159 [core] [Channel #10] ccBalancerWrapper: closing  (t=+48.710612ms)
    tlogger.go:133: INFO clientconn.go:1303 [core] [Channel #10 SubChannel #11] Subchannel Connectivity change to SHUTDOWN  (t=+48.780249ms)
    tlogger.go:133: INFO clientconn.go:1710 [core] [Channel #10 SubChannel #11] Subchannel deleted  (t=+48.824363ms)
    tlogger.go:133: INFO clientconn.go:1232 [core] [Channel #10] Channel deleted  (t=+48.969977ms)
    tlogger.go:133: INFO channel.go:143 [xds] [xds-client 0xc0004d2140] [xds-channel 0xc0004d42d0] Shutdown  (t=+49.016675ms)
    tlogger.go:133: INFO xdsclient.go:210 [xds] [xds-client 0xc0004d2140] Shutdown  (t=+49.099202ms)
    tlogger.go:133: INFO xds_resolver.go:295 [xds] [xds-resolver 0xc0004cc3f0] Shutdown  (t=+49.133681ms)
    tlogger.go:133: INFO clientconn.go:1303 [core] [Channel #9 SubChannel #14] Subchannel Connectivity change to SHUTDOWN  (t=+49.192663ms)
    tlogger.go:133: INFO clientconn.go:1710 [core] [Channel #9 SubChannel #14] Subchannel deleted  (t=+49.227885ms)
    tlogger.go:133: INFO clientconn.go:1232 [core] [Channel #9] Channel deleted  (t=+49.256549ms)
    tlogger.go:133: INFO server.go:864 [core] [Server #1 ListenSocket #2] ListenSocket deleted  (t=+49.352508ms)
=== RUN   Test/VerifyC5_ReplacementWithNoRoutes
    setup.go:45: Created new snapshot cache...
    tlogger.go:133: INFO server.go:732 [core] [Server #17] Server created  (t=+141.846µs)
    setup.go:45: Registered Aggregated Discovery Service (ADS)...
    setup.go:45: xDS management server serving at: 127.0.0.1:39851...
    tlogger.go:133: INFO server.go:928 [core] [Server #17 ListenSocket #18] ListenSocket created  (t=+258.105µs)
    tlogger.go:133: INFO server.go:732 [core] [Server #19] Server created  (t=+1.105509ms)
    tlogger.go:133: INFO pool.go:309 [xds] xDS node ID: 945816c3-3ac4-4dfd-bea7-781f767db05c  (t=+1.225375ms)
    tlogger.go:133: INFO server.go:118 [xds] [xds-server 0xc0005dc880] Created xds.GRPCServer  (t=+1.259209ms)
    stubserver.go:300: Started test service backend at "127.0.0.1:33651"
    tlogger.go:133: INFO server.go:177 [xds] [xds-server 0xc0005dc880] Serve() passed a net.Listener on 127.0.0.1:33651  (t=+1.39001ms)
    tlogger.go:133: INFO clientconn.go:1837 [core] original dial target is: "passthrough:///127.0.0.1:39851"  (t=+1.482581ms)
    tlogger.go:133: INFO clientconn.go:516 [core] [Channel #20] Channel created for target "passthrough:///127.0.0.1:39851"  (t=+1.542819ms)
    tlogger.go:133: INFO clientconn.go:247 [core] [Channel #20] parsed dial target is: resolver.Target{URL:url.URL{Scheme:"passthrough", Opaque:"", User:(*url.Userinfo)(nil), Host:"", Path:"/127.0.0.1:39851", RawPath:"", OmitHost:false, ForceQuery:false, RawQuery:"", Fragment:"", RawFragment:""}}  (t=+1.607512ms)
    tlogger.go:133: INFO clientconn.go:248 [core] [Channel #20] Channel authority set to "127.0.0.1:39851"  (t=+1.643619ms)
    tlogger.go:133: INFO clientconn.go:620 [core] [Channel #20] Channel Connectivity change to CONNECTING  (t=+1.770321ms)
    tlogger.go:133: INFO server.go:928 [core] [Server #19 ListenSocket #21] ListenSocket created  (t=+1.803406ms)
    tlogger.go:133: INFO resolver_wrapper.go:211 [core] [Channel #20] Resolver state updated: {
          "Addresses": [
            {
              "Addr": "127.0.0.1:39851",
              "ServerName": "",
              "Attributes": null,
              "BalancerAttributes": null,
              "Metadata": null
            }
          ],
          "Endpoints": [
            {
              "Addresses": [
                {
                  "Addr": "127.0.0.1:39851",
                  "ServerName": "",
                  "Attributes": null,
                  "BalancerAttributes": null,
                  "Metadata": null
                }
              ],
              "Attributes": null
            }
          ],
          "ServiceConfig": null,
          "Attributes": null
        } (resolver returned new addresses)  (t=+1.925628ms)
    tlogger.go:133: INFO balancer_wrapper.go:121 [core] [Channel #20] Channel switches to new LB policy "pick_first"  (t=+2.100918ms)
    server.go:229: Created new resource snapshot...
    logging.go:30: setting snapshot for node 945816c3-3ac4-4dfd-bea7-781f767db05c
    server.go:235: Updated snapshot cache with resource snapshot...
    tlogger.go:133: INFO clientconn.go:923 [core] [Channel #20 SubChannel #22] Subchannel created  (t=+2.205358ms)
    tlogger.go:133: INFO clientconn.go:1837 [core] original dial target is: "xds:///my-service"  (t=+2.319558ms)
    tlogger.go:133: INFO clientconn.go:516 [core] [Channel #23] Channel created for target "xds:///my-service"  (t=+2.362426ms)
    tlogger.go:133: INFO clientconn.go:1303 [core] [Channel #20 SubChannel #22] Subchannel Connectivity change to CONNECTING  (t=+2.402159ms)
    tlogger.go:133: INFO clientconn.go:421 [core] [Channel #20] Channel exiting idle mode  (t=+2.435288ms)
    tlogger.go:133: INFO clientconn.go:247 [core] [Channel #23] parsed dial target is: resolver.Target{URL:url.URL{Scheme:"xds", Opaque:"", User:(*url.Userinfo)(nil), Host:"", Path:"/my-service", RawPath:"", OmitHost:false, ForceQuery:false, RawQuery:"", Fragment:"", RawFragment:""}}  (t=+2.485883ms)
    tlogger.go:133: INFO clientconn.go:248 [core] [Channel #23] Channel authority set to "my-service"  (t=+2.520448ms)
    tlogger.go:133: INFO clientconn.go:1471 [core] [Channel #20 SubChannel #22] Subchannel picks a new address "127.0.0.1:39851" to connect  (t=+2.563641ms)
    tlogger.go:133: INFO clientconn.go:1303 [core] [Channel #20 SubChannel #22] Subchannel Connectivity change to READY  (t=+3.314823ms)
    tlogger.go:133: INFO clientconn.go:620 [core] [Channel #20] Channel Connectivity change to READY  (t=+3.437618ms)
    logging.go:30: respond type.googleapis.com/envoy.config.listener.v3.Listener (requested [grpc/server?xds.resource.listening_address=127.0.0.1:33651]) version "" with version "1" and resources [grpc/server?xds.resource.listening_address=127.0.0.1:33651]
    logging.go:30: open watch 1 for type.googleapis.com/envoy.config.listener.v3.Listener map[grpc/server?xds.resource.listening_address=127.0.0.1:33651:{}] from nodeID "945816c3-3ac4-4dfd-bea7-781f767db05c", version "1"
    logging.go:30: respond type.googleapis.com/envoy.config.route.v3.RouteConfiguration (requested [routeName]) version "" with version "1" and resources [routeName]
    tlogger.go:133: INFO rds_handler.go:147 RDS watch for resource "routeName" received update: &xdsresource.RouteConfigUpdate{VirtualHosts:[]*xdsresource.VirtualHost{(*xdsresource.VirtualHost)(0xc0005dc500)}, ClusterSpecifierPlugins:map[string]clusterspecifier.BalancerConfig{}, Raw:(*anypb.Any)(0xc0009b2320)}  (t=+5.129876ms)
    tlogger.go:133: INFO clientconn.go:620 [core] [Channel #23] Channel Connectivity change to CONNECTING  (t=+5.239082ms)
    tlogger.go:133: INFO pool.go:309 [xds] xDS node ID: 945816c3-3ac4-4dfd-bea7-781f767db05c  (t=+5.632514ms)
    tlogger.go:133: INFO xds_resolver.go:157 [xds] [xds-resolver 0xc0004907e0] Creating resolver for target: xds:///my-service  (t=+5.667734ms)
    tlogger.go:133: INFO clientconn.go:1837 [core] original dial target is: "passthrough:///127.0.0.1:39851"  (t=+5.74963ms)
    logging.go:30: open watch 2 for type.googleapis.com/envoy.config.route.v3.RouteConfiguration map[routeName:{}] from nodeID "945816c3-3ac4-4dfd-bea7-781f767db05c", version "1"
    tlogger.go:133: INFO clientconn.go:516 [core] [Channel #26] Channel created for target "passthrough:///127.0.0.1:39851"  (t=+5.812002ms)
    tlogger.go:133: INFO clientconn.go:247 [core] [Channel #26] parsed dial target is: resolver.Target{URL:url.URL{Scheme:"passthrough", Opaque:"", User:(*url.Userinfo)(nil), Host:"", Path:"/127.0.0.1:39851", RawPath:"", OmitHost:false, ForceQuery:false, RawQuery:"", Fragment:"", RawFragment:""}}  (t=+5.883427ms)
    tlogger.go:133: INFO clientconn.go:248 [core] [Channel #26] Channel authority set to "127.0.0.1:39851"  (t=+5.92439ms)
    tlogger.go:133: INFO clientconn.go:421 [core] [Channel #23] Channel exiting idle mode  (t=+6.049036ms)
    tlogger.go:133: INFO clientconn.go:620 [core] [Channel #26] Channel Connectivity change to CONNECTING  (t=+6.09952ms)
    tlogger.go:133: INFO resolver_wrapper.go:211 [core] [Channel #26] Resolver state updated: {
          "Addresses": [
            {
              "Addr": "127.0.0.1:39851",
              "ServerName": "",
              "Attributes": null,
              "BalancerAttributes": null,
              "Metadata": null
            }
          ],
          "Endpoints": [
            {
              "Addresses": [
                {
                  "Addr": "127.0.0.1:39851",
                  "ServerName": "",
                  "Attributes": null,
                  "BalancerAttributes": null,
                  "Metadata": null
                }
              ],
              "Attributes": null
            }
          ],
          "ServiceConfig": null,
          "Attributes": null
        } (resolver returned new addresses)  (t=+6.227735ms)
    tlogger.go:133: INFO balancer_wrapper.go:121 [core] [Channel #26] Channel switches to new LB policy "pick_first"  (t=+6.363247ms)
    tlogger.go:133: INFO clientconn.go:923 [core] [Channel #26 SubChannel #27] Subchannel created  (t=+6.436625ms)
    tlogger.go:133: INFO clientconn.go:1303 [core] [Channel #26 SubChannel #27] Subchannel Connectivity change to CONNECTING  (t=+6.490758ms)
    tlogger.go:133: INFO clientconn.go:421 [core] [Channel #26] Channel exiting idle mode  (t=+6.521626ms)
    tlogger.go:133: INFO clientconn.go:1471 [core] [Channel #26 SubChannel #27] Subchannel picks a new address "127.0.0.1:39851" to connect  (t=+6.576181ms)
    tlogger.go:133: INFO clientconn.go:1303 [core] [Channel #26 SubChannel #27] Subchannel Connectivity change to READY  (t=+6.855283ms)
    tlogger.go:133: INFO clientconn.go:620 [core] [Channel #26] Channel Connectivity change to READY  (t=+6.938596ms)
    logging.go:30: respond type.googleapis.com/envoy.config.listener.v3.Listener (requested [my-service]) version "" with version "1" and resources [my-service]
    logging.go:30: open watch 3 for type.googleapis.com/envoy.config.listener.v3.Listener map[my-service:{}] from nodeID "945816c3-3ac4-4dfd-bea7-781f767db05c", version "1"
    logging.go:30: respond type.googleapis.com/envoy.config.route.v3.RouteConfiguration (requested [route-my-service]) version "" with version "1" and resources [route-my-service]
    logging.go:30: open watch 4 for type.googleapis.com/envoy.config.route.v3.RouteConfiguration map[route-my-service:{}] from nodeID "945816c3-3ac4-4dfd-bea7-781f767db05c", version "1"
    logging.go:30: respond type.googleapis.com/envoy.config.cluster.v3.Cluster (requested [cluster-my-service]) version "" with version "1" and resources [cluster-my-service]
    logging.go:30: open watch 5 for type.googleapis.com/envoy.config.cluster.v3.Cluster map[cluster-my-service:{}] from nodeID "945816c3-3ac4-4dfd-bea7-781f767db05c", version "1"
    logging.go:30: respond type.googleapis.com/envoy.config.endpoint.v3.ClusterLoadAssignment (requested [endpoints-my-service]) version "" with version "1" and resources [endpoints-my-service]
    logging.go:30: open watch 6 for type.googleapis.com/envoy.config.endpoint.v3.ClusterLoadAssignment map[endpoints-my-service:{}] from nodeID "945816c3-3ac4-4dfd-bea7-781f767db05c", version "1"
    tlogger.go:133: INFO resolver_wrapper.go:211 [core] [Channel #23] Resolver state updated: {
          "Addresses": null,
          "Endpoints": [],
          "ServiceConfig": {
            "Config": {
              "Config": null,
              "Methods": {}
            },
            "Err": null
          },
          "Attributes": {
            "\u003c%!p(xdsclient.clientKeyType=grpc.xds.internal.client.Client)\u003e": "\u003c0xc00045b200\u003e",
            "\u003c%!p(xdsdepmgr.xdsClusterSubscriberKey={})\u003e": "\u003c0xc00044e180\u003e",
            "\u003c%!p(xdsresource.xdsConfigkey={})\u003e": "\u003c0xc00085ca60\u003e",
            "\u003c%!p(resolver.csKeyType=grpc.internal.resolver.configSelector)\u003e": "\u003c0xc000236f50\u003e"
          }
        } (service config updated)  (t=+9.894785ms)
    tlogger.go:133: INFO balancer_wrapper.go:121 [core] [Channel #23] Channel switches to new LB policy "xds_cluster_manager_experimental"  (t=+10.026378ms)
    tlogger.go:133: INFO clustermanager.go:58 [xds] [xds-cluster-manager-lb 0xc00085cc20] Created  (t=+10.064961ms)
    tlogger.go:133: INFO balancergroup.go:274 [xds] [xds-cluster-manager-lb 0xc00085cc20] Adding child policy of type "cds_experimental" for child "cluster:cluster-my-service"  (t=+10.092795ms)
    tlogger.go:133: INFO balancergroup.go:102 [xds] [xds-cluster-manager-lb 0xc00085cc20] Creating child policy of type "cds_experimental" for child "cluster:cluster-my-service"  (t=+10.116729ms)
    tlogger.go:133: INFO cdsbalancer.go:90 [xds] [cds-lb 0xc000583880] Created  (t=+10.142439ms)
    tlogger.go:133: INFO cdsbalancer.go:167 [xds] [cds-lb 0xc000583880] Received balancer config update: {
          "LoadBalancingConfig": null,
          "cluster": "cluster-my-service",
          "isDynamic": false
        }  (t=+10.198481ms)
    tlogger.go:133: INFO balancer.go:76 [xds] [priority-lb 0xc0002370a0] Created  (t=+10.289161ms)
    tlogger.go:133: INFO balancergroup.go:528 [xds] [xds-cluster-manager-lb 0xc00085cc20] Balancer state update from child cluster:cluster-my-service, new state: {ConnectivityState:CONNECTING Picker:0xc000891e10}  (t=+10.65571ms)
    tlogger.go:133: INFO balancerstateaggregator.go:147 [xds] [xds-cluster-manager-lb 0xc00085cc20] State update from sub-balancer "cluster:cluster-my-service": {ConnectivityState:CONNECTING Picker:0xc000891e10}  (t=+10.696417ms)
    tlogger.go:133: INFO balancergroup.go:274 [xds] [priority-lb 0xc0002370a0] Adding child policy of type "outlier_detection_experimental" for child "priority-0-0"  (t=+10.731131ms)
    tlogger.go:133: INFO balancergroup.go:102 [xds] [priority-lb 0xc0002370a0] Creating child policy of type "outlier_detection_experimental" for child "priority-0-0"  (t=+10.76717ms)
    tlogger.go:133: INFO balancer.go:94 [xds] [outlier-detection-lb 0xc0006ae690] Created  (t=+10.797862ms)
    tlogger.go:133: INFO clusterimpl.go:88 [xds] [xds-cluster-impl-lb 0xc000785040] Created  (t=+10.844259ms)
    tlogger.go:133: INFO clusterimpl.go:100 [xds] [xds-cluster-impl-lb 0xc000785040] xDS credentials in use: false  (t=+10.883018ms)
    tlogger.go:133: INFO weightedtarget.go:65 [xds] [weighted-target-lb 0xc00085d080] Created  (t=+10.999079ms)
    tlogger.go:133: INFO balancer.go:88 [xds] [wrrlocality-lb 0xc000493e60] Created  (t=+11.032192ms)
    tlogger.go:133: INFO balancergroup.go:274 [xds] [weighted-target-lb 0xc00085d080] Adding child policy of type "round_robin" for child "{region=\"region-1\", zone=\"zone-1\", sub_zone=\"subzone-1\"}"  (t=+11.118705ms)
    tlogger.go:133: INFO balancergroup.go:102 [xds] [weighted-target-lb 0xc00085d080] Creating child policy of type "round_robin" for child "{region=\"region-1\", zone=\"zone-1\", sub_zone=\"subzone-1\"}"  (t=+11.151454ms)
    tlogger.go:133: INFO roundrobin.go:56 [roundrobin] [0xc000988090] Created  (t=+11.191825ms)
    tlogger.go:133: INFO clientconn.go:923 [core] [Channel #23 SubChannel #30] Subchannel created  (t=+11.30487ms)
    tlogger.go:133: INFO balancergroup.go:528 [xds] [weighted-target-lb 0xc00085d080] Balancer state update from child {region="region-1", zone="zone-1", sub_zone="subzone-1"}, new state: {ConnectivityState:CONNECTING Picker:0xc0005dd340}  (t=+11.359492ms)
    tlogger.go:133: INFO aggregator.go:253 [xds] [weighted-target-lb 0xc00085d080] Child pickers with config: map[{region="region-1", zone="zone-1", sub_zone="subzone-1"}:weight:1,picker:0xc0005dd340,state:CONNECTING,stateToAggregate:CONNECTING]  (t=+11.402392ms)
    tlogger.go:133: INFO clientconn.go:1303 [core] [Channel #23 SubChannel #30] Subchannel Connectivity change to CONNECTING  (t=+11.453982ms)
    tlogger.go:133: INFO clientconn.go:1471 [core] [Channel #23 SubChannel #30] Subchannel picks a new address "127.0.0.1:33651" to connect  (t=+11.507352ms)
    tlogger.go:133: INFO balancergroup.go:528 [xds] [priority-lb 0xc0002370a0] Balancer state update from child priority-0-0, new state: {ConnectivityState:CONNECTING Picker:0xc0007898c0}  (t=+11.56921ms)
    tlogger.go:133: INFO balancergroup.go:528 [xds] [xds-cluster-manager-lb 0xc00085cc20] Balancer state update from child cluster:cluster-my-service, new state: {ConnectivityState:CONNECTING Picker:0xc0007898c0}  (t=+11.611ms)
    tlogger.go:133: INFO balancerstateaggregator.go:147 [xds] [xds-cluster-manager-lb 0xc00085cc20] State update from sub-balancer "cluster:cluster-my-service": {ConnectivityState:CONNECTING Picker:0xc0007898c0}  (t=+11.641257ms)
    tlogger.go:133: INFO balancerstateaggregator.go:191 [xds] [xds-cluster-manager-lb 0xc00085cc20] Child pickers: map[cluster:cluster-my-service:picker:0xc0007898c0,state:CONNECTING,stateToAggregate:CONNECTING]  (t=+11.681523ms)
    tlogger.go:133: INFO clientconn.go:1303 [core] [Channel #23 SubChannel #30] Subchannel Connectivity change to READY  (t=+11.81783ms)
    tlogger.go:133: INFO balancergroup.go:528 [xds] [weighted-target-lb 0xc00085d080] Balancer state update from child {region="region-1", zone="zone-1", sub_zone="subzone-1"}, new state: {ConnectivityState:READY Picker:0xc00071e100}  (t=+11.908962ms)
    tlogger.go:133: INFO aggregator.go:253 [xds] [weighted-target-lb 0xc00085d080] Child pickers with config: map[{region="region-1", zone="zone-1", sub_zone="subzone-1"}:weight:1,picker:0xc00071e100,state:READY,stateToAggregate:READY]  (t=+11.965412ms)
    tlogger.go:133: INFO balancergroup.go:528 [xds] [priority-lb 0xc0002370a0] Balancer state update from child priority-0-0, new state: {ConnectivityState:READY Picker:0xc000012c48}  (t=+12.006652ms)
    tlogger.go:133: INFO balancergroup.go:528 [xds] [xds-cluster-manager-lb 0xc00085cc20] Balancer state update from child cluster:cluster-my-service, new state: {ConnectivityState:READY Picker:0xc000012c48}  (t=+12.045303ms)
    tlogger.go:133: INFO balancerstateaggregator.go:147 [xds] [xds-cluster-manager-lb 0xc00085cc20] State update from sub-balancer "cluster:cluster-my-service": {ConnectivityState:READY Picker:0xc000012c48}  (t=+12.072744ms)
    tlogger.go:133: INFO balancerstateaggregator.go:191 [xds] [xds-cluster-manager-lb 0xc00085cc20] Child pickers: map[cluster:cluster-my-service:picker:0xc000012c48,state:READY,stateToAggregate:READY]  (t=+12.102997ms)
    tlogger.go:133: INFO clientconn.go:620 [core] [Channel #23] Channel Connectivity change to READY  (t=+12.136521ms)
    server.go:229: Created new resource snapshot...
    logging.go:30: setting snapshot for node 945816c3-3ac4-4dfd-bea7-781f767db05c
    logging.go:30: respond open watch 2 type.googleapis.com/envoy.config.route.v3.RouteConfiguration [routeName] with new version "2"
    logging.go:30: respond type.googleapis.com/envoy.config.route.v3.RouteConfiguration (requested [routeName]) version "1" with version "2" and resources [routeName]
    logging.go:30: respond open watch 3 type.googleapis.com/envoy.config.listener.v3.Listener [my-service] with new version "2"
    logging.go:30: respond type.googleapis.com/envoy.config.listener.v3.Listener (requested [my-service]) version "1" with version "2" and resources [my-service]
    logging.go:30: respond open watch 4 type.googleapis.com/envoy.config.route.v3.RouteConfiguration [route-my-service] with new version "2"
    logging.go:30: respond type.googleapis.com/envoy.config.route.v3.RouteConfiguration (requested [route-my-service]) version "1" with version "2" and resources [route-my-service]
    logging.go:30: respond open watch 5 type.googleapis.com/envoy.config.cluster.v3.Cluster [cluster-my-service] with new version "2"
    logging.go:30: respond type.googleapis.com/envoy.config.cluster.v3.Cluster (requested [cluster-my-service]) version "1" with version "2" and resources [cluster-my-service]
    logging.go:30: respond open watch 6 type.googleapis.com/envoy.config.endpoint.v3.ClusterLoadAssignment [endpoints-my-service] with new version "2"
    logging.go:30: respond type.googleapis.com/envoy.config.endpoint.v3.ClusterLoadAssignment (requested [endpoints-my-service]) version "1" with version "2" and resources [endpoints-my-service]
    logging.go:30: respond open watch 1 type.googleapis.com/envoy.config.listener.v3.Listener [grpc/server?xds.resource.listening_address=127.0.0.1:33651] with new version "2"
    logging.go:30: respond type.googleapis.com/envoy.config.listener.v3.Listener (requested [grpc/server?xds.resource.listening_address=127.0.0.1:33651]) version "1" with version "2" and resources [grpc/server?xds.resource.listening_address=127.0.0.1:33651]
    server.go:235: Updated snapshot cache with resource snapshot...
    tlogger.go:133: INFO rds_handler.go:147 RDS watch for resource "routeName" received update: &xdsresource.RouteConfigUpdate{VirtualHosts:[]*xdsresource.VirtualHost{(*xdsresource.VirtualHost)(0xc000254c40)}, ClusterSpecifierPlugins:map[string]clusterspecifier.BalancerConfig{}, Raw:(*anypb.Any)(0xc0004d8690)}  (t=+13.387971ms)
    logging.go:30: open watch 7 for type.googleapis.com/envoy.config.listener.v3.Listener map[my-service:{}] from nodeID "945816c3-3ac4-4dfd-bea7-781f767db05c", version "2"
    logging.go:30: open watch 8 for type.googleapis.com/envoy.config.route.v3.RouteConfiguration map[routeName:{}] from nodeID "945816c3-3ac4-4dfd-bea7-781f767db05c", version "2"
    logging.go:30: open watch 9 for type.googleapis.com/envoy.config.endpoint.v3.ClusterLoadAssignment map[endpoints-my-service:{}] from nodeID "945816c3-3ac4-4dfd-bea7-781f767db05c", version "2"
    logging.go:30: open watch 10 for type.googleapis.com/envoy.config.listener.v3.Listener map[grpc/server?xds.resource.listening_address=127.0.0.1:33651:{}] from nodeID "945816c3-3ac4-4dfd-bea7-781f767db05c", version "2"
    logging.go:30: open watch 11 for type.googleapis.com/envoy.config.cluster.v3.Cluster map[cluster-my-service:{}] from nodeID "945816c3-3ac4-4dfd-bea7-781f767db05c", version "2"
    logging.go:30: open watch 12 for type.googleapis.com/envoy.config.route.v3.RouteConfiguration map[route-my-service:{}] from nodeID "945816c3-3ac4-4dfd-bea7-781f767db05c", version "2"
    tlogger.go:129: WARNING ads_stream.go:410 [xds] [xds-client 0xc0004d2500] [xds-channel 0xc0004d4730] [ads-stream 0xc0004f0dc0] Sending ADS request for type "type.googleapis.com/envoy.config.route.v3.RouteConfiguration", resources: [], version: "2", nonce: "3" failed: EOF  (t=+33.442416ms)
    tlogger.go:129: WARNING ads_stream.go:452 [xds] [xds-client 0xc0004d2500] [xds-channel 0xc0004d4730] [ads-stream 0xc0004f0dc0] ADS stream closed: rpc error: code = Canceled desc = context canceled  (t=+33.508089ms)
    tlogger.go:133: INFO ads_stream.go:165 [xds] [xds-client 0xc0004d2500] [xds-channel 0xc0004d4730] [ads-stream 0xc0004f0dc0] Shutdown ADS stream  (t=+33.548133ms)
    logging.go:30: open watch 13 for type.googleapis.com/envoy.config.listener.v3.Listener map[] from nodeID "945816c3-3ac4-4dfd-bea7-781f767db05c", version "2"
    tlogger.go:133: INFO clientconn.go:620 [core] [Channel #20] Channel Connectivity change to SHUTDOWN  (t=+33.592453ms)
    tlogger.go:133: INFO resolver_wrapper.go:112 [core] [Channel #20] Closing the name resolver  (t=+33.666997ms)
    tlogger.go:133: INFO balancer_wrapper.go:159 [core] [Channel #20] ccBalancerWrapper: closing  (t=+33.720677ms)
    tlogger.go:133: INFO clientconn.go:1303 [core] [Channel #20 SubChannel #22] Subchannel Connectivity change to SHUTDOWN  (t=+33.808509ms)
    tlogger.go:133: INFO clientconn.go:1710 [core] [Channel #20 SubChannel #22] Subchannel deleted  (t=+33.852099ms)
    tlogger.go:133: INFO clientconn.go:1232 [core] [Channel #20] Channel deleted  (t=+34.15256ms)
    tlogger.go:133: INFO channel.go:143 [xds] [xds-client 0xc0004d2500] [xds-channel 0xc0004d4730] Shutdown  (t=+34.224512ms)
    tlogger.go:133: INFO server.go:864 [core] [Server #19 ListenSocket #21] ListenSocket deleted  (t=+34.272488ms)
    tlogger.go:133: INFO xdsclient.go:210 [xds] [xds-client 0xc0004d2500] Shutdown  (t=+34.404466ms)
    zz_verify_c5_e2e_test.go:252: PROBE event[0] ServerFilter.Build
    zz_verify_c5_e2e_test.go:252: PROBE event[1] Interceptor#1.Build
    zz_verify_c5_e2e_test.go:252: PROBE event[2] --- generation 1 serving (RPC OK); sending in-place RDS replacement for "routeName" ---
    zz_verify_c5_e2e_test.go:252: PROBE event[3] ServerFilter.Close (filter DESTROYED) stack=[server.(*refCountedServerFilter).Close <- server.(*filterChain).constructUsableRouteConfiguration <- server.(*listenerWrapper).handleRDSUpdate <- server.(*rdsWatcher).ResourceChanged]
    zz_verify_c5_e2e_test.go:252: PROBE event[4] Interceptor#1.Close parentFilterAlreadyDestroyed=true stack=[server.(*interceptorList).Close <- server.(*usableRouteConfiguration).closeInterceptors <- server.(*filterChain).updateUsableRouteConfiguration <- server.(*listenerWrapper).handleRDSUpdate <- server.(*rdsWatcher).ResourceChanged]
    zz_verify_c5_e2e_test.go:252: PROBE event[5] --- replacement observed; stopping server ---
    zz_verify_c5_e2e_test.go:254: PROBE RESULT after in-place replacement: retired interceptors closed while parent filter still alive=0, closed AFTER parent filter was destroyed=1
    tlogger.go:133: INFO clientconn.go:1303 [core] [Channel #23 SubChannel #30] Subchannel Connectivity change to IDLE  (t=+34.610154ms)
    tlogger.go:133: INFO clientconn.go:620 [core] [Channel #23] Channel Connectivity change to SHUTDOWN  (t=+34.724961ms)
    tlogger.go:133: INFO resolver_wrapper.go:112 [core] [Channel #23] Closing the name resolver  (t=+34.764155ms)
    tlogger.go:133: INFO balancergroup.go:528 [xds] [weighted-target-lb 0xc00085d080] Balancer state update from child {region="region-1", zone="zone-1", sub_zone="subzone-1"}, new state: {ConnectivityState:IDLE Picker:0xc0005dc000}  (t=+35.211969ms)
    tlogger.go:133: INFO balancer_wrapper.go:159 [core] [Channel #23] ccBalancerWrapper: closing  (t=+35.258083ms)
    tlogger.go:133: INFO aggregator.go:253 [xds] [weighted-target-lb 0xc00085d080] Child pickers with config: map[{region="region-1", zone="zone-1", sub_zone="subzone-1"}:weight:1,picker:0xc0005dc000,state:IDLE,stateToAggregate:IDLE]  (t=+35.325255ms)
    tlogger.go:133: INFO balancergroup.go:528 [xds] [weighted-target-lb 0xc00085d080] Balancer state update from child {region="region-1", zone="zone-1", sub_zone="subzone-1"}, new state: {ConnectivityState:CONNECTING Picker:0xc00025e000}  (t=+35.429209ms)
    logging.go:30: open watch 14 for type.googleapis.com/envoy.config.listener.v3.Listener map[] from nodeID "945816c3-3ac4-4dfd-bea7-781f767db05c", version "2"
    logging.go:30: open watch 15 for type.googleapis.com/envoy.config.route.v3.RouteConfiguration map[] from nodeID "945816c3-3ac4-4dfd-bea7-781f767db05c", version "2"
    tlogger.go:133: INFO clientconn.go:1303 [core] [Channel #23 SubChannel #30] Subchannel Connectivity change to CONNECTING  (t=+35.49297ms)
    tlogger.go:133: INFO clusterimpl.go:508 [xds] [xds-cluster-impl-lb 0xc000785040] Shutdown  (t=+35.605566ms)
    tlogger.go:133: INFO balancergroup.go:351 [xds] [priority-lb 0xc0002370a0] Removing child policy for child "priority-0-0"  (t=+35.673382ms)
    tlogger.go:133: INFO cdsbalancer.go:416 [xds] [cds-lb 0xc000583880] Shutdown  (t=+35.702794ms)
    tlogger.go:129: WARNING ads_stream.go:410 [xds] [xds-client 0xc0004b8640] [xds-channel 0xc00015f450] [ads-stream 0xc00075a5a0] Sending ADS request for type "type.googleapis.com/envoy.config.endpoint.v3.ClusterLoadAssignment", resources: [], version: "2", nonce: "6" failed: EOF  (t=+35.732522ms)
    tlogger.go:133: INFO clientconn.go:1471 [core] [Channel #23 SubChannel #30] Subchannel picks a new address "127.0.0.1:33651" to connect  (t=+35.774377ms)
    tlogger.go:129: WARNING ads_stream.go:452 [xds] [xds-client 0xc0004b8640] [xds-channel 0xc00015f450] [ads-stream 0xc00075a5a0] ADS stream closed: rpc error: code = Canceled desc = context canceled  (t=+35.905753ms)
    tlogger.go:133: INFO ads_stream.go:165 [xds] [xds-client 0xc0004b8640] [xds-channel 0xc00015f450] [ads-stream 0xc00075a5a0] Shutdown ADS stream  (t=+35.941898ms)
    tlogger.go:133: INFO clientconn.go:620 [core] [Channel #26] Channel Connectivity change to SHUTDOWN  (t=+35.980489ms)
    tlogger.go:133: INFO clustermanager.go:192 [xds] [xds-cluster-manager-lb 0xc00085cc20] Shutdown  (t=+36.026016ms)
    tlogger.go:133: INFO resolver_wrapper.go:112 [core] [Channel #26] Closing the name resolver  (t=+36.094673ms)
    tlogger.go:133: INFO balancer_wrapper.go:159 [core] [Channel #26] ccBalancerWrapper: closing  (t=+36.155657ms)
    tlogger.go:129: WARNING clientconn.go:1534 [core] [Channel #23 SubChannel #30] grpc: addrConn.createTransport failed to connect to {Addr: "127.0.0.1:33651", ServerName: "my-service", Attributes: {"<%!p(xds.hostnameKey={})>": "" , "<%!p(xds.handshakeAttrKey={})>": "<0xc0007850b0>" , "<%!p(xds.handshakeClusterNameKey={})>": "cluster-my-service" }, BalancerAttributes: {"<%!p(weight.attributeKey={})>": "Weight: 2147483648" , "<%!p(wrrlocality.attributeKey={})>": "Locality Weight: 1" , "<%!p(xds.localityKeyType=grpc.xds.internal.address.locality)>": "<%!p(clients.Locality={region-1 zone-1 subzone-1})>" , "<%!p(hierarchy.pathKeyType=grpc.internal.address.hierarchical_path)>": "<0xc00085cdc0>" }}. Err: connection error: desc = "transport: Error while dialing: dial tcp 127.0.0.1:33651: connect: connection refused"  (t=+36.205107ms)
    tlogger.go:133: INFO clientconn.go:1303 [core] [Channel #26 SubChannel #27] Subchannel Connectivity change to SHUTDOWN  (t=+36.244566ms)
    tlogger.go:133: INFO clientconn.go:1305 [core] [Channel #23 SubChannel #30] Subchannel Connectivity change to TRANSIENT_FAILURE, last error: connection error: desc = "transport: Error while dialing: dial tcp 127.0.0.1:33651: connect: connection refused"  (t=+36.279904ms)
    tlogger.go:133: INFO clientconn.go:1710 [core] [Channel #26 SubChannel #27] Subchannel deleted  (t=+36.317209ms)
    tlogger.go:133: INFO clientconn.go:1232 [core] [Channel #26] Channel deleted  (t=+36.435234ms)
    tlogger.go:133: INFO channel.go:143 [xds] [xds-client 0xc0004b8640] [xds-channel 0xc00015f450] Shutdown  (t=+36.487482ms)
    tlogger.go:133: INFO xdsclient.go:210 [xds] [xds-client 0xc0004b8640] Shutdown  (t=+36.572764ms)
    tlogger.go:133: INFO xds_resolver.go:295 [xds] [xds-resolver 0xc0004907e0] Shutdown  (t=+36.601958ms)
    tlogger.go:133: INFO clientconn.go:1303 [core] [Channel #23 SubChannel #30] Subchannel Connectivity change to SHUTDOWN  (t=+36.660067ms)
    tlogger.go:133: INFO clientconn.go:1710 [core] [Channel #23 SubChannel #30] Subchannel deleted  (t=+36.695915ms)
    tlogger.go:133: INFO clientconn.go:1232 [core] [Channel #23] Channel deleted  (t=+36.728217ms)
    tlogger.go:133: INFO server.go:864 [core] [Server #17 ListenSocket #18] ListenSocket deleted  (t=+36.825817ms)
--- PASS: Test (0.09s)
    --- PASS: Test/VerifyC5_AllRoutesDisableFilter (0.05s)
    --- PASS: Test/VerifyC5_ReplacementWithNoRoutes (0.04s)
PASS
ok  	google.golang.org/grpc/test/xds	1.115s
exit=0
