=== RUN   Test
=== RUN   Test/VerifyC5_AllRoutesDisableFilter
    setup.go:45: Created new snapshot cache...
    tlogger.go:133: INFO server.go:732 [core] [Server #1] Server created  (t=+752.654µs)
    setup.go:45: Registered Aggregated Discovery Service (ADS)...
    setup.go:45: xDS management server serving at: 127.0.0.1:39335...
    tlogger.go:133: INFO server.go:928 [core] [Server #1 ListenSocket #2] ListenSocket created  (t=+955.427µs)
    tlogger.go:133: INFO server.go:732 [core] [Server #3] Server created  (t=+2.173726ms)
    tlogger.go:133: INFO pool.go:309 [xds] xDS node ID: 399e9fa2-caf6-4c06-95d7-eaf5f1b64106  (t=+2.2944ms)
    tlogger.go:133: INFO server.go:118 [xds] [xds-server 0xc000125140] Created xds.GRPCServer  (t=+2.328216ms)
    stubserver.go:300: Started test service backend at "127.0.0.1:45017"
    tlogger.go:133: INFO server.go:177 [xds] [xds-server 0xc000125140] Serve() passed a net.Listener on 127.0.0.1:45017  (t=+2.500112ms)
    tlogger.go:133: INFO clientconn.go:1837 [core] original dial target is: "passthrough:///127.0.0.1:39335"  (t=+2.58747ms)
    tlogger.go:133: INFO clientconn.go:516 [core] [Channel #4] Channel created for target "passthrough:///127.0.0.1:39335"  (t=+2.637305ms)
    tlogger.go:133: INFO clientconn.go:247 [core] [Channel #4] parsed dial target is: resolver.Target{URL:url.URL{Scheme:"passthrough", Opaque:"", User:(*url.Userinfo)(nil), Host:"", Path:"/127.0.0.1:39335", RawPath:"", OmitHost:false, ForceQuery:false, RawQuery:"", Fragment:"", RawFragment:""}}  (t=+2.704006ms)
    tlogger.go:133: INFO clientconn.go:248 [core] [Channel #4] Channel authority set to "127.0.0.1:39335"  (t=+2.739324ms)
    tlogger.go:133: INFO server.go:928 [core] [Server #3 ListenSocket #5] ListenSocket created  (t=+2.878566ms)
    tlogger.go:133: INFO clientconn.go:620 [core] [Channel #4] Channel Connectivity change to CONNECTING  (t=+2.95705ms)
    tlogger.go:133: INFO resolver_wrapper.go:211 [core] [Channel #4] Resolver state updated: {
          "Addresses": [
            {
              "Addr": "127.0.0.1:39335",
              "ServerName": "",
              "Attributes": null,
              "BalancerAttributes": null,
              "Metadata": null
            }
          ],
          "Endpoints": [
            {
              "Addresses": [
                {
                  "Addr": "127.0.0.1:39335",
                  "ServerName": "",
                  "Attributes": null,
                  "BalancerAttributes": null,
                  "Metadata": null
                }
              ],
              "Attributes": null
            }
          ],
          "ServiceConfig": null,
          "Attributes": null
        } (resolver returned new addresses)  (t=+3.296708ms)
    tlogger.go:133: INFO balancer_wrapper.go:121 [core] [Channel #4] Channel switches to new LB policy "pick_first"  (t=+3.464818ms)
    tlogger.go:133: INFO clientconn.go:923 [core] [Channel #4 SubChannel #6] Subchannel created  (t=+3.592129ms)
    tlogger.go:133: INFO clientconn.go:421 [core] [Channel #4] Channel exiting idle mode  (t=+3.683134ms)
    tlogger.go:133: INFO clientconn.go:1303 [core] [Channel #4 SubChannel #6] Subchannel Connectivity change to CONNECTING  (t=+3.748128ms)
    tlogger.go:133: INFO clientconn.go:1471 [core] [Channel #4 SubChannel #6] Subchannel picks a new address "127.0.0.1:39335" to connect  (t=+3.817994ms)
    tlogger.go:133: INFO clientconn.go:1303 [core] [Channel #4 SubChannel #6] Subchannel Connectivity change to READY  (t=+4.999069ms)
    tlogger.go:133: INFO clientconn.go:620 [core] [Channel #4] Channel Connectivity change to READY  (t=+5.145059ms)
    server.go:229: Created new resource snapshot...
    logging.go:30: setting snapshot for node 399e9fa2-caf6-4c06-95d7-eaf5f1b64106
    server.go:235: Updated snapshot cache with resource snapshot...
    tlogger.go:133: INFO clientconn.go:1837 [core] original dial target is: "xds:///my-service"  (t=+8.146491ms)
    tlogger.go:133: INFO clientconn.go:516 [core] [Channel #9] Channel created for target "xds:///my-service"  (t=+8.198702ms)
    tlogger.go:133: INFO clientconn.go:247 [core] [Channel #9] parsed dial target is: resolver.Target{URL:url.URL{Scheme:"xds", Opaque:"", User:(*url.Userinfo)(nil), Host:"", Path:"/my-service", RawPath:"", OmitHost:false, ForceQuery:false, RawQuery:"", Fragment:"", RawFragment:""}}  (t=+8.251298ms)
    tlogger.go:133: INFO clientconn.go:248 [core] [Channel #9] Channel authority set to "my-service"  (t=+8.285545ms)
    logging.go:30: respond type.googleapis.com/envoy.config.listener.v3.Listener (requested [grpc/server?xds.resource.listening_address=127.0.0.1:45017]) version "" with version "1" and resources [grpc/server?xds.resource.listening_address=127.0.0.1:45017]
    logging.go:30: open watch 1 for type.googleapis.com/envoy.config.listener.v3.Listener map[grpc/server?xds.resource.listening_address=127.0.0.1:45017:{}] from nodeID "399e9fa2-caf6-4c06-95d7-eaf5f1b64106", version "1"
    logging.go:30: respond type.googleapis.com/envoy.config.route.v3.RouteConfiguration (requested [routeName]) version "" with version "1" and resources [routeName]
    tlogger.go:133: INFO rds_handler.go:147 RDS watch for resource "routeName" received update: &xdsresource.RouteConfigUpdate{VirtualHosts:[]*xdsresource.VirtualHost{(*xdsresource.VirtualHost)(0xc000125b00)}, ClusterSpecifierPlugins:map[string]clusterspecifier.BalancerConfig{}, Raw:(*anypb.Any)(0xc0005aefa0)}  (t=+12.909329ms)
    logging.go:30: open watch 2 for type.googleapis.com/envoy.config.route.v3.RouteConfiguration map[routeName:{}] from nodeID "399e9fa2-caf6-4c06-95d7-eaf5f1b64106", version "1"
    tlogger.go:133: INFO clientconn.go:620 [core] [Channel #9] Channel Connectivity change to CONNECTING  (t=+13.016678ms)
    tlogger.go:133: INFO pool.go:309 [xds] xDS node ID: 399e9fa2-caf6-4c06-95d7-eaf5f1b64106  (t=+13.438499ms)
    tlogger.go:133: INFO xds_resolver.go:157 [xds] [xds-resolver 0xc0006a8510] Creating resolver for target: xds:///my-service  (t=+13.493535ms)
    tlogger.go:133: INFO clientconn.go:1837 [core] original dial target is: "passthrough:///127.0.0.1:39335"  (t=+13.560135ms)
    tlogger.go:133: INFO clientconn.go:516 [core] [Channel #10] Channel created for target "passthrough:///127.0.0.1:39335"  (t=+13.616922ms)
    tlogger.go:133: INFO clientconn.go:247 [core] [Channel #10] parsed dial target is: resolver.Target{URL:url.URL{Scheme:"passthrough", Opaque:"", User:(*url.Userinfo)(nil), Host:"", Path:"/127.0.0.1:39335", RawPath:"", OmitHost:false, ForceQuery:false, RawQuery:"", Fragment:"", RawFragment:""}}  (t=+13.677791ms)
    tlogger.go:133: INFO clientconn.go:248 [core] [Channel #10] Channel authority set to "127.0.0.1:39335"  (t=+13.711082ms)
    tlogger.go:133: INFO clientconn.go:421 [core] [Channel #9] Channel exiting idle mode  (t=+13.836619ms)
    tlogger.go:133: INFO clientconn.go:620 [core] [Channel #10] Channel Connectivity change to CONNECTING  (t=+13.896426ms)
    tlogger.go:133: INFO resolver_wrapper.go:211 [core] [Channel #10] Resolver state updated: {
          "Addresses": [
            {
              "Addr": "127.0.0.1:39335",
              "ServerName": "",
              "Attributes": null,
              "BalancerAttributes": null,
              "Metadata": null
            }
          ],
          "Endpoints": [
            {
              "Addresses": [
                {
                  "Addr": "127.0.0.1:39335",
                  "ServerName": "",
                  "Attributes": null,
                  "BalancerAttributes": null,
                  "Metadata": null
                }
              ],
              "Attributes": null
            }
          ],
          "ServiceConfig": null,
          "Attributes": null
        } (resolver returned new addresses)  (t=+14.053743ms)
    tlogger.go:133: INFO balancer_wrapper.go:121 [core] [Channel #10] Channel switches to new LB policy "pick_first"  (t=+14.205795ms)
    tlogger.go:133: INFO clientconn.go:923 [core] [Channel #10 SubChannel #11] Subchannel created  (t=+14.295915ms)
    tlogger.go:133: INFO clientconn.go:1303 [core] [Channel #10 SubChannel #11] Subchannel Connectivity change to CONNECTING  (t=+14.362502ms)
    tlogger.go:133: INFO clientconn.go:421 [core] [Channel #10] Channel exiting idle mode  (t=+14.399682ms)
    tlogger.go:133: INFO clientconn.go:1471 [core] [Channel #10 SubChannel #11] Subchannel picks a new address "127.0.0.1:39335" to connect  (t=+14.483646ms)
    tlogger.go:133: INFO clientconn.go:1303 [core] [Channel #10 SubChannel #11] Subchannel Connectivity change to READY  (t=+14.815279ms)
    tlogger.go:133: INFO clientconn.go:620 [core] [Channel #10] Channel Connectivity change to READY  (t=+14.904473ms)
    logging.go:30: respond type.googleapis.com/envoy.config.listener.v3.Listener (requested [my-service]) version "" with version "1" and resources [my-service]
    logging.go:30: open watch 3 for type.googleapis.com/envoy.config.listener.v3.Listener map[my-service:{}] from nodeID "399e9fa2-caf6-4c06-95d7-eaf5f1b64106", version "1"
    logging.go:30: respond type.googleapis.com/envoy.config.route.v3.RouteConfiguration (requested [route-my-service]) version "" with version "1" and resources [route-my-service]
    logging.go:30: open watch 4 for type.googleapis.com/envoy.config.route.v3.RouteConfiguration map[route-my-service:{}] from nodeID "399e9fa2-caf6-4c06-95d7-eaf5f1b64106", version "1"
    logging.go:30: respond type.googleapis.com/envoy.config.cluster.v3.Cluster (requested [cluster-my-service]) version "" with version "1" and resources [cluster-my-service]
    logging.go:30: open watch 5 for type.googleapis.com/envoy.config.cluster.v3.Cluster map[cluster-my-service:{}] from nodeID "399e9fa2-caf6-4c06-95d7-eaf5f1b64106", version "1"
    logging.go:30: respond type.googleapis.com/envoy.config.endpoint.v3.ClusterLoadAssignment (requested [endpoints-my-service]) version "" with version "1" and resources [endpoints-my-service]
    logging.go:30: open watch 6 for type.googleapis.com/envoy.config.endpoint.v3.ClusterLoadAssignment map[endpoints-my-service:{}] from nodeID "399e9fa2-caf6-4c06-95d7-eaf5f1b64106", version "1"
    tlogger.go:133: INFO resolver_wrapper.go:211 [core] [Channel #9] Resolver state updated: {
          "Addresses": null,
          "Endpoints": [],
          "ServiceConfig": {
            "Config": {
              "Config": null,
              "Methods": {}
            },
            "Err": null
          },
          "Attributes": {
            "\u003c%!p(xdsclient.clientKeyType=grpc.xds.internal.client.Client)\u003e": "\u003c0xc000423c20\u003e",
            "\u003c%!p(xdsdepmgr.xdsClusterSubscriberKey={})\u003e": "\u003c0xc0000f8600\u003e",
            "\u003c%!p(xdsresource.xdsConfigkey={})\u003e": "\u003c0xc000733020\u003e",
            "\u003c%!p(resolver.csKeyType=grpc.internal.resolver.configSelector)\u003e": "\u003c0xc000816690\u003e"
          }
        } (service config updated)  (t=+22.120586ms)
    tlogger.go:133: INFO balancer_wrapper.go:121 [core] [Channel #9] Channel switches to new LB policy "xds_cluster_manager_experimental"  (t=+22.231219ms)
    tlogger.go:133: INFO clustermanager.go:58 [xds] [xds-cluster-manager-lb 0xc000733440] Created  (t=+22.267783ms)
    tlogger.go:133: INFO balancergroup.go:274 [xds] [xds-cluster-manager-lb 0xc000733440] Adding child policy of type "cds_experimental" for child "cluster:cluster-my-service"  (t=+22.299156ms)
    tlogger.go:133: INFO balancergroup.go:102 [xds] [xds-cluster-manager-lb 0xc000733440] Creating child policy of type "cds_experimental" for child "cluster:cluster-my-service"  (t=+22.330263ms)
    tlogger.go:133: INFO cdsbalancer.go:90 [xds] [cds-lb 0xc000502fc0] Created  (t=+22.364708ms)
    tlogger.go:133: INFO cdsbalancer.go:167 [xds] [cds-lb 0xc000502fc0] Received balancer config update: {
          "LoadBalancingConfig": null,
          "cluster": "cluster-my-service",
          "isDynamic": false
        }  (t=+22.427559ms)
    tlogger.go:133: INFO balancer.go:76 [xds] [priority-lb 0xc000816850] Created  (t=+22.624674ms)
    tlogger.go:133: INFO balancergroup.go:528 [xds] [xds-cluster-manager-lb 0xc000733440] Balancer state update from child cluster:cluster-my-service, new state: {ConnectivityState:CONNECTING Picker:0xc000825db0}  (t=+23.150321ms)
    tlogger.go:133: INFO balancerstateaggregator.go:147 [xds] [xds-cluster-manager-lb 0xc000733440] State update from sub-balancer "cluster:cluster-my-service": {ConnectivityState:CONNECTING Picker:0xc000825db0}  (t=+23.186673ms)
    tlogger.go:133: INFO balancergroup.go:274 [xds] [priority-lb 0xc000816850] Adding child policy of type "outlier_detection_experimental" for child "priority-0-0"  (t=+23.210858ms)
    tlogger.go:133: INFO balancergroup.go:102 [xds] [priority-lb 0xc000816850] Creating child policy of type "outlier_detection_experimental" for child "priority-0-0"  (t=+23.240187ms)
    tlogger.go:133: INFO balancer.go:94 [xds] [outlier-detection-lb 0xc0006102d0] Created  (t=+23.271589ms)
    tlogger.go:133: INFO clusterimpl.go:88 [xds] [xds-cluster-impl-lb 0xc000858280] Created  (t=+23.314408ms)
    tlogger.go:133: INFO clusterimpl.go:100 [xds] [xds-cluster-impl-lb 0xc000858280] xDS credentials in use: false  (t=+23.3535ms)
    tlogger.go:133: INFO weightedtarget.go:65 [xds] [weighted-target-lb 0xc0007338e0] Created  (t=+23.454896ms)
    tlogger.go:133: INFO balancer.go:88 [xds] [wrrlocality-lb 0xc00047b020] Created  (t=+23.488611ms)
    tlogger.go:133: INFO balancergroup.go:274 [xds] [weighted-target-lb 0xc0007338e0] Adding child policy of type "round_robin" for child "{region=\"region-1\", zone=\"zone-1\", sub_zone=\"subzone-1\"}"  (t=+23.618052ms)
    tlogger.go:133: INFO balancergroup.go:102 [xds] [weighted-target-lb 0xc0007338e0] Creating child policy of type "round_robin" for child "{region=\"region-1\", zone=\"zone-1\", sub_zone=\"subzone-1\"}"  (t=+23.649377ms)
    tlogger.go:133: INFO roundrobin.go:56 [roundrobin] [0xc00047b800] Created  (t=+23.688831ms)
    tlogger.go:133: INFO clientconn.go:923 [core] [Channel #9 SubChannel #14] Subchannel created  (t=+23.805118ms)
    tlogger.go:133: INFO balancergroup.go:528 [xds] [weighted-target-lb 0xc0007338e0] Balancer state update from child {region="region-1", zone="zone-1", sub_zone="subzone-1"}, new state: {ConnectivityState:CONNECTING Picker:0xc000799740}  (t=+23.864756ms)
    tlogger.go:133: INFO aggregator.go:253 [xds] [weighted-target-lb 0xc0007338e0] Child pickers with config: map[{region="region-1", zone="zone-1", sub_zone="subzone-1"}:weight:1,picker:0xc000799740,state:CONNECTING,stateToAggregate:CONNECTING]  (t=+23.904679ms)
    tlogger.go:133: INFO balancergroup.go:528 [xds] [priority-lb 0xc000816850] Balancer state update from child priority-0-0, new state: {ConnectivityState:CONNECTING Picker:0xc000013530}  (t=+23.965026ms)
    tlogger.go:133: INFO clientconn.go:1303 [core] [Channel #9 SubChannel #14] Subchannel Connectivity change to CONNECTING  (t=+23.991867ms)
    tlogger.go:133: INFO balancerstateaggregator.go:191 [xds] [xds-cluster-manager-lb 0xc000733440] Child pickers: map[cluster:cluster-my-service:picker:0xc000825db0,state:CONNECTING,stateToAggregate:CONNECTING]  (t=+24.043981ms)
    tlogger.go:133: INFO balancergroup.go:528 [xds] [xds-cluster-manager-lb 0xc000733440] Balancer state update from child cluster:cluster-my-service, new state: {ConnectivityState:CONNECTING Picker:0xc000013530}  (t=+24.103949ms)
    tlogger.go:133: INFO balancerstateaggregator.go:147 [xds] [xds-cluster-manager-lb 0xc000733440] State update from sub-balancer "cluster:cluster-my-service": {ConnectivityState:CONNECTING Picker:0xc000013530}  (t=+24.148968ms)
    tlogger.go:133: INFO balancerstateaggregator.go:191 [xds] [xds-cluster-manager-lb 0xc000733440] Child pickers: map[cluster:cluster-my-service:picker:0xc000013530,state:CONNECTING,stateToAggregate:CONNECTING]  (t=+24.187647ms)
    tlogger.go:133: INFO clientconn.go:1471 [core] [Channel #9 SubChannel #14] Subchannel picks a new address "127.0.0.1:45017" to connect  (t=+24.216935ms)
    tlogger.go:133: INFO clientconn.go:1303 [core] [Channel #9 SubChannel #14] Subchannel Connectivity change to READY  (t=+24.566451ms)
    tlogger.go:133: INFO balancergroup.go:528 [xds] [weighted-target-lb 0xc0007338e0] Balancer state update from child {region="region-1", zone="zone-1", sub_zone="subzone-1"}, new state: {ConnectivityState:READY Picker:0xc00073fdc0}  (t=+24.682137ms)
    tlogger.go:133: INFO aggregator.go:253 [xds] [weighted-target-lb 0xc0007338e0] Child pickers with config: map[{region="region-1", zone="zone-1", sub_zone="subzone-1"}:weight:1,picker:0xc00073fdc0,state:READY,stateToAggregate:READY]  (t=+24.738425ms)
    tlogger.go:133: INFO balancergroup.go:528 [xds] [priority-lb 0xc000816850] Balancer state update from child priority-0-0, new state: {ConnectivityState:READY Picker:0xc000608f90}  (t=+24.780222ms)
    tlogger.go:133: INFO balancergroup.go:528 [xds] [xds-cluster-manager-lb 0xc000733440] Balancer state update from child cluster:cluster-my-service, new state: {ConnectivityState:READY Picker:0xc000608f90}  (t=+24.827278ms)
    tlogger.go:133: INFO balancerstateaggregator.go:147 [xds] [xds-cluster-manager-lb 0xc000733440] State update from sub-balancer "cluster:cluster-my-service": {ConnectivityState:READY Picker:0xc000608f90}  (t=+24.868053ms)
    tlogger.go:133: INFO balancerstateaggregator.go:191 [xds] [xds-cluster-manager-lb 0xc000733440] Child pickers: map[cluster:cluster-my-service:picker:0xc000608f90,state:READY,stateToAggregate:READY]  (t=+24.907754ms)
    tlogger.go:133: INFO clientconn.go:620 [core] [Channel #9] Channel Connectivity change to READY  (t=+24.956367ms)
    server.go:229: Created new resource snapshot...
    logging.go:30: setting snapshot for node 399e9fa2-caf6-4c06-95d7-eaf5f1b64106
    logging.go:30: respond open watch 5 type.googleapis.com/envoy.config.cluster.v3.Cluster [cluster-my-service] with new version "2"
    logging.go:30: respond type.googleapis.com/envoy.config.cluster.v3.Cluster (requested [cluster-my-service]) version "1" with version "2" and resources [cluster-my-service]
    logging.go:30: respond open watch 6 type.googleapis.com/envoy.config.endpoint.v3.ClusterLoadAssignment [endpoints-my-service] with new version "2"
    logging.go:30: respond type.googleapis.com/envoy.config.endpoint.v3.ClusterLoadAssignment (requested [endpoints-my-service]) version "1" with version "2" and resources [endpoints-my-service]
    logging.go:30: respond open watch 1 type.googleapis.com/envoy.config.listener.v3.Listener [grpc/server?xds.resource.listening_address=127.0.0.1:45017] with new version "2"
    logging.go:30: respond type.googleapis.com/envoy.config.listener.v3.Listener (requested [grpc/server?xds.resource.listening_address=127.0.0.1:45017]) version "1" with version "2" and resources [grpc/server?xds.resource.listening_address=127.0.0.1:45017]
    logging.go:30: respond open watch 2 type.googleapis.com/envoy.config.route.v3.RouteConfiguration [routeName] with new version "2"
    logging.go:30: respond type.googleapis.com/envoy.config.route.v3.RouteConfiguration (requested [routeName]) version "1" with version "2" and resources [routeName]
    logging.go:30: respond open watch 3 type.googleapis.com/envoy.config.listener.v3.Listener [my-service] with new version "2"
    logging.go:30: respond type.googleapis.com/envoy.config.listener.v3.Listener (requested [my-service]) version "1" with version "2" and resources [my-service]
    logging.go:30: respond open watch 4 type.googleapis.com/envoy.config.route.v3.RouteConfiguration [route-my-service] with new version "2"
    logging.go:30: respond type.googleapis.com/envoy.config.route.v3.RouteConfiguration (requested [route-my-service]) version "1" with version "2" and resources [route-my-service]
    server.go:235: Updated snapshot cache with resource snapshot...
    tlogger.go:133: INFO rds_handler.go:147 RDS watch for resource "routeName" received update: &xdsresource.RouteConfigUpdate{VirtualHosts:[]*xdsresource.VirtualHost{(*xdsresource.VirtualHost)(0xc0001258c0)}, ClusterSpecifierPlugins:map[string]clusterspecifier.BalancerConfig{}, Raw:(*anypb.Any)(0xc000840cd0)}  (t=+26.55917ms)
    logging.go:30: open watch 7 for type.googleapis.com/envoy.config.cluster.v3.Cluster map[cluster-my-service:{}] from nodeID "399e9fa2-caf6-4c06-95d7-eaf5f1b64106", version "2"
    logging.go:30: open watch 8 for type.googleapis.com/envoy.config.listener.v3.Listener map[grpc/server?xds.resource.listening_address=127.0.0.1:45017:{}] from nodeID "399e9fa2-caf6-4c06-95d7-eaf5f1b64106", version "2"
    logging.go:30: open watch 9 for type.googleapis.com/envoy.config.route.v3.RouteConfiguration map[routeName:{}] from nodeID "399e9fa2-caf6-4c06-95d7-eaf5f1b64106", version "2"
    logging.go:30: open watch 10 for type.googleapis.com/envoy.config.endpoint.v3.ClusterLoadAssignment map[endpoints-my-service:{}] from nodeID "399e9fa2-caf6-4c06-95d7-eaf5f1b64106", version "2"
    logging.go:30: open watch 11 for type.googleapis.com/envoy.config.listener.v3.Listener map[my-service:{}] from nodeID "399e9fa2-caf6-4c06-95d7-eaf5f1b64106", version "2"
    logging.go:30: open watch 12 for type.googleapis.com/envoy.config.route.v3.RouteConfiguration map[route-my-service:{}] from nodeID "399e9fa2-caf6-4c06-95d7-eaf5f1b64106", version "2"
    tlogger.go:129: WARNING ads_stream.go:410 [xds] [xds-client 0xc000230780] [xds-channel 0xc000146640] [ads-stream 0xc000230820] Sending ADS request for type "type.googleapis.com/envoy.config.listener.v3.Listener", resources: [], version: "2", nonce: "3" failed: EOF  (t=+46.385718ms)
    tlogger.go:129: WARNING ads_stream.go:452 [xds] [xds-client 0xc000230780] [xds-channel 0xc000146640] [ads-stream 0xc000230820] ADS stream closed: rpc error: code = Canceled desc = context canceled  (t=+46.45014ms)
    tlogger.go:133: INFO ads_stream.go:165 [xds] [xds-client 0xc000230780] [xds-channel 0xc000146640] [ads-stream 0xc000230820] Shutdown ADS stream  (t=+46.487883ms)
    tlogger.go:133: INFO clientconn.go:620 [core] [Channel #4] Channel Connectivity change to SHUTDOWN  (t=+46.529691ms)
    tlogger.go:133: INFO resolver_wrapper.go:112 [core] [Channel #4] Closing the name resolver  (t=+46.56234ms)
    tlogger.go:133: INFO balancer_wrapper.go:159 [core] [Channel #4] ccBalancerWrapper: closing  (t=+46.605016ms)
    tlogger.go:133: INFO clientconn.go:1303 [core] [Channel #4 SubChannel #6] Subchannel Connectivity change to SHUTDOWN  (t=+46.754442ms)
    tlogger.go:133: INFO clientconn.go:1710 [core] [Channel #4 SubChannel #6] Subchannel deleted  (t=+46.813861ms)
    tlogger.go:133: INFO clientconn.go:1232 [core] [Channel #4] Channel deleted  (t=+46.984524ms)
    tlogger.go:133: INFO channel.go:143 [xds] [xds-client 0xc000230780] [xds-channel 0xc000146640] Shutdown  (t=+47.058705ms)
    tlogger.go:133: INFO server.go:864 [core] [Server #3 ListenSocket #5] ListenSocket deleted  (t=+47.127868ms)
    tlogger.go:133: INFO clientconn.go:1303 [core] [Channel #9 SubChannel #14] Subchannel Connectivity change to IDLE  (t=+47.272809ms)
    tlogger.go:133: INFO xdsclient.go:210 [xds] [xds-client 0xc000230780] Shutdown  (t=+47.339823ms)
    tlogger.go:133: INFO balancergroup.go:528 [xds] [weighted-target-lb 0xc0007338e0] Balancer state update from child {region="region-1", zone="zone-1", sub_zone="subzone-1"}, new state: {ConnectivityState:IDLE Picker:0xc0008903c0}  (t=+47.399168ms)
    tlogger.go:133: INFO aggregator.go:253 [xds] [weighted-target-lb 0xc0007338e0] Child pickers with config: map[{region="region-1", zone="zone-1", sub_zone="subzone-1"}:weight:1,picker:0xc0008903c0,state:IDLE,stateToAggregate:IDLE]  (t=+47.450097ms)
    zz_verify_c5_e2e_test.go:252: PROBE event[0] ServerFilter.Build
    zz_verify_c5_e2e_test.go:252: PROBE event[1] Interceptor#1.Build
    zz_verify_c5_e2e_test.go:252: PROBE event[2] --- generation 1 serving (RPC OK); sending in-place RDS replacement for "routeName" ---
    zz_verify_c5_e2e_test.go:252: PROBE event[3] ServerFilter.Close (filter DESTROYED) stack=[server.(*refCountedServerFilter).Close <- server.(*filterChain).constructUsableRouteConfiguration <- server.(*listenerWrapper).handleRDSUpdate <- server.(*rdsWatcher).ResourceChanged]
    zz_verify_c5_e2e_test.go:252: PROBE event[4] Interceptor#1.Close parentFilterAlreadyDestroyed=true stack=[server.(*interceptorList).Close <- server.(*usableRouteConfiguration).close <- server.(*filterChain).updateUsableRouteConfiguration <- server.(*listenerWrapper).handleRDSUpdate <- server.(*rdsWatcher).ResourceChanged]
    zz_verify_c5_e2e_test.go:252: PROBE event[5] --- replacement observed; stopping server ---
    zz_verify_c5_e2e_test.go:254: PROBE RESULT after in-place replacement: retired interceptors closed while parent filter still alive=0, closed AFTER parent filter was destroyed=1
    tlogger.go:133: INFO balancergroup.go:528 [xds] [priority-lb 0xc000816850] Balancer state update from child priority-0-0, new state: {ConnectivityState:IDLE Picker:0xc00079e2d0}  (t=+47.496237ms)
    tlogger.go:133: INFO balancergroup.go:528 [xds] [xds-cluster-manager-lb 0xc000733440] Balancer state update from child cluster:cluster-my-service, new state: {ConnectivityState:IDLE Picker:0xc00079e2d0}  (t=+47.669463ms)
    tlogger.go:133: INFO balancerstateaggregator.go:147 [xds] [xds-cluster-manager-lb 0xc000733440] State update from sub-balancer "cluster:cluster-my-service": {ConnectivityState:IDLE Picker:0xc00079e2d0}  (t=+47.705887ms)
    tlogger.go:133: INFO balancergroup.go:528 [xds] [weighted-target-lb 0xc0007338e0] Balancer state update from child {region="region-1", zone="zone-1", sub_zone="subzone-1"}, new state: {ConnectivityState:CONNECTING Picker:0xc000890400}  (t=+47.759837ms)
    tlogger.go:133: INFO aggregator.go:253 [xds] [weighted-target-lb 0xc0007338e0] Child pickers with config: map[{region="region-1", zone="zone-1", sub_zone="subzone-1"}:weight:1,picker:0xc000890400,state:CONNECTING,stateToAggregate:CONNECTING]  (t=+47.834369ms)
    tlogger.go:133: INFO balancergroup.go:528 [xds] [priority-lb 0xc000816850] Balancer state update from child priority-0-0, new state: {ConnectivityState:CONNECTING Picker:0xc00079e360}  (t=+47.917706ms)
    tlogger.go:133: INFO clientconn.go:620 [core] [Channel #9] Channel Connectivity change to SHUTDOWN  (t=+47.959637ms)
    tlogger.go:133: INFO resolver_wrapper.go:112 [core] [Channel #9] Closing the name resolver  (t=+48.000618ms)
    tlogger.go:133: INFO balancer_wrapper.go:159 [core] [Channel #9] ccBalancerWrapper: closing  (t=+48.05778ms)
    tlogger.go:133: INFO clientconn.go:1303 [core] [Channel #9 SubChannel #14] Subchannel Connectivity change to CONNECTING  (t=+48.101286ms)
    tlogger.go:133: INFO clientconn.go:1471 [core] [Channel #9 SubChannel #14] Subchannel picks a new address "127.0.0.1:45017" to connect  (t=+48.164793ms)
    tlogger.go:129: WARNING ads_stream.go:452 [xds] [xds-client 0xc0005a3d60] [xds-channel 0xc0005af360] [ads-stream 0xc0005a3e00] ADS stream closed: rpc error: code = Canceled desc = context canceled  (t=+48.253142ms)
    tlogger.go:133: INFO ads_stream.go:165 [xds] [xds-client 0xc0005a3d60] [xds-channel 0xc0005af360] [ads-stream 0xc0005a3e00] Shutdown ADS stream  (t=+48.299345ms)
    tlogger.go:133: INFO clientconn.go:620 [core] [Channel #10] Channel Connectivity change to SHUTDOWN  (t=+48.345578ms)
    tlogger.go:133: INFO resolver_wrapper.go:112 [core] [Channel #10] Closing the name resolver  (t=+48.379756ms)
    logging.go:30: open watch 13 for type.googleapis.com/envoy.config.listener.v3.Listener map[] from nodeID "399e9fa2-caf6-4c06-95d7-eaf5f1b64106", version "2"
    tlogger.go:133: INFO balancerstateaggregator.go:191 [xds] [xds-cluster-manager-lb 0xc000733440] Child pickers: map[cluster:cluster-my-service:picker:0xc00079e2d0,state:IDLE,stateToAggregate:IDLE]  (t=+48.430712ms)
    tlogger.go:133: INFO balancergroup.go:528 [xds] [xds-cluster-manager-lb 0xc000733440] Balancer state update from child cluster:cluster-my-service, new state: {ConnectivityState:CONNECTING Picker:0xc00079e360}  (t=+48.516666ms)
    tlogger.go:133: INFO balancerstateaggregator.go:147 [xds] [xds-cluster-manager-lb 0xc000733440] State update from sub-balancer "cluster:cluster-my-service": {ConnectivityState:CONNECTING Picker:0xc00079e360}  (t=+48.55388ms)
    tlogger.go:129: WARNING ads_stream.go:410 [xds] [xds-client 0xc0005a3d60] [xds-channel 0xc0005af360] [ads-stream 0xc0005a3e00] Sending ADS request for type "type.googleapis.com/envoy.config.endpoint.v3.ClusterLoadAssignment", resources: [], version: "2", nonce: "6" failed: EOF  (t=+48.593151ms)
    tlogger.go:133: INFO balancer_wrapper.go:159 [core] [Channel #10] ccBalancerWrapper: closing  (t=+48.635351ms)
    tlogger.go:129: WARNING clientconn.go:1534 [core] [Channel #9 SubChannel #14] grpc: addrConn.createTransport failed to connect to {Addr: "127.0.0.1:45017", ServerName: "my-service", Attributes: {"<%!p(xds.hostnameKey={})>": "" , "<%!p(xds.handshakeAttrKey={})>": "<0xc0008582f0>" , "<%!p(xds.handshakeClusterNameKey={})>": "cluster-my-service" }, BalancerAttributes: {"<%!p(weight.attributeKey={})>": "Weight: 2147483648" , "<%!p(wrrlocality.attributeKey={})>": "Locality Weight: 1" , "<%!p(xds.localityKeyType=grpc.xds.internal.address.locality)>": "<%!p(clients.Locality={region-1 zone-1 subzone-1})>" , "<%!p(hierarchy.pathKeyType=grpc.internal.address.hierarchical_path)>": "<0xc0007335e0>" }}. Err: connection error: desc = "transport: Error while dialing: dial tcp 127.0.0.1:45017: connect: connection refused"  (t=+48.69321ms)
    tlogger.go:133: INFO clientconn.go:1305 [core] [Channel #9 SubChannel #14] Subchannel Connectivity change to TRANSIENT_FAILURE, last error: connection error: desc = "transport: Error while dialing: dial tcp 127.0.0.1:45017: connect: connection refused"  (t=+48.76529ms)
    tlogger.go:133: INFO clusterimpl.go:508 [xds] [xds-cluster-impl-lb 0xc000858280] Shutdown  (t=+48.806872ms)
    tlogger.go:133: INFO balancergroup.go:351 [xds] [priority-lb 0xc000816850] Removing child policy for child "priority-0-0"  (t=+48.848774ms)
    tlogger.go:133: INFO cdsbalancer.go:416 [xds] [cds-lb 0xc000502fc0] Shutdown  (t=+48.872047ms)
    tlogger.go:133: INFO clustermanager.go:192 [xds] [xds-cluster-manager-lb 0xc000733440] Shutdown  (t=+48.896421ms)
    tlogger.go:133: INFO clientconn.go:1303 [core] [Channel #10 SubChannel #11] Subchannel Connectivity change to SHUTDOWN  (t=+48.920792ms)
    tlogger.go:133: INFO clientconn.go:1710 [core] [Channel #10 SubChannel #11] Subchannel deleted  (t=+48.970419ms)
    tlogger.go:133: INFO clientconn.go:1232 [core] [Channel #10] Channel deleted  (t=+49.10484ms)
    tlogger.go:133: INFO channel.go:143 [xds] [xds-client 0xc0005a3d60] [xds-channel 0xc0005af360] Shutdown  (t=+49.146841ms)
    tlogger.go:133: INFO xdsclient.go:210 [xds] [xds-client 0xc0005a3d60] Shutdown  (t=+49.233208ms)
    tlogger.go:133: INFO xds_resolver.go:295 [xds] [xds-resolver 0xc0006a8510] Shutdown  (t=+49.270277ms)
    tlogger.go:133: INFO clientconn.go:1303 [core] [Channel #9 SubChannel #14] Subchannel Connectivity change to SHUTDOWN  (t=+49.325158ms)
    tlogger.go:133: INFO clientconn.go:1710 [core] [Channel #9 SubChannel #14] Subchannel deleted  (t=+49.36766ms)
    tlogger.go:133: INFO clientconn.go:1232 [core] [Channel #9] Channel deleted  (t=+49.399901ms)
    tlogger.go:133: INFO server.go:864 [core] [Server #1 ListenSocket #2] ListenSocket deleted  (t=+49.551811ms)
=== RUN   Test/VerifyC5_ReplacementWithNoRoutes
    setup.go:45: Created new snapshot cache...
    tlogger.go:133: INFO server.go:732 [core] [Server #17] Server created  (t=+182.77µs)
    setup.go:45: Registered Aggregated Discovery Service (ADS)...
    setup.go:45: xDS management server serving at: 127.0.0.1:36227...
    tlogger.go:133: INFO server.go:928 [core] [Server #17 ListenSocket #18] ListenSocket created  (t=+630.042µs)
    tlogger.go:133: INFO server.go:732 [core] [Server #19] Server created  (t=+1.392629ms)
    tlogger.go:133: INFO pool.go:309 [xds] xDS node ID: 75523b0b-9326-4ef6-9e7e-a173801805c6  (t=+1.503952ms)
    tlogger.go:133: INFO server.go:118 [xds] [xds-server 0xc0004199c0] Created xds.GRPCServer  (t=+1.537386ms)
    stubserver.go:300: Started test service backend at "127.0.0.1:36305"
    tlogger.go:133: INFO server.go:177 [xds] [xds-server 0xc0004199c0] Serve() passed a net.Listener on 127.0.0.1:36305  (t=+1.672215ms)
    tlogger.go:133: INFO clientconn.go:1837 [core] original dial target is: "passthrough:///127.0.0.1:36227"  (t=+1.75346ms)
    tlogger.go:133: INFO clientconn.go:516 [core] [Channel #20] Channel created for target "passthrough:///127.0.0.1:36227"  (t=+1.804097ms)
    tlogger.go:133: INFO clientconn.go:247 [core] [Channel #20] parsed dial target is: resolver.Target{URL:url.URL{Scheme:"passthrough", Opaque:"", User:(*url.Userinfo)(nil), Host:"", Path:"/127.0.0.1:36227", RawPath:"", OmitHost:false, ForceQuery:false, RawQuery:"", Fragment:"", RawFragment:""}}  (t=+1.853088ms)
    tlogger.go:133: INFO clientconn.go:248 [core] [Channel #20] Channel authority set to "127.0.0.1:36227"  (t=+1.891449ms)
    tlogger.go:133: INFO server.go:928 [core] [Server #19 ListenSocket #21] ListenSocket created  (t=+1.985966ms)
    tlogger.go:133: INFO clientconn.go:620 [core] [Channel #20] Channel Connectivity change to CONNECTING  (t=+2.046049ms)
    tlogger.go:133: INFO resolver_wrapper.go:211 [core] [Channel #20] Resolver state updated: {
          "Addresses": [
            {
              "Addr": "127.0.0.1:36227",
              "ServerName": "",
              "Attributes": null,
              "BalancerAttributes": null,
              "Metadata": null
            }
          ],
          "Endpoints": [
            {
              "Addresses": [
                {
                  "Addr": "127.0.0.1:36227",
                  "ServerName": "",
                  "Attributes": null,
                  "BalancerAttributes": null,
                  "Metadata": null
                }
              ],
              "Attributes": null
            }
          ],
          "ServiceConfig": null,
          "Attributes": null
        } (resolver returned new addresses)  (t=+2.178969ms)
    server.go:229: Created new resource snapshot...
    tlogger.go:133: INFO balancer_wrapper.go:121 [core] [Channel #20] Channel switches to new LB policy "pick_first"  (t=+2.34448ms)
    logging.go:30: setting snapshot for node 75523b0b-9326-4ef6-9e7e-a173801805c6
    server.go:235: Updated snapshot cache with resource snapshot...
    tlogger.go:133: INFO clientconn.go:923 [core] [Channel #20 SubChannel #22] Subchannel created  (t=+2.436397ms)
    tlogger.go:133: INFO clientconn.go:1837 [core] original dial target is: "xds:///my-service"  (t=+2.476049ms)
    tlogger.go:133: INFO clientconn.go:516 [core] [Channel #23] Channel created for target "xds:///my-service"  (t=+2.527854ms)
    tlogger.go:133: INFO clientconn.go:421 [core] [Channel #20] Channel exiting idle mode  (t=+2.569583ms)
    tlogger.go:133: INFO clientconn.go:1303 [core] [Channel #20 SubChannel #22] Subchannel Connectivity change to CONNECTING  (t=+2.606136ms)
    tlogger.go:133: INFO clientconn.go:247 [core] [Channel #23] parsed dial target is: resolver.Target{URL:url.URL{Scheme:"xds", Opaque:"", User:(*url.Userinfo)(nil), Host:"", Path:"/my-service", RawPath:"", OmitHost:false, ForceQuery:false, RawQuery:"", Fragment:"", RawFragment:""}}  (t=+2.658968ms)
    tlogger.go:133: INFO clientconn.go:248 [core] [Channel #23] Channel authority set to "my-service"  (t=+2.708089ms)
    tlogger.go:133: INFO clientconn.go:1471 [core] [Channel #20 SubChannel #22] Subchannel picks a new address "127.0.0.1:36227" to connect  (t=+2.762456ms)
    tlogger.go:133: INFO clientconn.go:1303 [core] [Channel #20 SubChannel #22] Subchannel Connectivity change to READY  (t=+3.048511ms)
    tlogger.go:133: INFO clientconn.go:620 [core] [Channel #20] Channel Connectivity change to READY  (t=+3.113403ms)
    logging.go:30: respond type.googleapis.com/envoy.config.listener.v3.Listener (requested [grpc/server?xds.resource.listening_address=127.0.0.1:36305]) version "" with version "1" and resources [grpc/server?xds.resource.listening_address=127.0.0.1:36305]
    logging.go:30: open watch 1 for type.googleapis.com/envoy.config.listener.v3.Listener map[grpc/server?xds.resource.listening_address=127.0.0.1:36305:{}] from nodeID "75523b0b-9326-4ef6-9e7e-a173801805c6", version "1"
    logging.go:30: respond type.googleapis.com/envoy.config.route.v3.RouteConfiguration (requested [routeName]) version "" with version "1" and resources [routeName]
    tlogger.go:133: INFO rds_handler.go:147 RDS watch for resource "routeName" received update: &xdsresource.RouteConfigUpdate{VirtualHosts:[]*xdsresource.VirtualHost{(*xdsresource.VirtualHost)(0xc000799680)}, ClusterSpecifierPlugins:map[string]clusterspecifier.BalancerConfig{}, Raw:(*anypb.Any)(0xc000716b40)}  (t=+4.525379ms)
    tlogger.go:133: INFO clientconn.go:620 [core] [Channel #23] Channel Connectivity change to CONNECTING  (t=+4.613846ms)
    logging.go:30: open watch 2 for type.googleapis.com/envoy.config.route.v3.RouteConfiguration map[routeName:{}] from nodeID "75523b0b-9326-4ef6-9e7e-a173801805c6", version "1"
    tlogger.go:133: INFO pool.go:309 [xds] xDS node ID: 75523b0b-9326-4ef6-9e7e-a173801805c6  (t=+5.028136ms)
    tlogger.go:133: INFO xds_resolver.go:157 [xds] [xds-resolver 0xc000138630] Creating resolver for target: xds:///my-service  (t=+5.068602ms)
    tlogger.go:133: INFO clientconn.go:1837 [core] original dial target is: "passthrough:///127.0.0.1:36227"  (t=+5.128325ms)
    tlogger.go:133: INFO clientconn.go:516 [core] [Channel #26] Channel created for target "passthrough:///127.0.0.1:36227"  (t=+5.178323ms)
    tlogger.go:133: INFO clientconn.go:247 [core] [Channel #26] parsed dial target is: resolver.Target{URL:url.URL{Scheme:"passthrough", Opaque:"", User:(*url.Userinfo)(nil), Host:"", Path:"/127.0.0.1:36227", RawPath:"", OmitHost:false, ForceQuery:false, RawQuery:"", Fragment:"", RawFragment:""}}  (t=+5.224097ms)
    tlogger.go:133: INFO clientconn.go:248 [core] [Channel #26] Channel authority set to "127.0.0.1:36227"  (t=+5.252934ms)
    tlogger.go:133: INFO clientconn.go:620 [core] [Channel #26] Channel Connectivity change to CONNECTING  (t=+5.387779ms)
    tlogger.go:133: INFO clientconn.go:421 [core] [Channel #23] Channel exiting idle mode  (t=+5.439724ms)
    tlogger.go:133: INFO resolver_wrapper.go:211 [core] [Channel #26] Resolver state updated: {
          "Addresses": [
            {
              "Addr": "127.0.0.1:36227",
              "ServerName": "",
              "Attributes": null,
              "BalancerAttributes": null,
              "Metadata": null
            }
          ],
          "Endpoints": [
            {
              "Addresses": [
                {
                  "Addr": "127.0.0.1:36227",
                  "ServerName": "",
                  "Attributes": null,
                  "BalancerAttributes": null,
                  "Metadata": null
                }
              ],
              "Attributes": null
            }
          ],
          "ServiceConfig": null,
          "Attributes": null
        } (resolver returned new addresses)  (t=+5.522161ms)
    tlogger.go:133: INFO balancer_wrapper.go:121 [core] [Channel #26] Channel switches to new LB policy "pick_first"  (t=+5.66126ms)
    tlogger.go:133: INFO clientconn.go:923 [core] [Channel #26 SubChannel #27] Subchannel created  (t=+5.743267ms)
    tlogger.go:133: INFO clientconn.go:1303 [core] [Channel #26 SubChannel #27] Subchannel Connectivity change to CONNECTING  (t=+5.797625ms)
    tlogger.go:133: INFO clientconn.go:1471 [core] [Channel #26 SubChannel #27] Subchannel picks a new address "127.0.0.1:36227" to connect  (t=+5.830527ms)
    tlogger.go:133: INFO clientconn.go:421 [core] [Channel #26] Channel exiting idle mode  (t=+5.934222ms)
    tlogger.go:133: INFO clientconn.go:1303 [core] [Channel #26 SubChannel #27] Subchannel Connectivity change to READY  (t=+6.117903ms)
    tlogger.go:133: INFO clientconn.go:620 [core] [Channel #26] Channel Connectivity change to READY  (t=+6.189074ms)
    logging.go:30: respond type.googleapis.com/envoy.config.listener.v3.Listener (requested [my-service]) version "" with version "1" and resources [my-service]
    logging.go:30: open watch 3 for type.googleapis.com/envoy.config.listener.v3.Listener map[my-service:{}] from nodeID "75523b0b-9326-4ef6-9e7e-a173801805c6", version "1"
    logging.go:30: respond type.googleapis.com/envoy.config.route.v3.RouteConfiguration (requested [route-my-service]) version "" with version "1" and resources [route-my-service]
    logging.go:30: open watch 4 for type.googleapis.com/envoy.config.route.v3.RouteConfiguration map[route-my-service:{}] from nodeID "75523b0b-9326-4ef6-9e7e-a173801805c6", version "1"
    logging.go:30: respond type.googleapis.com/envoy.config.cluster.v3.Cluster (requested [cluster-my-service]) version "" with version "1" and resources [cluster-my-service]
    logging.go:30: open watch 5 for type.googleapis.com/envoy.config.cluster.v3.Cluster map[cluster-my-service:{}] from nodeID "75523b0b-9326-4ef6-9e7e-a173801805c6", version "1"
    logging.go:30: respond type.googleapis.com/envoy.config.endpoint.v3.ClusterLoadAssignment (requested [endpoints-my-service]) version "" with version "1" and resources [endpoints-my-service]
    logging.go:30: open watch 6 for type.googleapis.com/envoy.config.endpoint.v3.ClusterLoadAssignment map[endpoints-my-service:{}] from nodeID "75523b0b-9326-4ef6-9e7e-a173801805c6", version "1"
    tlogger.go:133: INFO resolver_wrapper.go:211 [core] [Channel #23] Resolver state updated: {
          "Addresses": null,
          "Endpoints": [],
          "ServiceConfig": {
            "Config": {
              "Config": null,
              "Methods": {}
            },
            "Err": null
          },
          "Attributes": {
            "\u003c%!p(xdsclient.clientKeyType=grpc.xds.internal.client.Client)\u003e": "\u003c0xc0004dc000\u003e",
            "\u003c%!p(xdsdepmgr.xdsClusterSubscriberKey={})\u003e": "\u003c0xc0008a20c0\u003e",
            "\u003c%!p(xdsresource.xdsConfigkey={})\u003e": "\u003c0xc00012ebc0\u003e",
            "\u003c%!p(resolver.csKeyType=grpc.internal.resolver.configSelector)\u003e": "\u003c0xc00089e9a0\u003e"
          }
        } (service config updated)  (t=+9.132617ms)
    tlogger.go:133: INFO balancer_wrapper.go:121 [core] [Channel #23] Channel switches to new LB policy "xds_cluster_manager_experimental"  (t=+9.248434ms)
    tlogger.go:133: INFO clustermanager.go:58 [xds] [xds-cluster-manager-lb 0xc00012ee00] Created  (t=+9.279026ms)
    tlogger.go:133: INFO balancergroup.go:274 [xds] [xds-cluster-manager-lb 0xc00012ee00] Adding child policy of type "cds_experimental" for child "cluster:cluster-my-service"  (t=+9.308859ms)
    tlogger.go:133: INFO balancergroup.go:102 [xds] [xds-cluster-manager-lb 0xc00012ee00] Creating child policy of type "cds_experimental" for child "cluster:cluster-my-service"  (t=+9.33375ms)
    tlogger.go:133: INFO cdsbalancer.go:90 [xds] [cds-lb 0xc000782e00] Created  (t=+9.362396ms)
    tlogger.go:133: INFO cdsbalancer.go:167 [xds] [cds-lb 0xc000782e00] Received balancer config update: {
          "LoadBalancingConfig": null,
          "cluster": "cluster-my-service",
          "isDynamic": false
        }  (t=+9.429802ms)
    tlogger.go:133: INFO balancer.go:76 [xds] [priority-lb 0xc00089ea80] Created  (t=+9.541813ms)
    tlogger.go:133: INFO balancergroup.go:528 [xds] [xds-cluster-manager-lb 0xc00012ee00] Balancer state update from child cluster:cluster-my-service, new state: {ConnectivityState:CONNECTING Picker:0xc000425c50}  (t=+9.922652ms)
    tlogger.go:133: INFO balancerstateaggregator.go:147 [xds] [xds-cluster-manager-lb 0xc00012ee00] State update from sub-balancer "cluster:cluster-my-service": {ConnectivityState:CONNECTING Picker:0xc000425c50}  (t=+9.958185ms)
    tlogger.go:133: INFO balancergroup.go:274 [xds] [priority-lb 0xc00089ea80] Adding child policy of type "outlier_detection_experimental" for child "priority-0-0"  (t=+9.987839ms)
    tlogger.go:133: INFO balancergroup.go:102 [xds] [priority-lb 0xc00089ea80] Creating child policy of type "outlier_detection_experimental" for child "priority-0-0"  (t=+10.022931ms)
    tlogger.go:133: INFO balancer.go:94 [xds] [outlier-detection-lb 0xc000762a50] Created  (t=+10.054021ms)
    tlogger.go:133: INFO clusterimpl.go:88 [xds] [xds-cluster-impl-lb 0xc000387400] Created  (t=+10.101496ms)
    tlogger.go:133: INFO clusterimpl.go:100 [xds] [xds-cluster-impl-lb 0xc000387400] xDS credentials in use: false  (t=+10.137351ms)
    tlogger.go:133: INFO weightedtarget.go:65 [xds] [weighted-target-lb 0xc00012f260] Created  (t=+10.24406ms)
    tlogger.go:133: INFO balancer.go:88 [xds] [wrrlocality-lb 0xc000384750] Created  (t=+10.277014ms)
    tlogger.go:133: INFO balancergroup.go:274 [xds] [weighted-target-lb 0xc00012f260] Adding child policy of type "round_robin" for child "{region=\"region-1\", zone=\"zone-1\", sub_zone=\"subzone-1\"}"  (t=+10.365102ms)
    tlogger.go:133: INFO balancergroup.go:102 [xds] [weighted-target-lb 0xc00012f260] Creating child policy of type "round_robin" for child "{region=\"region-1\", zone=\"zone-1\", sub_zone=\"subzone-1\"}"  (t=+10.394794ms)
    tlogger.go:133: INFO roundrobin.go:56 [roundrobin] [0xc000385b60] Created  (t=+10.436535ms)
    tlogger.go:133: INFO clientconn.go:923 [core] [Channel #23 SubChannel #30] Subchannel created  (t=+10.555781ms)
    tlogger.go:133: INFO balancergroup.go:528 [xds] [weighted-target-lb 0xc00012f260] Balancer state update from child {region="region-1", zone="zone-1", sub_zone="subzone-1"}, new state: {ConnectivityState:CONNECTING Picker:0xc00076a840}  (t=+10.603943ms)
    tlogger.go:133: INFO clientconn.go:1303 [core] [Channel #23 SubChannel #30] Subchannel Connectivity change to CONNECTING  (t=+10.643304ms)
    tlogger.go:133: INFO clientconn.go:1471 [core] [Channel #23 SubChannel #30] Subchannel picks a new address "127.0.0.1:36305" to connect  (t=+10.691461ms)
    tlogger.go:133: INFO aggregator.go:253 [xds] [weighted-target-lb 0xc00012f260] Child pickers with config: map[{region="region-1", zone="zone-1", sub_zone="subzone-1"}:weight:1,picker:0xc00076a840,state:CONNECTING,stateToAggregate:CONNECTING]  (t=+10.747925ms)
    tlogger.go:133: INFO balancergroup.go:528 [xds] [priority-lb 0xc00089ea80] Balancer state update from child priority-0-0, new state: {ConnectivityState:CONNECTING Picker:0xc0007259c8}  (t=+10.813592ms)
    tlogger.go:133: INFO balancergroup.go:528 [xds] [xds-cluster-manager-lb 0xc00012ee00] Balancer state update from child cluster:cluster-my-service, new state: {ConnectivityState:CONNECTING Picker:0xc0007259c8}  (t=+10.854475ms)
    tlogger.go:133: INFO balancerstateaggregator.go:147 [xds] [xds-cluster-manager-lb 0xc00012ee00] State update from sub-balancer "cluster:cluster-my-service": {ConnectivityState:CONNECTING Picker:0xc0007259c8}  (t=+10.884845ms)
    tlogger.go:133: INFO balancerstateaggregator.go:191 [xds] [xds-cluster-manager-lb 0xc00012ee00] Child pickers: map[cluster:cluster-my-service:picker:0xc0007259c8,state:CONNECTING,stateToAggregate:CONNECTING]  (t=+10.921157ms)
    tlogger.go:133: INFO clientconn.go:1303 [core] [Channel #23 SubChannel #30] Subchannel Connectivity change to READY  (t=+11.018144ms)
    tlogger.go:133: INFO balancergroup.go:528 [xds] [weighted-target-lb 0xc00012f260] Balancer state update from child {region="region-1", zone="zone-1", sub_zone="subzone-1"}, new state: {ConnectivityState:READY Picker:0xc000799900}  (t=+11.145277ms)
    tlogger.go:133: INFO aggregator.go:253 [xds] [weighted-target-lb 0xc00012f260] Child pickers with config: map[{region="region-1", zone="zone-1", sub_zone="subzone-1"}:weight:1,picker:0xc000799900,state:READY,stateToAggregate:READY]  (t=+11.215908ms)
    tlogger.go:133: INFO balancergroup.go:528 [xds] [priority-lb 0xc00089ea80] Balancer state update from child priority-0-0, new state: {ConnectivityState:READY Picker:0xc000013968}  (t=+11.267128ms)
    tlogger.go:133: INFO balancergroup.go:528 [xds] [xds-cluster-manager-lb 0xc00012ee00] Balancer state update from child cluster:cluster-my-service, new state: {ConnectivityState:READY Picker:0xc000013968}  (t=+11.310831ms)
    tlogger.go:133: INFO balancerstateaggregator.go:147 [xds] [xds-cluster-manager-lb 0xc00012ee00] State update from sub-balancer "cluster:cluster-my-service": {ConnectivityState:READY Picker:0xc000013968}  (t=+11.348327ms)
    tlogger.go:133: INFO balancerstateaggregator.go:191 [xds] [xds-cluster-manager-lb 0xc00012ee00] Child pickers: map[cluster:cluster-my-service:picker:0xc000013968,state:READY,stateToAggregate:READY]  (t=+11.38563ms)
    tlogger.go:133: INFO clientconn.go:620 [core] [Channel #23] Channel Connectivity change to READY  (t=+11.440541ms)
    server.go:229: Created new resource snapshot...
    logging.go:30: setting snapshot for node 75523b0b-9326-4ef6-9e7e-a173801805c6
    logging.go:30: respond open watch 1 type.googleapis.com/envoy.config.listener.v3.Listener [grpc/server?xds.resource.listening_address=127.0.0.1:36305] with new version "2"
    logging.go:30: respond type.googleapis.com/envoy.config.listener.v3.Listener (requested [grpc/server?xds.resource.listening_address=127.0.0.1:36305]) version "1" with version "2" and resources [grpc/server?xds.resource.listening_address=127.0.0.1:36305]
    logging.go:30: respond open watch 2 type.googleapis.com/envoy.config.route.v3.RouteConfiguration [routeName] with new version "2"
    logging.go:30: respond type.googleapis.com/envoy.config.route.v3.RouteConfiguration (requested [routeName]) version "1" with version "2" and resources [routeName]
    logging.go:30: respond open watch 3 type.googleapis.com/envoy.config.listener.v3.Listener [my-service] with new version "2"
    logging.go:30: respond type.googleapis.com/envoy.config.listener.v3.Listener (requested [my-service]) version "1" with version "2" and resources [my-service]
    logging.go:30: respond open watch 4 type.googleapis.com/envoy.config.route.v3.RouteConfiguration [route-my-service] with new version "2"
    logging.go:30: respond type.googleapis.com/envoy.config.route.v3.RouteConfiguration (requested [route-my-service]) version "1" with version "2" and resources [route-my-service]
    logging.go:30: respond open watch 5 type.googleapis.com/envoy.config.cluster.v3.Cluster [cluster-my-service] with new version "2"
    logging.go:30: respond type.googleapis.com/envoy.config.cluster.v3.Cluster (requested [cluster-my-service]) version "1" with version "2" and resources [cluster-my-service]
    logging.go:30: respond open watch 6 type.googleapis.com/envoy.config.endpoint.v3.ClusterLoadAssignment [endpoints-my-service] with new version "2"
    logging.go:30: respond type.googleapis.com/envoy.config.endpoint.v3.ClusterLoadAssignment (requested [endpoints-my-service]) version "1" with version "2" and resources [endpoints-my-service]
    server.go:235: Updated snapshot cache with resource snapshot...
    logging.go:30: open watch 7 for type.googleapis.com/envoy.config.listener.v3.Listener map[my-service:{}] from nodeID "75523b0b-9326-4ef6-9e7e-a173801805c6", version "2"
    logging.go:30: open watch 8 for type.googleapis.com/envoy.config.listener.v3.Listener map[grpc/server?xds.resource.listening_address=127.0.0.1:36305:{}] from nodeID "75523b0b-9326-4ef6-9e7e-a173801805c6", version "2"
    logging.go:30: open watch 9 for type.googleapis.com/envoy.config.cluster.v3.Cluster map[cluster-my-service:{}] from nodeID "75523b0b-9326-4ef6-9e7e-a173801805c6", version "2"
    tlogger.go:133: INFO rds_handler.go:147 RDS watch for resource "routeName" received update: &xdsresource.RouteConfigUpdate{VirtualHosts:[]*xdsresource.VirtualHost{(*xdsresource.VirtualHost)(0xc00083d940)}, ClusterSpecifierPlugins:map[string]clusterspecifier.BalancerConfig{}, Raw:(*anypb.Any)(0xc000586820)}  (t=+13.781367ms)
    logging.go:30: open watch 10 for type.googleapis.com/envoy.config.endpoint.v3.ClusterLoadAssignment map[endpoints-my-service:{}] from nodeID "75523b0b-9326-4ef6-9e7e-a173801805c6", version "2"
    logging.go:30: open watch 11 for type.googleapis.com/envoy.config.route.v3.RouteConfiguration map[routeName:{}] from nodeID "75523b0b-9326-4ef6-9e7e-a173801805c6", version "2"
    logging.go:30: open watch 12 for type.googleapis.com/envoy.config.route.v3.RouteConfiguration map[route-my-service:{}] from nodeID "75523b0b-9326-4ef6-9e7e-a173801805c6", version "2"
    tlogger.go:129: WARNING ads_stream.go:452 [xds] [xds-client 0xc00047c460] [xds-channel 0xc00079c410] [ads-stream 0xc00047c500] ADS stream closed: rpc error: code = Canceled desc = context canceled  (t=+33.135912ms)
    tlogger.go:133: INFO ads_stream.go:165 [xds] [xds-client 0xc00047c460] [xds-channel 0xc00079c410] [ads-stream 0xc00047c500] Shutdown ADS stream  (t=+33.190125ms)
    tlogger.go:133: INFO clientconn.go:620 [core] [Channel #20] Channel Connectivity change to SHUTDOWN  (t=+33.235531ms)
    tlogger.go:133: INFO resolver_wrapper.go:112 [core] [Channel #20] Closing the name resolver  (t=+33.271296ms)
    tlogger.go:133: INFO balancer_wrapper.go:159 [core] [Channel #20] ccBalancerWrapper: closing  (t=+33.319568ms)
    logging.go:30: open watch 13 for type.googleapis.com/envoy.config.listener.v3.Listener map[] from nodeID "75523b0b-9326-4ef6-9e7e-a173801805c6", version "2"
    tlogger.go:133: INFO clientconn.go:1303 [core] [Channel #20 SubChannel #22] Subchannel Connectivity change to SHUTDOWN  (t=+33.482693ms)
    tlogger.go:133: INFO clientconn.go:1710 [core] [Channel #20 SubChannel #22] Subchannel deleted  (t=+33.530271ms)
    tlogger.go:133: INFO clientconn.go:1232 [core] [Channel #20] Channel deleted  (t=+33.676681ms)
    tlogger.go:133: INFO channel.go:143 [xds] [xds-client 0xc00047c460] [xds-channel 0xc00079c410] Shutdown  (t=+33.755238ms)
    tlogger.go:133: INFO server.go:864 [core] [Server #19 ListenSocket #21] ListenSocket deleted  (t=+33.803375ms)
    tlogger.go:133: INFO clientconn.go:1303 [core] [Channel #23 SubChannel #30] Subchannel Connectivity change to IDLE  (t=+33.912241ms)
    tlogger.go:133: INFO xdsclient.go:210 [xds] [xds-client 0xc00047c460] Shutdown  (t=+33.966982ms)
    zz_verify_c5_e2e_test.go:252: PROBE event[0] ServerFilter.Build
    zz_verify_c5_e2e_test.go:252: PROBE event[1] Interceptor#1.Build
    zz_verify_c5_e2e_test.go:252: PROBE event[2] --- generation 1 serving (RPC OK); sending in-place RDS replacement for "routeName" ---
    zz_verify_c5_e2e_test.go:252: PROBE event[3] ServerFilter.Close (filter DESTROYED) stack=[server.(*refCountedServerFilter).Close <- server.(*filterChain).constructUsableRouteConfiguration <- server.(*listenerWrapper).handleRDSUpdate <- server.(*rdsWatcher).ResourceChanged]
    zz_verify_c5_e2e_test.go:252: PROBE event[4] Interceptor#1.Close parentFilterAlreadyDestroyed=true stack=[server.(*interceptorList).Close <- server.(*usableRouteConfiguration).close <- server.(*filterChain).updateUsableRouteConfiguration <- server.(*listenerWrapper).handleRDSUpdate <- server.(*rdsWatcher).ResourceChanged]
    zz_verify_c5_e2e_test.go:252: PROBE event[5] --- replacement observed; stopping server ---
    zz_verify_c5_e2e_test.go:254: PROBE RESULT after in-place replacement: retired interceptors closed while parent filter still alive=0, closed AFTER parent filter was destroyed=1
    tlogger.go:133: INFO balancergroup.go:528 [xds] [weighted-target-lb 0xc00012f260] Balancer state update from child {region="region-1", zone="zone-1", sub_zone="subzone-1"}, new state: {ConnectivityState:IDLE Picker:0xc000124f00}  (t=+34.125872ms)
    tlogger.go:133: INFO aggregator.go:253 [xds] [weighted-target-lb 0xc00012f260] Child pickers with config: map[{region="region-1", zone="zone-1", sub_zone="subzone-1"}:weight:1,picker:0xc000124f00,state:IDLE,stateToAggregate:IDLE]  (t=+34.20304ms)
    tlogger.go:133: INFO clientconn.go:620 [core] [Channel #23] Channel Connectivity change to SHUTDOWN  (t=+34.265886ms)
    tlogger.go:133: INFO balancergroup.go:528 [xds] [priority-lb 0xc00089ea80] Balancer state update from child priority-0-0, new state: {ConnectivityState:IDLE Picker:0xc000608a50}  (t=+34.325381ms)
    tlogger.go:133: INFO balancergroup.go:528 [xds] [weighted-target-lb 0xc00012f260] Balancer state update from child {region="region-1", zone="zone-1", sub_zone="subzone-1"}, new state: {ConnectivityState:CONNECTING Picker:0xc000798dc0}  (t=+34.369325ms)
    tlogger.go:133: INFO resolver_wrapper.go:112 [core] [Channel #23] Closing the name resolver  (t=+34.426303ms)
    tlogger.go:133: INFO balancer_wrapper.go:159 [core] [Channel #23] ccBalancerWrapper: closing  (t=+34.483851ms)
    tlogger.go:133: INFO balancergroup.go:528 [xds] [xds-cluster-manager-lb 0xc00012ee00] Balancer state update from child cluster:cluster-my-service, new state: {ConnectivityState:IDLE Picker:0xc000608a50}  (t=+34.522668ms)
    tlogger.go:133: INFO balancerstateaggregator.go:147 [xds] [xds-cluster-manager-lb 0xc00012ee00] State update from sub-balancer "cluster:cluster-my-service": {ConnectivityState:IDLE Picker:0xc000608a50}  (t=+34.558821ms)
    tlogger.go:133: INFO balancerstateaggregator.go:191 [xds] [xds-cluster-manager-lb 0xc00012ee00] Child pickers: map[cluster:cluster-my-service:picker:0xc000608a50,state:IDLE,stateToAggregate:IDLE]  (t=+34.597453ms)
    tlogger.go:133: INFO aggregator.go:253 [xds] [weighted-target-lb 0xc00012f260] Child pickers with config: map[{region="region-1", zone="zone-1", sub_zone="subzone-1"}:weight:1,picker:0xc000798dc0,state:CONNECTING,stateToAggregate:CONNECTING]  (t=+34.656647ms)
    tlogger.go:133: INFO clusterimpl.go:508 [xds] [xds-cluster-impl-lb 0xc000387400] Shutdown  (t=+34.714726ms)
    tlogger.go:133: INFO balancergroup.go:351 [xds] [priority-lb 0xc00089ea80] Removing child policy for child "priority-0-0"  (t=+34.751876ms)
    tlogger.go:133: INFO cdsbalancer.go:416 [xds] [cds-lb 0xc000782e00] Shutdown  (t=+34.774825ms)
    tlogger.go:133: INFO clustermanager.go:192 [xds] [xds-cluster-manager-lb 0xc00012ee00] Shutdown  (t=+34.796648ms)
    tlogger.go:129: WARNING ads_stream.go:410 [xds] [xds-client 0xc000230be0] [xds-channel 0xc0005aef50] [ads-stream 0xc00012a3c0] Sending ADS request for type "type.googleapis.com/envoy.config.endpoint.v3.ClusterLoadAssignment", resources: [], version: "2", nonce: "7" failed: EOF  (t=+34.851652ms)
    tlogger.go:133: INFO clientconn.go:1303 [core] [Channel #23 SubChannel #30] Subchannel Connectivity change to CONNECTING  (t=+34.899306ms)
    tlogger.go:133: INFO clientconn.go:1471 [core] [Channel #23 SubChannel #30] Subchannel picks a new address "127.0.0.1:36305" to connect  (t=+34.957369ms)
    tlogger.go:129: WARNING ads_stream.go:452 [xds] [xds-client 0xc000230be0] [xds-channel 0xc0005aef50] [ads-stream 0xc00012a3c0] ADS stream closed: rpc error: code = Canceled desc = context canceled  (t=+35.013956ms)
    tlogger.go:133: INFO ads_stream.go:165 [xds] [xds-client 0xc000230be0] [xds-channel 0xc0005aef50] [ads-stream 0xc00012a3c0] Shutdown ADS stream  (t=+35.074073ms)
    tlogger.go:133: INFO clientconn.go:620 [core] [Channel #26] Channel Connectivity change to SHUTDOWN  (t=+35.123396ms)
    tlogger.go:133: INFO resolver_wrapper.go:112 [core] [Channel #26] Closing the name resolver  (t=+35.156906ms)
    tlogger.go:133: INFO balancer_wrapper.go:159 [core] [Channel #26] ccBalancerWrapper: closing  (t=+35.21104ms)
    logging.go:30: open watch 14 for type.googleapis.com/envoy.config.listener.v3.Listener map[] from nodeID "75523b0b-9326-4ef6-9e7e-a173801805c6", version "2"
    tlogger.go:129: WARNING clientconn.go:1534 [core] [Channel #23 SubChannel #30] grpc: addrConn.createTransport failed to connect to {Addr: "127.0.0.1:36305", ServerName: "my-service", Attributes: {"<%!p(xds.hostnameKey={})>": "" , "<%!p(xds.handshakeAttrKey={})>": "<0xc000387470>" , "<%!p(xds.handshakeClusterNameKey={})>": "cluster-my-service" }, BalancerAttributes: {"<%!p(weight.attributeKey={})>": "Weight: 2147483648" , "<%!p(wrrlocality.attributeKey={})>": "Locality Weight: 1" , "<%!p(xds.localityKeyType=grpc.xds.internal.address.locality)>": "<%!p(clients.Locality={region-1 zone-1 subzone-1})>" , "<%!p(hierarchy.pathKeyType=grpc.internal.address.hierarchical_path)>": "<0xc00012efa0>" }}. Err: connection error: desc = "transport: Error while dialing: dial tcp 127.0.0.1:36305: connect: connection refused"  (t=+35.246731ms)
    tlogger.go:133: INFO clientconn.go:1303 [core] [Channel #26 SubChannel #27] Subchannel Connectivity change to SHUTDOWN  (t=+35.294186ms)
    tlogger.go:133: INFO clientconn.go:1305 [core] [Channel #23 SubChannel #30] Subchannel Connectivity change to TRANSIENT_FAILURE, last error: connection error: desc = "transport: Error while dialing: dial tcp 127.0.0.1:36305: connect: connection refused"  (t=+35.318236ms)
    tlogger.go:133: INFO clientconn.go:1710 [core] [Channel #26 SubChannel #27] Subchannel deleted  (t=+35.35247ms)
    tlogger.go:133: INFO clientconn.go:1232 [core] [Channel #26] Channel deleted  (t=+35.491271ms)
    tlogger.go:133: INFO channel.go:143 [xds] [xds-client 0xc000230be0] [xds-channel 0xc0005aef50] Shutdown  (t=+35.538006ms)
    tlogger.go:133: INFO xdsclient.go:210 [xds] [xds-client 0xc000230be0] Shutdown  (t=+35.615997ms)
    tlogger.go:133: INFO xds_resolver.go:295 [xds] [xds-resolver 0xc000138630] Shutdown  (t=+35.65265ms)
    tlogger.go:133: INFO clientconn.go:1303 [core] [Channel #23 SubChannel #30] Subchannel Connectivity change to SHUTDOWN  (t=+35.707869ms)
    tlogger.go:133: INFO clientconn.go:1710 [core] [Channel #23 SubChannel #30] Subchannel deleted  (t=+35.745241ms)
    tlogger.go:133: INFO clientconn.go:1232 [core] [Channel #23] Channel deleted  (t=+35.775773ms)
    tlogger.go:133: INFO server.go:864 [core] [Server #17 ListenSocket #18] ListenSocket deleted  (t=+35.878191ms)
--- PASS: Test (0.09s)
    --- PASS: Test/VerifyC5_AllRoutesDisableFilter (0.05s)
    --- PASS: Test/VerifyC5_ReplacementWithNoRoutes (0.04s)
PASS
ok  	google.golang.org/grpc/test/xds	1.115s
exit=0
