=== RUN   Test
=== RUN   Test/VerifyC5_AllRoutesDisableFilter
    setup.go:45: Created new snapshot cache...
    tlogger.go:133: INFO server.go:732 [core] [Server #1] Server created  (t=+828.1µs)
    setup.go:45: Registered Aggregated Discovery Service (ADS)...
    setup.go:45: xDS management server serving at: 127.0.0.1:39825...
    tlogger.go:133: INFO server.go:928 [core] [Server #1 ListenSocket #2] ListenSocket created  (t=+1.073975ms)
    tlogger.go:133: INFO server.go:732 [core] [Server #3] Server created  (t=+2.354253ms)
    tlogger.go:133: INFO pool.go:309 [xds] xDS node ID: b6c9796c-add7-4cb6-839f-3cb0e4a0d876  (t=+2.495345ms)
    tlogger.go:133: INFO server.go:118 [xds] [xds-server 0xc000494ec0] Created xds.GRPCServer  (t=+2.529581ms)
    stubserver.go:300: Started test service backend at "127.0.0.1:43979"
    tlogger.go:133: INFO server.go:177 [xds] [xds-server 0xc000494ec0] Serve() passed a net.Listener on 127.0.0.1:43979  (t=+2.705286ms)
    tlogger.go:133: INFO clientconn.go:1837 [core] original dial target is: "passthrough:///127.0.0.1:39825"  (t=+2.805834ms)
    tlogger.go:133: INFO clientconn.go:516 [core] [Channel #4] Channel created for target "passthrough:///127.0.0.1:39825"  (t=+2.873501ms)
    tlogger.go:133: INFO clientconn.go:247 [core] [Channel #4] parsed dial target is: resolver.Target{URL:url.URL{Scheme:"passthrough", Opaque:"", User:(*url.Userinfo)(nil), Host:"", Path:"/127.0.0.1:39825", RawPath:"", OmitHost:false, ForceQuery:false, RawQuery:"", Fragment:"", RawFragment:""}}  (t=+2.929627ms)
    tlogger.go:133: INFO clientconn.go:248 [core] [Channel #4] Channel authority set to "127.0.0.1:39825"  (t=+2.97628ms)
    tlogger.go:133: INFO server.go:928 [core] [Server #3 ListenSocket #5] ListenSocket created  (t=+3.153948ms)
    tlogger.go:133: INFO clientconn.go:620 [core] [Channel #4] Channel Connectivity change to CONNECTING  (t=+3.215192ms)
    tlogger.go:133: INFO resolver_wrapper.go:211 [core] [Channel #4] Resolver state updated: {
          "Addresses": [
            {
              "Addr": "127.0.0.1:39825",
              "ServerName": "",
              "Attributes": null,
              "BalancerAttributes": null,
              "Metadata": null
            }
          ],
          "Endpoints": [
            {
              "Addresses": [
                {
                  "Addr": "127.0.0.1:39825",
                  "ServerName": "",
                  "Attributes": null,
                  "BalancerAttributes": null,
                  "Metadata": null
                }
              ],
              "Attributes": null
            }
          ],
          "ServiceConfig": null,
          "Attributes": null
        } (resolver returned new addresses)  (t=+3.568064ms)
    tlogger.go:133: INFO balancer_wrapper.go:121 [core] [Channel #4] Channel switches to new LB policy "pick_first"  (t=+3.747078ms)
    tlogger.go:133: INFO clientconn.go:923 [core] [Channel #4 SubChannel #6] Subchannel created  (t=+3.883442ms)
    tlogger.go:133: INFO clientconn.go:421 [core] [Channel #4] Channel exiting idle mode  (t=+3.951591ms)
    tlogger.go:133: INFO clientconn.go:1303 [core] [Channel #4 SubChannel #6] Subchannel Connectivity change to CONNECTING  (t=+4.014182ms)
    tlogger.go:133: INFO clientconn.go:1471 [core] [Channel #4 SubChannel #6] Subchannel picks a new address "127.0.0.1:39825" to connect  (t=+4.197472ms)
    tlogger.go:133: INFO clientconn.go:1303 [core] [Channel #4 SubChannel #6] Subchannel Connectivity change to READY  (t=+5.341009ms)
    tlogger.go:133: INFO clientconn.go:620 [core] [Channel #4] Channel Connectivity change to READY  (t=+5.467864ms)
    logging.go:30: open watch 1 for type.googleapis.com/envoy.config.listener.v3.Listener map[grpc/server?xds.resource.listening_address=127.0.0.1:43979:{}] from nodeID "b6c9796c-add7-4cb6-839f-3cb0e4a0d876", version ""
    server.go:229: Created new resource snapshot...
    logging.go:30: setting snapshot for node b6c9796c-add7-4cb6-839f-3cb0e4a0d876
    logging.go:30: respond open watch 1 type.googleapis.com/envoy.config.listener.v3.Listener [grpc/server?xds.resource.listening_address=127.0.0.1:43979] with new version "1"
    logging.go:30: respond type.googleapis.com/envoy.config.listener.v3.Listener (requested [grpc/server?xds.resource.listening_address=127.0.0.1:43979]) version "" with version "1" and resources [grpc/server?xds.resource.listening_address=127.0.0.1:43979]
    server.go:235: Updated snapshot cache with resource snapshot...
    tlogger.go:133: INFO clientconn.go:1837 [core] original dial target is: "xds:///my-service"  (t=+7.608375ms)
    tlogger.go:133: INFO clientconn.go:516 [core] [Channel #9] Channel created for target "xds:///my-service"  (t=+7.653801ms)
    tlogger.go:133: INFO clientconn.go:247 [core] [Channel #9] parsed dial target is: resolver.Target{URL:url.URL{Scheme:"xds", Opaque:"", User:(*url.Userinfo)(nil), Host:"", Path:"/my-service", RawPath:"", OmitHost:false, ForceQuery:false, RawQuery:"", Fragment:"", RawFragment:""}}  (t=+7.698147ms)
    tlogger.go:133: INFO clientconn.go:248 [core] [Channel #9] Channel authority set to "my-service"  (t=+7.7327ms)
    logging.go:30: open watch 2 for type.googleapis.com/envoy.config.listener.v3.Listener map[grpc/server?xds.resource.listening_address=127.0.0.1:43979:{}] from nodeID "b6c9796c-add7-4cb6-839f-3cb0e4a0d876", version "1"
    logging.go:30: respond type.googleapis.com/envoy.config.route.v3.RouteConfiguration (requested [routeName]) version "" with version "1" and resources [routeName]
    tlogger.go:133: INFO rds_handler.go:147 RDS watch for resource "routeName" received update: &xdsresource.RouteConfigUpdate{VirtualHosts:[]*xdsresource.VirtualHost{(*xdsresource.VirtualHost)(0xc00028a100)}, ClusterSpecifierPlugins:map[string]clusterspecifier.BalancerConfig{}, Raw:(*anypb.Any)(0xc0000ce280)}  (t=+11.979399ms)
    logging.go:30: open watch 3 for type.googleapis.com/envoy.config.route.v3.RouteConfiguration map[routeName:{}] from nodeID "b6c9796c-add7-4cb6-839f-3cb0e4a0d876", version "1"
    tlogger.go:133: INFO clientconn.go:620 [core] [Channel #9] Channel Connectivity change to CONNECTING  (t=+12.120227ms)
    tlogger.go:133: INFO pool.go:309 [xds] xDS node ID: b6c9796c-add7-4cb6-839f-3cb0e4a0d876  (t=+12.651286ms)
    tlogger.go:133: INFO xds_resolver.go:157 [xds] [xds-resolver 0xc000036120] Creating resolver for target: xds:///my-service  (t=+12.709236ms)
    tlogger.go:133: INFO clientconn.go:1837 [core] original dial target is: "passthrough:///127.0.0.1:39825"  (t=+12.834606ms)
    tlogger.go:133: INFO clientconn.go:516 [core] [Channel #10] Channel created for target "passthrough:///127.0.0.1:39825"  (t=+12.895483ms)
    tlogger.go:133: INFO clientconn.go:247 [core] [Channel #10] parsed dial target is: resolver.Target{URL:url.URL{Scheme:"passthrough", Opaque:"", User:(*url.Userinfo)(nil), Host:"", Path:"/127.0.0.1:39825", RawPath:"", OmitHost:false, ForceQuery:false, RawQuery:"", Fragment:"", RawFragment:""}}  (t=+12.950293ms)
    tlogger.go:133: INFO clientconn.go:248 [core] [Channel #10] Channel authority set to "127.0.0.1:39825"  (t=+12.985721ms)
    tlogger.go:133: INFO clientconn.go:620 [core] [Channel #10] Channel Connectivity change to CONNECTING  (t=+13.144955ms)
    tlogger.go:133: INFO clientconn.go:421 [core] [Channel #9] Channel exiting idle mode  (t=+13.181851ms)
    tlogger.go:133: INFO resolver_wrapper.go:211 [core] [Channel #10] Resolver state updated: {
          "Addresses": [
            {
              "Addr": "127.0.0.1:39825",
              "ServerName": "",
              "Attributes": null,
              "BalancerAttributes": null,
              "Metadata": null
            }
          ],
          "Endpoints": [
            {
              "Addresses": [
                {
                  "Addr": "127.0.0.1:39825",
                  "ServerName": "",
                  "Attributes": null,
                  "BalancerAttributes": null,
                  "Metadata": null
                }
              ],
              "Attributes": null
            }
          ],
          "ServiceConfig": null,
          "Attributes": null
        } (resolver returned new addresses)  (t=+13.317695ms)
    tlogger.go:133: INFO balancer_wrapper.go:121 [core] [Channel #10] Channel switches to new LB policy "pick_first"  (t=+13.47686ms)
    tlogger.go:133: INFO clientconn.go:923 [core] [Channel #10 SubChannel #11] Subchannel created  (t=+13.582636ms)
    tlogger.go:133: INFO clientconn.go:1303 [core] [Channel #10 SubChannel #11] Subchannel Connectivity change to CONNECTING  (t=+13.658316ms)
    tlogger.go:133: INFO clientconn.go:421 [core] [Channel #10] Channel exiting idle mode  (t=+13.69638ms)
    tlogger.go:133: INFO clientconn.go:1471 [core] [Channel #10 SubChannel #11] Subchannel picks a new address "127.0.0.1:39825" to connect  (t=+13.776729ms)
    tlogger.go:133: INFO clientconn.go:1303 [core] [Channel #10 SubChannel #11] Subchannel Connectivity change to READY  (t=+14.145113ms)
    tlogger.go:133: INFO clientconn.go:620 [core] [Channel #10] Channel Connectivity change to READY  (t=+14.226581ms)
    logging.go:30: respond type.googleapis.com/envoy.config.listener.v3.Listener (requested [my-service]) version "" with version "1" and resources [my-service]
    logging.go:30: open watch 4 for type.googleapis.com/envoy.config.listener.v3.Listener map[my-service:{}] from nodeID "b6c9796c-add7-4cb6-839f-3cb0e4a0d876", version "1"
    logging.go:30: respond type.googleapis.com/envoy.config.route.v3.RouteConfiguration (requested [route-my-service]) version "" with version "1" and resources [route-my-service]
    logging.go:30: open watch 5 for type.googleapis.com/envoy.config.route.v3.RouteConfiguration map[route-my-service:{}] from nodeID "b6c9796c-add7-4cb6-839f-3cb0e4a0d876", version "1"
    logging.go:30: respond type.googleapis.com/envoy.config.cluster.v3.Cluster (requested [cluster-my-service]) version "" with version "1" and resources [cluster-my-service]
    logging.go:30: open watch 6 for type.googleapis.com/envoy.config.cluster.v3.Cluster map[cluster-my-service:{}] from nodeID "b6c9796c-add7-4cb6-839f-3cb0e4a0d876", version "1"
    logging.go:30: respond type.googleapis.com/envoy.config.endpoint.v3.ClusterLoadAssignment (requested [endpoints-my-service]) version "" with version "1" and resources [endpoints-my-service]
    logging.go:30: open watch 7 for type.googleapis.com/envoy.config.endpoint.v3.ClusterLoadAssignment map[endpoints-my-service:{}] from nodeID "b6c9796c-add7-4cb6-839f-3cb0e4a0d876", version "1"
    tlogger.go:133: INFO resolver_wrapper.go:211 [core] [Channel #9] Resolver state updated: {
          "Addresses": null,
          "Endpoints": [],
          "ServiceConfig": {
            "Config": {
              "Config": null,
              "Methods": {}
            },
            "Err": null
          },
          "Attributes": {
            "\u003c%!p(xdsclient.clientKeyType=grpc.xds.internal.client.Client)\u003e": "\u003c0xc000432a20\u003e",
            "\u003c%!p(xdsdepmgr.xdsClusterSubscriberKey={})\u003e": "\u003c0xc00015c540\u003e",
            "\u003c%!p(xdsresource.xdsConfigkey={})\u003e": "\u003c0xc000496f40\u003e",
            "\u003c%!p(resolver.csKeyType=grpc.internal.resolver.configSelector)\u003e": "\u003c0xc00028f960\u003e"
          }
        } (service config updated)  (t=+22.867493ms)
    tlogger.go:133: INFO balancer_wrapper.go:121 [core] [Channel #9] Channel switches to new LB policy "xds_cluster_manager_experimental"  (t=+22.986787ms)
    tlogger.go:133: INFO clustermanager.go:58 [xds] [xds-cluster-manager-lb 0xc000497280] Created  (t=+23.030319ms)
    tlogger.go:133: INFO balancergroup.go:274 [xds] [xds-cluster-manager-lb 0xc000497280] Adding child policy of type "cds_experimental" for child "cluster:cluster-my-service"  (t=+23.071289ms)
    tlogger.go:133: INFO balancergroup.go:102 [xds] [xds-cluster-manager-lb 0xc000497280] Creating child policy of type "cds_experimental" for child "cluster:cluster-my-service"  (t=+23.103198ms)
    tlogger.go:133: INFO cdsbalancer.go:90 [xds] [cds-lb 0xc000583180] Created  (t=+23.133647ms)
    tlogger.go:133: INFO cdsbalancer.go:167 [xds] [cds-lb 0xc000583180] Received balancer config update: {
          "LoadBalancingConfig": null,
          "cluster": "cluster-my-service",
          "isDynamic": false
        }  (t=+23.219777ms)
    tlogger.go:133: INFO balancer.go:76 [xds] [priority-lb 0xc00028fa40] Created  (t=+23.439937ms)
    tlogger.go:133: INFO balancergroup.go:528 [xds] [xds-cluster-manager-lb 0xc000497280] Balancer state update from child cluster:cluster-my-service, new state: {ConnectivityState:CONNECTING Picker:0xc000705bf0}  (t=+23.978135ms)
    tlogger.go:133: INFO balancerstateaggregator.go:147 [xds] [xds-cluster-manager-lb 0xc000497280] State update from sub-balancer "cluster:cluster-my-service": {ConnectivityState:CONNECTING Picker:0xc000705bf0}  (t=+24.017616ms)
    tlogger.go:133: INFO balancergroup.go:274 [xds] [priority-lb 0xc00028fa40] Adding child policy of type "outlier_detection_experimental" for child "priority-0-0"  (t=+24.060313ms)
    tlogger.go:133: INFO balancergroup.go:102 [xds] [priority-lb 0xc00028fa40] Creating child policy of type "outlier_detection_experimental" for child "priority-0-0"  (t=+24.094656ms)
    tlogger.go:133: INFO balancer.go:94 [xds] [outlier-detection-lb 0xc000727e00] Created  (t=+24.124772ms)
    tlogger.go:133: INFO clusterimpl.go:88 [xds] [xds-cluster-impl-lb 0xc0001e5400] Created  (t=+24.187026ms)
    tlogger.go:133: INFO clusterimpl.go:100 [xds] [xds-cluster-impl-lb 0xc0001e5400] xDS credentials in use: false  (t=+24.222457ms)
    tlogger.go:133: INFO weightedtarget.go:65 [xds] [weighted-target-lb 0xc000497b40] Created  (t=+24.323391ms)
    tlogger.go:133: INFO balancer.go:88 [xds] [wrrlocality-lb 0xc0007cc5d0] Created  (t=+24.349177ms)
    tlogger.go:133: INFO balancergroup.go:274 [xds] [weighted-target-lb 0xc000497b40] Adding child policy of type "round_robin" for child "{region=\"region-1\", zone=\"zone-1\", sub_zone=\"subzone-1\"}"  (t=+24.488914ms)
    tlogger.go:133: INFO balancergroup.go:102 [xds] [weighted-target-lb 0xc000497b40] Creating child policy of type "round_robin" for child "{region=\"region-1\", zone=\"zone-1\", sub_zone=\"subzone-1\"}"  (t=+24.522339ms)
    tlogger.go:133: INFO roundrobin.go:56 [roundrobin] [0xc0007ccdb0] Created  (t=+24.553439ms)
    tlogger.go:133: INFO clientconn.go:923 [core] [Channel #9 SubChannel #14] Subchannel created  (t=+24.681366ms)
    tlogger.go:133: INFO balancergroup.go:528 [xds] [weighted-target-lb 0xc000497b40] Balancer state update from child {region="region-1", zone="zone-1", sub_zone="subzone-1"}, new state: {ConnectivityState:CONNECTING Picker:0xc0004687c0}  (t=+24.739572ms)
    tlogger.go:133: INFO aggregator.go:253 [xds] [weighted-target-lb 0xc000497b40] Child pickers with config: map[{region="region-1", zone="zone-1", sub_zone="subzone-1"}:weight:1,picker:0xc0004687c0,state:CONNECTING,stateToAggregate:CONNECTING]  (t=+24.776367ms)
    tlogger.go:133: INFO balancergroup.go:528 [xds] [priority-lb 0xc00028fa40] Balancer state update from child priority-0-0, new state: {ConnectivityState:CONNECTING Picker:0xc00078e900}  (t=+24.854728ms)
    tlogger.go:133: INFO clientconn.go:1303 [core] [Channel #9 SubChannel #14] Subchannel Connectivity change to CONNECTING  (t=+24.892274ms)
    tlogger.go:133: INFO clientconn.go:1471 [core] [Channel #9 SubChannel #14] Subchannel picks a new address "127.0.0.1:43979" to connect  (t=+24.954476ms)
    tlogger.go:133: INFO balancergroup.go:528 [xds] [xds-cluster-manager-lb 0xc000497280] Balancer state update from child cluster:cluster-my-service, new state: {ConnectivityState:CONNECTING Picker:0xc00078e900}  (t=+25.019398ms)
    tlogger.go:133: INFO balancerstateaggregator.go:147 [xds] [xds-cluster-manager-lb 0xc000497280] State update from sub-balancer "cluster:cluster-my-service": {ConnectivityState:CONNECTING Picker:0xc00078e900}  (t=+25.087472ms)
    tlogger.go:133: INFO balancerstateaggregator.go:191 [xds] [xds-cluster-manager-lb 0xc000497280] Child pickers: map[cluster:cluster-my-service:picker:0xc000705bf0,state:CONNECTING,stateToAggregate:CONNECTING]  (t=+25.120697ms)
    tlogger.go:133: INFO balancerstateaggregator.go:191 [xds] [xds-cluster-manager-lb 0xc000497280] Child pickers: map[cluster:cluster-my-service:picker:0xc00078e900,state:CONNECTING,stateToAggregate:CONNECTING]  (t=+25.206127ms)
    tlogger.go:133: INFO clientconn.go:1303 [core] [Channel #9 SubChannel #14] Subchannel Connectivity change to READY  (t=+25.285076ms)
    tlogger.go:133: INFO balancergroup.go:528 [xds] [weighted-target-lb 0xc000497b40] Balancer state update from child {region="region-1", zone="zone-1", sub_zone="subzone-1"}, new state: {ConnectivityState:READY Picker:0xc000468d80}  (t=+25.41141ms)
    tlogger.go:133: INFO aggregator.go:253 [xds] [weighted-target-lb 0xc000497b40] Child pickers with config: map[{region="region-1", zone="zone-1", sub_zone="subzone-1"}:weight:1,picker:0xc000468d80,state:READY,stateToAggregate:READY]  (t=+25.476975ms)
    tlogger.go:133: INFO balancergroup.go:528 [xds] [priority-lb 0xc00028fa40] Balancer state update from child priority-0-0, new state: {ConnectivityState:READY Picker:0xc00078ea38}  (t=+25.520189ms)
    tlogger.go:133: INFO balancergroup.go:528 [xds] [xds-cluster-manager-lb 0xc000497280] Balancer state update from child cluster:cluster-my-service, new state: {ConnectivityState:READY Picker:0xc00078ea38}  (t=+25.562346ms)
    tlogger.go:133: INFO balancerstateaggregator.go:147 [xds] [xds-cluster-manager-lb 0xc000497280] State update from sub-balancer "cluster:cluster-my-service": {ConnectivityState:READY Picker:0xc00078ea38}  (t=+25.5961ms)
    tlogger.go:133: INFO balancerstateaggregator.go:191 [xds] [xds-cluster-manager-lb 0xc000497280] Child pickers: map[cluster:cluster-my-service:picker:0xc00078ea38,state:READY,stateToAggregate:READY]  (t=+25.637035ms)
    tlogger.go:133: INFO clientconn.go:620 [core] [Channel #9] Channel Connectivity change to READY  (t=+25.678846ms)
    server.go:229: Created new resource snapshot...
    logging.go:30: setting snapshot for node b6c9796c-add7-4cb6-839f-3cb0e4a0d876
    logging.go:30: respond open watch 4 type.googleapis.com/envoy.config.listener.v3.Listener [my-service] with new version "2"
    logging.go:30: respond type.googleapis.com/envoy.config.listener.v3.Listener (requested [my-service]) version "1" with version "2" and resources [my-service]
    logging.go:30: respond open watch 5 type.googleapis.com/envoy.config.route.v3.RouteConfiguration [route-my-service] with new version "2"
    logging.go:30: respond type.googleapis.com/envoy.config.route.v3.RouteConfiguration (requested [route-my-service]) version "1" with version "2" and resources [route-my-service]
    logging.go:30: respond open watch 6 type.googleapis.com/envoy.config.cluster.v3.Cluster [cluster-my-service] with new version "2"
    logging.go:30: respond type.googleapis.com/envoy.config.cluster.v3.Cluster (requested [cluster-my-service]) version "1" with version "2" and resources [cluster-my-service]
    logging.go:30: respond open watch 7 type.googleapis.com/envoy.config.endpoint.v3.ClusterLoadAssignment [endpoints-my-service] with new version "2"
    logging.go:30: respond type.googleapis.com/envoy.config.endpoint.v3.ClusterLoadAssignment (requested [endpoints-my-service]) version "1" with version "2" and resources [endpoints-my-service]
    logging.go:30: respond open watch 2 type.googleapis.com/envoy.config.listener.v3.Listener [grpc/server?xds.resource.listening_address=127.0.0.1:43979] with new version "2"
    logging.go:30: respond type.googleapis.com/envoy.config.listener.v3.Listener (requested [grpc/server?xds.resource.listening_address=127.0.0.1:43979]) version "1" with version "2" and resources [grpc/server?xds.resource.listening_address=127.0.0.1:43979]
    logging.go:30: respond open watch 3 type.googleapis.com/envoy.config.route.v3.RouteConfiguration [routeName] with new version "2"
    logging.go:30: respond type.googleapis.com/envoy.config.route.v3.RouteConfiguration (requested [routeName]) version "1" with version "2" and resources [routeName]
    server.go:235: Updated snapshot cache with resource snapshot...
    logging.go:30: open watch 8 for type.googleapis.com/envoy.config.listener.v3.Listener map[my-service:{}] from nodeID "b6c9796c-add7-4cb6-839f-3cb0e4a0d876", version "2"
    tlogger.go:133: INFO rds_handler.go:147 RDS watch for resource "routeName" received update: &xdsresource.RouteConfigUpdate{VirtualHosts:[]*xdsresource.VirtualHost{(*xdsresource.VirtualHost)(0xc00056c040)}, ClusterSpecifierPlugins:map[string]clusterspecifier.BalancerConfig{}, Raw:(*anypb.Any)(0xc000712230)}  (t=+27.449592ms)
    logging.go:30: open watch 9 for type.googleapis.com/envoy.config.route.v3.RouteConfiguration map[route-my-service:{}] from nodeID "b6c9796c-add7-4cb6-839f-3cb0e4a0d876", version "2"
    logging.go:30: open watch 10 for type.googleapis.com/envoy.config.listener.v3.Listener map[grpc/server?xds.resource.listening_address=127.0.0.1:43979:{}] from nodeID "b6c9796c-add7-4cb6-839f-3cb0e4a0d876", version "2"
    logging.go:30: open watch 11 for type.googleapis.com/envoy.config.route.v3.RouteConfiguration map[routeName:{}] from nodeID "b6c9796c-add7-4cb6-839f-3cb0e4a0d876", version "2"
    logging.go:30: open watch 12 for type.googleapis.com/envoy.config.endpoint.v3.ClusterLoadAssignment map[endpoints-my-service:{}] from nodeID "b6c9796c-add7-4cb6-839f-3cb0e4a0d876", version "2"
    logging.go:30: open watch 13 for type.googleapis.com/envoy.config.cluster.v3.Cluster map[cluster-my-service:{}] from nodeID "b6c9796c-add7-4cb6-839f-3cb0e4a0d876", version "2"
    tlogger.go:129: WARNING ads_stream.go:452 [xds] [xds-client 0xc0002a5ea0] [xds-channel 0xc0000cfd60] [ads-stream 0xc0002da1e0] ADS stream closed: rpc error: code = Canceled desc = context canceled  (t=+47.957915ms)
    tlogger.go:129: WARNING ads_stream.go:410 [xds] [xds-client 0xc0002a5ea0] [xds-channel 0xc0000cfd60] [ads-stream 0xc0002da1e0] Sending ADS request for type "type.googleapis.com/envoy.config.route.v3.RouteConfiguration", resources: [], version: "2", nonce: "4" failed: EOF  (t=+48.008145ms)
    tlogger.go:133: INFO ads_stream.go:165 [xds] [xds-client 0xc0002a5ea0] [xds-channel 0xc0000cfd60] [ads-stream 0xc0002da1e0] Shutdown ADS stream  (t=+48.088786ms)
    tlogger.go:133: INFO clientconn.go:620 [core] [Channel #4] Channel Connectivity change to SHUTDOWN  (t=+48.149695ms)
    tlogger.go:133: INFO resolver_wrapper.go:112 [core] [Channel #4] Closing the name resolver  (t=+48.181099ms)
    tlogger.go:133: INFO balancer_wrapper.go:159 [core] [Channel #4] ccBalancerWrapper: closing  (t=+48.242705ms)
    logging.go:30: open watch 14 for type.googleapis.com/envoy.config.listener.v3.Listener map[] from nodeID "b6c9796c-add7-4cb6-839f-3cb0e4a0d876", version "2"
    tlogger.go:133: INFO clientconn.go:1303 [core] [Channel #4 SubChannel #6] Subchannel Connectivity change to SHUTDOWN  (t=+48.5421ms)
    tlogger.go:133: INFO clientconn.go:1710 [core] [Channel #4 SubChannel #6] Subchannel deleted  (t=+48.629189ms)
    tlogger.go:133: INFO clientconn.go:1232 [core] [Channel #4] Channel deleted  (t=+48.783992ms)
    tlogger.go:133: INFO channel.go:143 [xds] [xds-client 0xc0002a5ea0] [xds-channel 0xc0000cfd60] Shutdown  (t=+48.864467ms)
    tlogger.go:133: INFO server.go:864 [core] [Server #3 ListenSocket #5] ListenSocket deleted  (t=+48.915942ms)
    tlogger.go:133: INFO clientconn.go:1303 [core] [Channel #9 SubChannel #14] Subchannel Connectivity change to IDLE  (t=+49.342609ms)
    tlogger.go:133: INFO xdsclient.go:210 [xds] [xds-client 0xc0002a5ea0] Shutdown  (t=+49.412415ms)
    zz_verify_c5_e2e_test.go:252: PROBE event[0] ServerFilter.Build
    tlogger.go:133: INFO balancergroup.go:528 [xds] [weighted-target-lb 0xc000497b40] Balancer state update from child {region="region-1", zone="zone-1", sub_zone="subzone-1"}, new state: {ConnectivityState:IDLE Picker:0xc00056c080}  (t=+49.472981ms)
    tlogger.go:133: INFO aggregator.go:253 [xds] [weighted-target-lb 0xc000497b40] Child pickers with config: map[{region="region-1", zone="zone-1", sub_zone="subzone-1"}:weight:1,picker:0xc00056c080,state:IDLE,stateToAggregate:IDLE]  (t=+49.521362ms)
    tlogger.go:133: INFO balancergroup.go:528 [xds] [priority-lb 0xc00028fa40] Balancer state update from child priority-0-0, new state: {ConnectivityState:IDLE Picker:0xc00081c210}  (t=+49.566001ms)
    zz_verify_c5_e2e_test.go:252: PROBE event[1] Interceptor#1.Build
    tlogger.go:133: INFO balancergroup.go:528 [xds] [weighted-target-lb 0xc000497b40] Balancer state update from child {region="region-1", zone="zone-1", sub_zone="subzone-1"}, new state: {ConnectivityState:CONNECTING Picker:0xc000648000}  (t=+49.598277ms)
    zz_verify_c5_e2e_test.go:252: PROBE event[2] --- generation 1 serving (RPC OK); sending in-place RDS replacement for "routeName" ---
    zz_verify_c5_e2e_test.go:252: PROBE event[3] ServerFilter.Close (filter DESTROYED) stack=[server.(*refCountedServerFilter).Close <- server.(*filterChain).constructUsableRouteConfiguration <- server.(*listenerWrapper).handleRDSUpdate <- server.(*rdsWatcher).ResourceChanged]
    zz_verify_c5_e2e_test.go:252: PROBE event[4] Interceptor#1.Close parentFilterAlreadyDestroyed=true stack=[server.(*interceptorList).Close <- server.(*usableRouteConfiguration).close <- server.(*listenerWrapper).handleRDSUpdate <- server.(*rdsWatcher).ResourceChanged]
    zz_verify_c5_e2e_test.go:252: PROBE event[5] --- replacement observed; stopping server ---
    zz_verify_c5_e2e_test.go:254: PROBE RESULT after in-place replacement: retired interceptors closed while parent filter still alive=0, closed AFTER parent filter was destroyed=1
    tlogger.go:133: INFO balancergroup.go:528 [xds] [xds-cluster-manager-lb 0xc000497280] Balancer state update from child cluster:cluster-my-service, new state: {ConnectivityState:IDLE Picker:0xc00081c210}  (t=+49.650845ms)
    tlogger.go:133: INFO balancerstateaggregator.go:147 [xds] [xds-cluster-manager-lb 0xc000497280] State update from sub-balancer "cluster:cluster-my-service": {ConnectivityState:IDLE Picker:0xc00081c210}  (t=+49.785379ms)
    tlogger.go:133: INFO aggregator.go:253 [xds] [weighted-target-lb 0xc000497b40] Child pickers with config: map[{region="region-1", zone="zone-1", sub_zone="subzone-1"}:weight:1,picker:0xc000648000,state:CONNECTING,stateToAggregate:CONNECTING]  (t=+49.835129ms)
    tlogger.go:133: INFO clientconn.go:620 [core] [Channel #9] Channel Connectivity change to SHUTDOWN  (t=+49.908361ms)
    tlogger.go:133: INFO resolver_wrapper.go:112 [core] [Channel #9] Closing the name resolver  (t=+49.978778ms)
    tlogger.go:133: INFO balancerstateaggregator.go:191 [xds] [xds-cluster-manager-lb 0xc000497280] Child pickers: map[cluster:cluster-my-service:picker:0xc00081c210,state:IDLE,stateToAggregate:IDLE]  (t=+50.03081ms)
    tlogger.go:133: INFO balancergroup.go:528 [xds] [priority-lb 0xc00028fa40] Balancer state update from child priority-0-0, new state: {ConnectivityState:CONNECTING Picker:0xc00078e120}  (t=+50.078894ms)
    tlogger.go:133: INFO balancergroup.go:528 [xds] [xds-cluster-manager-lb 0xc000497280] Balancer state update from child cluster:cluster-my-service, new state: {ConnectivityState:CONNECTING Picker:0xc00078e120}  (t=+50.130093ms)
    tlogger.go:133: INFO balancerstateaggregator.go:147 [xds] [xds-cluster-manager-lb 0xc000497280] State update from sub-balancer "cluster:cluster-my-service": {ConnectivityState:CONNECTING Picker:0xc00078e120}  (t=+50.162911ms)
    tlogger.go:133: INFO balancerstateaggregator.go:191 [xds] [xds-cluster-manager-lb 0xc000497280] Child pickers: map[cluster:cluster-my-service:picker:0xc00078e120,state:CONNECTING,stateToAggregate:CONNECTING]  (t=+50.196211ms)
    tlogger.go:133: INFO clientconn.go:1303 [core] [Channel #9 SubChannel #14] Subchannel Connectivity change to CONNECTING  (t=+50.222517ms)
    tlogger.go:133: INFO clientconn.go:1471 [core] [Channel #9 SubChannel #14] Subchannel picks a new address "127.0.0.1:43979" to connect  (t=+50.260493ms)
    logging.go:30: open watch 15 for type.googleapis.com/envoy.config.listener.v3.Listener map[] from nodeID "b6c9796c-add7-4cb6-839f-3cb0e4a0d876", version "2"
    tlogger.go:133: INFO balancer_wrapper.go:159 [core] [Channel #9] ccBalancerWrapper: closing  (t=+50.295884ms)
    tlogger.go:129: WARNING ads_stream.go:410 [xds] [xds-client 0xc000816f00] [xds-channel 0xc0000ce640] [ads-stream 0xc000816fa0] Sending ADS request for type "type.googleapis.com/envoy.config.endpoint.v3.ClusterLoadAssignment", resources: [], version: "2", nonce: "7" failed: EOF  (t=+50.35698ms)
    logging.go:30: open watch 16 for type.googleapis.com/envoy.config.route.v3.RouteConfiguration map[] from nodeID "b6c9796c-add7-4cb6-839f-3cb0e4a0d876", version "2"
    tlogger.go:133: INFO clusterimpl.go:508 [xds] [xds-cluster-impl-lb 0xc0001e5400] Shutdown  (t=+50.405344ms)
    tlogger.go:129: WARNING ads_stream.go:452 [xds] [xds-client 0xc000816f00] [xds-channel 0xc0000ce640] [ads-stream 0xc000816fa0] ADS stream closed: rpc error: code = Canceled desc = context canceled  (t=+50.443565ms)
    tlogger.go:133: INFO balancergroup.go:351 [xds] [priority-lb 0xc00028fa40] Removing child policy for child "priority-0-0"  (t=+50.486175ms)
    tlogger.go:133: INFO cdsbalancer.go:416 [xds] [cds-lb 0xc000583180] Shutdown  (t=+50.517238ms)
    tlogger.go:133: INFO clustermanager.go:192 [xds] [xds-cluster-manager-lb 0xc000497280] Shutdown  (t=+50.543716ms)
    tlogger.go:133: INFO ads_stream.go:165 [xds] [xds-client 0xc000816f00] [xds-channel 0xc0000ce640] [ads-stream 0xc000816fa0] Shutdown ADS stream  (t=+50.570484ms)
    tlogger.go:133: INFO clientconn.go:620 [core] [Channel #10] Channel Connectivity change to SHUTDOWN  (t=+50.61715ms)
    tlogger.go:133: INFO resolver_wrapper.go:112 [core] [Channel #10] Closing the name resolver  (t=+50.648406ms)
    tlogger.go:133: INFO balancer_wrapper.go:159 [core] [Channel #10] ccBalancerWrapper: closing  (t=+50.688416ms)
    tlogger.go:129: WARNING clientconn.go:1534 [core] [Channel #9 SubChannel #14] grpc: addrConn.createTransport failed to connect to {Addr: "127.0.0.1:43979", ServerName: "my-service", Attributes: {"<%!p(xds.hostnameKey={})>": "" , "<%!p(xds.handshakeAttrKey={})>": "<0xc0001e5470>" , "<%!p(xds.handshakeClusterNameKey={})>": "cluster-my-service" }, BalancerAttributes: {"<%!p(weight.attributeKey={})>": "Weight: 2147483648" , "<%!p(wrrlocality.attributeKey={})>": "Locality Weight: 1" , "<%!p(xds.localityKeyType=grpc.xds.internal.address.locality)>": "<%!p(clients.Locality={region-1 zone-1 subzone-1})>" , "<%!p(hierarchy.pathKeyType=grpc.internal.address.hierarchical_path)>": "<0xc000497520>" }}. Err: connection error: desc = "transport: Error while dialing: dial tcp 127.0.0.1:43979: connect: connection refused"  (t=+50.736551ms)
    tlogger.go:133: INFO clientconn.go:1305 [core] [Channel #9 SubChannel #14] Subchannel Connectivity change to TRANSIENT_FAILURE, last error: connection error: desc = "transport: Error while dialing: dial tcp 127.0.0.1:43979: connect: connection refused"  (t=+50.834434ms)
    tlogger.go:133: INFO clientconn.go:1303 [core] [Channel #10 SubChannel #11] Subchannel Connectivity change to SHUTDOWN  (t=+50.872611ms)
    tlogger.go:133: INFO clientconn.go:1710 [core] [Channel #10 SubChannel #11] Subchannel deleted  (t=+50.914053ms)
    tlogger.go:133: INFO clientconn.go:1232 [core] [Channel #10] Channel deleted  (t=+51.077426ms)
    tlogger.go:133: INFO channel.go:143 [xds] [xds-client 0xc000816f00] [xds-channel 0xc0000ce640] Shutdown  (t=+51.134847ms)
    tlogger.go:133: INFO xdsclient.go:210 [xds] [xds-client 0xc000816f00] Shutdown  (t=+51.240964ms)
    tlogger.go:133: INFO xds_resolver.go:295 [xds] [xds-resolver 0xc000036120] Shutdown  (t=+51.276674ms)
    tlogger.go:133: INFO clientconn.go:1303 [core] [Channel #9 SubChannel #14] Subchannel Connectivity change to SHUTDOWN  (t=+51.338686ms)
    tlogger.go:133: INFO clientconn.go:1710 [core] [Channel #9 SubChannel #14] Subchannel deleted  (t=+51.374194ms)
    tlogger.go:133: INFO clientconn.go:1232 [core] [Channel #9] Channel deleted  (t=+51.410002ms)
    tlogger.go:133: INFO server.go:864 [core] [Server #1 ListenSocket #2] ListenSocket deleted  (t=+51.506938ms)
=== RUN   Test/VerifyC5_ReplacementWithNoRoutes
    setup.go:45: Created new snapshot cache...
    tlogger.go:133: INFO server.go:732 [core] [Server #17] Server created  (t=+142.391µs)
    setup.go:45: Registered Aggregated Discovery Service (ADS)...
    setup.go:45: xDS management server serving at: 127.0.0.1:45015...
    tlogger.go:133: INFO server.go:928 [core] [Server #17 ListenSocket #18] ListenSocket created  (t=+317.841µs)
    tlogger.go:133: INFO server.go:732 [core] [Server #19] Server created  (t=+1.1011ms)
    tlogger.go:133: INFO pool.go:309 [xds] xDS node ID: 30108dfc-b561-4865-afd6-e0854ae6ac88  (t=+1.2029ms)
    tlogger.go:133: INFO server.go:118 [xds] [xds-server 0xc000469180] Created xds.GRPCServer  (t=+1.235403ms)
    stubserver.go:300: Started test service backend at "127.0.0.1:40473"
    tlogger.go:133: INFO server.go:177 [xds] [xds-server 0xc000469180] Serve() passed a net.Listener on 127.0.0.1:40473  (t=+1.375949ms)
    tlogger.go:133: INFO clientconn.go:1837 [core] original dial target is: "passthrough:///127.0.0.1:45015"  (t=+1.444332ms)
    tlogger.go:133: INFO clientconn.go:516 [core] [Channel #20] Channel created for target "passthrough:///127.0.0.1:45015"  (t=+1.496245ms)
    tlogger.go:133: INFO clientconn.go:247 [core] [Channel #20] parsed dial target is: resolver.Target{URL:url.URL{Scheme:"passthrough", Opaque:"", User:(*url.Userinfo)(nil), Host:"", Path:"/127.0.0.1:45015", RawPath:"", OmitHost:false, ForceQuery:false, RawQuery:"", Fragment:"", RawFragment:""}}  (t=+1.541935ms)
    tlogger.go:133: INFO clientconn.go:248 [core] [Channel #20] Channel authority set to "127.0.0.1:45015"  (t=+1.57481ms)
    tlogger.go:133: INFO server.go:928 [core] [Server #19 ListenSocket #21] ListenSocket created  (t=+1.658858ms)
    tlogger.go:133: INFO clientconn.go:620 [core] [Channel #20] Channel Connectivity change to CONNECTING  (t=+1.825546ms)
    server.go:229: Created new resource snapshot...
    logging.go:30: setting snapshot for node 30108dfc-b561-4865-afd6-e0854ae6ac88
    server.go:235: Updated snapshot cache with resource snapshot...
    tlogger.go:133: INFO clientconn.go:1837 [core] original dial target is: "xds:///my-service"  (t=+1.956008ms)
    tlogger.go:133: INFO clientconn.go:516 [core] [Channel #22] Channel created for target "xds:///my-service"  (t=+1.998742ms)
    tlogger.go:133: INFO clientconn.go:247 [core] [Channel #22] parsed dial target is: resolver.Target{URL:url.URL{Scheme:"xds", Opaque:"", User:(*url.Userinfo)(nil), Host:"", Path:"/my-service", RawPath:"", OmitHost:false, ForceQuery:false, RawQuery:"", Fragment:"", RawFragment:""}}  (t=+2.045508ms)
    tlogger.go:133: INFO clientconn.go:248 [core] [Channel #22] Channel authority set to "my-service"  (t=+2.073452ms)
    tlogger.go:133: INFO resolver_wrapper.go:211 [core] [Channel #20] Resolver state updated: {
          "Addresses": [
            {
              "Addr": "127.0.0.1:45015",
              "ServerName": "",
              "Attributes": null,
              "BalancerAttributes": null,
              "Metadata": null
            }
          ],
          "Endpoints": [
            {
              "Addresses": [
                {
                  "Addr": "127.0.0.1:45015",
                  "ServerName": "",
                  "Attributes": null,
                  "BalancerAttributes": null,
                  "Metadata": null
                }
              ],
              "Attributes": null
            }
          ],
          "ServiceConfig": null,
          "Attributes": null
        } (resolver returned new addresses)  (t=+2.12047ms)
    tlogger.go:133: INFO balancer_wrapper.go:121 [core] [Channel #20] Channel switches to new LB policy "pick_first"  (t=+2.276641ms)
    tlogger.go:133: INFO clientconn.go:923 [core] [Channel #20 SubChannel #23] Subchannel created  (t=+2.352259ms)
    tlogger.go:133: INFO clientconn.go:421 [core] [Channel #20] Channel exiting idle mode  (t=+2.391846ms)
    tlogger.go:133: INFO clientconn.go:1303 [core] [Channel #20 SubChannel #23] Subchannel Connectivity change to CONNECTING  (t=+2.439519ms)
    tlogger.go:133: INFO clientconn.go:1471 [core] [Channel #20 SubChannel #23] Subchannel picks a new address "127.0.0.1:45015" to connect  (t=+2.506176ms)
    tlogger.go:133: INFO clientconn.go:1303 [core] [Channel #20 SubChannel #23] Subchannel Connectivity change to READY  (t=+2.792326ms)
    tlogger.go:133: INFO clientconn.go:620 [core] [Channel #20] Channel Connectivity change to READY  (t=+2.881825ms)
    logging.go:30: respond type.googleapis.com/envoy.config.listener.v3.Listener (requested [grpc/server?xds.resource.listening_address=127.0.0.1:40473]) version "" with version "1" and resources [grpc/server?xds.resource.listening_address=127.0.0.1:40473]
    logging.go:30: open watch 1 for type.googleapis.com/envoy.config.listener.v3.Listener map[grpc/server?xds.resource.listening_address=127.0.0.1:40473:{}] from nodeID "30108dfc-b561-4865-afd6-e0854ae6ac88", version "1"
    logging.go:30: respond type.googleapis.com/envoy.config.route.v3.RouteConfiguration (requested [routeName]) version "" with version "1" and resources [routeName]
    tlogger.go:133: INFO rds_handler.go:147 RDS watch for resource "routeName" received update: &xdsresource.RouteConfigUpdate{VirtualHosts:[]*xdsresource.VirtualHost{(*xdsresource.VirtualHost)(0xc0004487c0)}, ClusterSpecifierPlugins:map[string]clusterspecifier.BalancerConfig{}, Raw:(*anypb.Any)(0xc0000ce0a0)}  (t=+4.381067ms)
    logging.go:30: open watch 2 for type.googleapis.com/envoy.config.route.v3.RouteConfiguration map[routeName:{}] from nodeID "30108dfc-b561-4865-afd6-e0854ae6ac88", version "1"
    tlogger.go:133: INFO clientconn.go:620 [core] [Channel #22] Channel Connectivity change to CONNECTING  (t=+4.48629ms)
    tlogger.go:133: INFO pool.go:309 [xds] xDS node ID: 30108dfc-b561-4865-afd6-e0854ae6ac88  (t=+4.870868ms)
    tlogger.go:133: INFO xds_resolver.go:157 [xds] [xds-resolver 0xc0006eafc0] Creating resolver for target: xds:///my-service  (t=+4.906858ms)
    tlogger.go:133: INFO clientconn.go:1837 [core] original dial target is: "passthrough:///127.0.0.1:45015"  (t=+4.969704ms)
    tlogger.go:133: INFO clientconn.go:516 [core] [Channel #26] Channel created for target "passthrough:///127.0.0.1:45015"  (t=+5.018764ms)
    tlogger.go:133: INFO clientconn.go:247 [core] [Channel #26] parsed dial target is: resolver.Target{URL:url.URL{Scheme:"passthrough", Opaque:"", User:(*url.Userinfo)(nil), Host:"", Path:"/127.0.0.1:45015", RawPath:"", OmitHost:false, ForceQuery:false, RawQuery:"", Fragment:"", RawFragment:""}}  (t=+5.065103ms)
    tlogger.go:133: INFO clientconn.go:248 [core] [Channel #26] Channel authority set to "127.0.0.1:45015"  (t=+5.092358ms)
    tlogger.go:133: INFO clientconn.go:421 [core] [Channel #22] Channel exiting idle mode  (t=+5.199675ms)
    tlogger.go:133: INFO clientconn.go:620 [core] [Channel #26] Channel Connectivity change to CONNECTING  (t=+5.256686ms)
    tlogger.go:133: INFO resolver_wrapper.go:211 [core] [Channel #26] Resolver state updated: {
          "Addresses": [
            {
              "Addr": "127.0.0.1:45015",
              "ServerName": "",
              "Attributes": null,
              "BalancerAttributes": null,
              "Metadata": null
            }
          ],
          "Endpoints": [
            {
              "Addresses": [
                {
                  "Addr": "127.0.0.1:45015",
                  "ServerName": "",
                  "Attributes": null,
                  "BalancerAttributes": null,
                  "Metadata": null
                }
              ],
              "Attributes": null
            }
          ],
          "ServiceConfig": null,
          "Attributes": null
        } (resolver returned new addresses)  (t=+5.402688ms)
    tlogger.go:133: INFO balancer_wrapper.go:121 [core] [Channel #26] Channel switches to new LB policy "pick_first"  (t=+5.548544ms)
    tlogger.go:133: INFO clientconn.go:923 [core] [Channel #26 SubChannel #27] Subchannel created  (t=+5.634711ms)
    tlogger.go:133: INFO clientconn.go:1303 [core] [Channel #26 SubChannel #27] Subchannel Connectivity change to CONNECTING  (t=+5.689797ms)
    tlogger.go:133: INFO clientconn.go:421 [core] [Channel #26] Channel exiting idle mode  (t=+5.726124ms)
    tlogger.go:133: INFO clientconn.go:1471 [core] [Channel #26 SubChannel #27] Subchannel picks a new address "127.0.0.1:45015" to connect  (t=+5.80829ms)
    tlogger.go:133: INFO clientconn.go:1303 [core] [Channel #26 SubChannel #27] Subchannel Connectivity change to READY  (t=+6.130982ms)
    tlogger.go:133: INFO clientconn.go:620 [core] [Channel #26] Channel Connectivity change to READY  (t=+6.201711ms)
    logging.go:30: respond type.googleapis.com/envoy.config.listener.v3.Listener (requested [my-service]) version "" with version "1" and resources [my-service]
    logging.go:30: open watch 3 for type.googleapis.com/envoy.config.listener.v3.Listener map[my-service:{}] from nodeID "30108dfc-b561-4865-afd6-e0854ae6ac88", version "1"
    logging.go:30: respond type.googleapis.com/envoy.config.route.v3.RouteConfiguration (requested [route-my-service]) version "" with version "1" and resources [route-my-service]
    logging.go:30: open watch 4 for type.googleapis.com/envoy.config.route.v3.RouteConfiguration map[route-my-service:{}] from nodeID "30108dfc-b561-4865-afd6-e0854ae6ac88", version "1"
    logging.go:30: respond type.googleapis.com/envoy.config.cluster.v3.Cluster (requested [cluster-my-service]) version "" with version "1" and resources [cluster-my-service]
    logging.go:30: open watch 5 for type.googleapis.com/envoy.config.cluster.v3.Cluster map[cluster-my-service:{}] from nodeID "30108dfc-b561-4865-afd6-e0854ae6ac88", version "1"
    logging.go:30: respond type.googleapis.com/envoy.config.endpoint.v3.ClusterLoadAssignment (requested [endpoints-my-service]) version "" with version "1" and resources [endpoints-my-service]
    logging.go:30: open watch 6 for type.googleapis.com/envoy.config.endpoint.v3.ClusterLoadAssignment map[endpoints-my-service:{}] from nodeID "30108dfc-b561-4865-afd6-e0854ae6ac88", version "1"
    tlogger.go:133: INFO resolver_wrapper.go:211 [core] [Channel #22] Resolver state updated: {
          "Addresses": null,
          "Endpoints": [],
          "ServiceConfig": {
            "Config": {
              "Config": null,
              "Methods": {}
            },
            "Err": null
          },
          "Attributes": {
            "\u003c%!p(xdsclient.clientKeyType=grpc.xds.internal.client.Client)\u003e": "\u003c0xc000828480\u003e",
            "\u003c%!p(xdsdepmgr.xdsClusterSubscriberKey={})\u003e": "\u003c0xc00015d2c0\u003e",
            "\u003c%!p(xdsresource.xdsConfigkey={})\u003e": "\u003c0xc000884380\u003e",
            "\u003c%!p(resolver.csKeyType=grpc.internal.resolver.configSelector)\u003e": "\u003c0xc000258e00\u003e"
          }
        } (service config updated)  (t=+9.131405ms)
    tlogger.go:133: INFO balancer_wrapper.go:121 [core] [Channel #22] Channel switches to new LB policy "xds_cluster_manager_experimental"  (t=+9.237518ms)
    tlogger.go:133: INFO clustermanager.go:58 [xds] [xds-cluster-manager-lb 0xc000137f60] Created  (t=+9.277943ms)
    tlogger.go:133: INFO balancergroup.go:274 [xds] [xds-cluster-manager-lb 0xc000137f60] Adding child policy of type "cds_experimental" for child "cluster:cluster-my-service"  (t=+9.307979ms)
    tlogger.go:133: INFO balancergroup.go:102 [xds] [xds-cluster-manager-lb 0xc000137f60] Creating child policy of type "cds_experimental" for child "cluster:cluster-my-service"  (t=+9.337603ms)
    tlogger.go:133: INFO cdsbalancer.go:90 [xds] [cds-lb 0xc000242380] Created  (t=+9.366356ms)
    tlogger.go:133: INFO cdsbalancer.go:167 [xds] [cds-lb 0xc000242380] Received balancer config update: {
          "LoadBalancingConfig": null,
          "cluster": "cluster-my-service",
          "isDynamic": false
        }  (t=+9.418494ms)
    tlogger.go:133: INFO balancer.go:76 [xds] [priority-lb 0xc000258f50] Created  (t=+9.522817ms)
    tlogger.go:133: INFO balancergroup.go:528 [xds] [xds-cluster-manager-lb 0xc000137f60] Balancer state update from child cluster:cluster-my-service, new state: {ConnectivityState:CONNECTING Picker:0xc000063660}  (t=+9.866567ms)
    tlogger.go:133: INFO balancerstateaggregator.go:147 [xds] [xds-cluster-manager-lb 0xc000137f60] State update from sub-balancer "cluster:cluster-my-service": {ConnectivityState:CONNECTING Picker:0xc000063660}  (t=+9.900747ms)
    tlogger.go:133: INFO balancergroup.go:274 [xds] [priority-lb 0xc000258f50] Adding child policy of type "outlier_detection_experimental" for child "priority-0-0"  (t=+9.930688ms)
    tlogger.go:133: INFO balancergroup.go:102 [xds] [priority-lb 0xc000258f50] Creating child policy of type "outlier_detection_experimental" for child "priority-0-0"  (t=+9.962821ms)
    tlogger.go:133: INFO balancer.go:94 [xds] [outlier-detection-lb 0xc0007c85a0] Created  (t=+9.997031ms)
    tlogger.go:133: INFO clusterimpl.go:88 [xds] [xds-cluster-impl-lb 0xc000612b40] Created  (t=+10.044814ms)
    tlogger.go:133: INFO clusterimpl.go:100 [xds] [xds-cluster-impl-lb 0xc000612b40] xDS credentials in use: false  (t=+10.080131ms)
    tlogger.go:133: INFO weightedtarget.go:65 [xds] [weighted-target-lb 0xc000496c40] Created  (t=+10.190427ms)
    tlogger.go:133: INFO balancer.go:88 [xds] [wrrlocality-lb 0xc00045a570] Created  (t=+10.219234ms)
    tlogger.go:133: INFO balancergroup.go:274 [xds] [weighted-target-lb 0xc000496c40] Adding child policy of type "round_robin" for child "{region=\"region-1\", zone=\"zone-1\", sub_zone=\"subzone-1\"}"  (t=+10.306512ms)
    tlogger.go:133: INFO balancergroup.go:102 [xds] [weighted-target-lb 0xc000496c40] Creating child policy of type "round_robin" for child "{region=\"region-1\", zone=\"zone-1\", sub_zone=\"subzone-1\"}"  (t=+10.338916ms)
    tlogger.go:133: INFO roundrobin.go:56 [roundrobin] [0xc00045b7d0] Created  (t=+10.368222ms)
    tlogger.go:133: INFO clientconn.go:923 [core] [Channel #22 SubChannel #30] Subchannel created  (t=+10.493917ms)
    tlogger.go:133: INFO balancergroup.go:528 [xds] [weighted-target-lb 0xc000496c40] Balancer state update from child {region="region-1", zone="zone-1", sub_zone="subzone-1"}, new state: {ConnectivityState:CONNECTING Picker:0xc00056c800}  (t=+10.543461ms)
    tlogger.go:133: INFO aggregator.go:253 [xds] [weighted-target-lb 0xc000496c40] Child pickers with config: map[{region="region-1", zone="zone-1", sub_zone="subzone-1"}:weight:1,picker:0xc00056c800,state:CONNECTING,stateToAggregate:CONNECTING]  (t=+10.580712ms)
    tlogger.go:133: INFO balancergroup.go:528 [xds] [priority-lb 0xc000258f50] Balancer state update from child priority-0-0, new state: {ConnectivityState:CONNECTING Picker:0xc00081db00}  (t=+10.631019ms)
    tlogger.go:133: INFO clientconn.go:1303 [core] [Channel #22 SubChannel #30] Subchannel Connectivity change to CONNECTING  (t=+10.66166ms)
    tlogger.go:133: INFO balancerstateaggregator.go:191 [xds] [xds-cluster-manager-lb 0xc000137f60] Child pickers: map[cluster:cluster-my-service:picker:0xc000063660,state:CONNECTING,stateToAggregate:CONNECTING]  (t=+10.691224ms)
    tlogger.go:133: INFO clientconn.go:1471 [core] [Channel #22 SubChannel #30] Subchannel picks a new address "127.0.0.1:40473" to connect  (t=+10.744948ms)
    tlogger.go:133: INFO balancergroup.go:528 [xds] [xds-cluster-manager-lb 0xc000137f60] Balancer state update from child cluster:cluster-my-service, new state: {ConnectivityState:CONNECTING Picker:0xc00081db00}  (t=+10.861896ms)
    tlogger.go:133: INFO balancerstateaggregator.go:147 [xds] [xds-cluster-manager-lb 0xc000137f60] State update from sub-balancer "cluster:cluster-my-service": {ConnectivityState:CONNECTING Picker:0xc00081db00}  (t=+10.920175ms)
    tlogger.go:133: INFO balancerstateaggregator.go:191 [xds] [xds-cluster-manager-lb 0xc000137f60] Child pickers: map[cluster:cluster-my-service:picker:0xc00081db00,state:CONNECTING,stateToAggregate:CONNECTING]  (t=+10.962429ms)
    tlogger.go:133: INFO clientconn.go:1303 [core] [Channel #22 SubChannel #30] Subchannel Connectivity change to READY  (t=+11.164071ms)
    tlogger.go:133: INFO balancergroup.go:528 [xds] [weighted-target-lb 0xc000496c40] Balancer state update from child {region="region-1", zone="zone-1", sub_zone="subzone-1"}, new state: {ConnectivityState:READY Picker:0xc00056c8c0}  (t=+11.290164ms)
    tlogger.go:133: INFO aggregator.go:253 [xds] [weighted-target-lb 0xc000496c40] Child pickers with config: map[{region="region-1", zone="zone-1", sub_zone="subzone-1"}:weight:1,picker:0xc00056c8c0,state:READY,stateToAggregate:READY]  (t=+11.360736ms)
    tlogger.go:133: INFO balancergroup.go:528 [xds] [priority-lb 0xc000258f50] Balancer state update from child priority-0-0, new state: {ConnectivityState:READY Picker:0xc00081dc38}  (t=+11.406931ms)
    tlogger.go:133: INFO balancergroup.go:528 [xds] [xds-cluster-manager-lb 0xc000137f60] Balancer state update from child cluster:cluster-my-service, new state: {ConnectivityState:READY Picker:0xc00081dc38}  (t=+11.449319ms)
    tlogger.go:133: INFO balancerstateaggregator.go:147 [xds] [xds-cluster-manager-lb 0xc000137f60] State update from sub-balancer "cluster:cluster-my-service": {ConnectivityState:READY Picker:0xc00081dc38}  (t=+11.486474ms)
    tlogger.go:133: INFO balancerstateaggregator.go:191 [xds] [xds-cluster-manager-lb 0xc000137f60] Child pickers: map[cluster:cluster-my-service:picker:0xc00081dc38,state:READY,stateToAggregate:READY]  (t=+11.523341ms)
    tlogger.go:133: INFO clientconn.go:620 [core] [Channel #22] Channel Connectivity change to READY  (t=+11.564332ms)
    server.go:229: Created new resource snapshot...
    logging.go:30: setting snapshot for node 30108dfc-b561-4865-afd6-e0854ae6ac88
    logging.go:30: respond open watch 6 type.googleapis.com/envoy.config.endpoint.v3.ClusterLoadAssignment [endpoints-my-service] with new version "2"
    logging.go:30: respond type.googleapis.com/envoy.config.endpoint.v3.ClusterLoadAssignment (requested [endpoints-my-service]) version "1" with version "2" and resources [endpoints-my-service]
    logging.go:30: respond open watch 1 type.googleapis.com/envoy.config.listener.v3.Listener [grpc/server?xds.resource.listening_address=127.0.0.1:40473] with new version "2"
    logging.go:30: respond type.googleapis.com/envoy.config.listener.v3.Listener (requested [grpc/server?xds.resource.listening_address=127.0.0.1:40473]) version "1" with version "2" and resources [grpc/server?xds.resource.listening_address=127.0.0.1:40473]
    logging.go:30: respond open watch 2 type.googleapis.com/envoy.config.route.v3.RouteConfiguration [routeName] with new version "2"
    logging.go:30: respond type.googleapis.com/envoy.config.route.v3.RouteConfiguration (requested [routeName]) version "1" with version "2" and resources [routeName]
    logging.go:30: respond open watch 3 type.googleapis.com/envoy.config.listener.v3.Listener [my-service] with new version "2"
    logging.go:30: respond type.googleapis.com/envoy.config.listener.v3.Listener (requested [my-service]) version "1" with version "2" and resources [my-service]
    logging.go:30: respond open watch 4 type.googleapis.com/envoy.config.route.v3.RouteConfiguration [route-my-service] with new version "2"
    logging.go:30: respond type.googleapis.com/envoy.config.route.v3.RouteConfiguration (requested [route-my-service]) version "1" with version "2" and resources [route-my-service]
    logging.go:30: respond open watch 5 type.googleapis.com/envoy.config.cluster.v3.Cluster [cluster-my-service] with new version "2"
    logging.go:30: respond type.googleapis.com/envoy.config.cluster.v3.Cluster (requested [cluster-my-service]) version "1" with version "2" and resources [cluster-my-service]
    server.go:235: Updated snapshot cache with resource snapshot...
    logging.go:30: open watch 7 for type.googleapis.com/envoy.config.endpoint.v3.ClusterLoadAssignment map[endpoints-my-service:{}] from nodeID "30108dfc-b561-4865-afd6-e0854ae6ac88", version "2"
    tlogger.go:133: INFO rds_handler.go:147 RDS watch for resource "routeName" received update: &xdsresource.RouteConfigUpdate{VirtualHosts:[]*xdsresource.VirtualHost{(*xdsresource.VirtualHost)(0xc0003e8e00)}, ClusterSpecifierPlugins:map[string]clusterspecifier.BalancerConfig{}, Raw:(*anypb.Any)(0xc000ba2050)}  (t=+13.171435ms)
    logging.go:30: open watch 8 for type.googleapis.com/envoy.config.listener.v3.Listener map[grpc/server?xds.resource.listening_address=127.0.0.1:40473:{}] from nodeID "30108dfc-b561-4865-afd6-e0854ae6ac88", version "2"
    logging.go:30: open watch 9 for type.googleapis.com/envoy.config.route.v3.RouteConfiguration map[routeName:{}] from nodeID "30108dfc-b561-4865-afd6-e0854ae6ac88", version "2"
    logging.go:30: open watch 10 for type.googleapis.com/envoy.config.listener.v3.Listener map[my-service:{}] from nodeID "30108dfc-b561-4865-afd6-e0854ae6ac88", version "2"
    logging.go:30: open watch 11 for type.googleapis.com/envoy.config.route.v3.RouteConfiguration map[route-my-service:{}] from nodeID "30108dfc-b561-4865-afd6-e0854ae6ac88", version "2"
    logging.go:30: open watch 12 for type.googleapis.com/envoy.config.cluster.v3.Cluster map[cluster-my-service:{}] from nodeID "30108dfc-b561-4865-afd6-e0854ae6ac88", version "2"
    tlogger.go:129: WARNING ads_stream.go:452 [xds] [xds-client 0xc000816e60] [xds-channel 0xc000174e10] [ads-stream 0xc000816fa0] ADS stream closed: rpc error: code = Canceled desc = context canceled  (t=+33.918785ms)
    tlogger.go:129: WARNING ads_stream.go:410 [xds] [xds-client 0xc000816e60] [xds-channel 0xc000174e10] [ads-stream 0xc000816fa0] Sending ADS request for type "type.googleapis.com/envoy.config.route.v3.RouteConfiguration", resources: [], version: "2", nonce: "4" failed: EOF  (t=+33.979389ms)
    tlogger.go:133: INFO ads_stream.go:165 [xds] [xds-client 0xc000816e60] [xds-channel 0xc000174e10] [ads-stream 0xc000816fa0] Shutdown ADS stream  (t=+34.016117ms)
    tlogger.go:133: INFO clientconn.go:620 [core] [Channel #20] Channel Connectivity change to SHUTDOWN  (t=+34.062556ms)
    tlogger.go:133: INFO resolver_wrapper.go:112 [core] [Channel #20] Closing the name resolver  (t=+34.095872ms)
    tlogger.go:133: INFO balancer_wrapper.go:159 [core] [Channel #20] ccBalancerWrapper: closing  (t=+34.14732ms)
    tlogger.go:133: INFO clientconn.go:1303 [core] [Channel #20 SubChannel #23] Subchannel Connectivity change to SHUTDOWN  (t=+34.28341ms)
    tlogger.go:133: INFO clientconn.go:1710 [core] [Channel #20 SubChannel #23] Subchannel deleted  (t=+34.357474ms)
    tlogger.go:133: INFO clientconn.go:1232 [core] [Channel #20] Channel deleted  (t=+34.505969ms)
    tlogger.go:133: INFO channel.go:143 [xds] [xds-client 0xc000816e60] [xds-channel 0xc000174e10] Shutdown  (t=+34.554035ms)
    tlogger.go:133: INFO server.go:864 [core] [Server #19 ListenSocket #21] ListenSocket deleted  (t=+34.59617ms)
    tlogger.go:133: INFO clientconn.go:1303 [core] [Channel #22 SubChannel #30] Subchannel Connectivity change to IDLE  (t=+34.72048ms)
    tlogger.go:133: INFO xdsclient.go:210 [xds] [xds-client 0xc000816e60] Shutdown  (t=+34.820523ms)
    zz_verify_c5_e2e_test.go:252: PROBE event[0] ServerFilter.Build
    zz_verify_c5_e2e_test.go:252: PROBE event[1] Interceptor#1.Build
    zz_verify_c5_e2e_test.go:252: PROBE event[2] --- generation 1 serving (RPC OK); sending in-place RDS replacement for "routeName" ---
    zz_verify_c5_e2e_test.go:252: PROBE event[3] ServerFilter.Close (filter DESTROYED) stack=[server.(*refCountedServerFilter).Close <- server.(*filterChain).constructUsableRouteConfiguration <- server.(*listenerWrapper).handleRDSUpdate <- server.(*rdsWatcher).ResourceChanged]
    zz_verify_c5_e2e_test.go:252: PROBE event[4] Interceptor#1.Close parentFilterAlreadyDestroyed=true stack=[server.(*interceptorList).Close <- server.(*usableRouteConfiguration).close <- server.(*listenerWrapper).handleRDSUpdate <- server.(*rdsWatcher).ResourceChanged]
    zz_verify_c5_e2e_test.go:252: PROBE event[5] --- replacement observed; stopping server ---
    zz_verify_c5_e2e_test.go:254: PROBE RESULT after in-place replacement: retired interceptors closed while parent filter still alive=0, closed AFTER parent filter was destroyed=1
    tlogger.go:133: INFO balancergroup.go:528 [xds] [weighted-target-lb 0xc000496c40] Balancer state update from child {region="region-1", zone="zone-1", sub_zone="subzone-1"}, new state: {ConnectivityState:IDLE Picker:0xc000bca300}  (t=+34.904569ms)
    tlogger.go:133: INFO clientconn.go:620 [core] [Channel #22] Channel Connectivity change to SHUTDOWN  (t=+34.997763ms)
    tlogger.go:133: INFO resolver_wrapper.go:112 [core] [Channel #22] Closing the name resolver  (t=+35.05059ms)
    tlogger.go:133: INFO aggregator.go:253 [xds] [weighted-target-lb 0xc000496c40] Child pickers with config: map[{region="region-1", zone="zone-1", sub_zone="subzone-1"}:weight:1,picker:0xc000bca300,state:IDLE,stateToAggregate:IDLE]  (t=+35.10852ms)
    tlogger.go:133: INFO balancergroup.go:528 [xds] [priority-lb 0xc000258f50] Balancer state update from child priority-0-0, new state: {ConnectivityState:IDLE Picker:0xc0008f4108}  (t=+35.177364ms)
    tlogger.go:133: INFO balancer_wrapper.go:159 [core] [Channel #22] ccBalancerWrapper: closing  (t=+35.219329ms)
    tlogger.go:133: INFO balancergroup.go:528 [xds] [weighted-target-lb 0xc000496c40] Balancer state update from child {region="region-1", zone="zone-1", sub_zone="subzone-1"}, new state: {ConnectivityState:CONNECTING Picker:0xc0008e20c0}  (t=+35.30944ms)
    tlogger.go:133: INFO aggregator.go:253 [xds] [weighted-target-lb 0xc000496c40] Child pickers with config: map[{region="region-1", zone="zone-1", sub_zone="subzone-1"}:weight:1,picker:0xc0008e20c0,state:CONNECTING,stateToAggregate:CONNECTING]  (t=+35.348331ms)
    tlogger.go:129: WARNING ads_stream.go:410 [xds] [xds-client 0xc0004ec500] [xds-channel 0xc0000ce5f0] [ads-stream 0xc0004ec5a0] Sending ADS request for type "type.googleapis.com/envoy.config.cluster.v3.Cluster", resources: [], version: "2", nonce: "8" failed: EOF  (t=+35.401972ms)
    tlogger.go:133: INFO balancergroup.go:528 [xds] [xds-cluster-manager-lb 0xc000137f60] Balancer state update from child cluster:cluster-my-service, new state: {ConnectivityState:IDLE Picker:0xc0008f4108}  (t=+35.461772ms)
    tlogger.go:133: INFO balancerstateaggregator.go:147 [xds] [xds-cluster-manager-lb 0xc000137f60] State update from sub-balancer "cluster:cluster-my-service": {ConnectivityState:IDLE Picker:0xc0008f4108}  (t=+35.739694ms)
    tlogger.go:133: INFO clientconn.go:1303 [core] [Channel #22 SubChannel #30] Subchannel Connectivity change to CONNECTING  (t=+35.935246ms)
    tlogger.go:133: INFO clientconn.go:1471 [core] [Channel #22 SubChannel #30] Subchannel picks a new address "127.0.0.1:40473" to connect  (t=+35.988604ms)
    tlogger.go:133: INFO balancergroup.go:528 [xds] [priority-lb 0xc000258f50] Balancer state update from child priority-0-0, new state: {ConnectivityState:CONNECTING Picker:0xc0008f41c8}  (t=+36.049962ms)
    tlogger.go:129: WARNING ads_stream.go:452 [xds] [xds-client 0xc0004ec500] [xds-channel 0xc0000ce5f0] [ads-stream 0xc0004ec5a0] ADS stream closed: rpc error: code = Canceled desc = context canceled  (t=+36.115389ms)
    tlogger.go:133: INFO clusterimpl.go:508 [xds] [xds-cluster-impl-lb 0xc000612b40] Shutdown  (t=+36.161929ms)
    tlogger.go:133: INFO balancergroup.go:351 [xds] [priority-lb 0xc000258f50] Removing child policy for child "priority-0-0"  (t=+36.207509ms)
    tlogger.go:133: INFO cdsbalancer.go:416 [xds] [cds-lb 0xc000242380] Shutdown  (t=+36.238317ms)
    tlogger.go:133: INFO clustermanager.go:192 [xds] [xds-cluster-manager-lb 0xc000137f60] Shutdown  (t=+36.292162ms)
    tlogger.go:133: INFO ads_stream.go:165 [xds] [xds-client 0xc0004ec500] [xds-channel 0xc0000ce5f0] [ads-stream 0xc0004ec5a0] Shutdown ADS stream  (t=+36.345802ms)
    tlogger.go:133: INFO clientconn.go:620 [core] [Channel #26] Channel Connectivity change to SHUTDOWN  (t=+36.458344ms)
    tlogger.go:133: INFO resolver_wrapper.go:112 [core] [Channel #26] Closing the name resolver  (t=+36.513851ms)
    tlogger.go:133: INFO balancer_wrapper.go:159 [core] [Channel #26] ccBalancerWrapper: closing  (t=+36.568104ms)
    tlogger.go:129: WARNING clientconn.go:1534 [core] [Channel #22 SubChannel #30] grpc: addrConn.createTransport failed to connect to {Addr: "127.0.0.1:40473", ServerName: "my-service", Attributes: {"<%!p(xds.hostnameKey={})>": "" , "<%!p(xds.handshakeAttrKey={})>": "<0xc000612bb0>" , "<%!p(xds.handshakeClusterNameKey={})>": "cluster-my-service" }, BalancerAttributes: {"<%!p(weight.attributeKey={})>": "Weight: 2147483648" , "<%!p(wrrlocality.attributeKey={})>": "Locality Weight: 1" , "<%!p(xds.localityKeyType=grpc.xds.internal.address.locality)>": "<%!p(clients.Locality={region-1 zone-1 subzone-1})>" , "<%!p(hierarchy.pathKeyType=grpc.internal.address.hierarchical_path)>": "<0xc000496440>" }}. Err: connection error: desc = "transport: Error while dialing: dial tcp 127.0.0.1:40473: connect: connection refused"  (t=+36.608547ms)
    tlogger.go:133: INFO clientconn.go:1305 [core] [Channel #22 SubChannel #30] Subchannel Connectivity change to TRANSIENT_FAILURE, last error: connection error: desc = "transport: Error while dialing: dial tcp 127.0.0.1:40473: connect: connection refused"  (t=+36.693466ms)
    tlogger.go:133: INFO clientconn.go:1303 [core] [Channel #26 SubChannel #27] Subchannel Connectivity change to SHUTDOWN  (t=+36.727798ms)
    tlogger.go:133: INFO clientconn.go:1710 [core] [Channel #26 SubChannel #27] Subchannel deleted  (t=+37.497491ms)
    tlogger.go:133: INFO clientconn.go:1232 [core] [Channel #26] Channel deleted  (t=+37.655698ms)
    tlogger.go:133: INFO channel.go:143 [xds] [xds-client 0xc0004ec500] [xds-channel 0xc0000ce5f0] Shutdown  (t=+37.712073ms)
    tlogger.go:133: INFO xdsclient.go:210 [xds] [xds-client 0xc0004ec500] Shutdown  (t=+37.792387ms)
    tlogger.go:133: INFO xds_resolver.go:295 [xds] [xds-resolver 0xc0006eafc0] Shutdown  (t=+37.823439ms)
    tlogger.go:133: INFO clientconn.go:1303 [core] [Channel #22 SubChannel #30] Subchannel Connectivity change to SHUTDOWN  (t=+37.877508ms)
    tlogger.go:133: INFO clientconn.go:1710 [core] [Channel #22 SubChannel #30] Subchannel deleted  (t=+37.91313ms)
    tlogger.go:133: INFO clientconn.go:1232 [core] [Channel #22] Channel deleted  (t=+37.94791ms)
    tlogger.go:133: INFO server.go:864 [core] [Server #17 ListenSocket #18] ListenSocket deleted  (t=+38.051394ms)
--- PASS: Test (0.15s)
    --- PASS: Test/VerifyC5_AllRoutesDisableFilter (0.05s)
    --- PASS: Test/VerifyC5_ReplacementWithNoRoutes (0.09s)
PASS
ok  	google.golang.org/grpc/test/xds	1.180s
exit=0
