=== RUN   Test
=== RUN   Test/VerifyC5_AllRoutesDisableFilter
    setup.go:45: Created new snapshot cache...
    tlogger.go:133: INFO server.go:732 [core] [Server #1] Server created  (t=+705.684µs)
    setup.go:45: Registered Aggregated Discovery Service (ADS)...
    setup.go:45: xDS management server serving at: 127.0.0.1:42971...
    tlogger.go:133: INFO server.go:928 [core] [Server #1 ListenSocket #2] ListenSocket created  (t=+902.129µs)
    tlogger.go:133: INFO server.go:732 [core] [Server #3] Server created  (t=+2.151855ms)
    tlogger.go:133: INFO pool.go:309 [xds] xDS node ID: 3acb3345-3131-4017-a4b7-bfd1c970bf84  (t=+2.281199ms)
    tlogger.go:133: INFO server.go:118 [xds] [xds-server 0xc0001b8a40] Created xds.GRPCServer  (t=+2.313188ms)
    stubserver.go:300: Started test service backend at "127.0.0.1:36897"
    tlogger.go:133: INFO server.go:177 [xds] [xds-server 0xc0001b8a40] Serve() passed a net.Listener on 127.0.0.1:36897  (t=+2.485416ms)
    tlogger.go:133: INFO clientconn.go:1837 [core] original dial target is: "passthrough:///127.0.0.1:42971"  (t=+2.612357ms)
    tlogger.go:133: INFO clientconn.go:516 [core] [Channel #4] Channel created for target "passthrough:///127.0.0.1:42971"  (t=+2.68741ms)
    tlogger.go:133: INFO clientconn.go:247 [core] [Channel #4] parsed dial target is: resolver.Target{URL:url.URL{Scheme:"passthrough", Opaque:"", User:(*url.Userinfo)(nil), Host:"", Path:"/127.0.0.1:42971", RawPath:"", OmitHost:false, ForceQuery:false, RawQuery:"", Fragment:"", RawFragment:""}}  (t=+2.746752ms)
    tlogger.go:133: INFO clientconn.go:248 [core] [Channel #4] Channel authority set to "127.0.0.1:42971"  (t=+2.77947ms)
    tlogger.go:133: INFO clientconn.go:620 [core] [Channel #4] Channel Connectivity change to CONNECTING  (t=+3.000264ms)
    tlogger.go:133: INFO server.go:928 [core] [Server #3 ListenSocket #5] ListenSocket created  (t=+3.040984ms)
    tlogger.go:133: INFO resolver_wrapper.go:211 [core] [Channel #4] Resolver state updated: {
          "Addresses": [
            {
              "Addr": "127.0.0.1:42971",
              "ServerName": "",
              "Attributes": null,
              "BalancerAttributes": null,
              "Metadata": null
            }
          ],
          "Endpoints": [
            {
              "Addresses": [
                {
                  "Addr": "127.0.0.1:42971",
                  "ServerName": "",
                  "Attributes": null,
                  "BalancerAttributes": null,
                  "Metadata": null
                }
              ],
              "Attributes": null
            }
          ],
          "ServiceConfig": null,
          "Attributes": null
        } (resolver returned new addresses)  (t=+3.404454ms)
    tlogger.go:133: INFO balancer_wrapper.go:121 [core] [Channel #4] Channel switches to new LB policy "pick_first"  (t=+3.589889ms)
    tlogger.go:133: INFO clientconn.go:923 [core] [Channel #4 SubChannel #6] Subchannel created  (t=+3.705464ms)
    tlogger.go:133: INFO clientconn.go:1303 [core] [Channel #4 SubChannel #6] Subchannel Connectivity change to CONNECTING  (t=+3.782164ms)
    tlogger.go:133: INFO clientconn.go:1471 [core] [Channel #4 SubChannel #6] Subchannel picks a new address "127.0.0.1:42971" to connect  (t=+3.824989ms)
    tlogger.go:133: INFO clientconn.go:421 [core] [Channel #4] Channel exiting idle mode  (t=+4.022435ms)
    tlogger.go:133: INFO clientconn.go:1303 [core] [Channel #4 SubChannel #6] Subchannel Connectivity change to READY  (t=+4.802782ms)
    tlogger.go:133: INFO clientconn.go:620 [core] [Channel #4] Channel Connectivity change to READY  (t=+4.940125ms)
    logging.go:30: open watch 1 for type.googleapis.com/envoy.config.listener.v3.Listener map[grpc/server?xds.resource.listening_address=127.0.0.1:36897:{}] from nodeID "3acb3345-3131-4017-a4b7-bfd1c970bf84", version ""
    server.go:229: Created new resource snapshot...
    logging.go:30: setting snapshot for node 3acb3345-3131-4017-a4b7-bfd1c970bf84
    logging.go:30: respond open watch 1 type.googleapis.com/envoy.config.listener.v3.Listener [grpc/server?xds.resource.listening_address=127.0.0.1:36897] with new version "1"
    logging.go:30: respond type.googleapis.com/envoy.config.listener.v3.Listener (requested [grpc/server?xds.resource.listening_address=127.0.0.1:36897]) version "" with version "1" and resources [grpc/server?xds.resource.listening_address=127.0.0.1:36897]
    server.go:235: Updated snapshot cache with resource snapshot...
    tlogger.go:133: INFO clientconn.go:1837 [core] original dial target is: "xds:///my-service"  (t=+8.042982ms)
    tlogger.go:133: INFO clientconn.go:516 [core] [Channel #9] Channel created for target "xds:///my-service"  (t=+8.097944ms)
    tlogger.go:133: INFO clientconn.go:247 [core] [Channel #9] parsed dial target is: resolver.Target{URL:url.URL{Scheme:"xds", Opaque:"", User:(*url.Userinfo)(nil), Host:"", Path:"/my-service", RawPath:"", OmitHost:false, ForceQuery:false, RawQuery:"", Fragment:"", RawFragment:""}}  (t=+8.147229ms)
    tlogger.go:133: INFO clientconn.go:248 [core] [Channel #9] Channel authority set to "my-service"  (t=+8.175496ms)
    logging.go:30: open watch 2 for type.googleapis.com/envoy.config.listener.v3.Listener map[grpc/server?xds.resource.listening_address=127.0.0.1:36897:{}] from nodeID "3acb3345-3131-4017-a4b7-bfd1c970bf84", version "1"
    logging.go:30: respond type.googleapis.com/envoy.config.route.v3.RouteConfiguration (requested [routeName]) version "" with version "1" and resources [routeName]
    tlogger.go:133: INFO rds_handler.go:147 RDS watch for resource "routeName" received update: &xdsresource.RouteConfigUpdate{VirtualHosts:[]*xdsresource.VirtualHost{(*xdsresource.VirtualHost)(0xc0005d6940)}, ClusterSpecifierPlugins:map[string]clusterspecifier.BalancerConfig{}, Raw:(*anypb.Any)(0xc00070cbe0)}  (t=+11.542604ms)
    tlogger.go:133: INFO clientconn.go:620 [core] [Channel #9] Channel Connectivity change to CONNECTING  (t=+11.658753ms)
    logging.go:30: open watch 3 for type.googleapis.com/envoy.config.route.v3.RouteConfiguration map[routeName:{}] from nodeID "3acb3345-3131-4017-a4b7-bfd1c970bf84", version "1"
    tlogger.go:133: INFO pool.go:309 [xds] xDS node ID: 3acb3345-3131-4017-a4b7-bfd1c970bf84  (t=+12.109345ms)
    tlogger.go:133: INFO xds_resolver.go:157 [xds] [xds-resolver 0xc000681ef0] Creating resolver for target: xds:///my-service  (t=+12.391656ms)
    tlogger.go:133: INFO clientconn.go:1837 [core] original dial target is: "passthrough:///127.0.0.1:42971"  (t=+13.076129ms)
    tlogger.go:133: INFO clientconn.go:516 [core] [Channel #10] Channel created for target "passthrough:///127.0.0.1:42971"  (t=+13.151895ms)
    tlogger.go:133: INFO clientconn.go:247 [core] [Channel #10] parsed dial target is: resolver.Target{URL:url.URL{Scheme:"passthrough", Opaque:"", User:(*url.Userinfo)(nil), Host:"", Path:"/127.0.0.1:42971", RawPath:"", OmitHost:false, ForceQuery:false, RawQuery:"", Fragment:"", RawFragment:""}}  (t=+13.213709ms)
    tlogger.go:133: INFO clientconn.go:248 [core] [Channel #10] Channel authority set to "127.0.0.1:42971"  (t=+13.256036ms)
    tlogger.go:133: INFO clientconn.go:421 [core] [Channel #9] Channel exiting idle mode  (t=+13.356905ms)
    tlogger.go:133: INFO clientconn.go:620 [core] [Channel #10] Channel Connectivity change to CONNECTING  (t=+13.416524ms)
    tlogger.go:133: INFO resolver_wrapper.go:211 [core] [Channel #10] Resolver state updated: {
          "Addresses": [
            {
              "Addr": "127.0.0.1:42971",
              "ServerName": "",
              "Attributes": null,
              "BalancerAttributes": null,
              "Metadata": null
            }
          ],
          "Endpoints": [
            {
              "Addresses": [
                {
                  "Addr": "127.0.0.1:42971",
                  "ServerName": "",
                  "Attributes": null,
                  "BalancerAttributes": null,
                  "Metadata": null
                }
              ],
              "Attributes": null
            }
          ],
          "ServiceConfig": null,
          "Attributes": null
        } (resolver returned new addresses)  (t=+13.562017ms)
    tlogger.go:133: INFO balancer_wrapper.go:121 [core] [Channel #10] Channel switches to new LB policy "pick_first"  (t=+13.734282ms)
    tlogger.go:133: INFO clientconn.go:923 [core] [Channel #10 SubChannel #11] Subchannel created  (t=+13.827198ms)
    tlogger.go:133: INFO clientconn.go:421 [core] [Channel #10] Channel exiting idle mode  (t=+13.892362ms)
    tlogger.go:133: INFO clientconn.go:1303 [core] [Channel #10 SubChannel #11] Subchannel Connectivity change to CONNECTING  (t=+13.953508ms)
    tlogger.go:133: INFO clientconn.go:1471 [core] [Channel #10 SubChannel #11] Subchannel picks a new address "127.0.0.1:42971" to connect  (t=+14.016683ms)
    tlogger.go:133: INFO clientconn.go:1303 [core] [Channel #10 SubChannel #11] Subchannel Connectivity change to READY  (t=+14.389609ms)
    tlogger.go:133: INFO clientconn.go:620 [core] [Channel #10] Channel Connectivity change to READY  (t=+14.478185ms)
    logging.go:30: respond type.googleapis.com/envoy.config.listener.v3.Listener (requested [my-service]) version "" with version "1" and resources [my-service]
    logging.go:30: open watch 4 for type.googleapis.com/envoy.config.listener.v3.Listener map[my-service:{}] from nodeID "3acb3345-3131-4017-a4b7-bfd1c970bf84", version "1"
    logging.go:30: respond type.googleapis.com/envoy.config.route.v3.RouteConfiguration (requested [route-my-service]) version "" with version "1" and resources [route-my-service]
    logging.go:30: open watch 5 for type.googleapis.com/envoy.config.route.v3.RouteConfiguration map[route-my-service:{}] from nodeID "3acb3345-3131-4017-a4b7-bfd1c970bf84", version "1"
    logging.go:30: respond type.googleapis.com/envoy.config.cluster.v3.Cluster (requested [cluster-my-service]) version "" with version "1" and resources [cluster-my-service]
    logging.go:30: open watch 6 for type.googleapis.com/envoy.config.cluster.v3.Cluster map[cluster-my-service:{}] from nodeID "3acb3345-3131-4017-a4b7-bfd1c970bf84", version "1"
    logging.go:30: respond type.googleapis.com/envoy.config.endpoint.v3.ClusterLoadAssignment (requested [endpoints-my-service]) version "" with version "1" and resources [endpoints-my-service]
    logging.go:30: open watch 7 for type.googleapis.com/envoy.config.endpoint.v3.ClusterLoadAssignment map[endpoints-my-service:{}] from nodeID "3acb3345-3131-4017-a4b7-bfd1c970bf84", version "1"
    tlogger.go:133: INFO resolver_wrapper.go:211 [core] [Channel #9] Resolver state updated: {
          "Addresses": null,
          "Endpoints": [],
          "ServiceConfig": {
            "Config": {
              "Config": null,
              "Methods": {}
            },
            "Err": null
          },
          "Attributes": {
            "\u003c%!p(xdsclient.clientKeyType=grpc.xds.internal.client.Client)\u003e": "\u003c0xc0005d4fc0\u003e",
            "\u003c%!p(xdsdepmgr.xdsClusterSubscriberKey={})\u003e": "\u003c0xc0000f8e40\u003e",
            "\u003c%!p(xdsresource.xdsConfigkey={})\u003e": "\u003c0xc0007261a0\u003e",
            "\u003c%!p(resolver.csKeyType=grpc.internal.resolver.configSelector)\u003e": "\u003c0xc00072e2a0\u003e"
          }
        } (service config updated)  (t=+21.787335ms)
    tlogger.go:133: INFO balancer_wrapper.go:121 [core] [Channel #9] Channel switches to new LB policy "xds_cluster_manager_experimental"  (t=+21.923472ms)
    tlogger.go:133: INFO clustermanager.go:58 [xds] [xds-cluster-manager-lb 0xc0003767a0] Created  (t=+21.964451ms)
    tlogger.go:133: INFO balancergroup.go:274 [xds] [xds-cluster-manager-lb 0xc0003767a0] Adding child policy of type "cds_experimental" for child "cluster:cluster-my-service"  (t=+21.996936ms)
    tlogger.go:133: INFO balancergroup.go:102 [xds] [xds-cluster-manager-lb 0xc0003767a0] Creating child policy of type "cds_experimental" for child "cluster:cluster-my-service"  (t=+22.023124ms)
    tlogger.go:133: INFO cdsbalancer.go:90 [xds] [cds-lb 0xc000583500] Created  (t=+22.057947ms)
    tlogger.go:133: INFO cdsbalancer.go:167 [xds] [cds-lb 0xc000583500] Received balancer config update: {
          "LoadBalancingConfig": null,
          "cluster": "cluster-my-service",
          "isDynamic": false
        }  (t=+22.132606ms)
    tlogger.go:133: INFO balancer.go:76 [xds] [priority-lb 0xc0007c00e0] Created  (t=+22.348726ms)
    tlogger.go:133: INFO balancergroup.go:528 [xds] [xds-cluster-manager-lb 0xc0003767a0] Balancer state update from child cluster:cluster-my-service, new state: {ConnectivityState:CONNECTING Picker:0xc0007b49e0}  (t=+22.886213ms)
    tlogger.go:133: INFO balancerstateaggregator.go:147 [xds] [xds-cluster-manager-lb 0xc0003767a0] State update from sub-balancer "cluster:cluster-my-service": {ConnectivityState:CONNECTING Picker:0xc0007b49e0}  (t=+22.920726ms)
    tlogger.go:133: INFO balancergroup.go:274 [xds] [priority-lb 0xc0007c00e0] Adding child policy of type "outlier_detection_experimental" for child "priority-0-0"  (t=+22.94887ms)
    tlogger.go:133: INFO balancergroup.go:102 [xds] [priority-lb 0xc0007c00e0] Creating child policy of type "outlier_detection_experimental" for child "priority-0-0"  (t=+22.976813ms)
    tlogger.go:133: INFO balancer.go:94 [xds] [outlier-detection-lb 0xc0005b1b30] Created  (t=+23.005355ms)
    tlogger.go:133: INFO clusterimpl.go:88 [xds] [xds-cluster-impl-lb 0xc000140f00] Created  (t=+23.055364ms)
    tlogger.go:133: INFO clusterimpl.go:100 [xds] [xds-cluster-impl-lb 0xc000140f00] xDS credentials in use: false  (t=+23.089927ms)
    tlogger.go:133: INFO weightedtarget.go:65 [xds] [weighted-target-lb 0xc000377620] Created  (t=+23.193558ms)
    tlogger.go:133: INFO balancer.go:88 [xds] [wrrlocality-lb 0xc0004e5ad0] Created  (t=+23.227499ms)
    tlogger.go:133: INFO balancergroup.go:274 [xds] [weighted-target-lb 0xc000377620] Adding child policy of type "round_robin" for child "{region=\"region-1\", zone=\"zone-1\", sub_zone=\"subzone-1\"}"  (t=+23.356531ms)
    tlogger.go:133: INFO balancergroup.go:102 [xds] [weighted-target-lb 0xc000377620] Creating child policy of type "round_robin" for child "{region=\"region-1\", zone=\"zone-1\", sub_zone=\"subzone-1\"}"  (t=+23.386855ms)
    tlogger.go:133: INFO roundrobin.go:56 [roundrobin] [0xc00074cc00] Created  (t=+23.415056ms)
    tlogger.go:133: INFO clientconn.go:923 [core] [Channel #9 SubChannel #14] Subchannel created  (t=+23.542962ms)
    tlogger.go:133: INFO balancergroup.go:528 [xds] [weighted-target-lb 0xc000377620] Balancer state update from child {region="region-1", zone="zone-1", sub_zone="subzone-1"}, new state: {ConnectivityState:CONNECTING Picker:0xc00012aa00}  (t=+23.613897ms)
    tlogger.go:133: INFO aggregator.go:253 [xds] [weighted-target-lb 0xc000377620] Child pickers with config: map[{region="region-1", zone="zone-1", sub_zone="subzone-1"}:weight:1,picker:0xc00012aa00,state:CONNECTING,stateToAggregate:CONNECTING]  (t=+23.652788ms)
    tlogger.go:133: INFO clientconn.go:1303 [core] [Channel #9 SubChannel #14] Subchannel Connectivity change to CONNECTING  (t=+23.691305ms)
    tlogger.go:133: INFO clientconn.go:1471 [core] [Channel #9 SubChannel #14] Subchannel picks a new address "127.0.0.1:36897" to connect  (t=+23.750861ms)
    tlogger.go:133: INFO balancergroup.go:528 [xds] [priority-lb 0xc0007c00e0] Balancer state update from child priority-0-0, new state: {ConnectivityState:CONNECTING Picker:0xc000792d20}  (t=+23.850217ms)
    tlogger.go:133: INFO balancergroup.go:528 [xds] [xds-cluster-manager-lb 0xc0003767a0] Balancer state update from child cluster:cluster-my-service, new state: {ConnectivityState:CONNECTING Picker:0xc000792d20}  (t=+23.910276ms)
    tlogger.go:133: INFO balancerstateaggregator.go:147 [xds] [xds-cluster-manager-lb 0xc0003767a0] State update from sub-balancer "cluster:cluster-my-service": {ConnectivityState:CONNECTING Picker:0xc000792d20}  (t=+23.947899ms)
    tlogger.go:133: INFO balancerstateaggregator.go:191 [xds] [xds-cluster-manager-lb 0xc0003767a0] Child pickers: map[cluster:cluster-my-service:picker:0xc000792d20,state:CONNECTING,stateToAggregate:CONNECTING]  (t=+23.997201ms)
    tlogger.go:133: INFO clientconn.go:1303 [core] [Channel #9 SubChannel #14] Subchannel Connectivity change to READY  (t=+24.187838ms)
    tlogger.go:133: INFO balancergroup.go:528 [xds] [weighted-target-lb 0xc000377620] Balancer state update from child {region="region-1", zone="zone-1", sub_zone="subzone-1"}, new state: {ConnectivityState:READY Picker:0xc00012ab40}  (t=+24.270058ms)
    tlogger.go:133: INFO aggregator.go:253 [xds] [weighted-target-lb 0xc000377620] Child pickers with config: map[{region="region-1", zone="zone-1", sub_zone="subzone-1"}:weight:1,picker:0xc00012ab40,state:READY,stateToAggregate:READY]  (t=+24.319772ms)
    tlogger.go:133: INFO balancergroup.go:528 [xds] [priority-lb 0xc0007c00e0] Balancer state update from child priority-0-0, new state: {ConnectivityState:READY Picker:0xc000792ea0}  (t=+24.361732ms)
    tlogger.go:133: INFO balancergroup.go:528 [xds] [xds-cluster-manager-lb 0xc0003767a0] Balancer state update from child cluster:cluster-my-service, new state: {ConnectivityState:READY Picker:0xc000792ea0}  (t=+24.396158ms)
    tlogger.go:133: INFO balancerstateaggregator.go:147 [xds] [xds-cluster-manager-lb 0xc0003767a0] State update from sub-balancer "cluster:cluster-my-service": {ConnectivityState:READY Picker:0xc000792ea0}  (t=+24.427991ms)
    tlogger.go:133: INFO balancerstateaggregator.go:191 [xds] [xds-cluster-manager-lb 0xc0003767a0] Child pickers: map[cluster:cluster-my-service:picker:0xc000792ea0,state:READY,stateToAggregate:READY]  (t=+24.464125ms)
    tlogger.go:133: INFO clientconn.go:620 [core] [Channel #9] Channel Connectivity change to READY  (t=+24.508614ms)
    server.go:229: Created new resource snapshot...
    logging.go:30: setting snapshot for node 3acb3345-3131-4017-a4b7-bfd1c970bf84
    logging.go:30: respond open watch 3 type.googleapis.com/envoy.config.route.v3.RouteConfiguration [routeName] with new version "2"
    logging.go:30: respond type.googleapis.com/envoy.config.route.v3.RouteConfiguration (requested [routeName]) version "1" with version "2" and resources [routeName]
    logging.go:30: respond open watch 4 type.googleapis.com/envoy.config.listener.v3.Listener [my-service] with new version "2"
    logging.go:30: respond type.googleapis.com/envoy.config.listener.v3.Listener (requested [my-service]) version "1" with version "2" and resources [my-service]
    logging.go:30: respond open watch 5 type.googleapis.com/envoy.config.route.v3.RouteConfiguration [route-my-service] with new version "2"
    logging.go:30: respond type.googleapis.com/envoy.config.route.v3.RouteConfiguration (requested [route-my-service]) version "1" with version "2" and resources [route-my-service]
    logging.go:30: respond open watch 6 type.googleapis.com/envoy.config.cluster.v3.Cluster [cluster-my-service] with new version "2"
    logging.go:30: respond type.googleapis.com/envoy.config.cluster.v3.Cluster (requested [cluster-my-service]) version "1" with version "2" and resources [cluster-my-service]
    logging.go:30: respond open watch 7 type.googleapis.com/envoy.config.endpoint.v3.ClusterLoadAssignment [endpoints-my-service] with new version "2"
    logging.go:30: respond type.googleapis.com/envoy.config.endpoint.v3.ClusterLoadAssignment (requested [endpoints-my-service]) version "1" with version "2" and resources [endpoints-my-service]
    logging.go:30: respond open watch 2 type.googleapis.com/envoy.config.listener.v3.Listener [grpc/server?xds.resource.listening_address=127.0.0.1:36897] with new version "2"
    logging.go:30: respond type.googleapis.com/envoy.config.listener.v3.Listener (requested [grpc/server?xds.resource.listening_address=127.0.0.1:36897]) version "1" with version "2" and resources [grpc/server?xds.resource.listening_address=127.0.0.1:36897]
    server.go:235: Updated snapshot cache with resource snapshot...
    tlogger.go:133: INFO rds_handler.go:147 RDS watch for resource "routeName" received update: &xdsresource.RouteConfigUpdate{VirtualHosts:[]*xdsresource.VirtualHost{(*xdsresource.VirtualHost)(0xc00012ac40)}, ClusterSpecifierPlugins:map[string]clusterspecifier.BalancerConfig{}, Raw:(*anypb.Any)(0xc0005d1220)}  (t=+25.769457ms)
    logging.go:30: open watch 8 for type.googleapis.com/envoy.config.route.v3.RouteConfiguration map[routeName:{}] from nodeID "3acb3345-3131-4017-a4b7-bfd1c970bf84", version "2"
    logging.go:30: open watch 9 for type.googleapis.com/envoy.config.listener.v3.Listener map[my-service:{}] from nodeID "3acb3345-3131-4017-a4b7-bfd1c970bf84", version "2"
    logging.go:30: open watch 10 for type.googleapis.com/envoy.config.listener.v3.Listener map[grpc/server?xds.resource.listening_address=127.0.0.1:36897:{}] from nodeID "3acb3345-3131-4017-a4b7-bfd1c970bf84", version "2"
    logging.go:30: open watch 11 for type.googleapis.com/envoy.config.cluster.v3.Cluster map[cluster-my-service:{}] from nodeID "3acb3345-3131-4017-a4b7-bfd1c970bf84", version "2"
    logging.go:30: open watch 12 for type.googleapis.com/envoy.config.route.v3.RouteConfiguration map[route-my-service:{}] from nodeID "3acb3345-3131-4017-a4b7-bfd1c970bf84", version "2"
    logging.go:30: open watch 13 for type.googleapis.com/envoy.config.endpoint.v3.ClusterLoadAssignment map[endpoints-my-service:{}] from nodeID "3acb3345-3131-4017-a4b7-bfd1c970bf84", version "2"
    tlogger.go:129: WARNING ads_stream.go:410 [xds] [xds-client 0xc0003395e0] [xds-channel 0xc00020e230] [ads-stream 0xc00036e0a0] Sending ADS request for type "type.googleapis.com/envoy.config.listener.v3.Listener", resources: [], version: "2", nonce: "4" failed: EOF  (t=+45.854365ms)
    tlogger.go:129: WARNING ads_stream.go:452 [xds] [xds-client 0xc0003395e0] [xds-channel 0xc00020e230] [ads-stream 0xc00036e0a0] ADS stream closed: rpc error: code = Canceled desc = context canceled  (t=+45.920411ms)
    tlogger.go:133: INFO ads_stream.go:165 [xds] [xds-client 0xc0003395e0] [xds-channel 0xc00020e230] [ads-stream 0xc00036e0a0] Shutdown ADS stream  (t=+45.957954ms)
    tlogger.go:133: INFO clientconn.go:620 [core] [Channel #4] Channel Connectivity change to SHUTDOWN  (t=+46.00148ms)
    tlogger.go:133: INFO resolver_wrapper.go:112 [core] [Channel #4] Closing the name resolver  (t=+46.03404ms)
    tlogger.go:133: INFO balancer_wrapper.go:159 [core] [Channel #4] ccBalancerWrapper: closing  (t=+46.095816ms)
    tlogger.go:133: INFO clientconn.go:1303 [core] [Channel #4 SubChannel #6] Subchannel Connectivity change to SHUTDOWN  (t=+46.194431ms)
    tlogger.go:133: INFO clientconn.go:1710 [core] [Channel #4 SubChannel #6] Subchannel deleted  (t=+46.23365ms)
    tlogger.go:133: INFO clientconn.go:1232 [core] [Channel #4] Channel deleted  (t=+46.384719ms)
    tlogger.go:133: INFO channel.go:143 [xds] [xds-client 0xc0003395e0] [xds-channel 0xc00020e230] Shutdown  (t=+46.435318ms)
    tlogger.go:133: INFO server.go:864 [core] [Server #3 ListenSocket #5] ListenSocket deleted  (t=+46.480505ms)
    tlogger.go:133: INFO clientconn.go:1303 [core] [Channel #9 SubChannel #14] Subchannel Connectivity change to IDLE  (t=+46.580613ms)
    tlogger.go:133: INFO balancergroup.go:528 [xds] [weighted-target-lb 0xc000377620] Balancer state update from child {region="region-1", zone="zone-1", sub_zone="subzone-1"}, new state: {ConnectivityState:IDLE Picker:0xc0005d6700}  (t=+46.778476ms)
    tlogger.go:133: INFO xdsclient.go:210 [xds] [xds-client 0xc0003395e0] Shutdown  (t=+46.850128ms)
    zz_verify_c5_e2e_test.go:252: PROBE event[0] ServerFilter.Build
    zz_verify_c5_e2e_test.go:252: PROBE event[1] Interceptor#1.Build
    zz_verify_c5_e2e_test.go:252: PROBE event[2] --- generation 1 serving (RPC OK); sending in-place RDS replacement for "routeName" ---
    zz_verify_c5_e2e_test.go:252: PROBE event[3] ServerFilter.Close (filter DESTROYED) stack=[server.(*refCountedServerFilter).Close <- server.(*filterChain).constructUsableRouteConfiguration <- server.(*listenerWrapper).handleRDSUpdate <- server.(*rdsWatcher).ResourceChanged]
    zz_verify_c5_e2e_test.go:252: PROBE event[4] Interceptor#1.Close parentFilterAlreadyDestroyed=true stack=[server.(*interceptorList).Close <- server.(*usableRouteConfiguration).close <- server.(*listenerWrapper).handleRDSUpdate <- server.(*rdsWatcher).ResourceChanged]
    zz_verify_c5_e2e_test.go:252: PROBE event[5] --- replacement observed; stopping server ---
    zz_verify_c5_e2e_test.go:254: PROBE RESULT after in-place replacement: retired interceptors closed while parent filter still alive=0, closed AFTER parent filter was destroyed=1
    tlogger.go:133: INFO aggregator.go:253 [xds] [weighted-target-lb 0xc000377620] Child pickers with config: map[{region="region-1", zone="zone-1", sub_zone="subzone-1"}:weight:1,picker:0xc0005d6700,state:IDLE,stateToAggregate:IDLE]  (t=+46.9898ms)
    tlogger.go:133: INFO clientconn.go:620 [core] [Channel #9] Channel Connectivity change to SHUTDOWN  (t=+47.09913ms)
    tlogger.go:133: INFO balancergroup.go:528 [xds] [priority-lb 0xc0007c00e0] Balancer state update from child priority-0-0, new state: {ConnectivityState:IDLE Picker:0xc0000129d8}  (t=+47.129329ms)
    tlogger.go:133: INFO resolver_wrapper.go:112 [core] [Channel #9] Closing the name resolver  (t=+47.173318ms)
    tlogger.go:133: INFO balancergroup.go:528 [xds] [weighted-target-lb 0xc000377620] Balancer state update from child {region="region-1", zone="zone-1", sub_zone="subzone-1"}, new state: {ConnectivityState:CONNECTING Picker:0xc0006f61c0}  (t=+47.213358ms)
    tlogger.go:133: INFO aggregator.go:253 [xds] [weighted-target-lb 0xc000377620] Child pickers with config: map[{region="region-1", zone="zone-1", sub_zone="subzone-1"}:weight:1,picker:0xc0006f61c0,state:CONNECTING,stateToAggregate:CONNECTING]  (t=+47.271787ms)
    tlogger.go:133: INFO balancergroup.go:528 [xds] [priority-lb 0xc0007c00e0] Balancer state update from child priority-0-0, new state: {ConnectivityState:CONNECTING Picker:0xc00043ccd8}  (t=+47.348103ms)
    tlogger.go:133: INFO balancergroup.go:528 [xds] [xds-cluster-manager-lb 0xc0003767a0] Balancer state update from child cluster:cluster-my-service, new state: {ConnectivityState:IDLE Picker:0xc0000129d8}  (t=+47.381473ms)
    tlogger.go:133: INFO balancerstateaggregator.go:147 [xds] [xds-cluster-manager-lb 0xc0003767a0] State update from sub-balancer "cluster:cluster-my-service": {ConnectivityState:IDLE Picker:0xc0000129d8}  (t=+47.418524ms)
    logging.go:30: open watch 14 for type.googleapis.com/envoy.config.listener.v3.Listener map[] from nodeID "3acb3345-3131-4017-a4b7-bfd1c970bf84", version "2"
    tlogger.go:133: INFO balancerstateaggregator.go:191 [xds] [xds-cluster-manager-lb 0xc0003767a0] Child pickers: map[cluster:cluster-my-service:picker:0xc0000129d8,state:IDLE,stateToAggregate:IDLE]  (t=+47.462501ms)
    tlogger.go:133: INFO balancergroup.go:528 [xds] [xds-cluster-manager-lb 0xc0003767a0] Balancer state update from child cluster:cluster-my-service, new state: {ConnectivityState:CONNECTING Picker:0xc00043ccd8}  (t=+47.548363ms)
    tlogger.go:133: INFO balancerstateaggregator.go:147 [xds] [xds-cluster-manager-lb 0xc0003767a0] State update from sub-balancer "cluster:cluster-my-service": {ConnectivityState:CONNECTING Picker:0xc00043ccd8}  (t=+47.602843ms)
    tlogger.go:133: INFO balancerstateaggregator.go:191 [xds] [xds-cluster-manager-lb 0xc0003767a0] Child pickers: map[cluster:cluster-my-service:picker:0xc00043ccd8,state:CONNECTING,stateToAggregate:CONNECTING]  (t=+47.636024ms)
    tlogger.go:129: WARNING ads_stream.go:410 [xds] [xds-client 0xc000665e00] [xds-channel 0xc0004d6960] [ads-stream 0xc000038460] Sending ADS request for type "type.googleapis.com/envoy.config.endpoint.v3.ClusterLoadAssignment", resources: [], version: "2", nonce: "8" failed: EOF  (t=+47.661209ms)
    tlogger.go:133: INFO clientconn.go:1303 [core] [Channel #9 SubChannel #14] Subchannel Connectivity change to CONNECTING  (t=+47.695479ms)
    tlogger.go:133: INFO clientconn.go:1471 [core] [Channel #9 SubChannel #14] Subchannel picks a new address "127.0.0.1:36897" to connect  (t=+47.734609ms)
    tlogger.go:129: WARNING ads_stream.go:452 [xds] [xds-client 0xc000665e00] [xds-channel 0xc0004d6960] [ads-stream 0xc000038460] ADS stream closed: rpc error: code = Canceled desc = context canceled  (t=+47.820481ms)
    tlogger.go:133: INFO ads_stream.go:165 [xds] [xds-client 0xc000665e00] [xds-channel 0xc0004d6960] [ads-stream 0xc000038460] Shutdown ADS stream  (t=+47.882933ms)
    tlogger.go:133: INFO clientconn.go:620 [core] [Channel #10] Channel Connectivity change to SHUTDOWN  (t=+47.952745ms)
    tlogger.go:133: INFO resolver_wrapper.go:112 [core] [Channel #10] Closing the name resolver  (t=+47.988757ms)
    tlogger.go:129: WARNING clientconn.go:1534 [core] [Channel #9 SubChannel #14] grpc: addrConn.createTransport failed to connect to {Addr: "127.0.0.1:36897", ServerName: "my-service", Attributes: {"<%!p(xds.hostnameKey={})>": "" , "<%!p(xds.handshakeAttrKey={})>": "<0xc000140f70>" , "<%!p(xds.handshakeClusterNameKey={})>": "cluster-my-service" }, BalancerAttributes: {"<%!p(weight.attributeKey={})>": "Weight: 2147483648" , "<%!p(wrrlocality.attributeKey={})>": "Locality Weight: 1" , "<%!p(xds.localityKeyType=grpc.xds.internal.address.locality)>": "<%!p(clients.Locality={region-1 zone-1 subzone-1})>" , "<%!p(hierarchy.pathKeyType=grpc.internal.address.hierarchical_path)>": "<0xc000377040>" }}. Err: connection error: desc = "transport: Error while dialing: dial tcp 127.0.0.1:36897: connect: connection refused"  (t=+48.035667ms)
    tlogger.go:133: INFO clientconn.go:1305 [core] [Channel #9 SubChannel #14] Subchannel Connectivity change to TRANSIENT_FAILURE, last error: connection error: desc = "transport: Error while dialing: dial tcp 127.0.0.1:36897: connect: connection refused"  (t=+48.118602ms)
    tlogger.go:133: INFO balancer_wrapper.go:159 [core] [Channel #9] ccBalancerWrapper: closing  (t=+48.153211ms)
    tlogger.go:133: INFO balancer_wrapper.go:159 [core] [Channel #10] ccBalancerWrapper: closing  (t=+48.196977ms)
    tlogger.go:133: INFO clusterimpl.go:508 [xds] [xds-cluster-impl-lb 0xc000140f00] Shutdown  (t=+48.273997ms)
    tlogger.go:133: INFO balancergroup.go:351 [xds] [priority-lb 0xc0007c00e0] Removing child policy for child "priority-0-0"  (t=+48.31047ms)
    tlogger.go:133: INFO cdsbalancer.go:416 [xds] [cds-lb 0xc000583500] Shutdown  (t=+48.336588ms)
    tlogger.go:133: INFO clustermanager.go:192 [xds] [xds-cluster-manager-lb 0xc0003767a0] Shutdown  (t=+48.376942ms)
    tlogger.go:133: INFO clientconn.go:1303 [core] [Channel #10 SubChannel #11] Subchannel Connectivity change to SHUTDOWN  (t=+48.4051ms)
    tlogger.go:133: INFO clientconn.go:1710 [core] [Channel #10 SubChannel #11] Subchannel deleted  (t=+48.454835ms)
    tlogger.go:133: INFO clientconn.go:1232 [core] [Channel #10] Channel deleted  (t=+48.597975ms)
    tlogger.go:133: INFO channel.go:143 [xds] [xds-client 0xc000665e00] [xds-channel 0xc0004d6960] Shutdown  (t=+48.745089ms)
    tlogger.go:133: INFO xdsclient.go:210 [xds] [xds-client 0xc000665e00] Shutdown  (t=+48.856691ms)
    tlogger.go:133: INFO xds_resolver.go:295 [xds] [xds-resolver 0xc000681ef0] Shutdown  (t=+48.891468ms)
    tlogger.go:133: INFO clientconn.go:1303 [core] [Channel #9 SubChannel #14] Subchannel Connectivity change to SHUTDOWN  (t=+48.949934ms)
    tlogger.go:133: INFO clientconn.go:1710 [core] [Channel #9 SubChannel #14] Subchannel deleted  (t=+48.982979ms)
    tlogger.go:133: INFO clientconn.go:1232 [core] [Channel #9] Channel deleted  (t=+49.019002ms)
    tlogger.go:133: INFO server.go:864 [core] [Server #1 ListenSocket #2] ListenSocket deleted  (t=+49.124226ms)
=== RUN   Test/VerifyC5_ReplacementWithNoRoutes
    setup.go:45: Created new snapshot cache...
    tlogger.go:133: INFO server.go:732 [core] [Server #17] Server created  (t=+148.438µs)
    setup.go:45: Registered Aggregated Discovery Service (ADS)...
    setup.go:45: xDS management server serving at: 127.0.0.1:44005...
    tlogger.go:133: INFO server.go:928 [core] [Server #17 ListenSocket #18] ListenSocket created  (t=+314.347µs)
    tlogger.go:133: INFO server.go:732 [core] [Server #19] Server created  (t=+1.134132ms)
    tlogger.go:133: INFO pool.go:309 [xds] xDS node ID: 2ab60547-435b-4598-9e08-c2923fa385db  (t=+1.237763ms)
    tlogger.go:133: INFO server.go:118 [xds] [xds-server 0xc00072c800] Created xds.GRPCServer  (t=+1.279611ms)
    stubserver.go:300: Started test service backend at "127.0.0.1:37503"
    tlogger.go:133: INFO server.go:177 [xds] [xds-server 0xc00072c800] Serve() passed a net.Listener on 127.0.0.1:37503  (t=+1.425292ms)
    tlogger.go:133: INFO clientconn.go:1837 [core] original dial target is: "passthrough:///127.0.0.1:44005"  (t=+1.551271ms)
    tlogger.go:133: INFO clientconn.go:516 [core] [Channel #20] Channel created for target "passthrough:///127.0.0.1:44005"  (t=+1.61028ms)
    tlogger.go:133: INFO clientconn.go:247 [core] [Channel #20] parsed dial target is: resolver.Target{URL:url.URL{Scheme:"passthrough", Opaque:"", User:(*url.Userinfo)(nil), Host:"", Path:"/127.0.0.1:44005", RawPath:"", OmitHost:false, ForceQuery:false, RawQuery:"", Fragment:"", RawFragment:""}}  (t=+1.65792ms)
    tlogger.go:133: INFO clientconn.go:248 [core] [Channel #20] Channel authority set to "127.0.0.1:44005"  (t=+1.685962ms)
    tlogger.go:133: INFO server.go:928 [core] [Server #19 ListenSocket #21] ListenSocket created  (t=+1.792518ms)
    tlogger.go:133: INFO clientconn.go:620 [core] [Channel #20] Channel Connectivity change to CONNECTING  (t=+1.850766ms)
    tlogger.go:133: INFO resolver_wrapper.go:211 [core] [Channel #20] Resolver state updated: {
          "Addresses": [
            {
              "Addr": "127.0.0.1:44005",
              "ServerName": "",
              "Attributes": null,
              "BalancerAttributes": null,
              "Metadata": null
            }
          ],
          "Endpoints": [
            {
              "Addresses": [
                {
                  "Addr": "127.0.0.1:44005",
                  "ServerName": "",
                  "Attributes": null,
                  "BalancerAttributes": null,
                  "Metadata": null
                }
              ],
              "Attributes": null
            }
          ],
          "ServiceConfig": null,
          "Attributes": null
        } (resolver returned new addresses)  (t=+1.962319ms)
    server.go:229: Created new resource snapshot...
    tlogger.go:133: INFO balancer_wrapper.go:121 [core] [Channel #20] Channel switches to new LB policy "pick_first"  (t=+2.138685ms)
    tlogger.go:133: INFO clientconn.go:923 [core] [Channel #20 SubChannel #22] Subchannel created  (t=+2.22526ms)
    logging.go:30: setting snapshot for node 2ab60547-435b-4598-9e08-c2923fa385db
    server.go:235: Updated snapshot cache with resource snapshot...
    tlogger.go:133: INFO clientconn.go:421 [core] [Channel #20] Channel exiting idle mode  (t=+2.268418ms)
    tlogger.go:133: INFO clientconn.go:1837 [core] original dial target is: "xds:///my-service"  (t=+2.371942ms)
    tlogger.go:133: INFO clientconn.go:516 [core] [Channel #23] Channel created for target "xds:///my-service"  (t=+2.468652ms)
    tlogger.go:133: INFO clientconn.go:247 [core] [Channel #23] parsed dial target is: resolver.Target{URL:url.URL{Scheme:"xds", Opaque:"", User:(*url.Userinfo)(nil), Host:"", Path:"/my-service", RawPath:"", OmitHost:false, ForceQuery:false, RawQuery:"", Fragment:"", RawFragment:""}}  (t=+2.526955ms)
    tlogger.go:133: INFO clientconn.go:248 [core] [Channel #23] Channel authority set to "my-service"  (t=+2.558745ms)
    tlogger.go:133: INFO clientconn.go:1303 [core] [Channel #20 SubChannel #22] Subchannel Connectivity change to CONNECTING  (t=+2.691244ms)
    tlogger.go:133: INFO clientconn.go:1471 [core] [Channel #20 SubChannel #22] Subchannel picks a new address "127.0.0.1:44005" to connect  (t=+2.736788ms)
    tlogger.go:133: INFO clientconn.go:1303 [core] [Channel #20 SubChannel #22] Subchannel Connectivity change to READY  (t=+2.985372ms)
    tlogger.go:133: INFO clientconn.go:620 [core] [Channel #20] Channel Connectivity change to READY  (t=+3.068538ms)
    logging.go:30: respond type.googleapis.com/envoy.config.listener.v3.Listener (requested [grpc/server?xds.resource.listening_address=127.0.0.1:37503]) version "" with version "1" and resources [grpc/server?xds.resource.listening_address=127.0.0.1:37503]
    logging.go:30: open watch 1 for type.googleapis.com/envoy.config.listener.v3.Listener map[grpc/server?xds.resource.listening_address=127.0.0.1:37503:{}] from nodeID "2ab60547-435b-4598-9e08-c2923fa385db", version "1"
    logging.go:30: respond type.googleapis.com/envoy.config.route.v3.RouteConfiguration (requested [routeName]) version "" with version "1" and resources [routeName]
    tlogger.go:133: INFO rds_handler.go:147 RDS watch for resource "routeName" received update: &xdsresource.RouteConfigUpdate{VirtualHosts:[]*xdsresource.VirtualHost{(*xdsresource.VirtualHost)(0xc00072cfc0)}, ClusterSpecifierPlugins:map[string]clusterspecifier.BalancerConfig{}, Raw:(*anypb.Any)(0xc00012dd10)}  (t=+4.240066ms)
    logging.go:30: open watch 2 for type.googleapis.com/envoy.config.route.v3.RouteConfiguration map[routeName:{}] from nodeID "2ab60547-435b-4598-9e08-c2923fa385db", version "1"
    tlogger.go:133: INFO clientconn.go:620 [core] [Channel #23] Channel Connectivity change to CONNECTING  (t=+4.350156ms)
    tlogger.go:133: INFO pool.go:309 [xds] xDS node ID: 2ab60547-435b-4598-9e08-c2923fa385db  (t=+4.765491ms)
    tlogger.go:133: INFO xds_resolver.go:157 [xds] [xds-resolver 0xc0004d35f0] Creating resolver for target: xds:///my-service  (t=+4.806842ms)
    tlogger.go:133: INFO clientconn.go:1837 [core] original dial target is: "passthrough:///127.0.0.1:44005"  (t=+4.863472ms)
    tlogger.go:133: INFO clientconn.go:516 [core] [Channel #26] Channel created for target "passthrough:///127.0.0.1:44005"  (t=+4.910165ms)
    tlogger.go:133: INFO clientconn.go:247 [core] [Channel #26] parsed dial target is: resolver.Target{URL:url.URL{Scheme:"passthrough", Opaque:"", User:(*url.Userinfo)(nil), Host:"", Path:"/127.0.0.1:44005", RawPath:"", OmitHost:false, ForceQuery:false, RawQuery:"", Fragment:"", RawFragment:""}}  (t=+4.962803ms)
    tlogger.go:133: INFO clientconn.go:248 [core] [Channel #26] Channel authority set to "127.0.0.1:44005"  (t=+4.992699ms)
    tlogger.go:133: INFO clientconn.go:421 [core] [Channel #23] Channel exiting idle mode  (t=+5.07791ms)
    tlogger.go:133: INFO clientconn.go:620 [core] [Channel #26] Channel Connectivity change to CONNECTING  (t=+5.140552ms)
    tlogger.go:133: INFO resolver_wrapper.go:211 [core] [Channel #26] Resolver state updated: {
          "Addresses": [
            {
              "Addr": "127.0.0.1:44005",
              "ServerName": "",
              "Attributes": null,
              "BalancerAttributes": null,
              "Metadata": null
            }
          ],
          "Endpoints": [
            {
              "Addresses": [
                {
                  "Addr": "127.0.0.1:44005",
                  "ServerName": "",
                  "Attributes": null,
                  "BalancerAttributes": null,
                  "Metadata": null
                }
              ],
              "Attributes": null
            }
          ],
          "ServiceConfig": null,
          "Attributes": null
        } (resolver returned new addresses)  (t=+5.267912ms)
    tlogger.go:133: INFO balancer_wrapper.go:121 [core] [Channel #26] Channel switches to new LB policy "pick_first"  (t=+5.408429ms)
    tlogger.go:133: INFO clientconn.go:923 [core] [Channel #26 SubChannel #27] Subchannel created  (t=+5.497281ms)
    tlogger.go:133: INFO clientconn.go:421 [core] [Channel #26] Channel exiting idle mode  (t=+5.537324ms)
    tlogger.go:133: INFO clientconn.go:1303 [core] [Channel #26 SubChannel #27] Subchannel Connectivity change to CONNECTING  (t=+5.561175ms)
    tlogger.go:133: INFO clientconn.go:1471 [core] [Channel #26 SubChannel #27] Subchannel picks a new address "127.0.0.1:44005" to connect  (t=+5.599731ms)
    tlogger.go:133: INFO clientconn.go:1303 [core] [Channel #26 SubChannel #27] Subchannel Connectivity change to READY  (t=+5.890818ms)
    tlogger.go:133: INFO clientconn.go:620 [core] [Channel #26] Channel Connectivity change to READY  (t=+5.969048ms)
    logging.go:30: respond type.googleapis.com/envoy.config.listener.v3.Listener (requested [my-service]) version "" with version "1" and resources [my-service]
    logging.go:30: open watch 3 for type.googleapis.com/envoy.config.listener.v3.Listener map[my-service:{}] from nodeID "2ab60547-435b-4598-9e08-c2923fa385db", version "1"
    logging.go:30: respond type.googleapis.com/envoy.config.route.v3.RouteConfiguration (requested [route-my-service]) version "" with version "1" and resources [route-my-service]
    logging.go:30: open watch 4 for type.googleapis.com/envoy.config.route.v3.RouteConfiguration map[route-my-service:{}] from nodeID "2ab60547-435b-4598-9e08-c2923fa385db", version "1"
    logging.go:30: respond type.googleapis.com/envoy.config.cluster.v3.Cluster (requested [cluster-my-service]) version "" with version "1" and resources [cluster-my-service]
    logging.go:30: open watch 5 for type.googleapis.com/envoy.config.cluster.v3.Cluster map[cluster-my-service:{}] from nodeID "2ab60547-435b-4598-9e08-c2923fa385db", version "1"
    logging.go:30: respond type.googleapis.com/envoy.config.endpoint.v3.ClusterLoadAssignment (requested [endpoints-my-service]) version "" with version "1" and resources [endpoints-my-service]
    logging.go:30: open watch 6 for type.googleapis.com/envoy.config.endpoint.v3.ClusterLoadAssignment map[endpoints-my-service:{}] from nodeID "2ab60547-435b-4598-9e08-c2923fa385db", version "1"
    tlogger.go:133: INFO resolver_wrapper.go:211 [core] [Channel #23] Resolver state updated: {
          "Addresses": null,
          "Endpoints": [],
          "ServiceConfig": {
            "Config": {
              "Config": null,
              "Methods": {}
            },
            "Err": null
          },
          "Attributes": {
            "\u003c%!p(xdsclient.clientKeyType=grpc.xds.internal.client.Client)\u003e": "\u003c0xc00065d440\u003e",
            "\u003c%!p(xdsdepmgr.xdsClusterSubscriberKey={})\u003e": "\u003c0xc00064c480\u003e",
            "\u003c%!p(xdsresource.xdsConfigkey={})\u003e": "\u003c0xc000629260\u003e",
            "\u003c%!p(resolver.csKeyType=grpc.internal.resolver.configSelector)\u003e": "\u003c0xc000325340\u003e"
          }
        } (service config updated)  (t=+8.343221ms)
    tlogger.go:133: INFO balancer_wrapper.go:121 [core] [Channel #23] Channel switches to new LB policy "xds_cluster_manager_experimental"  (t=+8.485059ms)
    tlogger.go:133: INFO clustermanager.go:58 [xds] [xds-cluster-manager-lb 0xc000726600] Created  (t=+8.524522ms)
    tlogger.go:133: INFO balancergroup.go:274 [xds] [xds-cluster-manager-lb 0xc000726600] Adding child policy of type "cds_experimental" for child "cluster:cluster-my-service"  (t=+8.556627ms)
    tlogger.go:133: INFO balancergroup.go:102 [xds] [xds-cluster-manager-lb 0xc000726600] Creating child policy of type "cds_experimental" for child "cluster:cluster-my-service"  (t=+8.585525ms)
    tlogger.go:133: INFO cdsbalancer.go:90 [xds] [cds-lb 0xc000124380] Created  (t=+8.617744ms)
    tlogger.go:133: INFO cdsbalancer.go:167 [xds] [cds-lb 0xc000124380] Received balancer config update: {
          "LoadBalancingConfig": null,
          "cluster": "cluster-my-service",
          "isDynamic": false
        }  (t=+8.672938ms)
    tlogger.go:133: INFO balancer.go:76 [xds] [priority-lb 0xc000325490] Created  (t=+8.770015ms)
    tlogger.go:133: INFO balancergroup.go:528 [xds] [xds-cluster-manager-lb 0xc000726600] Balancer state update from child cluster:cluster-my-service, new state: {ConnectivityState:CONNECTING Picker:0xc00019c070}  (t=+9.134468ms)
    tlogger.go:133: INFO balancerstateaggregator.go:147 [xds] [xds-cluster-manager-lb 0xc000726600] State update from sub-balancer "cluster:cluster-my-service": {ConnectivityState:CONNECTING Picker:0xc00019c070}  (t=+9.168726ms)
    tlogger.go:133: INFO balancergroup.go:274 [xds] [priority-lb 0xc000325490] Adding child policy of type "outlier_detection_experimental" for child "priority-0-0"  (t=+9.199701ms)
    tlogger.go:133: INFO balancergroup.go:102 [xds] [priority-lb 0xc000325490] Creating child policy of type "outlier_detection_experimental" for child "priority-0-0"  (t=+9.236406ms)
    tlogger.go:133: INFO balancer.go:94 [xds] [outlier-detection-lb 0xc000884960] Created  (t=+9.277848ms)
    tlogger.go:133: INFO clusterimpl.go:88 [xds] [xds-cluster-impl-lb 0xc00012e640] Created  (t=+9.323265ms)
    tlogger.go:133: INFO clusterimpl.go:100 [xds] [xds-cluster-impl-lb 0xc00012e640] xDS credentials in use: false  (t=+9.361072ms)
    tlogger.go:133: INFO weightedtarget.go:65 [xds] [weighted-target-lb 0xc000726a60] Created  (t=+9.466176ms)
    tlogger.go:133: INFO balancer.go:88 [xds] [wrrlocality-lb 0xc00074d650] Created  (t=+9.502603ms)
    tlogger.go:133: INFO balancergroup.go:274 [xds] [weighted-target-lb 0xc000726a60] Adding child policy of type "round_robin" for child "{region=\"region-1\", zone=\"zone-1\", sub_zone=\"subzone-1\"}"  (t=+9.585871ms)
    tlogger.go:133: INFO balancergroup.go:102 [xds] [weighted-target-lb 0xc000726a60] Creating child policy of type "round_robin" for child "{region=\"region-1\", zone=\"zone-1\", sub_zone=\"subzone-1\"}"  (t=+9.6166ms)
    tlogger.go:133: INFO roundrobin.go:56 [roundrobin] [0xc00074d980] Created  (t=+9.643307ms)
    tlogger.go:133: INFO clientconn.go:923 [core] [Channel #23 SubChannel #30] Subchannel created  (t=+9.747672ms)
    tlogger.go:133: INFO balancergroup.go:528 [xds] [weighted-target-lb 0xc000726a60] Balancer state update from child {region="region-1", zone="zone-1", sub_zone="subzone-1"}, new state: {ConnectivityState:CONNECTING Picker:0xc00012ab40}  (t=+9.795388ms)
    tlogger.go:133: INFO aggregator.go:253 [xds] [weighted-target-lb 0xc000726a60] Child pickers with config: map[{region="region-1", zone="zone-1", sub_zone="subzone-1"}:weight:1,picker:0xc00012ab40,state:CONNECTING,stateToAggregate:CONNECTING]  (t=+9.832693ms)
    tlogger.go:133: INFO clientconn.go:1303 [core] [Channel #23 SubChannel #30] Subchannel Connectivity change to CONNECTING  (t=+9.882182ms)
    tlogger.go:133: INFO clientconn.go:1471 [core] [Channel #23 SubChannel #30] Subchannel picks a new address "127.0.0.1:37503" to connect  (t=+9.936437ms)
    tlogger.go:133: INFO balancergroup.go:528 [xds] [priority-lb 0xc000325490] Balancer state update from child priority-0-0, new state: {ConnectivityState:CONNECTING Picker:0xc000792fa8}  (t=+9.987091ms)
    tlogger.go:133: INFO balancergroup.go:528 [xds] [xds-cluster-manager-lb 0xc000726600] Balancer state update from child cluster:cluster-my-service, new state: {ConnectivityState:CONNECTING Picker:0xc000792fa8}  (t=+10.026469ms)
    tlogger.go:133: INFO balancerstateaggregator.go:191 [xds] [xds-cluster-manager-lb 0xc000726600] Child pickers: map[cluster:cluster-my-service:picker:0xc00019c070,state:CONNECTING,stateToAggregate:CONNECTING]  (t=+10.053312ms)
    tlogger.go:133: INFO balancerstateaggregator.go:147 [xds] [xds-cluster-manager-lb 0xc000726600] State update from sub-balancer "cluster:cluster-my-service": {ConnectivityState:CONNECTING Picker:0xc000792fa8}  (t=+10.117595ms)
    tlogger.go:133: INFO balancerstateaggregator.go:191 [xds] [xds-cluster-manager-lb 0xc000726600] Child pickers: map[cluster:cluster-my-service:picker:0xc000792fa8,state:CONNECTING,stateToAggregate:CONNECTING]  (t=+10.177497ms)
    tlogger.go:133: INFO clientconn.go:1303 [core] [Channel #23 SubChannel #30] Subchannel Connectivity change to READY  (t=+10.226253ms)
    tlogger.go:133: INFO balancergroup.go:528 [xds] [weighted-target-lb 0xc000726a60] Balancer state update from child {region="region-1", zone="zone-1", sub_zone="subzone-1"}, new state: {ConnectivityState:READY Picker:0xc0006f64c0}  (t=+10.334894ms)
    tlogger.go:133: INFO aggregator.go:253 [xds] [weighted-target-lb 0xc000726a60] Child pickers with config: map[{region="region-1", zone="zone-1", sub_zone="subzone-1"}:weight:1,picker:0xc0006f64c0,state:READY,stateToAggregate:READY]  (t=+10.391978ms)
    tlogger.go:133: INFO balancergroup.go:528 [xds] [priority-lb 0xc000325490] Balancer state update from child priority-0-0, new state: {ConnectivityState:READY Picker:0xc000633ef0}  (t=+10.433152ms)
    tlogger.go:133: INFO balancergroup.go:528 [xds] [xds-cluster-manager-lb 0xc000726600] Balancer state update from child cluster:cluster-my-service, new state: {ConnectivityState:READY Picker:0xc000633ef0}  (t=+10.474572ms)
    tlogger.go:133: INFO balancerstateaggregator.go:147 [xds] [xds-cluster-manager-lb 0xc000726600] State update from sub-balancer "cluster:cluster-my-service": {ConnectivityState:READY Picker:0xc000633ef0}  (t=+10.511033ms)
    tlogger.go:133: INFO balancerstateaggregator.go:191 [xds] [xds-cluster-manager-lb 0xc000726600] Child pickers: map[cluster:cluster-my-service:picker:0xc000633ef0,state:READY,stateToAggregate:READY]  (t=+10.553386ms)
    tlogger.go:133: INFO clientconn.go:620 [core] [Channel #23] Channel Connectivity change to READY  (t=+10.593354ms)
    server.go:229: Created new resource snapshot...
    logging.go:30: setting snapshot for node 2ab60547-435b-4598-9e08-c2923fa385db
    logging.go:30: respond open watch 5 type.googleapis.com/envoy.config.cluster.v3.Cluster [cluster-my-service] with new version "2"
    logging.go:30: respond type.googleapis.com/envoy.config.cluster.v3.Cluster (requested [cluster-my-service]) version "1" with version "2" and resources [cluster-my-service]
    logging.go:30: respond open watch 6 type.googleapis.com/envoy.config.endpoint.v3.ClusterLoadAssignment [endpoints-my-service] with new version "2"
    logging.go:30: respond type.googleapis.com/envoy.config.endpoint.v3.ClusterLoadAssignment (requested [endpoints-my-service]) version "1" with version "2" and resources [endpoints-my-service]
    logging.go:30: respond open watch 1 type.googleapis.com/envoy.config.listener.v3.Listener [grpc/server?xds.resource.listening_address=127.0.0.1:37503] with new version "2"
    logging.go:30: respond type.googleapis.com/envoy.config.listener.v3.Listener (requested [grpc/server?xds.resource.listening_address=127.0.0.1:37503]) version "1" with version "2" and resources [grpc/server?xds.resource.listening_address=127.0.0.1:37503]
    logging.go:30: respond open watch 2 type.googleapis.com/envoy.config.route.v3.RouteConfiguration [routeName] with new version "2"
    logging.go:30: respond type.googleapis.com/envoy.config.route.v3.RouteConfiguration (requested [routeName]) version "1" with version "2" and resources [routeName]
    logging.go:30: respond open watch 3 type.googleapis.com/envoy.config.listener.v3.Listener [my-service] with new version "2"
    logging.go:30: respond type.googleapis.com/envoy.config.listener.v3.Listener (requested [my-service]) version "1" with version "2" and resources [my-service]
    logging.go:30: respond open watch 4 type.googleapis.com/envoy.config.route.v3.RouteConfiguration [route-my-service] with new version "2"
    logging.go:30: respond type.googleapis.com/envoy.config.route.v3.RouteConfiguration (requested [route-my-service]) version "1" with version "2" and resources [route-my-service]
    server.go:235: Updated snapshot cache with resource snapshot...
    logging.go:30: open watch 7 for type.googleapis.com/envoy.config.cluster.v3.Cluster map[cluster-my-service:{}] from nodeID "2ab60547-435b-4598-9e08-c2923fa385db", version "2"
    logging.go:30: open watch 8 for type.googleapis.com/envoy.config.endpoint.v3.ClusterLoadAssignment map[endpoints-my-service:{}] from nodeID "2ab60547-435b-4598-9e08-c2923fa385db", version "2"
    logging.go:30: open watch 9 for type.googleapis.com/envoy.config.listener.v3.Listener map[my-service:{}] from nodeID "2ab60547-435b-4598-9e08-c2923fa385db", version "2"
    tlogger.go:133: INFO rds_handler.go:147 RDS watch for resource "routeName" received update: &xdsresource.RouteConfigUpdate{VirtualHosts:[]*xdsresource.VirtualHost{(*xdsresource.VirtualHost)(0xc00012ae40)}, ClusterSpecifierPlugins:map[string]clusterspecifier.BalancerConfig{}, Raw:(*anypb.Any)(0xc00073fa90)}  (t=+11.978784ms)
    logging.go:30: open watch 10 for type.googleapis.com/envoy.config.listener.v3.Listener map[grpc/server?xds.resource.listening_address=127.0.0.1:37503:{}] from nodeID "2ab60547-435b-4598-9e08-c2923fa385db", version "2"
    logging.go:30: open watch 11 for type.googleapis.com/envoy.config.route.v3.RouteConfiguration map[route-my-service:{}] from nodeID "2ab60547-435b-4598-9e08-c2923fa385db", version "2"
    logging.go:30: open watch 12 for type.googleapis.com/envoy.config.route.v3.RouteConfiguration map[routeName:{}] from nodeID "2ab60547-435b-4598-9e08-c2923fa385db", version "2"
    tlogger.go:129: WARNING ads_stream.go:410 [xds] [xds-client 0xc00013eb40] [xds-channel 0xc00073e410] [ads-stream 0xc0004ef2c0] Sending ADS request for type "type.googleapis.com/envoy.config.route.v3.RouteConfiguration", resources: [], version: "2", nonce: "4" failed: EOF  (t=+32.48025ms)
    tlogger.go:129: WARNING ads_stream.go:452 [xds] [xds-client 0xc00013eb40] [xds-channel 0xc00073e410] [ads-stream 0xc0004ef2c0] ADS stream closed: rpc error: code = Canceled desc = context canceled  (t=+32.560996ms)
    tlogger.go:133: INFO ads_stream.go:165 [xds] [xds-client 0xc00013eb40] [xds-channel 0xc00073e410] [ads-stream 0xc0004ef2c0] Shutdown ADS stream  (t=+32.598444ms)
    logging.go:30: open watch 13 for type.googleapis.com/envoy.config.listener.v3.Listener map[] from nodeID "2ab60547-435b-4598-9e08-c2923fa385db", version "2"
    tlogger.go:133: INFO clientconn.go:620 [core] [Channel #20] Channel Connectivity change to SHUTDOWN  (t=+32.641822ms)
    tlogger.go:133: INFO resolver_wrapper.go:112 [core] [Channel #20] Closing the name resolver  (t=+32.968667ms)
    tlogger.go:133: INFO balancer_wrapper.go:159 [core] [Channel #20] ccBalancerWrapper: closing  (t=+33.022247ms)
    tlogger.go:133: INFO clientconn.go:1303 [core] [Channel #20 SubChannel #22] Subchannel Connectivity change to SHUTDOWN  (t=+33.133853ms)
    tlogger.go:133: INFO clientconn.go:1710 [core] [Channel #20 SubChannel #22] Subchannel deleted  (t=+33.184851ms)
    tlogger.go:133: INFO clientconn.go:1232 [core] [Channel #20] Channel deleted  (t=+33.347482ms)
    tlogger.go:133: INFO channel.go:143 [xds] [xds-client 0xc00013eb40] [xds-channel 0xc00073e410] Shutdown  (t=+33.399574ms)
    tlogger.go:133: INFO server.go:864 [core] [Server #19 ListenSocket #21] ListenSocket deleted  (t=+33.457411ms)
    tlogger.go:133: INFO xdsclient.go:210 [xds] [xds-client 0xc00013eb40] Shutdown  (t=+33.608675ms)
    zz_verify_c5_e2e_test.go:252: PROBE event[0] ServerFilter.Build
    zz_verify_c5_e2e_test.go:252: PROBE event[1] Interceptor#1.Build
    zz_verify_c5_e2e_test.go:252: PROBE event[2] --- generation 1 serving (RPC OK); sending in-place RDS replacement for "routeName" ---
    zz_verify_c5_e2e_test.go:252: PROBE event[3] ServerFilter.Close (filter DESTROYED) stack=[server.(*refCountedServerFilter).Close <- server.(*filterChain).constructUsableRouteConfiguration <- server.(*listenerWrapper).handleRDSUpdate <- server.(*rdsWatcher).ResourceChanged]
    zz_verify_c5_e2e_test.go:252: PROBE event[4] Interceptor#1.Close parentFilterAlreadyDestroyed=true stack=[server.(*interceptorList).Close <- server.(*usableRouteConfiguration).close <- server.(*listenerWrapper).handleRDSUpdate <- server.(*rdsWatcher).ResourceChanged]
    zz_verify_c5_e2e_test.go:252: PROBE event[5] --- replacement observed; stopping server ---
    zz_verify_c5_e2e_test.go:254: PROBE RESULT after in-place replacement: retired interceptors closed while parent filter still alive=0, closed AFTER parent filter was destroyed=1
    tlogger.go:133: INFO clientconn.go:620 [core] [Channel #23] Channel Connectivity change to SHUTDOWN  (t=+33.859269ms)
    tlogger.go:133: INFO resolver_wrapper.go:112 [core] [Channel #23] Closing the name resolver  (t=+33.90637ms)
    tlogger.go:133: INFO clientconn.go:1303 [core] [Channel #23 SubChannel #30] Subchannel Connectivity change to IDLE  (t=+33.948753ms)
    tlogger.go:133: INFO balancer_wrapper.go:159 [core] [Channel #23] ccBalancerWrapper: closing  (t=+34.015036ms)
    tlogger.go:133: INFO balancergroup.go:528 [xds] [weighted-target-lb 0xc000726a60] Balancer state update from child {region="region-1", zone="zone-1", sub_zone="subzone-1"}, new state: {ConnectivityState:IDLE Picker:0xc00094a3c0}  (t=+34.212822ms)
    tlogger.go:133: INFO aggregator.go:253 [xds] [weighted-target-lb 0xc000726a60] Child pickers with config: map[{region="region-1", zone="zone-1", sub_zone="subzone-1"}:weight:1,picker:0xc00094a3c0,state:IDLE,stateToAggregate:IDLE]  (t=+34.289127ms)
    tlogger.go:129: WARNING ads_stream.go:410 [xds] [xds-client 0xc0007bb360] [xds-channel 0xc0005d14f0] [ads-stream 0xc0007bb400] Sending ADS request for type "type.googleapis.com/envoy.config.cluster.v3.Cluster", resources: [], version: "2", nonce: "5" failed: EOF  (t=+34.33349ms)
    logging.go:30: open watch 14 for type.googleapis.com/envoy.config.listener.v3.Listener map[] from nodeID "2ab60547-435b-4598-9e08-c2923fa385db", version "2"
    tlogger.go:129: WARNING ads_stream.go:452 [xds] [xds-client 0xc0007bb360] [xds-channel 0xc0005d14f0] [ads-stream 0xc0007bb400] ADS stream closed: rpc error: code = Canceled desc = context canceled  (t=+34.410808ms)
    tlogger.go:133: INFO ads_stream.go:165 [xds] [xds-client 0xc0007bb360] [xds-channel 0xc0005d14f0] [ads-stream 0xc0007bb400] Shutdown ADS stream  (t=+34.467303ms)
    tlogger.go:133: INFO clusterimpl.go:508 [xds] [xds-cluster-impl-lb 0xc00012e640] Shutdown  (t=+34.52492ms)
    tlogger.go:133: INFO balancergroup.go:351 [xds] [priority-lb 0xc000325490] Removing child policy for child "priority-0-0"  (t=+34.910314ms)
    tlogger.go:133: INFO cdsbalancer.go:416 [xds] [cds-lb 0xc000124380] Shutdown  (t=+34.944609ms)
    tlogger.go:133: INFO clustermanager.go:192 [xds] [xds-cluster-manager-lb 0xc000726600] Shutdown  (t=+34.974932ms)
    tlogger.go:133: INFO clientconn.go:620 [core] [Channel #26] Channel Connectivity change to SHUTDOWN  (t=+35.013644ms)
    tlogger.go:133: INFO resolver_wrapper.go:112 [core] [Channel #26] Closing the name resolver  (t=+35.075597ms)
    tlogger.go:133: INFO balancer_wrapper.go:159 [core] [Channel #26] ccBalancerWrapper: closing  (t=+35.124669ms)
    tlogger.go:133: INFO clientconn.go:1303 [core] [Channel #26 SubChannel #27] Subchannel Connectivity change to SHUTDOWN  (t=+35.22924ms)
    tlogger.go:133: INFO clientconn.go:1710 [core] [Channel #26 SubChannel #27] Subchannel deleted  (t=+35.282986ms)
    tlogger.go:133: INFO clientconn.go:1232 [core] [Channel #26] Channel deleted  (t=+35.482885ms)
    tlogger.go:133: INFO channel.go:143 [xds] [xds-client 0xc0007bb360] [xds-channel 0xc0005d14f0] Shutdown  (t=+35.55194ms)
    tlogger.go:133: INFO xdsclient.go:210 [xds] [xds-client 0xc0007bb360] Shutdown  (t=+35.652767ms)
    tlogger.go:133: INFO xds_resolver.go:295 [xds] [xds-resolver 0xc0004d35f0] Shutdown  (t=+35.686083ms)
    tlogger.go:133: INFO clientconn.go:1303 [core] [Channel #23 SubChannel #30] Subchannel Connectivity change to SHUTDOWN  (t=+35.745159ms)
    tlogger.go:133: INFO clientconn.go:1710 [core] [Channel #23 SubChannel #30] Subchannel deleted  (t=+35.781883ms)
    tlogger.go:133: INFO clientconn.go:1232 [core] [Channel #23] Channel deleted  (t=+35.814338ms)
    tlogger.go:133: INFO server.go:864 [core] [Server #17 ListenSocket #18] ListenSocket deleted  (t=+35.905801ms)
--- PASS: Test (0.09s)
    --- PASS: Test/VerifyC5_AllRoutesDisableFilter (0.05s)
    --- PASS: Test/VerifyC5_ReplacementWithNoRoutes (0.04s)
PASS
ok  	google.golang.org/grpc/test/xds	1.115s
exit=0
