go: downloading gonum.org/v1/gonum v0.17.0
go: downloading github.com/cespare/xxhash/v2 v2.3.0
=== RUN   Test
=== RUN   Test/VerifyC5_AllRoutesDisableFilter
    setup.go:45: Created new snapshot cache...
    tlogger.go:133: INFO server.go:732 [core] [Server #1] Server created  (t=+792.748µs)
    setup.go:45: Registered Aggregated Discovery Service (ADS)...
    setup.go:45: xDS management server serving at: 127.0.0.1:45347...
    tlogger.go:133: INFO server.go:928 [core] [Server #1 ListenSocket #2] ListenSocket created  (t=+970.373µs)
    tlogger.go:133: INFO server.go:732 [core] [Server #3] Server created  (t=+2.189104ms)
    tlogger.go:133: INFO pool.go:309 [xds] xDS node ID: 8f760beb-4ac9-4829-9006-45c312a304fa  (t=+2.320698ms)
    tlogger.go:133: INFO server.go:118 [xds] [xds-server 0xc0004c2e80] Created xds.GRPCServer  (t=+2.352864ms)
    stubserver.go:300: Started test service backend at "127.0.0.1:41059"
    tlogger.go:133: INFO server.go:177 [xds] [xds-server 0xc0004c2e80] Serve() passed a net.Listener on 127.0.0.1:41059  (t=+2.53119ms)
    tlogger.go:133: INFO clientconn.go:1837 [core] original dial target is: "passthrough:///127.0.0.1:45347"  (t=+2.669366ms)
    tlogger.go:133: INFO clientconn.go:516 [core] [Channel #4] Channel created for target "passthrough:///127.0.0.1:45347"  (t=+2.737786ms)
    tlogger.go:133: INFO clientconn.go:247 [core] [Channel #4] parsed dial target is: resolver.Target{URL:url.URL{Scheme:"passthrough", Opaque:"", User:(*url.Userinfo)(nil), Host:"", Path:"/127.0.0.1:45347", RawPath:"", OmitHost:false, ForceQuery:false, RawQuery:"", Fragment:"", RawFragment:""}}  (t=+2.791774ms)
    tlogger.go:133: INFO clientconn.go:248 [core] [Channel #4] Channel authority set to "127.0.0.1:45347"  (t=+2.823128ms)
    tlogger.go:133: INFO server.go:928 [core] [Server #3 ListenSocket #5] ListenSocket created  (t=+2.993571ms)
    tlogger.go:133: INFO clientconn.go:620 [core] [Channel #4] Channel Connectivity change to CONNECTING  (t=+3.034275ms)
    tlogger.go:133: INFO resolver_wrapper.go:211 [core] [Channel #4] Resolver state updated: {
          "Addresses": [
            {
              "Addr": "127.0.0.1:45347",
              "ServerName": "",
              "Attributes": null,
              "BalancerAttributes": null,
              "Metadata": null
            }
          ],
          "Endpoints": [
            {
              "Addresses": [
                {
                  "Addr": "127.0.0.1:45347",
                  "ServerName": "",
                  "Attributes": null,
                  "BalancerAttributes": null,
                  "Metadata": null
                }
              ],
              "Attributes": null
            }
          ],
          "ServiceConfig": null,
          "Attributes": null
        } (resolver returned new addresses)  (t=+3.415394ms)
    tlogger.go:133: INFO balancer_wrapper.go:121 [core] [Channel #4] Channel switches to new LB policy "pick_first"  (t=+3.579447ms)
    tlogger.go:133: INFO clientconn.go:923 [core] [Channel #4 SubChannel #6] Subchannel created  (t=+3.683167ms)
    tlogger.go:133: INFO clientconn.go:421 [core] [Channel #4] Channel exiting idle mode  (t=+3.739093ms)
    tlogger.go:133: INFO clientconn.go:1303 [core] [Channel #4 SubChannel #6] Subchannel Connectivity change to CONNECTING  (t=+3.806418ms)
    tlogger.go:133: INFO clientconn.go:1471 [core] [Channel #4 SubChannel #6] Subchannel picks a new address "127.0.0.1:45347" to connect  (t=+3.883982ms)
    tlogger.go:133: INFO clientconn.go:1303 [core] [Channel #4 SubChannel #6] Subchannel Connectivity change to READY  (t=+4.788885ms)
    tlogger.go:133: INFO clientconn.go:620 [core] [Channel #4] Channel Connectivity change to READY  (t=+4.985741ms)
    logging.go:30: open watch 1 for type.googleapis.com/envoy.config.listener.v3.Listener map[grpc/server?xds.resource.listening_address=127.0.0.1:41059:{}] from nodeID "8f760beb-4ac9-4829-9006-45c312a304fa", version ""
    server.go:229: Created new resource snapshot...
    logging.go:30: setting snapshot for node 8f760beb-4ac9-4829-9006-45c312a304fa
    logging.go:30: respond open watch 1 type.googleapis.com/envoy.config.listener.v3.Listener [grpc/server?xds.resource.listening_address=127.0.0.1:41059] with new version "1"
    logging.go:30: respond type.googleapis.com/envoy.config.listener.v3.Listener (requested [grpc/server?xds.resource.listening_address=127.0.0.1:41059]) version "" with version "1" and resources [grpc/server?xds.resource.listening_address=127.0.0.1:41059]
    server.go:235: Updated snapshot cache with resource snapshot...
    tlogger.go:133: INFO clientconn.go:1837 [core] original dial target is: "xds:///my-service"  (t=+7.244338ms)
    tlogger.go:133: INFO clientconn.go:516 [core] [Channel #9] Channel created for target "xds:///my-service"  (t=+7.284833ms)
    tlogger.go:133: INFO clientconn.go:247 [core] [Channel #9] parsed dial target is: resolver.Target{URL:url.URL{Scheme:"xds", Opaque:"", User:(*url.Userinfo)(nil), Host:"", Path:"/my-service", RawPath:"", OmitHost:false, ForceQuery:false, RawQuery:"", Fragment:"", RawFragment:""}}  (t=+7.333916ms)
    tlogger.go:133: INFO clientconn.go:248 [core] [Channel #9] Channel authority set to "my-service"  (t=+7.361867ms)
    logging.go:30: open watch 2 for type.googleapis.com/envoy.config.listener.v3.Listener map[grpc/server?xds.resource.listening_address=127.0.0.1:41059:{}] from nodeID "8f760beb-4ac9-4829-9006-45c312a304fa", version "1"
    logging.go:30: respond type.googleapis.com/envoy.config.route.v3.RouteConfiguration (requested [routeName]) version "" with version "1" and resources [routeName]
    tlogger.go:133: INFO rds_handler.go:147 RDS watch for resource "routeName" received update: &xdsresource.RouteConfigUpdate{VirtualHosts:[]*xdsresource.VirtualHost{(*xdsresource.VirtualHost)(0xc00052a400)}, ClusterSpecifierPlugins:map[string]clusterspecifier.BalancerConfig{}, Raw:(*anypb.Any)(0xc000541860)}  (t=+10.704027ms)
    logging.go:30: open watch 3 for type.googleapis.com/envoy.config.route.v3.RouteConfiguration map[routeName:{}] from nodeID "8f760beb-4ac9-4829-9006-45c312a304fa", version "1"
    tlogger.go:133: INFO clientconn.go:620 [core] [Channel #9] Channel Connectivity change to CONNECTING  (t=+10.811981ms)
    tlogger.go:133: INFO pool.go:309 [xds] xDS node ID: 8f760beb-4ac9-4829-9006-45c312a304fa  (t=+11.591581ms)
    tlogger.go:133: INFO xds_resolver.go:157 [xds] [xds-resolver 0xc0006b23f0] Creating resolver for target: xds:///my-service  (t=+11.67512ms)
    tlogger.go:133: INFO clientconn.go:1837 [core] original dial target is: "passthrough:///127.0.0.1:45347"  (t=+11.784812ms)
    tlogger.go:133: INFO clientconn.go:516 [core] [Channel #10] Channel created for target "passthrough:///127.0.0.1:45347"  (t=+11.878695ms)
    tlogger.go:133: INFO clientconn.go:247 [core] [Channel #10] parsed dial target is: resolver.Target{URL:url.URL{Scheme:"passthrough", Opaque:"", User:(*url.Userinfo)(nil), Host:"", Path:"/127.0.0.1:45347", RawPath:"", OmitHost:false, ForceQuery:false, RawQuery:"", Fragment:"", RawFragment:""}}  (t=+12.204031ms)
    tlogger.go:133: INFO clientconn.go:248 [core] [Channel #10] Channel authority set to "127.0.0.1:45347"  (t=+12.243583ms)
    tlogger.go:133: INFO clientconn.go:421 [core] [Channel #9] Channel exiting idle mode  (t=+12.416762ms)
    tlogger.go:133: INFO clientconn.go:620 [core] [Channel #10] Channel Connectivity change to CONNECTING  (t=+12.469873ms)
    tlogger.go:133: INFO resolver_wrapper.go:211 [core] [Channel #10] Resolver state updated: {
          "Addresses": [
            {
              "Addr": "127.0.0.1:45347",
              "ServerName": "",
              "Attributes": null,
              "BalancerAttributes": null,
              "Metadata": null
            }
          ],
          "Endpoints": [
            {
              "Addresses": [
                {
                  "Addr": "127.0.0.1:45347",
                  "ServerName": "",
                  "Attributes": null,
                  "BalancerAttributes": null,
                  "Metadata": null
                }
              ],
              "Attributes": null
            }
          ],
          "ServiceConfig": null,
          "Attributes": null
        } (resolver returned new addresses)  (t=+12.633884ms)
    tlogger.go:133: INFO balancer_wrapper.go:121 [core] [Channel #10] Channel switches to new LB policy "pick_first"  (t=+12.776431ms)
    tlogger.go:133: INFO clientconn.go:923 [core] [Channel #10 SubChannel #11] Subchannel created  (t=+12.872001ms)
    tlogger.go:133: INFO clientconn.go:421 [core] [Channel #10] Channel exiting idle mode  (t=+12.942823ms)
    tlogger.go:133: INFO clientconn.go:1303 [core] [Channel #10 SubChannel #11] Subchannel Connectivity change to CONNECTING  (t=+13.001126ms)
    tlogger.go:133: INFO clientconn.go:1471 [core] [Channel #10 SubChannel #11] Subchannel picks a new address "127.0.0.1:45347" to connect  (t=+13.043929ms)
    tlogger.go:133: INFO clientconn.go:1303 [core] [Channel #10 SubChannel #11] Subchannel Connectivity change to READY  (t=+13.591835ms)
    tlogger.go:133: INFO clientconn.go:620 [core] [Channel #10] Channel Connectivity change to READY  (t=+13.682475ms)
    logging.go:30: respond type.googleapis.com/envoy.config.listener.v3.Listener (requested [my-service]) version "" with version "1" and resources [my-service]
    logging.go:30: open watch 4 for type.googleapis.com/envoy.config.listener.v3.Listener map[my-service:{}] from nodeID "8f760beb-4ac9-4829-9006-45c312a304fa", version "1"
    logging.go:30: respond type.googleapis.com/envoy.config.route.v3.RouteConfiguration (requested [route-my-service]) version "" with version "1" and resources [route-my-service]
    logging.go:30: open watch 5 for type.googleapis.com/envoy.config.route.v3.RouteConfiguration map[route-my-service:{}] from nodeID "8f760beb-4ac9-4829-9006-45c312a304fa", version "1"
    logging.go:30: respond type.googleapis.com/envoy.config.cluster.v3.Cluster (requested [cluster-my-service]) version "" with version "1" and resources [cluster-my-service]
    logging.go:30: open watch 6 for type.googleapis.com/envoy.config.cluster.v3.Cluster map[cluster-my-service:{}] from nodeID "8f760beb-4ac9-4829-9006-45c312a304fa", version "1"
    logging.go:30: respond type.googleapis.com/envoy.config.endpoint.v3.ClusterLoadAssignment (requested [endpoints-my-service]) version "" with version "1" and resources [endpoints-my-service]
    logging.go:30: open watch 7 for type.googleapis.com/envoy.config.endpoint.v3.ClusterLoadAssignment map[endpoints-my-service:{}] from nodeID "8f760beb-4ac9-4829-9006-45c312a304fa", version "1"
    tlogger.go:133: INFO resolver_wrapper.go:211 [core] [Channel #9] Resolver state updated: {
          "Addresses": null,
          "Endpoints": [],
          "ServiceConfig": {
            "Config": {
              "Config": null,
              "Methods": {}
            },
            "Err": null
          },
          "Attributes": {
            "\u003c%!p(xdsclient.clientKeyType=grpc.xds.internal.client.Client)\u003e": "\u003c0xc0006ea000\u003e",
            "\u003c%!p(xdsdepmgr.xdsClusterSubscriberKey={})\u003e": "\u003c0xc0006e80c0\u003e",
            "\u003c%!p(xdsresource.xdsConfigkey={})\u003e": "\u003c0xc000595220\u003e",
            "\u003c%!p(resolver.csKeyType=grpc.internal.resolver.configSelector)\u003e": "\u003c0xc0004176c0\u003e"
          }
        } (service config updated)  (t=+20.216083ms)
    tlogger.go:133: INFO balancer_wrapper.go:121 [core] [Channel #9] Channel switches to new LB policy "xds_cluster_manager_experimental"  (t=+20.327862ms)
    tlogger.go:133: INFO clustermanager.go:58 [xds] [xds-cluster-manager-lb 0xc0005953e0] Created  (t=+20.366867ms)
    tlogger.go:133: INFO balancergroup.go:274 [xds] [xds-cluster-manager-lb 0xc0005953e0] Adding child policy of type "cds_experimental" for child "cluster:cluster-my-service"  (t=+20.403594ms)
    tlogger.go:133: INFO balancergroup.go:102 [xds] [xds-cluster-manager-lb 0xc0005953e0] Creating child policy of type "cds_experimental" for child "cluster:cluster-my-service"  (t=+20.433773ms)
    tlogger.go:133: INFO cdsbalancer.go:90 [xds] [cds-lb 0xc000709340] Created  (t=+20.474141ms)
    tlogger.go:133: INFO cdsbalancer.go:167 [xds] [cds-lb 0xc000709340] Received balancer config update: {
          "LoadBalancingConfig": null,
          "cluster": "cluster-my-service",
          "isDynamic": false
        }  (t=+20.54622ms)
    tlogger.go:133: INFO balancer.go:76 [xds] [priority-lb 0xc0004177a0] Created  (t=+20.767843ms)
    tlogger.go:133: INFO balancergroup.go:528 [xds] [xds-cluster-manager-lb 0xc0005953e0] Balancer state update from child cluster:cluster-my-service, new state: {ConnectivityState:CONNECTING Picker:0xc0005fa5c0}  (t=+21.324609ms)
    tlogger.go:133: INFO balancerstateaggregator.go:147 [xds] [xds-cluster-manager-lb 0xc0005953e0] State update from sub-balancer "cluster:cluster-my-service": {ConnectivityState:CONNECTING Picker:0xc0005fa5c0}  (t=+21.361122ms)
    tlogger.go:133: INFO balancergroup.go:274 [xds] [priority-lb 0xc0004177a0] Adding child policy of type "outlier_detection_experimental" for child "priority-0-0"  (t=+21.389177ms)
    tlogger.go:133: INFO balancergroup.go:102 [xds] [priority-lb 0xc0004177a0] Creating child policy of type "outlier_detection_experimental" for child "priority-0-0"  (t=+21.416964ms)
    tlogger.go:133: INFO balancer.go:94 [xds] [outlier-detection-lb 0xc0006802d0] Created  (t=+21.44616ms)
    tlogger.go:133: INFO clusterimpl.go:88 [xds] [xds-cluster-impl-lb 0xc0007063c0] Created  (t=+21.501096ms)
    tlogger.go:133: INFO clusterimpl.go:100 [xds] [xds-cluster-impl-lb 0xc0007063c0] xDS credentials in use: false  (t=+21.535169ms)
    tlogger.go:133: INFO weightedtarget.go:65 [xds] [weighted-target-lb 0xc000595880] Created  (t=+21.636795ms)
    tlogger.go:133: INFO balancer.go:88 [xds] [wrrlocality-lb 0xc000703c80] Created  (t=+21.661644ms)
    tlogger.go:133: INFO balancergroup.go:274 [xds] [weighted-target-lb 0xc000595880] Adding child policy of type "round_robin" for child "{region=\"region-1\", zone=\"zone-1\", sub_zone=\"subzone-1\"}"  (t=+22.082683ms)
    tlogger.go:133: INFO balancergroup.go:102 [xds] [weighted-target-lb 0xc000595880] Creating child policy of type "round_robin" for child "{region=\"region-1\", zone=\"zone-1\", sub_zone=\"subzone-1\"}"  (t=+22.129081ms)
    tlogger.go:133: INFO roundrobin.go:56 [roundrobin] [0xc0007ca4e0] Created  (t=+22.165212ms)
    tlogger.go:133: INFO clientconn.go:923 [core] [Channel #9 SubChannel #14] Subchannel created  (t=+22.700826ms)
    tlogger.go:133: INFO balancergroup.go:528 [xds] [weighted-target-lb 0xc000595880] Balancer state update from child {region="region-1", zone="zone-1", sub_zone="subzone-1"}, new state: {ConnectivityState:CONNECTING Picker:0xc0001b2040}  (t=+23.249603ms)
    tlogger.go:133: INFO aggregator.go:253 [xds] [weighted-target-lb 0xc000595880] Child pickers with config: map[{region="region-1", zone="zone-1", sub_zone="subzone-1"}:weight:1,picker:0xc0001b2040,state:CONNECTING,stateToAggregate:CONNECTING]  (t=+23.323426ms)
    tlogger.go:133: INFO clientconn.go:1303 [core] [Channel #9 SubChannel #14] Subchannel Connectivity change to CONNECTING  (t=+23.412773ms)
    tlogger.go:133: INFO balancergroup.go:528 [xds] [priority-lb 0xc0004177a0] Balancer state update from child priority-0-0, new state: {ConnectivityState:CONNECTING Picker:0xc000342078}  (t=+23.478484ms)
    tlogger.go:133: INFO clientconn.go:1471 [core] [Channel #9 SubChannel #14] Subchannel picks a new address "127.0.0.1:41059" to connect  (t=+23.53803ms)
    tlogger.go:133: INFO balancergroup.go:528 [xds] [xds-cluster-manager-lb 0xc0005953e0] Balancer state update from child cluster:cluster-my-service, new state: {ConnectivityState:CONNECTING Picker:0xc000342078}  (t=+23.703342ms)
    tlogger.go:133: INFO balancerstateaggregator.go:147 [xds] [xds-cluster-manager-lb 0xc0005953e0] State update from sub-balancer "cluster:cluster-my-service": {ConnectivityState:CONNECTING Picker:0xc000342078}  (t=+23.750108ms)
    tlogger.go:133: INFO balancerstateaggregator.go:191 [xds] [xds-cluster-manager-lb 0xc0005953e0] Child pickers: map[cluster:cluster-my-service:picker:0xc000342078,state:CONNECTING,stateToAggregate:CONNECTING]  (t=+23.817916ms)
    tlogger.go:133: INFO clientconn.go:1303 [core] [Channel #9 SubChannel #14] Subchannel Connectivity change to READY  (t=+23.967897ms)
    tlogger.go:133: INFO balancergroup.go:528 [xds] [weighted-target-lb 0xc000595880] Balancer state update from child {region="region-1", zone="zone-1", sub_zone="subzone-1"}, new state: {ConnectivityState:READY Picker:0xc0004c2540}  (t=+24.102468ms)
    tlogger.go:133: INFO aggregator.go:253 [xds] [weighted-target-lb 0xc000595880] Child pickers with config: map[{region="region-1", zone="zone-1", sub_zone="subzone-1"}:weight:1,picker:0xc0004c2540,state:READY,stateToAggregate:READY]  (t=+24.176091ms)
    tlogger.go:133: INFO balancergroup.go:528 [xds] [priority-lb 0xc0004177a0] Balancer state update from child priority-0-0, new state: {ConnectivityState:READY Picker:0xc0007140c0}  (t=+24.230496ms)
    tlogger.go:133: INFO balancergroup.go:528 [xds] [xds-cluster-manager-lb 0xc0005953e0] Balancer state update from child cluster:cluster-my-service, new state: {ConnectivityState:READY Picker:0xc0007140c0}  (t=+24.273707ms)
    tlogger.go:133: INFO balancerstateaggregator.go:147 [xds] [xds-cluster-manager-lb 0xc0005953e0] State update from sub-balancer "cluster:cluster-my-service": {ConnectivityState:READY Picker:0xc0007140c0}  (t=+24.30711ms)
    tlogger.go:133: INFO balancerstateaggregator.go:191 [xds] [xds-cluster-manager-lb 0xc0005953e0] Child pickers: map[cluster:cluster-my-service:picker:0xc0007140c0,state:READY,stateToAggregate:READY]  (t=+24.348426ms)
    tlogger.go:133: INFO clientconn.go:620 [core] [Channel #9] Channel Connectivity change to READY  (t=+24.391601ms)
    server.go:229: Created new resource snapshot...
    logging.go:30: setting snapshot for node 8f760beb-4ac9-4829-9006-45c312a304fa
    logging.go:30: respond open watch 6 type.googleapis.com/envoy.config.cluster.v3.Cluster [cluster-my-service] with new version "2"
    logging.go:30: respond type.googleapis.com/envoy.config.cluster.v3.Cluster (requested [cluster-my-service]) version "1" with version "2" and resources [cluster-my-service]
    logging.go:30: respond open watch 7 type.googleapis.com/envoy.config.endpoint.v3.ClusterLoadAssignment [endpoints-my-service] with new version "2"
    logging.go:30: respond type.googleapis.com/envoy.config.endpoint.v3.ClusterLoadAssignment (requested [endpoints-my-service]) version "1" with version "2" and resources [endpoints-my-service]
    logging.go:30: respond open watch 2 type.googleapis.com/envoy.config.listener.v3.Listener [grpc/server?xds.resource.listening_address=127.0.0.1:41059] with new version "2"
    logging.go:30: respond type.googleapis.com/envoy.config.listener.v3.Listener (requested [grpc/server?xds.resource.listening_address=127.0.0.1:41059]) version "1" with version "2" and resources [grpc/server?xds.resource.listening_address=127.0.0.1:41059]
    logging.go:30: respond open watch 3 type.googleapis.com/envoy.config.route.v3.RouteConfiguration [routeName] with new version "2"
    logging.go:30: respond type.googleapis.com/envoy.config.route.v3.RouteConfiguration (requested [routeName]) version "1" with version "2" and resources [routeName]
    logging.go:30: respond open watch 4 type.googleapis.com/envoy.config.listener.v3.Listener [my-service] with new version "2"
    logging.go:30: respond type.googleapis.com/envoy.config.listener.v3.Listener (requested [my-service]) version "1" with version "2" and resources [my-service]
    logging.go:30: respond open watch 5 type.googleapis.com/envoy.config.route.v3.RouteConfiguration [route-my-service] with new version "2"
    logging.go:30: respond type.googleapis.com/envoy.config.route.v3.RouteConfiguration (requested [route-my-service]) version "1" with version "2" and resources [route-my-service]
    server.go:235: Updated snapshot cache with resource snapshot...
    tlogger.go:133: INFO rds_handler.go:147 RDS watch for resource "routeName" received update: &xdsresource.RouteConfigUpdate{VirtualHosts:[]*xdsresource.VirtualHost{(*xdsresource.VirtualHost)(0xc0005b0200)}, ClusterSpecifierPlugins:map[string]clusterspecifier.BalancerConfig{}, Raw:(*anypb.Any)(0xc000514780)}  (t=+26.033591ms)
    logging.go:30: open watch 8 for type.googleapis.com/envoy.config.listener.v3.Listener map[grpc/server?xds.resource.listening_address=127.0.0.1:41059:{}] from nodeID "8f760beb-4ac9-4829-9006-45c312a304fa", version "2"
    logging.go:30: open watch 9 for type.googleapis.com/envoy.config.cluster.v3.Cluster map[cluster-my-service:{}] from nodeID "8f760beb-4ac9-4829-9006-45c312a304fa", version "2"
    logging.go:30: open watch 10 for type.googleapis.com/envoy.config.route.v3.RouteConfiguration map[routeName:{}] from nodeID "8f760beb-4ac9-4829-9006-45c312a304fa", version "2"
    logging.go:30: open watch 11 for type.googleapis.com/envoy.config.endpoint.v3.ClusterLoadAssignment map[endpoints-my-service:{}] from nodeID "8f760beb-4ac9-4829-9006-45c312a304fa", version "2"
    logging.go:30: open watch 12 for type.googleapis.com/envoy.config.listener.v3.Listener map[my-service:{}] from nodeID "8f760beb-4ac9-4829-9006-45c312a304fa", version "2"
    logging.go:30: open watch 13 for type.googleapis.com/envoy.config.route.v3.RouteConfiguration map[route-my-service:{}] from nodeID "8f760beb-4ac9-4829-9006-45c312a304fa", version "2"
    tlogger.go:129: WARNING ads_stream.go:410 [xds] [xds-client 0xc000611ea0] [xds-channel 0xc00060e230] [ads-stream 0xc0003340a0] Sending ADS request for type "type.googleapis.com/envoy.config.route.v3.RouteConfiguration", resources: [], version: "2", nonce: "4" failed: EOF  (t=+45.730565ms)
    tlogger.go:129: WARNING ads_stream.go:452 [xds] [xds-client 0xc000611ea0] [xds-channel 0xc00060e230] [ads-stream 0xc0003340a0] ADS stream closed: rpc error: code = Canceled desc = context canceled  (t=+45.812445ms)
    tlogger.go:133: INFO ads_stream.go:165 [xds] [xds-client 0xc000611ea0] [xds-channel 0xc00060e230] [ads-stream 0xc0003340a0] Shutdown ADS stream  (t=+45.853854ms)
    tlogger.go:133: INFO clientconn.go:620 [core] [Channel #4] Channel Connectivity change to SHUTDOWN  (t=+45.896033ms)
    tlogger.go:133: INFO resolver_wrapper.go:112 [core] [Channel #4] Closing the name resolver  (t=+45.935057ms)
    tlogger.go:133: INFO balancer_wrapper.go:159 [core] [Channel #4] ccBalancerWrapper: closing  (t=+46.003896ms)
    tlogger.go:133: INFO clientconn.go:1303 [core] [Channel #4 SubChannel #6] Subchannel Connectivity change to SHUTDOWN  (t=+46.169036ms)
    tlogger.go:133: INFO clientconn.go:1710 [core] [Channel #4 SubChannel #6] Subchannel deleted  (t=+46.253421ms)
    tlogger.go:133: INFO clientconn.go:1232 [core] [Channel #4] Channel deleted  (t=+46.411074ms)
    tlogger.go:133: INFO channel.go:143 [xds] [xds-client 0xc000611ea0] [xds-channel 0xc00060e230] Shutdown  (t=+46.484229ms)
    tlogger.go:133: INFO server.go:864 [core] [Server #3 ListenSocket #5] ListenSocket deleted  (t=+46.534745ms)
    tlogger.go:133: INFO xdsclient.go:210 [xds] [xds-client 0xc000611ea0] Shutdown  (t=+46.694101ms)
    zz_verify_c5_e2e_test.go:252: PROBE event[0] ServerFilter.Build
    zz_verify_c5_e2e_test.go:252: PROBE event[1] Interceptor#1.Build
    tlogger.go:133: INFO clientconn.go:1303 [core] [Channel #9 SubChannel #14] Subchannel Connectivity change to IDLE  (t=+46.750854ms)
    zz_verify_c5_e2e_test.go:252: PROBE event[2] --- generation 1 serving (RPC OK); sending in-place RDS replacement for "routeName" ---
    zz_verify_c5_e2e_test.go:252: PROBE event[3] ServerFilter.Close (filter DESTROYED) stack=[server.(*refCountedServerFilter).Close <- server.(*filterChain).constructUsableRouteConfiguration <- server.(*listenerWrapper).handleRDSUpdate <- server.(*rdsWatcher).ResourceChanged]
    zz_verify_c5_e2e_test.go:252: PROBE event[4] Interceptor#1.Close parentFilterAlreadyDestroyed=true stack=[server.(*interceptorList).Close <- server.(*listenerWrapper).handleRDSUpdate.(*usableRouteConfiguration).close.func1 <- server.(*usableRouteConfiguration).close <- server.(*listenerWrapper).handleRDSUpdate <- server.(*rdsWatcher).ResourceChanged]
    zz_verify_c5_e2e_test.go:252: PROBE event[5] --- replacement observed; stopping server ---
    zz_verify_c5_e2e_test.go:254: PROBE RESULT after in-place replacement: retired interceptors closed while parent filter still alive=0, closed AFTER parent filter was destroyed=1
    tlogger.go:133: INFO balancergroup.go:528 [xds] [weighted-target-lb 0xc000595880] Balancer state update from child {region="region-1", zone="zone-1", sub_zone="subzone-1"}, new state: {ConnectivityState:IDLE Picker:0xc00077c100}  (t=+46.897073ms)
    tlogger.go:133: INFO aggregator.go:253 [xds] [weighted-target-lb 0xc000595880] Child pickers with config: map[{region="region-1", zone="zone-1", sub_zone="subzone-1"}:weight:1,picker:0xc00077c100,state:IDLE,stateToAggregate:IDLE]  (t=+46.976212ms)
    tlogger.go:133: INFO clientconn.go:620 [core] [Channel #9] Channel Connectivity change to SHUTDOWN  (t=+47.017654ms)
    tlogger.go:133: INFO resolver_wrapper.go:112 [core] [Channel #9] Closing the name resolver  (t=+47.064576ms)
    tlogger.go:133: INFO balancergroup.go:528 [xds] [priority-lb 0xc0004177a0] Balancer state update from child priority-0-0, new state: {ConnectivityState:IDLE Picker:0xc000012618}  (t=+47.102512ms)
    tlogger.go:133: INFO balancergroup.go:528 [xds] [xds-cluster-manager-lb 0xc0005953e0] Balancer state update from child cluster:cluster-my-service, new state: {ConnectivityState:IDLE Picker:0xc000012618}  (t=+47.159338ms)
    tlogger.go:133: INFO balancerstateaggregator.go:147 [xds] [xds-cluster-manager-lb 0xc0005953e0] State update from sub-balancer "cluster:cluster-my-service": {ConnectivityState:IDLE Picker:0xc000012618}  (t=+47.202215ms)
    tlogger.go:133: INFO balancerstateaggregator.go:191 [xds] [xds-cluster-manager-lb 0xc0005953e0] Child pickers: map[cluster:cluster-my-service:picker:0xc000012618,state:IDLE,stateToAggregate:IDLE]  (t=+47.241062ms)
    tlogger.go:133: INFO balancergroup.go:528 [xds] [weighted-target-lb 0xc000595880] Balancer state update from child {region="region-1", zone="zone-1", sub_zone="subzone-1"}, new state: {ConnectivityState:CONNECTING Picker:0xc00077c140}  (t=+47.274432ms)
    tlogger.go:133: INFO aggregator.go:253 [xds] [weighted-target-lb 0xc000595880] Child pickers with config: map[{region="region-1", zone="zone-1", sub_zone="subzone-1"}:weight:1,picker:0xc00077c140,state:CONNECTING,stateToAggregate:CONNECTING]  (t=+47.320298ms)
    tlogger.go:129: WARNING ads_stream.go:410 [xds] [xds-client 0xc0006cc140] [xds-channel 0xc0005400a0] [ads-stream 0xc0005d14a0] Sending ADS request for type "type.googleapis.com/envoy.config.endpoint.v3.ClusterLoadAssignment", resources: [], version: "2", nonce: "6" failed: EOF  (t=+47.354393ms)
    tlogger.go:133: INFO balancer_wrapper.go:159 [core] [Channel #9] ccBalancerWrapper: closing  (t=+47.398625ms)
    tlogger.go:133: INFO balancergroup.go:528 [xds] [priority-lb 0xc0004177a0] Balancer state update from child priority-0-0, new state: {ConnectivityState:CONNECTING Picker:0xc0000129c0}  (t=+47.456007ms)
    tlogger.go:133: INFO balancergroup.go:528 [xds] [xds-cluster-manager-lb 0xc0005953e0] Balancer state update from child cluster:cluster-my-service, new state: {ConnectivityState:CONNECTING Picker:0xc0000129c0}  (t=+47.50347ms)
    tlogger.go:133: INFO balancerstateaggregator.go:147 [xds] [xds-cluster-manager-lb 0xc0005953e0] State update from sub-balancer "cluster:cluster-my-service": {ConnectivityState:CONNECTING Picker:0xc0000129c0}  (t=+47.544361ms)
    tlogger.go:133: INFO balancerstateaggregator.go:191 [xds] [xds-cluster-manager-lb 0xc0005953e0] Child pickers: map[cluster:cluster-my-service:picker:0xc0000129c0,state:CONNECTING,stateToAggregate:CONNECTING]  (t=+47.582711ms)
    tlogger.go:133: INFO clientconn.go:1303 [core] [Channel #9 SubChannel #14] Subchannel Connectivity change to CONNECTING  (t=+47.622394ms)
    tlogger.go:133: INFO clientconn.go:1471 [core] [Channel #9 SubChannel #14] Subchannel picks a new address "127.0.0.1:41059" to connect  (t=+47.660647ms)
    logging.go:30: open watch 14 for type.googleapis.com/envoy.config.listener.v3.Listener map[] from nodeID "8f760beb-4ac9-4829-9006-45c312a304fa", version "2"
    tlogger.go:133: INFO clusterimpl.go:508 [xds] [xds-cluster-impl-lb 0xc0007063c0] Shutdown  (t=+47.686926ms)
    tlogger.go:129: WARNING ads_stream.go:452 [xds] [xds-client 0xc0006cc140] [xds-channel 0xc0005400a0] [ads-stream 0xc0005d14a0] ADS stream closed: rpc error: code = Canceled desc = context canceled  (t=+47.773376ms)
    tlogger.go:133: INFO balancergroup.go:351 [xds] [priority-lb 0xc0004177a0] Removing child policy for child "priority-0-0"  (t=+47.818211ms)
    tlogger.go:133: INFO cdsbalancer.go:416 [xds] [cds-lb 0xc000709340] Shutdown  (t=+47.850117ms)
    tlogger.go:133: INFO clustermanager.go:192 [xds] [xds-cluster-manager-lb 0xc0005953e0] Shutdown  (t=+47.874676ms)
    tlogger.go:133: INFO ads_stream.go:165 [xds] [xds-client 0xc0006cc140] [xds-channel 0xc0005400a0] [ads-stream 0xc0005d14a0] Shutdown ADS stream  (t=+47.903133ms)
    tlogger.go:133: INFO clientconn.go:620 [core] [Channel #10] Channel Connectivity change to SHUTDOWN  (t=+47.950337ms)
    tlogger.go:129: WARNING clientconn.go:1534 [core] [Channel #9 SubChannel #14] grpc: addrConn.createTransport failed to connect to {Addr: "127.0.0.1:41059", ServerName: "my-service", Attributes: {"<%!p(xds.hostnameKey={})>": "" , "<%!p(xds.handshakeAttrKey={})>": "<0xc000706430>" , "<%!p(xds.handshakeClusterNameKey={})>": "cluster-my-service" }, BalancerAttributes: {"<%!p(weight.attributeKey={})>": "Weight: 2147483648" , "<%!p(wrrlocality.attributeKey={})>": "Locality Weight: 1" , "<%!p(xds.localityKeyType=grpc.xds.internal.address.locality)>": "<%!p(clients.Locality={region-1 zone-1 subzone-1})>" , "<%!p(hierarchy.pathKeyType=grpc.internal.address.hierarchical_path)>": "<0xc000595580>" }}. Err: connection error: desc = "transport: Error while dialing: dial tcp 127.0.0.1:41059: connect: connection refused"  (t=+47.99133ms)
    tlogger.go:133: INFO clientconn.go:1305 [core] [Channel #9 SubChannel #14] Subchannel Connectivity change to TRANSIENT_FAILURE, last error: connection error: desc = "transport: Error while dialing: dial tcp 127.0.0.1:41059: connect: connection refused"  (t=+48.07395ms)
    tlogger.go:133: INFO resolver_wrapper.go:112 [core] [Channel #10] Closing the name resolver  (t=+48.110045ms)
    tlogger.go:133: INFO balancer_wrapper.go:159 [core] [Channel #10] ccBalancerWrapper: closing  (t=+48.167002ms)
    tlogger.go:133: INFO clientconn.go:1303 [core] [Channel #10 SubChannel #11] Subchannel Connectivity change to SHUTDOWN  (t=+48.279999ms)
    tlogger.go:133: INFO clientconn.go:1710 [core] [Channel #10 SubChannel #11] Subchannel deleted  (t=+48.34418ms)
    tlogger.go:133: INFO clientconn.go:1232 [core] [Channel #10] Channel deleted  (t=+48.508634ms)
    tlogger.go:133: INFO channel.go:143 [xds] [xds-client 0xc0006cc140] [xds-channel 0xc0005400a0] Shutdown  (t=+48.572701ms)
    tlogger.go:133: INFO xdsclient.go:210 [xds] [xds-client 0xc0006cc140] Shutdown  (t=+48.669825ms)
    tlogger.go:133: INFO xds_resolver.go:295 [xds] [xds-resolver 0xc0006b23f0] Shutdown  (t=+48.706191ms)
    tlogger.go:133: INFO clientconn.go:1303 [core] [Channel #9 SubChannel #14] Subchannel Connectivity change to SHUTDOWN  (t=+48.762761ms)
    tlogger.go:133: INFO clientconn.go:1710 [core] [Channel #9 SubChannel #14] Subchannel deleted  (t=+48.800521ms)
    tlogger.go:133: INFO clientconn.go:1232 [core] [Channel #9] Channel deleted  (t=+48.831972ms)
    tlogger.go:133: INFO server.go:864 [core] [Server #1 ListenSocket #2] ListenSocket deleted  (t=+48.972523ms)
=== RUN   Test/VerifyC5_ReplacementWithNoRoutes
    setup.go:45: Created new snapshot cache...
    tlogger.go:133: INFO server.go:732 [core] [Server #17] Server created  (t=+609.908µs)
    setup.go:45: Registered Aggregated Discovery Service (ADS)...
    setup.go:45: xDS management server serving at: 127.0.0.1:44359...
    tlogger.go:133: INFO server.go:928 [core] [Server #17 ListenSocket #18] ListenSocket created  (t=+735.916µs)
    tlogger.go:133: INFO server.go:732 [core] [Server #19] Server created  (t=+1.578014ms)
    tlogger.go:133: INFO pool.go:309 [xds] xDS node ID: f0e4c6c8-b8c2-453c-9dac-a2f640947d09  (t=+1.680217ms)
    tlogger.go:133: INFO server.go:118 [xds] [xds-server 0xc0006b9a00] Created xds.GRPCServer  (t=+1.712702ms)
    stubserver.go:300: Started test service backend at "127.0.0.1:43823"
    tlogger.go:133: INFO server.go:177 [xds] [xds-server 0xc0006b9a00] Serve() passed a net.Listener on 127.0.0.1:43823  (t=+1.85364ms)
    tlogger.go:133: INFO clientconn.go:1837 [core] original dial target is: "passthrough:///127.0.0.1:44359"  (t=+1.94487ms)
    tlogger.go:133: INFO clientconn.go:516 [core] [Channel #20] Channel created for target "passthrough:///127.0.0.1:44359"  (t=+1.999094ms)
    tlogger.go:133: INFO clientconn.go:247 [core] [Channel #20] parsed dial target is: resolver.Target{URL:url.URL{Scheme:"passthrough", Opaque:"", User:(*url.Userinfo)(nil), Host:"", Path:"/127.0.0.1:44359", RawPath:"", OmitHost:false, ForceQuery:false, RawQuery:"", Fragment:"", RawFragment:""}}  (t=+2.049071ms)
    tlogger.go:133: INFO clientconn.go:248 [core] [Channel #20] Channel authority set to "127.0.0.1:44359"  (t=+2.085791ms)
    tlogger.go:133: INFO server.go:928 [core] [Server #19 ListenSocket #21] ListenSocket created  (t=+2.223875ms)
    tlogger.go:133: INFO clientconn.go:620 [core] [Channel #20] Channel Connectivity change to CONNECTING  (t=+2.278352ms)
    tlogger.go:133: INFO resolver_wrapper.go:211 [core] [Channel #20] Resolver state updated: {
          "Addresses": [
            {
              "Addr": "127.0.0.1:44359",
              "ServerName": "",
              "Attributes": null,
              "BalancerAttributes": null,
              "Metadata": null
            }
          ],
          "Endpoints": [
            {
              "Addresses": [
                {
                  "Addr": "127.0.0.1:44359",
                  "ServerName": "",
                  "Attributes": null,
                  "BalancerAttributes": null,
                  "Metadata": null
                }
              ],
              "Attributes": null
            }
          ],
          "ServiceConfig": null,
          "Attributes": null
        } (resolver returned new addresses)  (t=+2.421738ms)
    server.go:229: Created new resource snapshot...
    tlogger.go:133: INFO balancer_wrapper.go:121 [core] [Channel #20] Channel switches to new LB policy "pick_first"  (t=+2.590118ms)
    logging.go:30: setting snapshot for node f0e4c6c8-b8c2-453c-9dac-a2f640947d09
    server.go:235: Updated snapshot cache with resource snapshot...
    tlogger.go:133: INFO clientconn.go:923 [core] [Channel #20 SubChannel #22] Subchannel created  (t=+2.685662ms)
    tlogger.go:133: INFO clientconn.go:1837 [core] original dial target is: "xds:///my-service"  (t=+2.720142ms)
    tlogger.go:133: INFO clientconn.go:1303 [core] [Channel #20 SubChannel #22] Subchannel Connectivity change to CONNECTING  (t=+2.760603ms)
    tlogger.go:133: INFO clientconn.go:421 [core] [Channel #20] Channel exiting idle mode  (t=+2.797423ms)
    tlogger.go:133: INFO clientconn.go:516 [core] [Channel #23] Channel created for target "xds:///my-service"  (t=+2.865799ms)
    tlogger.go:133: INFO clientconn.go:247 [core] [Channel #23] parsed dial target is: resolver.Target{URL:url.URL{Scheme:"xds", Opaque:"", User:(*url.Userinfo)(nil), Host:"", Path:"/my-service", RawPath:"", OmitHost:false, ForceQuery:false, RawQuery:"", Fragment:"", RawFragment:""}}  (t=+2.925719ms)
    tlogger.go:133: INFO clientconn.go:248 [core] [Channel #23] Channel authority set to "my-service"  (t=+2.960904ms)
    tlogger.go:133: INFO clientconn.go:1471 [core] [Channel #20 SubChannel #22] Subchannel picks a new address "127.0.0.1:44359" to connect  (t=+3.025089ms)
    tlogger.go:133: INFO clientconn.go:1303 [core] [Channel #20 SubChannel #22] Subchannel Connectivity change to READY  (t=+3.342973ms)
    tlogger.go:133: INFO clientconn.go:620 [core] [Channel #20] Channel Connectivity change to READY  (t=+3.425194ms)
    logging.go:30: respond type.googleapis.com/envoy.config.listener.v3.Listener (requested [grpc/server?xds.resource.listening_address=127.0.0.1:43823]) version "" with version "1" and resources [grpc/server?xds.resource.listening_address=127.0.0.1:43823]
    logging.go:30: open watch 1 for type.googleapis.com/envoy.config.listener.v3.Listener map[grpc/server?xds.resource.listening_address=127.0.0.1:43823:{}] from nodeID "f0e4c6c8-b8c2-453c-9dac-a2f640947d09", version "1"
    logging.go:30: respond type.googleapis.com/envoy.config.route.v3.RouteConfiguration (requested [routeName]) version "" with version "1" and resources [routeName]
    tlogger.go:133: INFO rds_handler.go:147 RDS watch for resource "routeName" received update: &xdsresource.RouteConfigUpdate{VirtualHosts:[]*xdsresource.VirtualHost{(*xdsresource.VirtualHost)(0xc0006b9bc0)}, ClusterSpecifierPlugins:map[string]clusterspecifier.BalancerConfig{}, Raw:(*anypb.Any)(0xc000818730)}  (t=+4.633081ms)
    logging.go:30: open watch 2 for type.googleapis.com/envoy.config.route.v3.RouteConfiguration map[routeName:{}] from nodeID "f0e4c6c8-b8c2-453c-9dac-a2f640947d09", version "1"
    tlogger.go:133: INFO clientconn.go:620 [core] [Channel #23] Channel Connectivity change to CONNECTING  (t=+4.73968ms)
    tlogger.go:133: INFO pool.go:309 [xds] xDS node ID: f0e4c6c8-b8c2-453c-9dac-a2f640947d09  (t=+5.102572ms)
    tlogger.go:133: INFO xds_resolver.go:157 [xds] [xds-resolver 0xc0005781b0] Creating resolver for target: xds:///my-service  (t=+5.142773ms)
    tlogger.go:133: INFO clientconn.go:1837 [core] original dial target is: "passthrough:///127.0.0.1:44359"  (t=+5.200746ms)
    tlogger.go:133: INFO clientconn.go:516 [core] [Channel #26] Channel created for target "passthrough:///127.0.0.1:44359"  (t=+5.256853ms)
    tlogger.go:133: INFO clientconn.go:247 [core] [Channel #26] parsed dial target is: resolver.Target{URL:url.URL{Scheme:"passthrough", Opaque:"", User:(*url.Userinfo)(nil), Host:"", Path:"/127.0.0.1:44359", RawPath:"", OmitHost:false, ForceQuery:false, RawQuery:"", Fragment:"", RawFragment:""}}  (t=+5.300294ms)
    tlogger.go:133: INFO clientconn.go:248 [core] [Channel #26] Channel authority set to "127.0.0.1:44359"  (t=+5.329265ms)
    tlogger.go:133: INFO clientconn.go:421 [core] [Channel #23] Channel exiting idle mode  (t=+5.406865ms)
    tlogger.go:133: INFO clientconn.go:620 [core] [Channel #26] Channel Connectivity change to CONNECTING  (t=+5.4711ms)
    tlogger.go:133: INFO resolver_wrapper.go:211 [core] [Channel #26] Resolver state updated: {
          "Addresses": [
            {
              "Addr": "127.0.0.1:44359",
              "ServerName": "",
              "Attributes": null,
              "BalancerAttributes": null,
              "Metadata": null
            }
          ],
          "Endpoints": [
            {
              "Addresses": [
                {
                  "Addr": "127.0.0.1:44359",
                  "ServerName": "",
                  "Attributes": null,
                  "BalancerAttributes": null,
                  "Metadata": null
                }
              ],
              "Attributes": null
            }
          ],
          "ServiceConfig": null,
          "Attributes": null
        } (resolver returned new addresses)  (t=+5.612993ms)
    tlogger.go:133: INFO balancer_wrapper.go:121 [core] [Channel #26] Channel switches to new LB policy "pick_first"  (t=+5.749984ms)
    tlogger.go:133: INFO clientconn.go:923 [core] [Channel #26 SubChannel #27] Subchannel created  (t=+5.828059ms)
    tlogger.go:133: INFO clientconn.go:1303 [core] [Channel #26 SubChannel #27] Subchannel Connectivity change to CONNECTING  (t=+5.894703ms)
    tlogger.go:133: INFO clientconn.go:421 [core] [Channel #26] Channel exiting idle mode  (t=+5.932986ms)
    tlogger.go:133: INFO clientconn.go:1471 [core] [Channel #26 SubChannel #27] Subchannel picks a new address "127.0.0.1:44359" to connect  (t=+6.001312ms)
    tlogger.go:133: INFO clientconn.go:1303 [core] [Channel #26 SubChannel #27] Subchannel Connectivity change to READY  (t=+6.31386ms)
    tlogger.go:133: INFO clientconn.go:620 [core] [Channel #26] Channel Connectivity change to READY  (t=+6.384139ms)
    logging.go:30: respond type.googleapis.com/envoy.config.listener.v3.Listener (requested [my-service]) version "" with version "1" and resources [my-service]
    logging.go:30: open watch 3 for type.googleapis.com/envoy.config.listener.v3.Listener map[my-service:{}] from nodeID "f0e4c6c8-b8c2-453c-9dac-a2f640947d09", version "1"
    logging.go:30: respond type.googleapis.com/envoy.config.route.v3.RouteConfiguration (requested [route-my-service]) version "" with version "1" and resources [route-my-service]
    logging.go:30: open watch 4 for type.googleapis.com/envoy.config.route.v3.RouteConfiguration map[route-my-service:{}] from nodeID "f0e4c6c8-b8c2-453c-9dac-a2f640947d09", version "1"
    logging.go:30: respond type.googleapis.com/envoy.config.cluster.v3.Cluster (requested [cluster-my-service]) version "" with version "1" and resources [cluster-my-service]
    logging.go:30: open watch 5 for type.googleapis.com/envoy.config.cluster.v3.Cluster map[cluster-my-service:{}] from nodeID "f0e4c6c8-b8c2-453c-9dac-a2f640947d09", version "1"
    logging.go:30: respond type.googleapis.com/envoy.config.endpoint.v3.ClusterLoadAssignment (requested [endpoints-my-service]) version "" with version "1" and resources [endpoints-my-service]
    logging.go:30: open watch 6 for type.googleapis.com/envoy.config.endpoint.v3.ClusterLoadAssignment map[endpoints-my-service:{}] from nodeID "f0e4c6c8-b8c2-453c-9dac-a2f640947d09", version "1"
    tlogger.go:133: INFO resolver_wrapper.go:211 [core] [Channel #23] Resolver state updated: {
          "Addresses": null,
          "Endpoints": [],
          "ServiceConfig": {
            "Config": {
              "Config": null,
              "Methods": {}
            },
            "Err": null
          },
          "Attributes": {
            "\u003c%!p(xdsclient.clientKeyType=grpc.xds.internal.client.Client)\u003e": "\u003c0xc000130a20\u003e",
            "\u003c%!p(xdsdepmgr.xdsClusterSubscriberKey={})\u003e": "\u003c0xc0000f8f00\u003e",
            "\u003c%!p(xdsresource.xdsConfigkey={})\u003e": "\u003c0xc0005947c0\u003e",
            "\u003c%!p(resolver.csKeyType=grpc.internal.resolver.configSelector)\u003e": "\u003c0xc000374e70\u003e"
          }
        } (service config updated)  (t=+9.119133ms)
    tlogger.go:133: INFO balancer_wrapper.go:121 [core] [Channel #23] Channel switches to new LB policy "xds_cluster_manager_experimental"  (t=+9.236882ms)
    tlogger.go:133: INFO clustermanager.go:58 [xds] [xds-cluster-manager-lb 0xc000595040] Created  (t=+9.270461ms)
    tlogger.go:133: INFO balancergroup.go:274 [xds] [xds-cluster-manager-lb 0xc000595040] Adding child policy of type "cds_experimental" for child "cluster:cluster-my-service"  (t=+9.298427ms)
    tlogger.go:133: INFO balancergroup.go:102 [xds] [xds-cluster-manager-lb 0xc000595040] Creating child policy of type "cds_experimental" for child "cluster:cluster-my-service"  (t=+9.328859ms)
    tlogger.go:133: INFO cdsbalancer.go:90 [xds] [cds-lb 0xc0001f2380] Created  (t=+9.360278ms)
    tlogger.go:133: INFO cdsbalancer.go:167 [xds] [cds-lb 0xc0001f2380] Received balancer config update: {
          "LoadBalancingConfig": null,
          "cluster": "cluster-my-service",
          "isDynamic": false
        }  (t=+9.425677ms)
    tlogger.go:133: INFO balancer.go:76 [xds] [priority-lb 0xc000375030] Created  (t=+9.52985ms)
    tlogger.go:133: INFO balancergroup.go:528 [xds] [xds-cluster-manager-lb 0xc000595040] Balancer state update from child cluster:cluster-my-service, new state: {ConnectivityState:CONNECTING Picker:0xc00081b150}  (t=+10.052107ms)
    tlogger.go:133: INFO balancerstateaggregator.go:147 [xds] [xds-cluster-manager-lb 0xc000595040] State update from sub-balancer "cluster:cluster-my-service": {ConnectivityState:CONNECTING Picker:0xc00081b150}  (t=+10.08723ms)
    tlogger.go:133: INFO balancergroup.go:274 [xds] [priority-lb 0xc000375030] Adding child policy of type "outlier_detection_experimental" for child "priority-0-0"  (t=+10.113217ms)
    tlogger.go:133: INFO balancergroup.go:102 [xds] [priority-lb 0xc000375030] Creating child policy of type "outlier_detection_experimental" for child "priority-0-0"  (t=+10.139317ms)
    tlogger.go:133: INFO balancer.go:94 [xds] [outlier-detection-lb 0xc0008145a0] Created  (t=+10.165176ms)
    tlogger.go:133: INFO clusterimpl.go:88 [xds] [xds-cluster-impl-lb 0xc000824000] Created  (t=+10.211573ms)
    tlogger.go:133: INFO clusterimpl.go:100 [xds] [xds-cluster-impl-lb 0xc000824000] xDS credentials in use: false  (t=+10.243417ms)
    tlogger.go:133: INFO weightedtarget.go:65 [xds] [weighted-target-lb 0xc0005955e0] Created  (t=+10.348251ms)
    tlogger.go:133: INFO balancer.go:88 [xds] [wrrlocality-lb 0xc00060c000] Created  (t=+10.377267ms)
    tlogger.go:133: INFO balancergroup.go:274 [xds] [weighted-target-lb 0xc0005955e0] Adding child policy of type "round_robin" for child "{region=\"region-1\", zone=\"zone-1\", sub_zone=\"subzone-1\"}"  (t=+10.463924ms)
    tlogger.go:133: INFO balancergroup.go:102 [xds] [weighted-target-lb 0xc0005955e0] Creating child policy of type "round_robin" for child "{region=\"region-1\", zone=\"zone-1\", sub_zone=\"subzone-1\"}"  (t=+10.507719ms)
    tlogger.go:133: INFO roundrobin.go:56 [roundrobin] [0xc00060c450] Created  (t=+10.538106ms)
    tlogger.go:133: INFO clientconn.go:923 [core] [Channel #23 SubChannel #30] Subchannel created  (t=+10.684893ms)
    tlogger.go:133: INFO balancergroup.go:528 [xds] [weighted-target-lb 0xc0005955e0] Balancer state update from child {region="region-1", zone="zone-1", sub_zone="subzone-1"}, new state: {ConnectivityState:CONNECTING Picker:0xc000552a80}  (t=+10.738154ms)
    tlogger.go:133: INFO aggregator.go:253 [xds] [weighted-target-lb 0xc0005955e0] Child pickers with config: map[{region="region-1", zone="zone-1", sub_zone="subzone-1"}:weight:1,picker:0xc000552a80,state:CONNECTING,stateToAggregate:CONNECTING]  (t=+10.780663ms)
    tlogger.go:133: INFO clientconn.go:1303 [core] [Channel #23 SubChannel #30] Subchannel Connectivity change to CONNECTING  (t=+10.841095ms)
    tlogger.go:133: INFO clientconn.go:1471 [core] [Channel #23 SubChannel #30] Subchannel picks a new address "127.0.0.1:43823" to connect  (t=+10.879061ms)
    tlogger.go:133: INFO balancergroup.go:528 [xds] [priority-lb 0xc000375030] Balancer state update from child priority-0-0, new state: {ConnectivityState:CONNECTING Picker:0xc00043bad0}  (t=+10.909446ms)
    tlogger.go:133: INFO balancergroup.go:528 [xds] [xds-cluster-manager-lb 0xc000595040] Balancer state update from child cluster:cluster-my-service, new state: {ConnectivityState:CONNECTING Picker:0xc00043bad0}  (t=+10.972333ms)
    tlogger.go:133: INFO balancerstateaggregator.go:147 [xds] [xds-cluster-manager-lb 0xc000595040] State update from sub-balancer "cluster:cluster-my-service": {ConnectivityState:CONNECTING Picker:0xc00043bad0}  (t=+11.012981ms)
    tlogger.go:133: INFO balancerstateaggregator.go:191 [xds] [xds-cluster-manager-lb 0xc000595040] Child pickers: map[cluster:cluster-my-service:picker:0xc00043bad0,state:CONNECTING,stateToAggregate:CONNECTING]  (t=+11.056027ms)
    tlogger.go:133: INFO clientconn.go:1303 [core] [Channel #23 SubChannel #30] Subchannel Connectivity change to READY  (t=+11.253821ms)
    tlogger.go:133: INFO balancergroup.go:528 [xds] [weighted-target-lb 0xc0005955e0] Balancer state update from child {region="region-1", zone="zone-1", sub_zone="subzone-1"}, new state: {ConnectivityState:READY Picker:0xc0004c2780}  (t=+11.385276ms)
    tlogger.go:133: INFO aggregator.go:253 [xds] [weighted-target-lb 0xc0005955e0] Child pickers with config: map[{region="region-1", zone="zone-1", sub_zone="subzone-1"}:weight:1,picker:0xc0004c2780,state:READY,stateToAggregate:READY]  (t=+11.453248ms)
    tlogger.go:133: INFO balancergroup.go:528 [xds] [priority-lb 0xc000375030] Balancer state update from child priority-0-0, new state: {ConnectivityState:READY Picker:0xc00043bc98}  (t=+11.50847ms)
    tlogger.go:133: INFO balancergroup.go:528 [xds] [xds-cluster-manager-lb 0xc000595040] Balancer state update from child cluster:cluster-my-service, new state: {ConnectivityState:READY Picker:0xc00043bc98}  (t=+11.55532ms)
    tlogger.go:133: INFO balancerstateaggregator.go:147 [xds] [xds-cluster-manager-lb 0xc000595040] State update from sub-balancer "cluster:cluster-my-service": {ConnectivityState:READY Picker:0xc00043bc98}  (t=+11.587786ms)
    tlogger.go:133: INFO balancerstateaggregator.go:191 [xds] [xds-cluster-manager-lb 0xc000595040] Child pickers: map[cluster:cluster-my-service:picker:0xc00043bc98,state:READY,stateToAggregate:READY]  (t=+11.629111ms)
    tlogger.go:133: INFO clientconn.go:620 [core] [Channel #23] Channel Connectivity change to READY  (t=+11.665958ms)
    server.go:229: Created new resource snapshot...
    logging.go:30: setting snapshot for node f0e4c6c8-b8c2-453c-9dac-a2f640947d09
    logging.go:30: respond open watch 3 type.googleapis.com/envoy.config.listener.v3.Listener [my-service] with new version "2"
    logging.go:30: respond type.googleapis.com/envoy.config.listener.v3.Listener (requested [my-service]) version "1" with version "2" and resources [my-service]
    logging.go:30: respond open watch 4 type.googleapis.com/envoy.config.route.v3.RouteConfiguration [route-my-service] with new version "2"
    logging.go:30: respond type.googleapis.com/envoy.config.route.v3.RouteConfiguration (requested [route-my-service]) version "1" with version "2" and resources [route-my-service]
    logging.go:30: respond open watch 5 type.googleapis.com/envoy.config.cluster.v3.Cluster [cluster-my-service] with new version "2"
    logging.go:30: respond type.googleapis.com/envoy.config.cluster.v3.Cluster (requested [cluster-my-service]) version "1" with version "2" and resources [cluster-my-service]
    logging.go:30: respond open watch 6 type.googleapis.com/envoy.config.endpoint.v3.ClusterLoadAssignment [endpoints-my-service] with new version "2"
    logging.go:30: respond type.googleapis.com/envoy.config.endpoint.v3.ClusterLoadAssignment (requested [endpoints-my-service]) version "1" with version "2" and resources [endpoints-my-service]
    logging.go:30: respond open watch 1 type.googleapis.com/envoy.config.listener.v3.Listener [grpc/server?xds.resource.listening_address=127.0.0.1:43823] with new version "2"
    logging.go:30: respond type.googleapis.com/envoy.config.listener.v3.Listener (requested [grpc/server?xds.resource.listening_address=127.0.0.1:43823]) version "1" with version "2" and resources [grpc/server?xds.resource.listening_address=127.0.0.1:43823]
    logging.go:30: respond open watch 2 type.googleapis.com/envoy.config.route.v3.RouteConfiguration [routeName] with new version "2"
    logging.go:30: respond type.googleapis.com/envoy.config.route.v3.RouteConfiguration (requested [routeName]) version "1" with version "2" and resources [routeName]
    server.go:235: Updated snapshot cache with resource snapshot...
    logging.go:30: open watch 7 for type.googleapis.com/envoy.config.listener.v3.Listener map[my-service:{}] from nodeID "f0e4c6c8-b8c2-453c-9dac-a2f640947d09", version "2"
    tlogger.go:133: INFO rds_handler.go:147 RDS watch for resource "routeName" received update: &xdsresource.RouteConfigUpdate{VirtualHosts:[]*xdsresource.VirtualHost{(*xdsresource.VirtualHost)(0xc0006176c0)}, ClusterSpecifierPlugins:map[string]clusterspecifier.BalancerConfig{}, Raw:(*anypb.Any)(0xc00020e8c0)}  (t=+13.199118ms)
    logging.go:30: open watch 8 for type.googleapis.com/envoy.config.listener.v3.Listener map[grpc/server?xds.resource.listening_address=127.0.0.1:43823:{}] from nodeID "f0e4c6c8-b8c2-453c-9dac-a2f640947d09", version "2"
    logging.go:30: open watch 9 for type.googleapis.com/envoy.config.route.v3.RouteConfiguration map[routeName:{}] from nodeID "f0e4c6c8-b8c2-453c-9dac-a2f640947d09", version "2"
    logging.go:30: open watch 10 for type.googleapis.com/envoy.config.route.v3.RouteConfiguration map[route-my-service:{}] from nodeID "f0e4c6c8-b8c2-453c-9dac-a2f640947d09", version "2"
    logging.go:30: open watch 11 for type.googleapis.com/envoy.config.cluster.v3.Cluster map[cluster-my-service:{}] from nodeID "f0e4c6c8-b8c2-453c-9dac-a2f640947d09", version "2"
    logging.go:30: open watch 12 for type.googleapis.com/envoy.config.endpoint.v3.ClusterLoadAssignment map[endpoints-my-service:{}] from nodeID "f0e4c6c8-b8c2-453c-9dac-a2f640947d09", version "2"
    tlogger.go:129: WARNING ads_stream.go:410 [xds] [xds-client 0xc0005d15e0] [xds-channel 0xc00060e550] [ads-stream 0xc000348000] Sending ADS request for type "type.googleapis.com/envoy.config.route.v3.RouteConfiguration", resources: [], version: "2", nonce: "4" failed: EOF  (t=+32.859521ms)
    tlogger.go:129: WARNING ads_stream.go:452 [xds] [xds-client 0xc0005d15e0] [xds-channel 0xc00060e550] [ads-stream 0xc000348000] ADS stream closed: rpc error: code = Canceled desc = context canceled  (t=+32.929083ms)
    tlogger.go:133: INFO ads_stream.go:165 [xds] [xds-client 0xc0005d15e0] [xds-channel 0xc00060e550] [ads-stream 0xc000348000] Shutdown ADS stream  (t=+32.966608ms)
    tlogger.go:133: INFO clientconn.go:620 [core] [Channel #20] Channel Connectivity change to SHUTDOWN  (t=+33.01637ms)
    tlogger.go:133: INFO resolver_wrapper.go:112 [core] [Channel #20] Closing the name resolver  (t=+33.058767ms)
    logging.go:30: open watch 13 for type.googleapis.com/envoy.config.listener.v3.Listener map[] from nodeID "f0e4c6c8-b8c2-453c-9dac-a2f640947d09", version "2"
    tlogger.go:133: INFO balancer_wrapper.go:159 [core] [Channel #20] ccBalancerWrapper: closing  (t=+33.109874ms)
    tlogger.go:133: INFO clientconn.go:1303 [core] [Channel #20 SubChannel #22] Subchannel Connectivity change to SHUTDOWN  (t=+33.319227ms)
    tlogger.go:133: INFO clientconn.go:1710 [core] [Channel #20 SubChannel #22] Subchannel deleted  (t=+33.380565ms)
    tlogger.go:133: INFO clientconn.go:1232 [core] [Channel #20] Channel deleted  (t=+33.564055ms)
    tlogger.go:133: INFO channel.go:143 [xds] [xds-client 0xc0005d15e0] [xds-channel 0xc00060e550] Shutdown  (t=+33.622442ms)
    tlogger.go:133: INFO server.go:864 [core] [Server #19 ListenSocket #21] ListenSocket deleted  (t=+33.668161ms)
    tlogger.go:133: INFO xdsclient.go:210 [xds] [xds-client 0xc0005d15e0] Shutdown  (t=+33.936764ms)
    zz_verify_c5_e2e_test.go:252: PROBE event[0] ServerFilter.Build
    zz_verify_c5_e2e_test.go:252: PROBE event[1] Interceptor#1.Build
    zz_verify_c5_e2e_test.go:252: PROBE event[2] --- generation 1 serving (RPC OK); sending in-place RDS replacement for "routeName" ---
    zz_verify_c5_e2e_test.go:252: PROBE event[3] ServerFilter.Close (filter DESTROYED) stack=[server.(*refCountedServerFilter).Close <- server.(*filterChain).constructUsableRouteConfiguration <- server.(*listenerWrapper).handleRDSUpdate <- server.(*rdsWatcher).ResourceChanged]
    zz_verify_c5_e2e_test.go:252: PROBE event[4] Interceptor#1.Close parentFilterAlreadyDestroyed=true stack=[server.(*interceptorList).Close <- server.(*listenerWrapper).handleRDSUpdate.(*usableRouteConfiguration).close.func1 <- server.(*usableRouteConfiguration).close <- server.(*listenerWrapper).handleRDSUpdate <- server.(*rdsWatcher).ResourceChanged]
    zz_verify_c5_e2e_test.go:252: PROBE event[5] --- replacement observed; stopping server ---
    zz_verify_c5_e2e_test.go:254: PROBE RESULT after in-place replacement: retired interceptors closed while parent filter still alive=0, closed AFTER parent filter was destroyed=1
    tlogger.go:133: INFO clientconn.go:1303 [core] [Channel #23 SubChannel #30] Subchannel Connectivity change to IDLE  (t=+34.07076ms)
    tlogger.go:133: INFO clientconn.go:620 [core] [Channel #23] Channel Connectivity change to SHUTDOWN  (t=+34.168132ms)
    tlogger.go:133: INFO balancergroup.go:528 [xds] [weighted-target-lb 0xc0005955e0] Balancer state update from child {region="region-1", zone="zone-1", sub_zone="subzone-1"}, new state: {ConnectivityState:IDLE Picker:0xc0004c2e40}  (t=+34.21723ms)
    tlogger.go:133: INFO aggregator.go:253 [xds] [weighted-target-lb 0xc0005955e0] Child pickers with config: map[{region="region-1", zone="zone-1", sub_zone="subzone-1"}:weight:1,picker:0xc0004c2e40,state:IDLE,stateToAggregate:IDLE]  (t=+34.268928ms)
    tlogger.go:133: INFO resolver_wrapper.go:112 [core] [Channel #23] Closing the name resolver  (t=+34.321833ms)
    tlogger.go:133: INFO balancergroup.go:528 [xds] [priority-lb 0xc000375030] Balancer state update from child priority-0-0, new state: {ConnectivityState:IDLE Picker:0xc000012750}  (t=+34.376393ms)
    tlogger.go:133: INFO balancergroup.go:528 [xds] [weighted-target-lb 0xc0005955e0] Balancer state update from child {region="region-1", zone="zone-1", sub_zone="subzone-1"}, new state: {ConnectivityState:CONNECTING Picker:0xc0001b3bc0}  (t=+34.422069ms)
    tlogger.go:133: INFO balancer_wrapper.go:159 [core] [Channel #23] ccBalancerWrapper: closing  (t=+34.46921ms)
    tlogger.go:133: INFO aggregator.go:253 [xds] [weighted-target-lb 0xc0005955e0] Child pickers with config: map[{region="region-1", zone="zone-1", sub_zone="subzone-1"}:weight:1,picker:0xc0001b3bc0,state:CONNECTING,stateToAggregate:CONNECTING]  (t=+34.530525ms)
    tlogger.go:133: INFO balancergroup.go:528 [xds] [xds-cluster-manager-lb 0xc000595040] Balancer state update from child cluster:cluster-my-service, new state: {ConnectivityState:IDLE Picker:0xc000012750}  (t=+34.572351ms)
    tlogger.go:133: INFO balancerstateaggregator.go:147 [xds] [xds-cluster-manager-lb 0xc000595040] State update from sub-balancer "cluster:cluster-my-service": {ConnectivityState:IDLE Picker:0xc000012750}  (t=+34.610123ms)
    tlogger.go:129: WARNING ads_stream.go:452 [xds] [xds-client 0xc0004ca3c0] [xds-channel 0xc000690c80] [ads-stream 0xc0004ca460] ADS stream closed: rpc error: code = Canceled desc = context canceled  (t=+34.649018ms)
    tlogger.go:129: WARNING ads_stream.go:410 [xds] [xds-client 0xc0004ca3c0] [xds-channel 0xc000690c80] [ads-stream 0xc0004ca460] Sending ADS request for type "type.googleapis.com/envoy.config.endpoint.v3.ClusterLoadAssignment", resources: [], version: "2", nonce: "8" failed: EOF  (t=+34.680686ms)
    logging.go:30: open watch 14 for type.googleapis.com/envoy.config.listener.v3.Listener map[] from nodeID "f0e4c6c8-b8c2-453c-9dac-a2f640947d09", version "2"
    tlogger.go:133: INFO ads_stream.go:165 [xds] [xds-client 0xc0004ca3c0] [xds-channel 0xc000690c80] [ads-stream 0xc0004ca460] Shutdown ADS stream  (t=+34.722805ms)
    tlogger.go:133: INFO balancergroup.go:528 [xds] [priority-lb 0xc000375030] Balancer state update from child priority-0-0, new state: {ConnectivityState:CONNECTING Picker:0xc0000129c0}  (t=+34.784604ms)
    tlogger.go:133: INFO clientconn.go:1303 [core] [Channel #23 SubChannel #30] Subchannel Connectivity change to CONNECTING  (t=+34.824407ms)
    tlogger.go:133: INFO clusterimpl.go:508 [xds] [xds-cluster-impl-lb 0xc000824000] Shutdown  (t=+34.856104ms)
    tlogger.go:133: INFO clientconn.go:620 [core] [Channel #26] Channel Connectivity change to SHUTDOWN  (t=+34.886849ms)
    tlogger.go:133: INFO resolver_wrapper.go:112 [core] [Channel #26] Closing the name resolver  (t=+34.918915ms)
    tlogger.go:133: INFO balancer_wrapper.go:159 [core] [Channel #26] ccBalancerWrapper: closing  (t=+34.960872ms)
    tlogger.go:133: INFO clientconn.go:1471 [core] [Channel #23 SubChannel #30] Subchannel picks a new address "127.0.0.1:43823" to connect  (t=+34.992054ms)
    tlogger.go:133: INFO clientconn.go:1303 [core] [Channel #26 SubChannel #27] Subchannel Connectivity change to SHUTDOWN  (t=+35.080629ms)
    tlogger.go:133: INFO clientconn.go:1710 [core] [Channel #26 SubChannel #27] Subchannel deleted  (t=+35.133692ms)
    tlogger.go:133: INFO balancergroup.go:351 [xds] [priority-lb 0xc000375030] Removing child policy for child "priority-0-0"  (t=+35.172363ms)
    tlogger.go:133: INFO cdsbalancer.go:416 [xds] [cds-lb 0xc0001f2380] Shutdown  (t=+35.203838ms)
    tlogger.go:133: INFO clustermanager.go:192 [xds] [xds-cluster-manager-lb 0xc000595040] Shutdown  (t=+35.234671ms)
    tlogger.go:133: INFO clientconn.go:1232 [core] [Channel #26] Channel deleted  (t=+35.306582ms)
    tlogger.go:133: INFO channel.go:143 [xds] [xds-client 0xc0004ca3c0] [xds-channel 0xc000690c80] Shutdown  (t=+35.362958ms)
    tlogger.go:133: INFO xdsclient.go:210 [xds] [xds-client 0xc0004ca3c0] Shutdown  (t=+35.444006ms)
    tlogger.go:133: INFO xds_resolver.go:295 [xds] [xds-resolver 0xc0005781b0] Shutdown  (t=+35.477094ms)
    tlogger.go:129: WARNING clientconn.go:1534 [core] [Channel #23 SubChannel #30] grpc: addrConn.createTransport failed to connect to {Addr: "127.0.0.1:43823", ServerName: "my-service", Attributes: {"<%!p(xds.hostnameKey={})>": "" , "<%!p(xds.handshakeAttrKey={})>": "<0xc000824070>" , "<%!p(xds.handshakeClusterNameKey={})>": "cluster-my-service" }, BalancerAttributes: {"<%!p(weight.attributeKey={})>": "Weight: 2147483648" , "<%!p(wrrlocality.attributeKey={})>": "Locality Weight: 1" , "<%!p(xds.localityKeyType=grpc.xds.internal.address.locality)>": "<%!p(clients.Locality={region-1 zone-1 subzone-1})>" , "<%!p(hierarchy.pathKeyType=grpc.internal.address.hierarchical_path)>": "<0xc0005952c0>" }}. Err: connection error: desc = "transport: Error while dialing: dial tcp 127.0.0.1:43823: connect: connection refused"  (t=+35.517562ms)
    tlogger.go:133: INFO clientconn.go:1303 [core] [Channel #23 SubChannel #30] Subchannel Connectivity change to SHUTDOWN  (t=+35.58422ms)
    tlogger.go:133: INFO clientconn.go:1710 [core] [Channel #23 SubChannel #30] Subchannel deleted  (t=+35.628402ms)
    tlogger.go:133: INFO clientconn.go:1232 [core] [Channel #23] Channel deleted  (t=+35.664493ms)
    tlogger.go:133: INFO server.go:864 [core] [Server #17 ListenSocket #18] ListenSocket deleted  (t=+35.777752ms)
--- PASS: Test (0.09s)
    --- PASS: Test/VerifyC5_AllRoutesDisableFilter (0.05s)
    --- PASS: Test/VerifyC5_ReplacementWithNoRoutes (0.04s)
PASS
ok  	google.golang.org/grpc/test/xds	1.116s
exit=0
