=== RUN   Test
=== RUN   Test/VerifyC5_AllRoutesDisableFilter
    setup.go:45: Created new snapshot cache...
    tlogger.go:133: INFO server.go:732 [core] [Server #1] Server created  (t=+759.34µs)
    setup.go:45: Registered Aggregated Discovery Service (ADS)...
    setup.go:45: xDS management server serving at: 127.0.0.1:34581...
    tlogger.go:133: INFO server.go:928 [core] [Server #1 ListenSocket #2] ListenSocket created  (t=+1.4531ms)
    tlogger.go:133: INFO server.go:732 [core] [Server #3] Server created  (t=+2.212889ms)
    tlogger.go:133: INFO pool.go:309 [xds] xDS node ID: ebb2a411-02ad-4d16-9f73-11362a397e5c  (t=+2.366793ms)
    tlogger.go:133: INFO server.go:118 [xds] [xds-server 0xc0005c0940] Created xds.GRPCServer  (t=+2.4026ms)
    stubserver.go:300: Started test service backend at "127.0.0.1:37337"
    tlogger.go:133: INFO server.go:177 [xds] [xds-server 0xc0005c0940] Serve() passed a net.Listener on 127.0.0.1:37337  (t=+2.581928ms)
    tlogger.go:133: INFO clientconn.go:1837 [core] original dial target is: "passthrough:///127.0.0.1:34581"  (t=+2.673455ms)
    tlogger.go:133: INFO clientconn.go:516 [core] [Channel #4] Channel created for target "passthrough:///127.0.0.1:34581"  (t=+2.729864ms)
    tlogger.go:133: INFO clientconn.go:247 [core] [Channel #4] parsed dial target is: resolver.Target{URL:url.URL{Scheme:"passthrough", Opaque:"", User:(*url.Userinfo)(nil), Host:"", Path:"/127.0.0.1:34581", RawPath:"", OmitHost:false, ForceQuery:false, RawQuery:"", Fragment:"", RawFragment:""}}  (t=+2.786501ms)
    tlogger.go:133: INFO clientconn.go:248 [core] [Channel #4] Channel authority set to "127.0.0.1:34581"  (t=+2.818045ms)
    tlogger.go:133: INFO server.go:928 [core] [Server #3 ListenSocket #5] ListenSocket created  (t=+3.003858ms)
    tlogger.go:133: INFO clientconn.go:620 [core] [Channel #4] Channel Connectivity change to CONNECTING  (t=+3.063145ms)
    tlogger.go:133: INFO resolver_wrapper.go:211 [core] [Channel #4] Resolver state updated: {
          "Addresses": [
            {
              "Addr": "127.0.0.1:34581",
              "ServerName": "",
              "Attributes": null,
              "BalancerAttributes": null,
              "Metadata": null
            }
          ],
          "Endpoints": [
            {
              "Addresses": [
                {
                  "Addr": "127.0.0.1:34581",
                  "ServerName": "",
                  "Attributes": null,
                  "BalancerAttributes": null,
                  "Metadata": null
                }
              ],
              "Attributes": null
            }
          ],
          "ServiceConfig": null,
          "Attributes": null
        } (resolver returned new addresses)  (t=+3.421766ms)
    tlogger.go:133: INFO balancer_wrapper.go:121 [core] [Channel #4] Channel switches to new LB policy "pick_first"  (t=+3.587304ms)
    tlogger.go:133: INFO clientconn.go:923 [core] [Channel #4 SubChannel #6] Subchannel created  (t=+4.390762ms)
    tlogger.go:133: INFO clientconn.go:421 [core] [Channel #4] Channel exiting idle mode  (t=+4.470516ms)
    tlogger.go:133: INFO clientconn.go:1303 [core] [Channel #4 SubChannel #6] Subchannel Connectivity change to CONNECTING  (t=+4.581701ms)
    tlogger.go:133: INFO clientconn.go:1471 [core] [Channel #4 SubChannel #6] Subchannel picks a new address "127.0.0.1:34581" to connect  (t=+4.648795ms)
    tlogger.go:133: INFO clientconn.go:1303 [core] [Channel #4 SubChannel #6] Subchannel Connectivity change to READY  (t=+5.655014ms)
    tlogger.go:133: INFO clientconn.go:620 [core] [Channel #4] Channel Connectivity change to READY  (t=+5.810526ms)
    logging.go:30: open watch 1 for type.googleapis.com/envoy.config.listener.v3.Listener map[grpc/server?xds.resource.listening_address=127.0.0.1:37337:{}] from nodeID "ebb2a411-02ad-4d16-9f73-11362a397e5c", version ""
    server.go:229: Created new resource snapshot...
    logging.go:30: setting snapshot for node ebb2a411-02ad-4d16-9f73-11362a397e5c
    logging.go:30: respond open watch 1 type.googleapis.com/envoy.config.listener.v3.Listener [grpc/server?xds.resource.listening_address=127.0.0.1:37337] with new version "1"
    logging.go:30: respond type.googleapis.com/envoy.config.listener.v3.Listener (requested [grpc/server?xds.resource.listening_address=127.0.0.1:37337]) version "" with version "1" and resources [grpc/server?xds.resource.listening_address=127.0.0.1:37337]
    server.go:235: Updated snapshot cache with resource snapshot...
    tlogger.go:133: INFO clientconn.go:1837 [core] original dial target is: "xds:///my-service"  (t=+7.548643ms)
    tlogger.go:133: INFO clientconn.go:516 [core] [Channel #9] Channel created for target "xds:///my-service"  (t=+7.593349ms)
    tlogger.go:133: INFO clientconn.go:247 [core] [Channel #9] parsed dial target is: resolver.Target{URL:url.URL{Scheme:"xds", Opaque:"", User:(*url.Userinfo)(nil), Host:"", Path:"/my-service", RawPath:"", OmitHost:false, ForceQuery:false, RawQuery:"", Fragment:"", RawFragment:""}}  (t=+7.64066ms)
    tlogger.go:133: INFO clientconn.go:248 [core] [Channel #9] Channel authority set to "my-service"  (t=+7.715374ms)
    logging.go:30: open watch 2 for type.googleapis.com/envoy.config.listener.v3.Listener map[grpc/server?xds.resource.listening_address=127.0.0.1:37337:{}] from nodeID "ebb2a411-02ad-4d16-9f73-11362a397e5c", version "1"
    logging.go:30: respond type.googleapis.com/envoy.config.route.v3.RouteConfiguration (requested [routeName]) version "" with version "1" and resources [routeName]
    tlogger.go:133: INFO rds_handler.go:147 RDS watch for resource "routeName" received update: &xdsresource.RouteConfigUpdate{VirtualHosts:[]*xdsresource.VirtualHost{(*xdsresource.VirtualHost)(0xc000311b40)}, ClusterSpecifierPlugins:map[string]clusterspecifier.BalancerConfig{}, Raw:(*anypb.Any)(0xc0005b2140)}  (t=+12.128491ms)
    logging.go:30: open watch 3 for type.googleapis.com/envoy.config.route.v3.RouteConfiguration map[routeName:{}] from nodeID "ebb2a411-02ad-4d16-9f73-11362a397e5c", version "1"
    tlogger.go:133: INFO clientconn.go:620 [core] [Channel #9] Channel Connectivity change to CONNECTING  (t=+12.27066ms)
    tlogger.go:133: INFO pool.go:309 [xds] xDS node ID: ebb2a411-02ad-4d16-9f73-11362a397e5c  (t=+12.771402ms)
    tlogger.go:133: INFO xds_resolver.go:157 [xds] [xds-resolver 0xc0006403f0] Creating resolver for target: xds:///my-service  (t=+12.839365ms)
    tlogger.go:133: INFO clientconn.go:1837 [core] original dial target is: "passthrough:///127.0.0.1:34581"  (t=+12.937233ms)
    tlogger.go:133: INFO clientconn.go:516 [core] [Channel #10] Channel created for target "passthrough:///127.0.0.1:34581"  (t=+13.001019ms)
    tlogger.go:133: INFO clientconn.go:247 [core] [Channel #10] parsed dial target is: resolver.Target{URL:url.URL{Scheme:"passthrough", Opaque:"", User:(*url.Userinfo)(nil), Host:"", Path:"/127.0.0.1:34581", RawPath:"", OmitHost:false, ForceQuery:false, RawQuery:"", Fragment:"", RawFragment:""}}  (t=+13.055133ms)
    tlogger.go:133: INFO clientconn.go:248 [core] [Channel #10] Channel authority set to "127.0.0.1:34581"  (t=+13.089475ms)
    tlogger.go:133: INFO clientconn.go:421 [core] [Channel #9] Channel exiting idle mode  (t=+13.206093ms)
    tlogger.go:133: INFO clientconn.go:620 [core] [Channel #10] Channel Connectivity change to CONNECTING  (t=+13.242656ms)
    tlogger.go:133: INFO resolver_wrapper.go:211 [core] [Channel #10] Resolver state updated: {
          "Addresses": [
            {
              "Addr": "127.0.0.1:34581",
              "ServerName": "",
              "Attributes": null,
              "BalancerAttributes": null,
              "Metadata": null
            }
          ],
          "Endpoints": [
            {
              "Addresses": [
                {
                  "Addr": "127.0.0.1:34581",
                  "ServerName": "",
                  "Attributes": null,
                  "BalancerAttributes": null,
                  "Metadata": null
                }
              ],
              "Attributes": null
            }
          ],
          "ServiceConfig": null,
          "Attributes": null
        } (resolver returned new addresses)  (t=+13.39708ms)
    tlogger.go:133: INFO balancer_wrapper.go:121 [core] [Channel #10] Channel switches to new LB policy "pick_first"  (t=+13.542869ms)
    tlogger.go:133: INFO clientconn.go:923 [core] [Channel #10 SubChannel #11] Subchannel created  (t=+13.646622ms)
    tlogger.go:133: INFO clientconn.go:421 [core] [Channel #10] Channel exiting idle mode  (t=+13.703279ms)
    tlogger.go:133: INFO clientconn.go:1303 [core] [Channel #10 SubChannel #11] Subchannel Connectivity change to CONNECTING  (t=+13.765967ms)
    tlogger.go:133: INFO clientconn.go:1471 [core] [Channel #10 SubChannel #11] Subchannel picks a new address "127.0.0.1:34581" to connect  (t=+13.820577ms)
    tlogger.go:133: INFO clientconn.go:1303 [core] [Channel #10 SubChannel #11] Subchannel Connectivity change to READY  (t=+14.180385ms)
    tlogger.go:133: INFO clientconn.go:620 [core] [Channel #10] Channel Connectivity change to READY  (t=+14.29899ms)
    logging.go:30: respond type.googleapis.com/envoy.config.listener.v3.Listener (requested [my-service]) version "" with version "1" and resources [my-service]
    logging.go:30: open watch 4 for type.googleapis.com/envoy.config.listener.v3.Listener map[my-service:{}] from nodeID "ebb2a411-02ad-4d16-9f73-11362a397e5c", version "1"
    logging.go:30: respond type.googleapis.com/envoy.config.route.v3.RouteConfiguration (requested [route-my-service]) version "" with version "1" and resources [route-my-service]
    logging.go:30: open watch 5 for type.googleapis.com/envoy.config.route.v3.RouteConfiguration map[route-my-service:{}] from nodeID "ebb2a411-02ad-4d16-9f73-11362a397e5c", version "1"
    logging.go:30: respond type.googleapis.com/envoy.config.cluster.v3.Cluster (requested [cluster-my-service]) version "" with version "1" and resources [cluster-my-service]
    logging.go:30: open watch 6 for type.googleapis.com/envoy.config.cluster.v3.Cluster map[cluster-my-service:{}] from nodeID "ebb2a411-02ad-4d16-9f73-11362a397e5c", version "1"
    logging.go:30: respond type.googleapis.com/envoy.config.endpoint.v3.ClusterLoadAssignment (requested [endpoints-my-service]) version "" with version "1" and resources [endpoints-my-service]
    logging.go:30: open watch 7 for type.googleapis.com/envoy.config.endpoint.v3.ClusterLoadAssignment map[endpoints-my-service:{}] from nodeID "ebb2a411-02ad-4d16-9f73-11362a397e5c", version "1"
    tlogger.go:133: INFO resolver_wrapper.go:211 [core] [Channel #9] Resolver state updated: {
          "Addresses": null,
          "Endpoints": [],
          "ServiceConfig": {
            "Config": {
              "Config": null,
              "Methods": {}
            },
            "Err": null
          },
          "Attributes": {
            "\u003c%!p(xdsclient.clientKeyType=grpc.xds.internal.client.Client)\u003e": "\u003c0xc0004b2c60\u003e",
            "\u003c%!p(xdsdepmgr.xdsClusterSubscriberKey={})\u003e": "\u003c0xc00044e540\u003e",
            "\u003c%!p(xdsresource.xdsConfigkey={})\u003e": "\u003c0xc0008800e0\u003e",
            "\u003c%!p(resolver.csKeyType=grpc.internal.resolver.configSelector)\u003e": "\u003c0xc00054ee00\u003e"
          }
        } (service config updated)  (t=+22.03995ms)
    tlogger.go:133: INFO balancer_wrapper.go:121 [core] [Channel #9] Channel switches to new LB policy "xds_cluster_manager_experimental"  (t=+22.165427ms)
    tlogger.go:133: INFO clustermanager.go:58 [xds] [xds-cluster-manager-lb 0xc0008802a0] Created  (t=+22.204316ms)
    tlogger.go:133: INFO balancergroup.go:274 [xds] [xds-cluster-manager-lb 0xc0008802a0] Adding child policy of type "cds_experimental" for child "cluster:cluster-my-service"  (t=+22.257871ms)
    tlogger.go:133: INFO balancergroup.go:102 [xds] [xds-cluster-manager-lb 0xc0008802a0] Creating child policy of type "cds_experimental" for child "cluster:cluster-my-service"  (t=+22.290577ms)
    tlogger.go:133: INFO cdsbalancer.go:90 [xds] [cds-lb 0xc000191500] Created  (t=+22.321561ms)
    tlogger.go:133: INFO cdsbalancer.go:167 [xds] [cds-lb 0xc000191500] Received balancer config update: {
          "LoadBalancingConfig": null,
          "cluster": "cluster-my-service",
          "isDynamic": false
        }  (t=+22.39368ms)
    tlogger.go:133: INFO balancer.go:76 [xds] [priority-lb 0xc00054ef50] Created  (t=+22.630705ms)
    tlogger.go:133: INFO balancergroup.go:528 [xds] [xds-cluster-manager-lb 0xc0008802a0] Balancer state update from child cluster:cluster-my-service, new state: {ConnectivityState:CONNECTING Picker:0xc0005b1b80}  (t=+23.142625ms)
    tlogger.go:133: INFO balancerstateaggregator.go:147 [xds] [xds-cluster-manager-lb 0xc0008802a0] State update from sub-balancer "cluster:cluster-my-service": {ConnectivityState:CONNECTING Picker:0xc0005b1b80}  (t=+23.178811ms)
    tlogger.go:133: INFO balancergroup.go:274 [xds] [priority-lb 0xc00054ef50] Adding child policy of type "outlier_detection_experimental" for child "priority-0-0"  (t=+23.207683ms)
    tlogger.go:133: INFO balancergroup.go:102 [xds] [priority-lb 0xc00054ef50] Creating child policy of type "outlier_detection_experimental" for child "priority-0-0"  (t=+23.240362ms)
    tlogger.go:133: INFO balancer.go:94 [xds] [outlier-detection-lb 0xc000615b30] Created  (t=+23.275398ms)
    tlogger.go:133: INFO clusterimpl.go:88 [xds] [xds-cluster-impl-lb 0xc0001d1e00] Created  (t=+23.326262ms)
    tlogger.go:133: INFO clusterimpl.go:100 [xds] [xds-cluster-impl-lb 0xc0001d1e00] xDS credentials in use: false  (t=+23.359166ms)
    tlogger.go:133: INFO weightedtarget.go:65 [xds] [weighted-target-lb 0xc000880740] Created  (t=+23.455805ms)
    tlogger.go:133: INFO balancer.go:88 [xds] [wrrlocality-lb 0xc0001eef30] Created  (t=+23.483729ms)
    tlogger.go:133: INFO balancergroup.go:274 [xds] [weighted-target-lb 0xc000880740] Adding child policy of type "round_robin" for child "{region=\"region-1\", zone=\"zone-1\", sub_zone=\"subzone-1\"}"  (t=+23.615075ms)
    tlogger.go:133: INFO balancergroup.go:102 [xds] [weighted-target-lb 0xc000880740] Creating child policy of type "round_robin" for child "{region=\"region-1\", zone=\"zone-1\", sub_zone=\"subzone-1\"}"  (t=+23.642926ms)
    tlogger.go:133: INFO roundrobin.go:56 [roundrobin] [0xc0001ef710] Created  (t=+23.669579ms)
    tlogger.go:133: INFO clientconn.go:923 [core] [Channel #9 SubChannel #14] Subchannel created  (t=+23.781527ms)
    tlogger.go:133: INFO balancergroup.go:528 [xds] [weighted-target-lb 0xc000880740] Balancer state update from child {region="region-1", zone="zone-1", sub_zone="subzone-1"}, new state: {ConnectivityState:CONNECTING Picker:0xc0001d4780}  (t=+23.835789ms)
    tlogger.go:133: INFO aggregator.go:253 [xds] [weighted-target-lb 0xc000880740] Child pickers with config: map[{region="region-1", zone="zone-1", sub_zone="subzone-1"}:weight:1,picker:0xc0001d4780,state:CONNECTING,stateToAggregate:CONNECTING]  (t=+23.879932ms)
    tlogger.go:133: INFO clientconn.go:1303 [core] [Channel #9 SubChannel #14] Subchannel Connectivity change to CONNECTING  (t=+23.915069ms)
    tlogger.go:133: INFO clientconn.go:1471 [core] [Channel #9 SubChannel #14] Subchannel picks a new address "127.0.0.1:37337" to connect  (t=+23.978261ms)
    tlogger.go:133: INFO balancergroup.go:528 [xds] [priority-lb 0xc00054ef50] Balancer state update from child priority-0-0, new state: {ConnectivityState:CONNECTING Picker:0xc0005177a0}  (t=+24.139509ms)
    tlogger.go:133: INFO balancergroup.go:528 [xds] [xds-cluster-manager-lb 0xc0008802a0] Balancer state update from child cluster:cluster-my-service, new state: {ConnectivityState:CONNECTING Picker:0xc0005177a0}  (t=+24.214606ms)
    tlogger.go:133: INFO balancerstateaggregator.go:147 [xds] [xds-cluster-manager-lb 0xc0008802a0] State update from sub-balancer "cluster:cluster-my-service": {ConnectivityState:CONNECTING Picker:0xc0005177a0}  (t=+24.261746ms)
    tlogger.go:133: INFO balancerstateaggregator.go:191 [xds] [xds-cluster-manager-lb 0xc0008802a0] Child pickers: map[cluster:cluster-my-service:picker:0xc0005177a0,state:CONNECTING,stateToAggregate:CONNECTING]  (t=+24.311783ms)
    tlogger.go:133: INFO clientconn.go:1303 [core] [Channel #9 SubChannel #14] Subchannel Connectivity change to READY  (t=+24.382128ms)
    tlogger.go:133: INFO balancergroup.go:528 [xds] [weighted-target-lb 0xc000880740] Balancer state update from child {region="region-1", zone="zone-1", sub_zone="subzone-1"}, new state: {ConnectivityState:READY Picker:0xc0001d48c0}  (t=+24.504162ms)
    tlogger.go:133: INFO aggregator.go:253 [xds] [weighted-target-lb 0xc000880740] Child pickers with config: map[{region="region-1", zone="zone-1", sub_zone="subzone-1"}:weight:1,picker:0xc0001d48c0,state:READY,stateToAggregate:READY]  (t=+24.575535ms)
    tlogger.go:133: INFO balancergroup.go:528 [xds] [priority-lb 0xc00054ef50] Balancer state update from child priority-0-0, new state: {ConnectivityState:READY Picker:0xc0005178d8}  (t=+24.61971ms)
    tlogger.go:133: INFO balancergroup.go:528 [xds] [xds-cluster-manager-lb 0xc0008802a0] Balancer state update from child cluster:cluster-my-service, new state: {ConnectivityState:READY Picker:0xc0005178d8}  (t=+24.666393ms)
    tlogger.go:133: INFO balancerstateaggregator.go:147 [xds] [xds-cluster-manager-lb 0xc0008802a0] State update from sub-balancer "cluster:cluster-my-service": {ConnectivityState:READY Picker:0xc0005178d8}  (t=+24.701197ms)
    tlogger.go:133: INFO balancerstateaggregator.go:191 [xds] [xds-cluster-manager-lb 0xc0008802a0] Child pickers: map[cluster:cluster-my-service:picker:0xc0005178d8,state:READY,stateToAggregate:READY]  (t=+24.74444ms)
    tlogger.go:133: INFO clientconn.go:620 [core] [Channel #9] Channel Connectivity change to READY  (t=+24.786897ms)
    server.go:229: Created new resource snapshot...
    logging.go:30: setting snapshot for node ebb2a411-02ad-4d16-9f73-11362a397e5c
    logging.go:30: respond open watch 2 type.googleapis.com/envoy.config.listener.v3.Listener [grpc/server?xds.resource.listening_address=127.0.0.1:37337] with new version "2"
    logging.go:30: respond type.googleapis.com/envoy.config.listener.v3.Listener (requested [grpc/server?xds.resource.listening_address=127.0.0.1:37337]) version "1" with version "2" and resources [grpc/server?xds.resource.listening_address=127.0.0.1:37337]
    logging.go:30: respond open watch 3 type.googleapis.com/envoy.config.route.v3.RouteConfiguration [routeName] with new version "2"
    logging.go:30: respond type.googleapis.com/envoy.config.route.v3.RouteConfiguration (requested [routeName]) version "1" with version "2" and resources [routeName]
    logging.go:30: respond open watch 4 type.googleapis.com/envoy.config.listener.v3.Listener [my-service] with new version "2"
    logging.go:30: respond type.googleapis.com/envoy.config.listener.v3.Listener (requested [my-service]) version "1" with version "2" and resources [my-service]
    logging.go:30: respond open watch 5 type.googleapis.com/envoy.config.route.v3.RouteConfiguration [route-my-service] with new version "2"
    logging.go:30: respond type.googleapis.com/envoy.config.route.v3.RouteConfiguration (requested [route-my-service]) version "1" with version "2" and resources [route-my-service]
    logging.go:30: respond open watch 6 type.googleapis.com/envoy.config.cluster.v3.Cluster [cluster-my-service] with new version "2"
    logging.go:30: respond type.googleapis.com/envoy.config.cluster.v3.Cluster (requested [cluster-my-service]) version "1" with version "2" and resources [cluster-my-service]
    logging.go:30: respond open watch 7 type.googleapis.com/envoy.config.endpoint.v3.ClusterLoadAssignment [endpoints-my-service] with new version "2"
    logging.go:30: respond type.googleapis.com/envoy.config.endpoint.v3.ClusterLoadAssignment (requested [endpoints-my-service]) version "1" with version "2" and resources [endpoints-my-service]
    server.go:235: Updated snapshot cache with resource snapshot...
    logging.go:30: open watch 8 for type.googleapis.com/envoy.config.listener.v3.Listener map[grpc/server?xds.resource.listening_address=127.0.0.1:37337:{}] from nodeID "ebb2a411-02ad-4d16-9f73-11362a397e5c", version "2"
    logging.go:30: open watch 9 for type.googleapis.com/envoy.config.route.v3.RouteConfiguration map[routeName:{}] from nodeID "ebb2a411-02ad-4d16-9f73-11362a397e5c", version "2"
    tlogger.go:133: INFO rds_handler.go:147 RDS watch for resource "routeName" received update: &xdsresource.RouteConfigUpdate{VirtualHosts:[]*xdsresource.VirtualHost{(*xdsresource.VirtualHost)(0xc0006e0200)}, ClusterSpecifierPlugins:map[string]clusterspecifier.BalancerConfig{}, Raw:(*anypb.Any)(0xc0007483c0)}  (t=+26.614916ms)
    logging.go:30: open watch 10 for type.googleapis.com/envoy.config.listener.v3.Listener map[my-service:{}] from nodeID "ebb2a411-02ad-4d16-9f73-11362a397e5c", version "2"
    logging.go:30: open watch 11 for type.googleapis.com/envoy.config.route.v3.RouteConfiguration map[route-my-service:{}] from nodeID "ebb2a411-02ad-4d16-9f73-11362a397e5c", version "2"
    logging.go:30: open watch 12 for type.googleapis.com/envoy.config.endpoint.v3.ClusterLoadAssignment map[endpoints-my-service:{}] from nodeID "ebb2a411-02ad-4d16-9f73-11362a397e5c", version "2"
    logging.go:30: open watch 13 for type.googleapis.com/envoy.config.cluster.v3.Cluster map[cluster-my-service:{}] from nodeID "ebb2a411-02ad-4d16-9f73-11362a397e5c", version "2"
    tlogger.go:129: WARNING ads_stream.go:410 [xds] [xds-client 0xc0001dd180] [xds-channel 0xc00017ecd0] [ads-stream 0xc0001dd2c0] Sending ADS request for type "type.googleapis.com/envoy.config.route.v3.RouteConfiguration", resources: [], version: "2", nonce: "4" failed: EOF  (t=+46.184999ms)
    tlogger.go:129: WARNING ads_stream.go:452 [xds] [xds-client 0xc0001dd180] [xds-channel 0xc00017ecd0] [ads-stream 0xc0001dd2c0] ADS stream closed: rpc error: code = Canceled desc = context canceled  (t=+46.253098ms)
    tlogger.go:133: INFO ads_stream.go:165 [xds] [xds-client 0xc0001dd180] [xds-channel 0xc00017ecd0] [ads-stream 0xc0001dd2c0] Shutdown ADS stream  (t=+46.290792ms)
    tlogger.go:133: INFO clientconn.go:620 [core] [Channel #4] Channel Connectivity change to SHUTDOWN  (t=+46.369823ms)
    tlogger.go:133: INFO resolver_wrapper.go:112 [core] [Channel #4] Closing the name resolver  (t=+46.402962ms)
    tlogger.go:133: INFO balancer_wrapper.go:159 [core] [Channel #4] ccBalancerWrapper: closing  (t=+46.45717ms)
    tlogger.go:133: INFO clientconn.go:1303 [core] [Channel #4 SubChannel #6] Subchannel Connectivity change to SHUTDOWN  (t=+46.576898ms)
    tlogger.go:133: INFO clientconn.go:1710 [core] [Channel #4 SubChannel #6] Subchannel deleted  (t=+46.634838ms)
    tlogger.go:133: INFO clientconn.go:1232 [core] [Channel #4] Channel deleted  (t=+46.785305ms)
    tlogger.go:133: INFO channel.go:143 [xds] [xds-client 0xc0001dd180] [xds-channel 0xc00017ecd0] Shutdown  (t=+46.869891ms)
    tlogger.go:133: INFO server.go:864 [core] [Server #3 ListenSocket #5] ListenSocket deleted  (t=+46.927013ms)
    tlogger.go:133: INFO xdsclient.go:210 [xds] [xds-client 0xc0001dd180] Shutdown  (t=+47.053387ms)
    zz_verify_c5_e2e_test.go:252: PROBE event[0] ServerFilter.Build
    zz_verify_c5_e2e_test.go:252: PROBE event[1] Interceptor#1.Build
    zz_verify_c5_e2e_test.go:252: PROBE event[2] --- generation 1 serving (RPC OK); sending in-place RDS replacement for "routeName" ---
    zz_verify_c5_e2e_test.go:252: PROBE event[3] ServerFilter.Close (filter DESTROYED) stack=[server.(*refCountedServerFilter).Close <- server.(*filterChain).constructUsableRouteConfiguration <- server.(*listenerWrapper).handleRDSUpdate <- server.(*rdsWatcher).ResourceChanged]
    zz_verify_c5_e2e_test.go:252: PROBE event[4] Interceptor#1.Close parentFilterAlreadyDestroyed=true stack=[server.(*interceptorList).Close <- server.(*usableRouteConfiguration).close <- server.(*filterChain).updateUsableRouteConfiguration <- server.(*listenerWrapper).handleRDSUpdate <- server.(*rdsWatcher).ResourceChanged]
    zz_verify_c5_e2e_test.go:252: PROBE event[5] --- replacement observed; stopping server ---
    zz_verify_c5_e2e_test.go:254: PROBE RESULT after in-place replacement: retired interceptors closed while parent filter still alive=0, closed AFTER parent filter was destroyed=1
    tlogger.go:133: INFO clientconn.go:1303 [core] [Channel #9 SubChannel #14] Subchannel Connectivity change to IDLE  (t=+47.166132ms)
    tlogger.go:133: INFO clientconn.go:620 [core] [Channel #9] Channel Connectivity change to SHUTDOWN  (t=+47.281176ms)
    tlogger.go:133: INFO resolver_wrapper.go:112 [core] [Channel #9] Closing the name resolver  (t=+47.333115ms)
    tlogger.go:133: INFO balancer_wrapper.go:159 [core] [Channel #9] ccBalancerWrapper: closing  (t=+47.388999ms)
    tlogger.go:133: INFO balancergroup.go:528 [xds] [weighted-target-lb 0xc000880740] Balancer state update from child {region="region-1", zone="zone-1", sub_zone="subzone-1"}, new state: {ConnectivityState:IDLE Picker:0xc000022580}  (t=+47.433799ms)
    tlogger.go:133: INFO aggregator.go:253 [xds] [weighted-target-lb 0xc000880740] Child pickers with config: map[{region="region-1", zone="zone-1", sub_zone="subzone-1"}:weight:1,picker:0xc000022580,state:IDLE,stateToAggregate:IDLE]  (t=+47.484009ms)
    tlogger.go:133: INFO balancergroup.go:528 [xds] [weighted-target-lb 0xc000880740] Balancer state update from child {region="region-1", zone="zone-1", sub_zone="subzone-1"}, new state: {ConnectivityState:CONNECTING Picker:0xc0001d4100}  (t=+47.55942ms)
    tlogger.go:133: INFO clientconn.go:1303 [core] [Channel #9 SubChannel #14] Subchannel Connectivity change to CONNECTING  (t=+47.635496ms)
    tlogger.go:133: INFO clientconn.go:1471 [core] [Channel #9 SubChannel #14] Subchannel picks a new address "127.0.0.1:37337" to connect  (t=+47.670577ms)
    logging.go:30: open watch 14 for type.googleapis.com/envoy.config.listener.v3.Listener map[] from nodeID "ebb2a411-02ad-4d16-9f73-11362a397e5c", version "2"
    tlogger.go:129: WARNING ads_stream.go:410 [xds] [xds-client 0xc00063a320] [xds-channel 0xc0005b2910] [ads-stream 0xc00063a3c0] Sending ADS request for type "type.googleapis.com/envoy.config.endpoint.v3.ClusterLoadAssignment", resources: [], version: "2", nonce: "7" failed: EOF  (t=+47.726301ms)
    tlogger.go:133: INFO clusterimpl.go:508 [xds] [xds-cluster-impl-lb 0xc0001d1e00] Shutdown  (t=+47.773331ms)
    logging.go:30: open watch 15 for type.googleapis.com/envoy.config.route.v3.RouteConfiguration map[] from nodeID "ebb2a411-02ad-4d16-9f73-11362a397e5c", version "2"
    tlogger.go:129: WARNING ads_stream.go:452 [xds] [xds-client 0xc00063a320] [xds-channel 0xc0005b2910] [ads-stream 0xc00063a3c0] ADS stream closed: rpc error: code = Canceled desc = context canceled  (t=+47.826381ms)
    tlogger.go:133: INFO balancergroup.go:351 [xds] [priority-lb 0xc00054ef50] Removing child policy for child "priority-0-0"  (t=+47.87378ms)
    tlogger.go:129: WARNING clientconn.go:1534 [core] [Channel #9 SubChannel #14] grpc: addrConn.createTransport failed to connect to {Addr: "127.0.0.1:37337", ServerName: "my-service", Attributes: {"<%!p(xds.hostnameKey={})>": "" , "<%!p(xds.handshakeAttrKey={})>": "<0xc0001d1e70>" , "<%!p(xds.handshakeClusterNameKey={})>": "cluster-my-service" }, BalancerAttributes: {"<%!p(weight.attributeKey={})>": "Weight: 2147483648" , "<%!p(wrrlocality.attributeKey={})>": "Locality Weight: 1" , "<%!p(xds.localityKeyType=grpc.xds.internal.address.locality)>": "<%!p(clients.Locality={region-1 zone-1 subzone-1})>" , "<%!p(hierarchy.pathKeyType=grpc.internal.address.hierarchical_path)>": "<0xc000880440>" }}. Err: connection error: desc = "transport: Error while dialing: dial tcp 127.0.0.1:37337: connect: connection refused"  (t=+47.904432ms)
    tlogger.go:133: INFO clientconn.go:1305 [core] [Channel #9 SubChannel #14] Subchannel Connectivity change to TRANSIENT_FAILURE, last error: connection error: desc = "transport: Error while dialing: dial tcp 127.0.0.1:37337: connect: connection refused"  (t=+47.971721ms)
    tlogger.go:133: INFO cdsbalancer.go:416 [xds] [cds-lb 0xc000191500] Shutdown  (t=+48.002919ms)
    tlogger.go:133: INFO ads_stream.go:165 [xds] [xds-client 0xc00063a320] [xds-channel 0xc0005b2910] [ads-stream 0xc00063a3c0] Shutdown ADS stream  (t=+48.039461ms)
    tlogger.go:133: INFO clientconn.go:620 [core] [Channel #10] Channel Connectivity change to SHUTDOWN  (t=+48.102709ms)
    tlogger.go:133: INFO resolver_wrapper.go:112 [core] [Channel #10] Closing the name resolver  (t=+48.141432ms)
    tlogger.go:133: INFO clustermanager.go:192 [xds] [xds-cluster-manager-lb 0xc0008802a0] Shutdown  (t=+48.169952ms)
    tlogger.go:133: INFO balancer_wrapper.go:159 [core] [Channel #10] ccBalancerWrapper: closing  (t=+48.200205ms)
    tlogger.go:133: INFO clientconn.go:1303 [core] [Channel #10 SubChannel #11] Subchannel Connectivity change to SHUTDOWN  (t=+48.293889ms)
    tlogger.go:133: INFO clientconn.go:1710 [core] [Channel #10 SubChannel #11] Subchannel deleted  (t=+48.337265ms)
    tlogger.go:133: INFO clientconn.go:1232 [core] [Channel #10] Channel deleted  (t=+48.44913ms)
    tlogger.go:133: INFO channel.go:143 [xds] [xds-client 0xc00063a320] [xds-channel 0xc0005b2910] Shutdown  (t=+48.50293ms)
    tlogger.go:133: INFO xdsclient.go:210 [xds] [xds-client 0xc00063a320] Shutdown  (t=+48.594194ms)
    tlogger.go:133: INFO xds_resolver.go:295 [xds] [xds-resolver 0xc0006403f0] Shutdown  (t=+48.627755ms)
    tlogger.go:133: INFO clientconn.go:1303 [core] [Channel #9 SubChannel #14] Subchannel Connectivity change to SHUTDOWN  (t=+48.685425ms)
    tlogger.go:133: INFO clientconn.go:1710 [core] [Channel #9 SubChannel #14] Subchannel deleted  (t=+48.72688ms)
    tlogger.go:133: INFO clientconn.go:1232 [core] [Channel #9] Channel deleted  (t=+48.762623ms)
    tlogger.go:133: INFO server.go:864 [core] [Server #1 ListenSocket #2] ListenSocket deleted  (t=+48.860736ms)
=== RUN   Test/VerifyC5_ReplacementWithNoRoutes
    setup.go:45: Created new snapshot cache...
    tlogger.go:133: INFO server.go:732 [core] [Server #17] Server created  (t=+429.49µs)
    setup.go:45: Registered Aggregated Discovery Service (ADS)...
    setup.go:45: xDS management server serving at: 127.0.0.1:36561...
    tlogger.go:133: INFO server.go:928 [core] [Server #17 ListenSocket #18] ListenSocket created  (t=+572.206µs)
    tlogger.go:133: INFO server.go:732 [core] [Server #19] Server created  (t=+1.410106ms)
    tlogger.go:133: INFO pool.go:309 [xds] xDS node ID: 4308efa8-4f34-49ec-851c-3554ff5185b9  (t=+1.514646ms)
    tlogger.go:133: INFO server.go:118 [xds] [xds-server 0xc000022500] Created xds.GRPCServer  (t=+1.549185ms)
    stubserver.go:300: Started test service backend at "127.0.0.1:39557"
    tlogger.go:133: INFO server.go:177 [xds] [xds-server 0xc000022500] Serve() passed a net.Listener on 127.0.0.1:39557  (t=+1.683288ms)
    tlogger.go:133: INFO clientconn.go:1837 [core] original dial target is: "passthrough:///127.0.0.1:36561"  (t=+1.794961ms)
    tlogger.go:133: INFO clientconn.go:516 [core] [Channel #20] Channel created for target "passthrough:///127.0.0.1:36561"  (t=+1.855296ms)
    tlogger.go:133: INFO clientconn.go:247 [core] [Channel #20] parsed dial target is: resolver.Target{URL:url.URL{Scheme:"passthrough", Opaque:"", User:(*url.Userinfo)(nil), Host:"", Path:"/127.0.0.1:36561", RawPath:"", OmitHost:false, ForceQuery:false, RawQuery:"", Fragment:"", RawFragment:""}}  (t=+1.90562ms)
    tlogger.go:133: INFO clientconn.go:248 [core] [Channel #20] Channel authority set to "127.0.0.1:36561"  (t=+1.939728ms)
    tlogger.go:133: INFO server.go:928 [core] [Server #19 ListenSocket #21] ListenSocket created  (t=+2.055947ms)
    tlogger.go:133: INFO clientconn.go:620 [core] [Channel #20] Channel Connectivity change to CONNECTING  (t=+2.097933ms)
    tlogger.go:133: INFO resolver_wrapper.go:211 [core] [Channel #20] Resolver state updated: {
          "Addresses": [
            {
              "Addr": "127.0.0.1:36561",
              "ServerName": "",
              "Attributes": null,
              "BalancerAttributes": null,
              "Metadata": null
            }
          ],
          "Endpoints": [
            {
              "Addresses": [
                {
                  "Addr": "127.0.0.1:36561",
                  "ServerName": "",
                  "Attributes": null,
                  "BalancerAttributes": null,
                  "Metadata": null
                }
              ],
              "Attributes": null
            }
          ],
          "ServiceConfig": null,
          "Attributes": null
        } (resolver returned new addresses)  (t=+2.213139ms)
    server.go:229: Created new resource snapshot...
    tlogger.go:133: INFO balancer_wrapper.go:121 [core] [Channel #20] Channel switches to new LB policy "pick_first"  (t=+2.357341ms)
    logging.go:30: setting snapshot for node 4308efa8-4f34-49ec-851c-3554ff5185b9
    server.go:235: Updated snapshot cache with resource snapshot...
    tlogger.go:133: INFO clientconn.go:923 [core] [Channel #20 SubChannel #22] Subchannel created  (t=+2.437974ms)
    tlogger.go:133: INFO clientconn.go:1837 [core] original dial target is: "xds:///my-service"  (t=+2.521467ms)
    tlogger.go:133: INFO clientconn.go:421 [core] [Channel #20] Channel exiting idle mode  (t=+2.56335ms)
    tlogger.go:133: INFO clientconn.go:1303 [core] [Channel #20 SubChannel #22] Subchannel Connectivity change to CONNECTING  (t=+2.604348ms)
    tlogger.go:133: INFO clientconn.go:516 [core] [Channel #23] Channel created for target "xds:///my-service"  (t=+2.638129ms)
    tlogger.go:133: INFO clientconn.go:247 [core] [Channel #23] parsed dial target is: resolver.Target{URL:url.URL{Scheme:"xds", Opaque:"", User:(*url.Userinfo)(nil), Host:"", Path:"/my-service", RawPath:"", OmitHost:false, ForceQuery:false, RawQuery:"", Fragment:"", RawFragment:""}}  (t=+2.704593ms)
    tlogger.go:133: INFO clientconn.go:1471 [core] [Channel #20 SubChannel #22] Subchannel picks a new address "127.0.0.1:36561" to connect  (t=+2.73636ms)
    tlogger.go:133: INFO clientconn.go:248 [core] [Channel #23] Channel authority set to "my-service"  (t=+2.780242ms)
    tlogger.go:133: INFO clientconn.go:1303 [core] [Channel #20 SubChannel #22] Subchannel Connectivity change to READY  (t=+3.052381ms)
    tlogger.go:133: INFO clientconn.go:620 [core] [Channel #20] Channel Connectivity change to READY  (t=+3.125086ms)
    logging.go:30: respond type.googleapis.com/envoy.config.listener.v3.Listener (requested [grpc/server?xds.resource.listening_address=127.0.0.1:39557]) version "" with version "1" and resources [grpc/server?xds.resource.listening_address=127.0.0.1:39557]
    logging.go:30: open watch 1 for type.googleapis.com/envoy.config.listener.v3.Listener map[grpc/server?xds.resource.listening_address=127.0.0.1:39557:{}] from nodeID "4308efa8-4f34-49ec-851c-3554ff5185b9", version "1"
    logging.go:30: respond type.googleapis.com/envoy.config.route.v3.RouteConfiguration (requested [routeName]) version "" with version "1" and resources [routeName]
    tlogger.go:133: INFO rds_handler.go:147 RDS watch for resource "routeName" received update: &xdsresource.RouteConfigUpdate{VirtualHosts:[]*xdsresource.VirtualHost{(*xdsresource.VirtualHost)(0xc0006e0400)}, ClusterSpecifierPlugins:map[string]clusterspecifier.BalancerConfig{}, Raw:(*anypb.Any)(0xc0004e9040)}  (t=+4.371505ms)
    logging.go:30: open watch 2 for type.googleapis.com/envoy.config.route.v3.RouteConfiguration map[routeName:{}] from nodeID "4308efa8-4f34-49ec-851c-3554ff5185b9", version "1"
    tlogger.go:133: INFO clientconn.go:620 [core] [Channel #23] Channel Connectivity change to CONNECTING  (t=+4.455467ms)
    tlogger.go:133: INFO pool.go:309 [xds] xDS node ID: 4308efa8-4f34-49ec-851c-3554ff5185b9  (t=+4.852857ms)
    tlogger.go:133: INFO xds_resolver.go:157 [xds] [xds-resolver 0xc000884990] Creating resolver for target: xds:///my-service  (t=+4.902468ms)
    tlogger.go:133: INFO clientconn.go:1837 [core] original dial target is: "passthrough:///127.0.0.1:36561"  (t=+4.973082ms)
    tlogger.go:133: INFO clientconn.go:516 [core] [Channel #26] Channel created for target "passthrough:///127.0.0.1:36561"  (t=+5.026201ms)
    tlogger.go:133: INFO clientconn.go:247 [core] [Channel #26] parsed dial target is: resolver.Target{URL:url.URL{Scheme:"passthrough", Opaque:"", User:(*url.Userinfo)(nil), Host:"", Path:"/127.0.0.1:36561", RawPath:"", OmitHost:false, ForceQuery:false, RawQuery:"", Fragment:"", RawFragment:""}}  (t=+5.084242ms)
    tlogger.go:133: INFO clientconn.go:248 [core] [Channel #26] Channel authority set to "127.0.0.1:36561"  (t=+5.11191ms)
    tlogger.go:133: INFO clientconn.go:421 [core] [Channel #23] Channel exiting idle mode  (t=+5.222177ms)
    tlogger.go:133: INFO clientconn.go:620 [core] [Channel #26] Channel Connectivity change to CONNECTING  (t=+5.269831ms)
    tlogger.go:133: INFO resolver_wrapper.go:211 [core] [Channel #26] Resolver state updated: {
          "Addresses": [
            {
              "Addr": "127.0.0.1:36561",
              "ServerName": "",
              "Attributes": null,
              "BalancerAttributes": null,
              "Metadata": null
            }
          ],
          "Endpoints": [
            {
              "Addresses": [
                {
                  "Addr": "127.0.0.1:36561",
                  "ServerName": "",
                  "Attributes": null,
                  "BalancerAttributes": null,
                  "Metadata": null
                }
              ],
              "Attributes": null
            }
          ],
          "ServiceConfig": null,
          "Attributes": null
        } (resolver returned new addresses)  (t=+5.40616ms)
    tlogger.go:133: INFO balancer_wrapper.go:121 [core] [Channel #26] Channel switches to new LB policy "pick_first"  (t=+5.539228ms)
    tlogger.go:133: INFO clientconn.go:923 [core] [Channel #26 SubChannel #27] Subchannel created  (t=+5.633263ms)
    tlogger.go:133: INFO clientconn.go:421 [core] [Channel #26] Channel exiting idle mode  (t=+5.685122ms)
    tlogger.go:133: INFO clientconn.go:1303 [core] [Channel #26 SubChannel #27] Subchannel Connectivity change to CONNECTING  (t=+5.745176ms)
    tlogger.go:133: INFO clientconn.go:1471 [core] [Channel #26 SubChannel #27] Subchannel picks a new address "127.0.0.1:36561" to connect  (t=+5.795548ms)
    tlogger.go:133: INFO clientconn.go:1303 [core] [Channel #26 SubChannel #27] Subchannel Connectivity change to READY  (t=+6.272984ms)
    tlogger.go:133: INFO clientconn.go:620 [core] [Channel #26] Channel Connectivity change to READY  (t=+6.34787ms)
    logging.go:30: respond type.googleapis.com/envoy.config.listener.v3.Listener (requested [my-service]) version "" with version "1" and resources [my-service]
    logging.go:30: open watch 3 for type.googleapis.com/envoy.config.listener.v3.Listener map[my-service:{}] from nodeID "4308efa8-4f34-49ec-851c-3554ff5185b9", version "1"
    logging.go:30: respond type.googleapis.com/envoy.config.route.v3.RouteConfiguration (requested [route-my-service]) version "" with version "1" and resources [route-my-service]
    logging.go:30: open watch 4 for type.googleapis.com/envoy.config.route.v3.RouteConfiguration map[route-my-service:{}] from nodeID "4308efa8-4f34-49ec-851c-3554ff5185b9", version "1"
    logging.go:30: respond type.googleapis.com/envoy.config.cluster.v3.Cluster (requested [cluster-my-service]) version "" with version "1" and resources [cluster-my-service]
    logging.go:30: open watch 5 for type.googleapis.com/envoy.config.cluster.v3.Cluster map[cluster-my-service:{}] from nodeID "4308efa8-4f34-49ec-851c-3554ff5185b9", version "1"
    logging.go:30: respond type.googleapis.com/envoy.config.endpoint.v3.ClusterLoadAssignment (requested [endpoints-my-service]) version "" with version "1" and resources [endpoints-my-service]
    logging.go:30: open watch 6 for type.googleapis.com/envoy.config.endpoint.v3.ClusterLoadAssignment map[endpoints-my-service:{}] from nodeID "4308efa8-4f34-49ec-851c-3554ff5185b9", version "1"
    tlogger.go:133: INFO resolver_wrapper.go:211 [core] [Channel #23] Resolver state updated: {
          "Addresses": null,
          "Endpoints": [],
          "ServiceConfig": {
            "Config": {
              "Config": null,
              "Methods": {}
            },
            "Err": null
          },
          "Attributes": {
            "\u003c%!p(xdsclient.clientKeyType=grpc.xds.internal.client.Client)\u003e": "\u003c0xc00020afc0\u003e",
            "\u003c%!p(xdsdepmgr.xdsClusterSubscriberKey={})\u003e": "\u003c0xc00044e540\u003e",
            "\u003c%!p(xdsresource.xdsConfigkey={})\u003e": "\u003c0xc0003749c0\u003e",
            "\u003c%!p(resolver.csKeyType=grpc.internal.resolver.configSelector)\u003e": "\u003c0xc000203030\u003e"
          }
        } (service config updated)  (t=+8.830318ms)
    tlogger.go:133: INFO balancer_wrapper.go:121 [core] [Channel #23] Channel switches to new LB policy "xds_cluster_manager_experimental"  (t=+8.932662ms)
    tlogger.go:133: INFO clustermanager.go:58 [xds] [xds-cluster-manager-lb 0xc000374f40] Created  (t=+8.96511ms)
    tlogger.go:133: INFO balancergroup.go:274 [xds] [xds-cluster-manager-lb 0xc000374f40] Adding child policy of type "cds_experimental" for child "cluster:cluster-my-service"  (t=+8.993705ms)
    tlogger.go:133: INFO balancergroup.go:102 [xds] [xds-cluster-manager-lb 0xc000374f40] Creating child policy of type "cds_experimental" for child "cluster:cluster-my-service"  (t=+9.026369ms)
    tlogger.go:133: INFO cdsbalancer.go:90 [xds] [cds-lb 0xc00064d6c0] Created  (t=+9.069453ms)
    tlogger.go:133: INFO cdsbalancer.go:167 [xds] [cds-lb 0xc00064d6c0] Received balancer config update: {
          "LoadBalancingConfig": null,
          "cluster": "cluster-my-service",
          "isDynamic": false
        }  (t=+9.131682ms)
    tlogger.go:133: INFO balancer.go:76 [xds] [priority-lb 0xc000203110] Created  (t=+9.241196ms)
    tlogger.go:133: INFO balancergroup.go:528 [xds] [xds-cluster-manager-lb 0xc000374f40] Balancer state update from child cluster:cluster-my-service, new state: {ConnectivityState:CONNECTING Picker:0xc0003a3e90}  (t=+9.609149ms)
    tlogger.go:133: INFO balancerstateaggregator.go:147 [xds] [xds-cluster-manager-lb 0xc000374f40] State update from sub-balancer "cluster:cluster-my-service": {ConnectivityState:CONNECTING Picker:0xc0003a3e90}  (t=+9.645085ms)
    tlogger.go:133: INFO balancergroup.go:274 [xds] [priority-lb 0xc000203110] Adding child policy of type "outlier_detection_experimental" for child "priority-0-0"  (t=+9.670396ms)
    tlogger.go:133: INFO balancergroup.go:102 [xds] [priority-lb 0xc000203110] Creating child policy of type "outlier_detection_experimental" for child "priority-0-0"  (t=+9.696202ms)
    tlogger.go:133: INFO balancer.go:94 [xds] [outlier-detection-lb 0xc000912c30] Created  (t=+9.722091ms)
    tlogger.go:133: INFO clusterimpl.go:88 [xds] [xds-cluster-impl-lb 0xc0001d0a00] Created  (t=+9.761729ms)
    tlogger.go:133: INFO clusterimpl.go:100 [xds] [xds-cluster-impl-lb 0xc0001d0a00] xDS credentials in use: false  (t=+9.807729ms)
    tlogger.go:133: INFO weightedtarget.go:65 [xds] [weighted-target-lb 0xc000375480] Created  (t=+9.898206ms)
    tlogger.go:133: INFO balancer.go:88 [xds] [wrrlocality-lb 0xc00098c7e0] Created  (t=+9.927215ms)
    tlogger.go:133: INFO balancergroup.go:274 [xds] [weighted-target-lb 0xc000375480] Adding child policy of type "round_robin" for child "{region=\"region-1\", zone=\"zone-1\", sub_zone=\"subzone-1\"}"  (t=+10.002834ms)
    tlogger.go:133: INFO balancergroup.go:102 [xds] [weighted-target-lb 0xc000375480] Creating child policy of type "round_robin" for child "{region=\"region-1\", zone=\"zone-1\", sub_zone=\"subzone-1\"}"  (t=+10.035883ms)
    tlogger.go:133: INFO roundrobin.go:56 [roundrobin] [0xc00098cb10] Created  (t=+10.064183ms)
    tlogger.go:133: INFO clientconn.go:923 [core] [Channel #23 SubChannel #30] Subchannel created  (t=+10.175782ms)
    tlogger.go:133: INFO balancergroup.go:528 [xds] [weighted-target-lb 0xc000375480] Balancer state update from child {region="region-1", zone="zone-1", sub_zone="subzone-1"}, new state: {ConnectivityState:CONNECTING Picker:0xc0001d4980}  (t=+10.235551ms)
    tlogger.go:133: INFO aggregator.go:253 [xds] [weighted-target-lb 0xc000375480] Child pickers with config: map[{region="region-1", zone="zone-1", sub_zone="subzone-1"}:weight:1,picker:0xc0001d4980,state:CONNECTING,stateToAggregate:CONNECTING]  (t=+10.279608ms)
    tlogger.go:133: INFO clientconn.go:1303 [core] [Channel #23 SubChannel #30] Subchannel Connectivity change to CONNECTING  (t=+10.335487ms)
    tlogger.go:133: INFO balancergroup.go:528 [xds] [priority-lb 0xc000203110] Balancer state update from child priority-0-0, new state: {ConnectivityState:CONNECTING Picker:0xc000708e70}  (t=+10.383668ms)
    tlogger.go:133: INFO clientconn.go:1471 [core] [Channel #23 SubChannel #30] Subchannel picks a new address "127.0.0.1:39557" to connect  (t=+10.418063ms)
    tlogger.go:133: INFO balancerstateaggregator.go:191 [xds] [xds-cluster-manager-lb 0xc000374f40] Child pickers: map[cluster:cluster-my-service:picker:0xc0003a3e90,state:CONNECTING,stateToAggregate:CONNECTING]  (t=+10.448753ms)
    tlogger.go:133: INFO balancergroup.go:528 [xds] [xds-cluster-manager-lb 0xc000374f40] Balancer state update from child cluster:cluster-my-service, new state: {ConnectivityState:CONNECTING Picker:0xc000708e70}  (t=+10.523289ms)
    tlogger.go:133: INFO balancerstateaggregator.go:147 [xds] [xds-cluster-manager-lb 0xc000374f40] State update from sub-balancer "cluster:cluster-my-service": {ConnectivityState:CONNECTING Picker:0xc000708e70}  (t=+10.55835ms)
    tlogger.go:133: INFO balancerstateaggregator.go:191 [xds] [xds-cluster-manager-lb 0xc000374f40] Child pickers: map[cluster:cluster-my-service:picker:0xc000708e70,state:CONNECTING,stateToAggregate:CONNECTING]  (t=+10.592897ms)
    tlogger.go:133: INFO clientconn.go:1303 [core] [Channel #23 SubChannel #30] Subchannel Connectivity change to READY  (t=+10.72144ms)
    tlogger.go:133: INFO balancergroup.go:528 [xds] [weighted-target-lb 0xc000375480] Balancer state update from child {region="region-1", zone="zone-1", sub_zone="subzone-1"}, new state: {ConnectivityState:READY Picker:0xc0001d4b00}  (t=+10.838978ms)
    tlogger.go:133: INFO aggregator.go:253 [xds] [weighted-target-lb 0xc000375480] Child pickers with config: map[{region="region-1", zone="zone-1", sub_zone="subzone-1"}:weight:1,picker:0xc0001d4b00,state:READY,stateToAggregate:READY]  (t=+10.894489ms)
    tlogger.go:133: INFO balancergroup.go:528 [xds] [priority-lb 0xc000203110] Balancer state update from child priority-0-0, new state: {ConnectivityState:READY Picker:0xc000709068}  (t=+10.933907ms)
    tlogger.go:133: INFO balancergroup.go:528 [xds] [xds-cluster-manager-lb 0xc000374f40] Balancer state update from child cluster:cluster-my-service, new state: {ConnectivityState:READY Picker:0xc000709068}  (t=+10.972687ms)
    tlogger.go:133: INFO balancerstateaggregator.go:147 [xds] [xds-cluster-manager-lb 0xc000374f40] State update from sub-balancer "cluster:cluster-my-service": {ConnectivityState:READY Picker:0xc000709068}  (t=+11.006516ms)
    tlogger.go:133: INFO balancerstateaggregator.go:191 [xds] [xds-cluster-manager-lb 0xc000374f40] Child pickers: map[cluster:cluster-my-service:picker:0xc000709068,state:READY,stateToAggregate:READY]  (t=+11.046961ms)
    tlogger.go:133: INFO clientconn.go:620 [core] [Channel #23] Channel Connectivity change to READY  (t=+11.088993ms)
    server.go:229: Created new resource snapshot...
    logging.go:30: setting snapshot for node 4308efa8-4f34-49ec-851c-3554ff5185b9
    logging.go:30: respond open watch 6 type.googleapis.com/envoy.config.endpoint.v3.ClusterLoadAssignment [endpoints-my-service] with new version "2"
    logging.go:30: respond type.googleapis.com/envoy.config.endpoint.v3.ClusterLoadAssignment (requested [endpoints-my-service]) version "1" with version "2" and resources [endpoints-my-service]
    logging.go:30: respond open watch 1 type.googleapis.com/envoy.config.listener.v3.Listener [grpc/server?xds.resource.listening_address=127.0.0.1:39557] with new version "2"
    logging.go:30: respond type.googleapis.com/envoy.config.listener.v3.Listener (requested [grpc/server?xds.resource.listening_address=127.0.0.1:39557]) version "1" with version "2" and resources [grpc/server?xds.resource.listening_address=127.0.0.1:39557]
    logging.go:30: respond open watch 2 type.googleapis.com/envoy.config.route.v3.RouteConfiguration [routeName] with new version "2"
    logging.go:30: respond type.googleapis.com/envoy.config.route.v3.RouteConfiguration (requested [routeName]) version "1" with version "2" and resources [routeName]
    logging.go:30: respond open watch 3 type.googleapis.com/envoy.config.listener.v3.Listener [my-service] with new version "2"
    logging.go:30: respond type.googleapis.com/envoy.config.listener.v3.Listener (requested [my-service]) version "1" with version "2" and resources [my-service]
    logging.go:30: respond open watch 4 type.googleapis.com/envoy.config.route.v3.RouteConfiguration [route-my-service] with new version "2"
    logging.go:30: respond type.googleapis.com/envoy.config.route.v3.RouteConfiguration (requested [route-my-service]) version "1" with version "2" and resources [route-my-service]
    logging.go:30: respond open watch 5 type.googleapis.com/envoy.config.cluster.v3.Cluster [cluster-my-service] with new version "2"
    logging.go:30: respond type.googleapis.com/envoy.config.cluster.v3.Cluster (requested [cluster-my-service]) version "1" with version "2" and resources [cluster-my-service]
    server.go:235: Updated snapshot cache with resource snapshot...
    logging.go:30: open watch 7 for type.googleapis.com/envoy.config.listener.v3.Listener map[grpc/server?xds.resource.listening_address=127.0.0.1:39557:{}] from nodeID "4308efa8-4f34-49ec-851c-3554ff5185b9", version "2"
    tlogger.go:133: INFO rds_handler.go:147 RDS watch for resource "routeName" received update: &xdsresource.RouteConfigUpdate{VirtualHosts:[]*xdsresource.VirtualHost{(*xdsresource.VirtualHost)(0xc0004da780)}, ClusterSpecifierPlugins:map[string]clusterspecifier.BalancerConfig{}, Raw:(*anypb.Any)(0xc0003f5b30)}  (t=+12.832185ms)
    logging.go:30: open watch 8 for type.googleapis.com/envoy.config.route.v3.RouteConfiguration map[routeName:{}] from nodeID "4308efa8-4f34-49ec-851c-3554ff5185b9", version "2"
    logging.go:30: open watch 9 for type.googleapis.com/envoy.config.endpoint.v3.ClusterLoadAssignment map[endpoints-my-service:{}] from nodeID "4308efa8-4f34-49ec-851c-3554ff5185b9", version "2"
    logging.go:30: open watch 10 for type.googleapis.com/envoy.config.route.v3.RouteConfiguration map[route-my-service:{}] from nodeID "4308efa8-4f34-49ec-851c-3554ff5185b9", version "2"
    logging.go:30: open watch 11 for type.googleapis.com/envoy.config.cluster.v3.Cluster map[cluster-my-service:{}] from nodeID "4308efa8-4f34-49ec-851c-3554ff5185b9", version "2"
    logging.go:30: open watch 12 for type.googleapis.com/envoy.config.listener.v3.Listener map[my-service:{}] from nodeID "4308efa8-4f34-49ec-851c-3554ff5185b9", version "2"
    tlogger.go:129: WARNING ads_stream.go:410 [xds] [xds-client 0xc000024aa0] [xds-channel 0xc0004e8690] [ads-stream 0xc0006f4000] Sending ADS request for type "type.googleapis.com/envoy.config.route.v3.RouteConfiguration", resources: [], version: "2", nonce: "4" failed: EOF  (t=+32.558146ms)
    tlogger.go:129: WARNING ads_stream.go:452 [xds] [xds-client 0xc000024aa0] [xds-channel 0xc0004e8690] [ads-stream 0xc0006f4000] ADS stream closed: rpc error: code = Canceled desc = context canceled  (t=+32.638877ms)
    logging.go:30: open watch 13 for type.googleapis.com/envoy.config.listener.v3.Listener map[] from nodeID "4308efa8-4f34-49ec-851c-3554ff5185b9", version "2"
    tlogger.go:133: INFO ads_stream.go:165 [xds] [xds-client 0xc000024aa0] [xds-channel 0xc0004e8690] [ads-stream 0xc0006f4000] Shutdown ADS stream  (t=+32.756544ms)
    tlogger.go:133: INFO clientconn.go:620 [core] [Channel #20] Channel Connectivity change to SHUTDOWN  (t=+32.861497ms)
    tlogger.go:133: INFO resolver_wrapper.go:112 [core] [Channel #20] Closing the name resolver  (t=+32.90477ms)
    tlogger.go:133: INFO balancer_wrapper.go:159 [core] [Channel #20] ccBalancerWrapper: closing  (t=+32.957943ms)
    tlogger.go:133: INFO clientconn.go:1303 [core] [Channel #20 SubChannel #22] Subchannel Connectivity change to SHUTDOWN  (t=+33.062789ms)
    tlogger.go:133: INFO clientconn.go:1710 [core] [Channel #20 SubChannel #22] Subchannel deleted  (t=+33.10993ms)
    tlogger.go:133: INFO clientconn.go:1232 [core] [Channel #20] Channel deleted  (t=+33.2177ms)
    tlogger.go:133: INFO channel.go:143 [xds] [xds-client 0xc000024aa0] [xds-channel 0xc0004e8690] Shutdown  (t=+33.268207ms)
    tlogger.go:133: INFO server.go:864 [core] [Server #19 ListenSocket #21] ListenSocket deleted  (t=+33.314619ms)
    tlogger.go:133: INFO xdsclient.go:210 [xds] [xds-client 0xc000024aa0] Shutdown  (t=+33.437823ms)
    zz_verify_c5_e2e_test.go:252: PROBE event[0] ServerFilter.Build
    zz_verify_c5_e2e_test.go:252: PROBE event[1] Interceptor#1.Build
    zz_verify_c5_e2e_test.go:252: PROBE event[2] --- generation 1 serving (RPC OK); sending in-place RDS replacement for "routeName" ---
    zz_verify_c5_e2e_test.go:252: PROBE event[3] ServerFilter.Close (filter DESTROYED) stack=[server.(*refCountedServerFilter).Close <- server.(*filterChain).constructUsableRouteConfiguration <- server.(*listenerWrapper).handleRDSUpdate <- server.(*rdsWatcher).ResourceChanged]
    zz_verify_c5_e2e_test.go:252: PROBE event[4] Interceptor#1.Close parentFilterAlreadyDestroyed=true stack=[server.(*interceptorList).Close <- server.(*usableRouteConfiguration).close <- server.(*filterChain).updateUsableRouteConfiguration <- server.(*listenerWrapper).handleRDSUpdate <- server.(*rdsWatcher).ResourceChanged]
    zz_verify_c5_e2e_test.go:252: PROBE event[5] --- replacement observed; stopping server ---
    zz_verify_c5_e2e_test.go:254: PROBE RESULT after in-place replacement: retired interceptors closed while parent filter still alive=0, closed AFTER parent filter was destroyed=1
    tlogger.go:133: INFO clientconn.go:620 [core] [Channel #23] Channel Connectivity change to SHUTDOWN  (t=+33.592118ms)
    tlogger.go:133: INFO resolver_wrapper.go:112 [core] [Channel #23] Closing the name resolver  (t=+33.625821ms)
    tlogger.go:133: INFO clientconn.go:1303 [core] [Channel #23 SubChannel #30] Subchannel Connectivity change to IDLE  (t=+33.676471ms)
    tlogger.go:133: INFO balancer_wrapper.go:159 [core] [Channel #23] ccBalancerWrapper: closing  (t=+33.762276ms)
    logging.go:30: open watch 14 for type.googleapis.com/envoy.config.listener.v3.Listener map[] from nodeID "4308efa8-4f34-49ec-851c-3554ff5185b9", version "2"
    tlogger.go:133: INFO balancergroup.go:528 [xds] [weighted-target-lb 0xc000375480] Balancer state update from child {region="region-1", zone="zone-1", sub_zone="subzone-1"}, new state: {ConnectivityState:IDLE Picker:0xc000c82000}  (t=+33.910507ms)
    tlogger.go:133: INFO aggregator.go:253 [xds] [weighted-target-lb 0xc000375480] Child pickers with config: map[{region="region-1", zone="zone-1", sub_zone="subzone-1"}:weight:1,picker:0xc000c82000,state:IDLE,stateToAggregate:IDLE]  (t=+33.989636ms)
    logging.go:30: open watch 15 for type.googleapis.com/envoy.config.route.v3.RouteConfiguration map[] from nodeID "4308efa8-4f34-49ec-851c-3554ff5185b9", version "2"
    tlogger.go:129: WARNING ads_stream.go:452 [xds] [xds-client 0xc0001f34a0] [xds-channel 0xc0003f4460] [ads-stream 0xc0001f3540] ADS stream closed: rpc error: code = Canceled desc = context canceled  (t=+34.05102ms)
    tlogger.go:133: INFO ads_stream.go:165 [xds] [xds-client 0xc0001f34a0] [xds-channel 0xc0003f4460] [ads-stream 0xc0001f3540] Shutdown ADS stream  (t=+34.094954ms)
    tlogger.go:133: INFO balancergroup.go:528 [xds] [weighted-target-lb 0xc000375480] Balancer state update from child {region="region-1", zone="zone-1", sub_zone="subzone-1"}, new state: {ConnectivityState:CONNECTING Picker:0xc00070b800}  (t=+34.152065ms)
    tlogger.go:133: INFO clusterimpl.go:508 [xds] [xds-cluster-impl-lb 0xc0001d0a00] Shutdown  (t=+34.219866ms)
    tlogger.go:133: INFO clientconn.go:620 [core] [Channel #26] Channel Connectivity change to SHUTDOWN  (t=+34.268271ms)
    tlogger.go:133: INFO balancergroup.go:351 [xds] [priority-lb 0xc000203110] Removing child policy for child "priority-0-0"  (t=+34.316147ms)
    tlogger.go:133: INFO cdsbalancer.go:416 [xds] [cds-lb 0xc00064d6c0] Shutdown  (t=+34.357515ms)
    tlogger.go:133: INFO clustermanager.go:192 [xds] [xds-cluster-manager-lb 0xc000374f40] Shutdown  (t=+34.386253ms)
    tlogger.go:133: INFO clientconn.go:1303 [core] [Channel #23 SubChannel #30] Subchannel Connectivity change to CONNECTING  (t=+34.41172ms)
    tlogger.go:133: INFO clientconn.go:1471 [core] [Channel #23 SubChannel #30] Subchannel picks a new address "127.0.0.1:39557" to connect  (t=+34.449154ms)
    tlogger.go:133: INFO resolver_wrapper.go:112 [core] [Channel #26] Closing the name resolver  (t=+34.498653ms)
    tlogger.go:133: INFO balancer_wrapper.go:159 [core] [Channel #26] ccBalancerWrapper: closing  (t=+34.557649ms)
    tlogger.go:133: INFO clientconn.go:1303 [core] [Channel #26 SubChannel #27] Subchannel Connectivity change to SHUTDOWN  (t=+34.642224ms)
    tlogger.go:133: INFO clientconn.go:1710 [core] [Channel #26 SubChannel #27] Subchannel deleted  (t=+34.684677ms)
    tlogger.go:129: WARNING clientconn.go:1534 [core] [Channel #23 SubChannel #30] grpc: addrConn.createTransport failed to connect to {Addr: "127.0.0.1:39557", ServerName: "my-service", Attributes: {"<%!p(xds.hostnameKey={})>": "" , "<%!p(xds.handshakeAttrKey={})>": "<0xc0001d0a70>" , "<%!p(xds.handshakeClusterNameKey={})>": "cluster-my-service" }, BalancerAttributes: {"<%!p(weight.attributeKey={})>": "Weight: 2147483648" , "<%!p(wrrlocality.attributeKey={})>": "Locality Weight: 1" , "<%!p(xds.localityKeyType=grpc.xds.internal.address.locality)>": "<%!p(clients.Locality={region-1 zone-1 subzone-1})>" , "<%!p(hierarchy.pathKeyType=grpc.internal.address.hierarchical_path)>": "<0xc000375140>" }}. Err: connection error: desc = "transport: Error while dialing: dial tcp 127.0.0.1:39557: connect: connection refused"  (t=+34.71561ms)
    tlogger.go:133: INFO clientconn.go:1305 [core] [Channel #23 SubChannel #30] Subchannel Connectivity change to TRANSIENT_FAILURE, last error: connection error: desc = "transport: Error while dialing: dial tcp 127.0.0.1:39557: connect: connection refused"  (t=+34.814994ms)
    tlogger.go:133: INFO clientconn.go:1232 [core] [Channel #26] Channel deleted  (t=+34.84499ms)
    tlogger.go:133: INFO channel.go:143 [xds] [xds-client 0xc0001f34a0] [xds-channel 0xc0003f4460] Shutdown  (t=+34.90888ms)
    tlogger.go:133: INFO xdsclient.go:210 [xds] [xds-client 0xc0001f34a0] Shutdown  (t=+35.101198ms)
    tlogger.go:133: INFO xds_resolver.go:295 [xds] [xds-resolver 0xc000884990] Shutdown  (t=+35.145559ms)
    tlogger.go:133: INFO clientconn.go:1303 [core] [Channel #23 SubChannel #30] Subchannel Connectivity change to SHUTDOWN  (t=+35.209803ms)
    tlogger.go:133: INFO clientconn.go:1710 [core] [Channel #23 SubChannel #30] Subchannel deleted  (t=+35.251818ms)
    tlogger.go:133: INFO clientconn.go:1232 [core] [Channel #23] Channel deleted  (t=+35.282787ms)
    tlogger.go:133: INFO server.go:864 [core] [Server #17 ListenSocket #18] ListenSocket deleted  (t=+35.39156ms)
--- PASS: Test (0.14s)
    --- PASS: Test/VerifyC5_AllRoutesDisableFilter (0.05s)
    --- PASS: Test/VerifyC5_ReplacementWithNoRoutes (0.09s)
PASS
ok  	google.golang.org/grpc/test/xds	1.167s
exit=0
