    c6_pool_lifecycle_test.go:108: C6 contract mem.DefaultBufferPool()                                : Get(100)->len=100,cap=256; Get(1000)->len=1000,cap=4096; Get(16384)->len=16384,cap=16384; mem.Copy(2000 bytes).Len()=2000
    c6_pool_lifecycle_test.go:108: C6 contract mem.NewBinaryTieredBufferPool(8,12,14,15,20)           : Get(100)->len=100,cap=256; Get(1000)->len=1000,cap=4096; Get(16384)->len=16384,cap=16384; mem.Copy(2000 bytes).Len()=2000
    c6_pool_lifecycle_test.go:108: C6 contract mem.NewTieredBufferPool(256,4096,16384)                : Get(100)->len=100,cap=256; Get(1000)->len=1000,cap=4096; Get(16384)->len=16384,cap=16384; mem.Copy(2000 bytes).Len()=2000
    c6_pool_lifecycle_test.go:108: C6 contract mem.NopBufferPool{}                                    : Get(100)->len=100,cap=100; Get(1000)->len=1000,cap=1000; Get(16384)->len=16384,cap=16384; mem.Copy(2000 bytes).Len()=2000
    c6_pool_lifecycle_test.go:108: C6 contract c6ExactPool (probe, compliant)                         : Get(100)->len=100,cap=100; Get(1000)->len=1000,cap=1000; Get(16384)->len=16384,cap=16384; mem.Copy(2000 bytes).Len()=2000
    c6_pool_lifecycle_test.go:108: C6 contract zero-length pool (= fixture evalExactCapacityPool.Get) : Get(100)->len=0,cap=100; Get(1000)->len=0,cap=1000; Get(16384)->len=0,cap=16384; mem.Copy(2000 bytes).Len()=0
--- PASS: TestC6_Contract (0.00s)
    c6_pool_lifecycle_test.go:224: C6 pool=NopBufferPool                workload=1026x1B SliceBuffer (fixture UnpooledConsolidation)        inOrder=true bytes=1026 gets(first)=[Get(16384)->len=16384,cap=16384] totalPuts=1 outstanding=0 foreign=0 getsWithLen!=n=0
    c6_pool_lifecycle_test.go:224: C6 pool=NopBufferPool                workload=occupy+8KiB+5x1B pooled (fixture SliceGrowthPoolOwnership) inOrder=true bytes=8203 gets(first)=[Get(8192)->len=8192,cap=8192 Get(16384)->len=16384,cap=16384] totalPuts=2 outstanding=0 foreign=0 getsWithLen!=n=0
    c6_pool_lifecycle_test.go:224: C6 pool=NopBufferPool                workload=10x100B SliceBuffer (fixture ExactCapacitySmallDestination) inOrder=true bytes=1000 gets(first)=[Get(16384)->len=16384,cap=16384] totalPuts=1 outstanding=0 foreign=0 getsWithLen!=n=0
    c6_pool_lifecycle_test.go:224: C6 pool=NopBufferPool                workload=40000x1B then EOF, partial reads via recvBufferReader      inOrder=true bytes=40000 gets(first)=[Get(16384)->len=16384,cap=16384 Get(16384)->len=16384,cap=16384 Get(16384)->len=16384,cap=16384] totalPuts=3 outstanding=0 foreign=0 getsWithLen!=n=0
    c6_pool_lifecycle_test.go:224: C6 pool=BinaryTiered(8,12,14,15,20)  workload=1026x1B SliceBuffer (fixture UnpooledConsolidation)        inOrder=true bytes=1026 gets(first)=[Get(16384)->len=16384,cap=16384] totalPuts=1 outstanding=0 foreign=0 getsWithLen!=n=0
    c6_pool_lifecycle_test.go:224: C6 pool=BinaryTiered(8,12,14,15,20)  workload=occupy+8KiB+5x1B pooled (fixture SliceGrowthPoolOwnership) inOrder=true bytes=8203 gets(first)=[Get(8192)->len=8192,cap=16384 Get(16384)->len=16384,cap=16384] totalPuts=2 outstanding=0 foreign=0 getsWithLen!=n=0
    c6_pool_lifecycle_test.go:224: C6 pool=BinaryTiered(8,12,14,15,20)  workload=10x100B SliceBuffer (fixture ExactCapacitySmallDestination) inOrder=true bytes=1000 gets(first)=[Get(16384)->len=16384,cap=16384] totalPuts=1 outstanding=0 foreign=0 getsWithLen!=n=0
    c6_pool_lifecycle_test.go:224: C6 pool=BinaryTiered(8,12,14,15,20)  workload=40000x1B then EOF, partial reads via recvBufferReader      inOrder=true bytes=40000 gets(first)=[Get(16384)->len=16384,cap=16384 Get(16384)->len=16384,cap=16384 Get(16384)->len=16384,cap=16384] totalPuts=3 outstanding=0 foreign=0 getsWithLen!=n=0
    c6_pool_lifecycle_test.go:224: C6 pool=DefaultBufferPool            workload=1026x1B SliceBuffer (fixture UnpooledConsolidation)        inOrder=true bytes=1026 gets(first)=[Get(16384)->len=16384,cap=16384] totalPuts=1 outstanding=0 foreign=0 getsWithLen!=n=0
    c6_pool_lifecycle_test.go:224: C6 pool=DefaultBufferPool            workload=occupy+8KiB+5x1B pooled (fixture SliceGrowthPoolOwnership) inOrder=true bytes=8203 gets(first)=[Get(8192)->len=8192,cap=16384 Get(16384)->len=16384,cap=16384] totalPuts=2 outstanding=0 foreign=0 getsWithLen!=n=0
    c6_pool_lifecycle_test.go:224: C6 pool=DefaultBufferPool            workload=10x100B SliceBuffer (fixture ExactCapacitySmallDestination) inOrder=true bytes=1000 gets(first)=[Get(16384)->len=16384,cap=16384] totalPuts=1 outstanding=0 foreign=0 getsWithLen!=n=0
    c6_pool_lifecycle_test.go:224: C6 pool=DefaultBufferPool            workload=40000x1B then EOF, partial reads via recvBufferReader      inOrder=true bytes=40000 gets(first)=[Get(16384)->len=16384,cap=16384 Get(16384)->len=16384,cap=16384 Get(16384)->len=16384,cap=16384] totalPuts=3 outstanding=0 foreign=0 getsWithLen!=n=0
    c6_pool_lifecycle_test.go:224: C6 pool=ExactLen(make([]byte,n))     workload=1026x1B SliceBuffer (fixture UnpooledConsolidation)        inOrder=true bytes=1026 gets(first)=[Get(16384)->len=16384,cap=16384] totalPuts=1 outstanding=0 foreign=0 getsWithLen!=n=0
    c6_pool_lifecycle_test.go:224: C6 pool=ExactLen(make([]byte,n))     workload=occupy+8KiB+5x1B pooled (fixture SliceGrowthPoolOwnership) inOrder=true bytes=8203 gets(first)=[Get(8192)->len=8192,cap=8192 Get(16384)->len=16384,cap=16384] totalPuts=2 outstanding=0 foreign=0 getsWithLen!=n=0
    c6_pool_lifecycle_test.go:224: C6 pool=ExactLen(make([]byte,n))     workload=10x100B SliceBuffer (fixture ExactCapacitySmallDestination) inOrder=true bytes=1000 gets(first)=[Get(16384)->len=16384,cap=16384] totalPuts=1 outstanding=0 foreign=0 getsWithLen!=n=0
    c6_pool_lifecycle_test.go:224: C6 pool=ExactLen(make([]byte,n))     workload=40000x1B then EOF, partial reads via recvBufferReader      inOrder=true bytes=40000 gets(first)=[Get(16384)->len=16384,cap=16384 Get(16384)->len=16384,cap=16384 Get(16384)->len=16384,cap=16384] totalPuts=3 outstanding=0 foreign=0 getsWithLen!=n=0
--- PASS: TestC6_CompliantPools (0.17s)
    c6_pool_lifecycle_test.go:243: C6 zero-length pool: second put() of 100 bytes: recovered=c6: Get call limit reached after 100001 Get(16384) calls; len(backlog)=100000 (all empty buffers)
--- PASS: TestC6_ZeroLengthPoolLivelock (1.46s)
PASS
ok  	google.golang.org/grpc/internal/transport	2.765s
