=== RUN   Test
=== RUN   Test/ClientReceivesManyTinyDataFrames
=== RUN   Test/ClientReceivesManyTinyDataFrames/compaction_enabled
[verify +  0.00s] client: connected to test server; all client writes will be swallowed
[verify +  0.00s] server lis.Accept(): begin
[verify +  0.00s] server lis.Accept(): returned after 0.00s err=<nil>
[verify +  1.00s] server sconn.Read #1: STALLED >1s (no deadline set on conn)
[verify + 10.00s] client conn.Close(): closing socket, called by: transport.NewHTTP2Client.func4:260 <- runtime.goexit:1693
[verify + 10.00s] client conn.Close(): closing socket, called by: transport.(*http2Client).Close:1073 <- transport.NewHTTP2Client.func5:426 <- transport.NewHTTP2Client:488
[verify + 10.00s] client conn.Close(): closing socket, called by: transport.NewHTTP2Client.func2:236 <- transport.NewHTTP2Client:488 <- transport.s.TestClientReceivesManyTinyDataFrames.func1:4533
    transport_test.go:4535: Error while creating client transport: connection error: desc = "error reading server preface: read tcp 127.0.0.1:44080->127.0.0.1:38257: use of closed network connection"
[verify + 10.00s] lis.Close() called by: runtime.Goexit:615 <- testing.(*common).FailNow:1013 <- testing.(*common).Fatalf:1219
[verify + 10.00s] server sconn.Read #1: returned after 10.00s n=0 err=EOF
[verify + 10.00s] server sconn.Close() called by: transport.s.TestClientReceivesManyTinyDataFrames.func1.1.1:4468 <- transport.s.TestClientReceivesManyTinyDataFrames.func1.1:4523 <- runtime.goexit:1693
--- FAIL: Test (10.05s)
    --- FAIL: Test/ClientReceivesManyTinyDataFrames (10.05s)
        --- FAIL: Test/ClientReceivesManyTinyDataFrames/compaction_enabled (10.00s)
=== RUN   Test
--- PASS: Test (0.00s)
FAIL
exit=1 wall=10.059144189s
