=== RUN   Test
=== RUN   Test/ReceiveBufferCompaction
=== RUN   Test/ReceiveBufferCompaction/server=false/frameSize=1
=== RUN   Test/ReceiveBufferCompaction/server=false/frameSize=7
=== RUN   Test/ReceiveBufferCompaction/server=false/frameSize=255
=== RUN   Test/ReceiveBufferCompaction/server=false/frameSize=256
=== RUN   Test/ReceiveBufferCompaction/server=false/frameSize=4096
=== RUN   Test/ReceiveBufferCompaction/server=true/frameSize=1
=== RUN   Test/ReceiveBufferCompaction/server=true/frameSize=7
=== RUN   Test/ReceiveBufferCompaction/server=true/frameSize=255
=== RUN   Test/ReceiveBufferCompaction/server=true/frameSize=256
=== RUN   Test/ReceiveBufferCompaction/server=true/frameSize=4096
=== RUN   Test/RecvBufferCompactionConcurrent
C1-MUTANT-HIT post-consumption put on this buffer, kind=data
C1-MUTANT-HIT post-consumption put on this buffer, kind=terminal
    recv_buffer_test.go:345: C1 mutant: terminal put after consumption
=== RUN   Test/RecvBufferCompactionCopies
=== RUN   Test/RecvBufferCompactionCopies/true
=== RUN   Test/RecvBufferCompactionCopies/false
=== RUN   Test/RecvBufferCompactionReleaseAndErrors
=== RUN   Test/RecvBufferCompactionReleaseAndErrors/EOF
=== RUN   Test/RecvBufferCompactionReleaseAndErrors/stream_failed
--- FAIL: Test (0.02s)
    --- PASS: Test/ReceiveBufferCompaction (0.01s)
        --- PASS: Test/ReceiveBufferCompaction/server=false/frameSize=1 (0.00s)
        --- PASS: Test/ReceiveBufferCompaction/server=false/frameSize=7 (0.00s)
        --- PASS: Test/ReceiveBufferCompaction/server=false/frameSize=255 (0.00s)
        --- PASS: Test/ReceiveBufferCompaction/server=false/frameSize=256 (0.00s)
        --- PASS: Test/ReceiveBufferCompaction/server=false/frameSize=4096 (0.00s)
        --- PASS: Test/ReceiveBufferCompaction/server=true/frameSize=1 (0.01s)
        --- PASS: Test/ReceiveBufferCompaction/server=true/frameSize=7 (0.00s)
        --- PASS: Test/ReceiveBufferCompaction/server=true/frameSize=255 (0.00s)
        --- PASS: Test/ReceiveBufferCompaction/server=true/frameSize=256 (0.00s)
        --- PASS: Test/ReceiveBufferCompaction/server=true/frameSize=4096 (0.00s)
    --- FAIL: Test/RecvBufferCompactionConcurrent (0.00s)
    --- PASS: Test/RecvBufferCompactionCopies (0.00s)
        --- PASS: Test/RecvBufferCompactionCopies/true (0.00s)
        --- PASS: Test/RecvBufferCompactionCopies/false (0.00s)
    --- PASS: Test/RecvBufferCompactionReleaseAndErrors (0.00s)
        --- PASS: Test/RecvBufferCompactionReleaseAndErrors/EOF (0.00s)
        --- PASS: Test/RecvBufferCompactionReleaseAndErrors/stream_failed (0.00s)
=== RUN   Test
--- PASS: Test (0.00s)
=== RUN   Test
=== RUN   Test/ReceiveBufferCompaction
=== RUN   Test/ReceiveBufferCompaction/server=false/frameSize=1
=== RUN   Test/ReceiveBufferCompaction/server=false/frameSize=7
=== RUN   Test/ReceiveBufferCompaction/server=false/frameSize=255
=== RUN   Test/ReceiveBufferCompaction/server=false/frameSize=256
=== RUN   Test/ReceiveBufferCompaction/server=false/frameSize=4096
=== RUN   Test/ReceiveBufferCompaction/server=true/frameSize=1
=== RUN   Test/ReceiveBufferCompaction/server=true/frameSize=7
=== RUN   Test/ReceiveBufferCompaction/server=true/frameSize=255
=== RUN   Test/ReceiveBufferCompaction/server=true/frameSize=256
=== RUN   Test/ReceiveBufferCompaction/server=true/frameSize=4096
=== RUN   Test/RecvBufferCompactionConcurrent
C1-MUTANT-HIT post-consumption put on this buffer, kind=data
C1-MUTANT-HIT post-consumption put on this buffer, kind=terminal
    recv_buffer_test.go:345: C1 mutant: terminal put after consumption
=== RUN   Test/RecvBufferCompactionCopies
=== RUN   Test/RecvBufferCompactionCopies/true
=== RUN   Test/RecvBufferCompactionCopies/false
=== RUN   Test/RecvBufferCompactionReleaseAndErrors
=== RUN   Test/RecvBufferCompactionReleaseAndErrors/EOF
=== RUN   Test/RecvBufferCompactionReleaseAndErrors/stream_failed
--- FAIL: Test (0.02s)
    --- PASS: Test/ReceiveBufferCompaction (0.01s)
        --- PASS: Test/ReceiveBufferCompaction/server=false/frameSize=1 (0.01s)
        --- PASS: Test/ReceiveBufferCompaction/server=false/frameSize=7 (0.00s)
        --- PASS: Test/ReceiveBufferCompaction/server=false/frameSize=255 (0.00s)
        --- PASS: Test/ReceiveBufferCompaction/server=false/frameSize=256 (0.00s)
        --- PASS: Test/ReceiveBufferCompaction/server=false/frameSize=4096 (0.00s)
        --- PASS: Test/ReceiveBufferCompaction/server=true/frameSize=1 (0.01s)
        --- PASS: Test/ReceiveBufferCompaction/server=true/frameSize=7 (0.00s)
        --- PASS: Test/ReceiveBufferCompaction/server=true/frameSize=255 (0.00s)
        --- PASS: Test/ReceiveBufferCompaction/server=true/frameSize=256 (0.00s)
        --- PASS: Test/ReceiveBufferCompaction/server=true/frameSize=4096 (0.00s)
    --- FAIL: Test/RecvBufferCompactionConcurrent (0.00s)
    --- PASS: Test/RecvBufferCompactionCopies (0.00s)
        --- PASS: Test/RecvBufferCompactionCopies/true (0.00s)
        --- PASS: Test/RecvBufferCompactionCopies/false (0.00s)
    --- PASS: Test/RecvBufferCompactionReleaseAndErrors (0.00s)
        --- PASS: Test/RecvBufferCompactionReleaseAndErrors/EOF (0.00s)
        --- PASS: Test/RecvBufferCompactionReleaseAndErrors/stream_failed (0.00s)
=== RUN   Test
--- PASS: Test (0.00s)
=== RUN   Test
=== RUN   Test/ReceiveBufferCompaction
=== RUN   Test/ReceiveBufferCompaction/server=false/frameSize=1
=== RUN   Test/ReceiveBufferCompaction/server=false/frameSize=7
=== RUN   Test/ReceiveBufferCompaction/server=false/frameSize=255
=== RUN   Test/ReceiveBufferCompaction/server=false/frameSize=256
=== RUN   Test/ReceiveBufferCompaction/server=false/frameSize=4096
=== RUN   Test/ReceiveBufferCompaction/server=true/frameSize=1
=== RUN   Test/ReceiveBufferCompaction/server=true/frameSize=7
=== RUN   Test/ReceiveBufferCompaction/server=true/frameSize=255
=== RUN   Test/ReceiveBufferCompaction/server=true/frameSize=256
=== RUN   Test/ReceiveBufferCompaction/server=true/frameSize=4096
=== RUN   Test/RecvBufferCompactionConcurrent
C1-MUTANT-HIT post-consumption put on this buffer, kind=data
C1-MUTANT-HIT post-consumption put on this buffer, kind=terminal
    recv_buffer_test.go:345: C1 mutant: terminal put after consumption
=== RUN   Test/RecvBufferCompactionCopies
=== RUN   Test/RecvBufferCompactionCopies/true
=== RUN   Test/RecvBufferCompactionCopies/false
=== RUN   Test/RecvBufferCompactionReleaseAndErrors
=== RUN   Test/RecvBufferCompactionReleaseAndErrors/EOF
=== RUN   Test/RecvBufferCompactionReleaseAndErrors/stream_failed
--- FAIL: Test (0.02s)
    --- PASS: Test/ReceiveBufferCompaction (0.01s)
        --- PASS: Test/ReceiveBufferCompaction/server=false/frameSize=1 (0.00s)
        --- PASS: Test/ReceiveBufferCompaction/server=false/frameSize=7 (0.00s)
        --- PASS: Test/ReceiveBufferCompaction/server=false/frameSize=255 (0.00s)
        --- PASS: Test/ReceiveBufferCompaction/server=false/frameSize=256 (0.00s)
        --- PASS: Test/ReceiveBufferCompaction/server=false/frameSize=4096 (0.00s)
        --- PASS: Test/ReceiveBufferCompaction/server=true/frameSize=1 (0.01s)
        --- PASS: Test/ReceiveBufferCompaction/server=true/frameSize=7 (0.00s)
        --- PASS: Test/ReceiveBufferCompaction/server=true/frameSize=255 (0.00s)
        --- PASS: Test/ReceiveBufferCompaction/server=true/frameSize=256 (0.00s)
        --- PASS: Test/ReceiveBufferCompaction/server=true/frameSize=4096 (0.00s)
    --- FAIL: Test/RecvBufferCompactionConcurrent (0.00s)
    --- PASS: Test/RecvBufferCompactionCopies (0.00s)
        --- PASS: Test/RecvBufferCompactionCopies/true (0.00s)
        --- PASS: Test/RecvBufferCompactionCopies/false (0.00s)
    --- PASS: Test/RecvBufferCompactionReleaseAndErrors (0.00s)
        --- PASS: Test/RecvBufferCompactionReleaseAndErrors/EOF (0.00s)
        --- PASS: Test/RecvBufferCompactionReleaseAndErrors/stream_failed (0.00s)
=== RUN   Test
--- PASS: Test (0.00s)
=== RUN   Test
=== RUN   Test/ReceiveBufferCompaction
=== RUN   Test/ReceiveBufferCompaction/server=false/frameSize=1
=== RUN   Test/ReceiveBufferCompaction/server=false/frameSize=7
=== RUN   Test/ReceiveBufferCompaction/server=false/frameSize=255
=== RUN   Test/ReceiveBufferCompaction/server=false/frameSize=256
=== RUN   Test/ReceiveBufferCompaction/server=false/frameSize=4096
=== RUN   Test/ReceiveBufferCompaction/server=true/frameSize=1
=== RUN   Test/ReceiveBufferCompaction/server=true/frameSize=7
=== RUN   Test/ReceiveBufferCompaction/server=true/frameSize=255
=== RUN   Test/ReceiveBufferCompaction/server=true/frameSize=256
=== RUN   Test/ReceiveBufferCompaction/server=true/frameSize=4096
=== RUN   Test/RecvBufferCompactionConcurrent
C1-MUTANT-HIT post-consumption put on this buffer, kind=data
C1-MUTANT-HIT post-consumption put on this buffer, kind=terminal
    recv_buffer_test.go:345: C1 mutant: terminal put after consumption
=== RUN   Test/RecvBufferCompactionCopies
=== RUN   Test/RecvBufferCompactionCopies/true
=== RUN   Test/RecvBufferCompactionCopies/false
=== RUN   Test/RecvBufferCompactionReleaseAndErrors
=== RUN   Test/RecvBufferCompactionReleaseAndErrors/EOF
=== RUN   Test/RecvBufferCompactionReleaseAndErrors/stream_failed
--- FAIL: Test (0.02s)
    --- PASS: Test/ReceiveBufferCompaction (0.01s)
        --- PASS: Test/ReceiveBufferCompaction/server=false/frameSize=1 (0.00s)
        --- PASS: Test/ReceiveBufferCompaction/server=false/frameSize=7 (0.00s)
        --- PASS: Test/ReceiveBufferCompaction/server=false/frameSize=255 (0.00s)
        --- PASS: Test/ReceiveBufferCompaction/server=false/frameSize=256 (0.00s)
        --- PASS: Test/ReceiveBufferCompaction/server=false/frameSize=4096 (0.00s)
        --- PASS: Test/ReceiveBufferCompaction/server=true/frameSize=1 (0.01s)
        --- PASS: Test/ReceiveBufferCompaction/server=true/frameSize=7 (0.00s)
        --- PASS: Test/ReceiveBufferCompaction/server=true/frameSize=255 (0.00s)
        --- PASS: Test/ReceiveBufferCompaction/server=true/frameSize=256 (0.00s)
        --- PASS: Test/ReceiveBufferCompaction/server=true/frameSize=4096 (0.00s)
    --- FAIL: Test/RecvBufferCompactionConcurrent (0.00s)
    --- PASS: Test/RecvBufferCompactionCopies (0.00s)
        --- PASS: Test/RecvBufferCompactionCopies/true (0.00s)
        --- PASS: Test/RecvBufferCompactionCopies/false (0.00s)
    --- PASS: Test/RecvBufferCompactionReleaseAndErrors (0.00s)
        --- PASS: Test/RecvBufferCompactionReleaseAndErrors/EOF (0.00s)
        --- PASS: Test/RecvBufferCompactionReleaseAndErrors/stream_failed (0.00s)
=== RUN   Test
--- PASS: Test (0.00s)
=== RUN   Test
=== RUN   Test/ReceiveBufferCompaction
=== RUN   Test/ReceiveBufferCompaction/server=false/frameSize=1
=== RUN   Test/ReceiveBufferCompaction/server=false/frameSize=7
=== RUN   Test/ReceiveBufferCompaction/server=false/frameSize=255
=== RUN   Test/ReceiveBufferCompaction/server=false/frameSize=256
=== RUN   Test/ReceiveBufferCompaction/server=false/frameSize=4096
=== RUN   Test/ReceiveBufferCompaction/server=true/frameSize=1
=== RUN   Test/ReceiveBufferCompaction/server=true/frameSize=7
=== RUN   Test/ReceiveBufferCompaction/server=true/frameSize=255
=== RUN   Test/ReceiveBufferCompaction/server=true/frameSize=256
=== RUN   Test/ReceiveBufferCompaction/server=true/frameSize=4096
=== RUN   Test/RecvBufferCompactionConcurrent
C1-MUTANT-HIT post-consumption put on this buffer, kind=data
C1-MUTANT-HIT post-consumption put on this buffer, kind=terminal
    recv_buffer_test.go:345: C1 mutant: terminal put after consumption
=== RUN   Test/RecvBufferCompactionCopies
=== RUN   Test/RecvBufferCompactionCopies/true
=== RUN   Test/RecvBufferCompactionCopies/false
=== RUN   Test/RecvBufferCompactionReleaseAndErrors
=== RUN   Test/RecvBufferCompactionReleaseAndErrors/EOF
=== RUN   Test/RecvBufferCompactionReleaseAndErrors/stream_failed
--- FAIL: Test (0.02s)
    --- PASS: Test/ReceiveBufferCompaction (0.01s)
        --- PASS: Test/ReceiveBufferCompaction/server=false/frameSize=1 (0.00s)
        --- PASS: Test/ReceiveBufferCompaction/server=false/frameSize=7 (0.00s)
        --- PASS: Test/ReceiveBufferCompaction/server=false/frameSize=255 (0.00s)
        --- PASS: Test/ReceiveBufferCompaction/server=false/frameSize=256 (0.00s)
        --- PASS: Test/ReceiveBufferCompaction/server=false/frameSize=4096 (0.00s)
        --- PASS: Test/ReceiveBufferCompaction/server=true/frameSize=1 (0.01s)
        --- PASS: Test/ReceiveBufferCompaction/server=true/frameSize=7 (0.00s)
        --- PASS: Test/ReceiveBufferCompaction/server=true/frameSize=255 (0.00s)
        --- PASS: Test/ReceiveBufferCompaction/server=true/frameSize=256 (0.00s)
        --- PASS: Test/ReceiveBufferCompaction/server=true/frameSize=4096 (0.00s)
    --- FAIL: Test/RecvBufferCompactionConcurrent (0.00s)
    --- PASS: Test/RecvBufferCompactionCopies (0.00s)
        --- PASS: Test/RecvBufferCompactionCopies/true (0.00s)
        --- PASS: Test/RecvBufferCompactionCopies/false (0.00s)
    --- PASS: Test/RecvBufferCompactionReleaseAndErrors (0.00s)
        --- PASS: Test/RecvBufferCompactionReleaseAndErrors/EOF (0.00s)
        --- PASS: Test/RecvBufferCompactionReleaseAndErrors/stream_failed (0.00s)
=== RUN   Test
--- PASS: Test (0.00s)
=== RUN   Test
=== RUN   Test/ReceiveBufferCompaction
=== RUN   Test/ReceiveBufferCompaction/server=false/frameSize=1
=== RUN   Test/ReceiveBufferCompaction/server=false/frameSize=7
=== RUN   Test/ReceiveBufferCompaction/server=false/frameSize=255
=== RUN   Test/ReceiveBufferCompaction/server=false/frameSize=256
=== RUN   Test/ReceiveBufferCompaction/server=false/frameSize=4096
=== RUN   Test/ReceiveBufferCompaction/server=true/frameSize=1
=== RUN   Test/ReceiveBufferCompaction/server=true/frameSize=7
=== RUN   Test/ReceiveBufferCompaction/server=true/frameSize=255
=== RUN   Test/ReceiveBufferCompaction/server=true/frameSize=256
=== RUN   Test/ReceiveBufferCompaction/server=true/frameSize=4096
=== RUN   Test/RecvBufferCompactionConcurrent
C1-MUTANT-HIT post-consumption put on this buffer, kind=data
C1-MUTANT-HIT post-consumption put on this buffer, kind=terminal
    recv_buffer_test.go:345: C1 mutant: terminal put after consumption
=== RUN   Test/RecvBufferCompactionCopies
=== RUN   Test/RecvBufferCompactionCopies/true
=== RUN   Test/RecvBufferCompactionCopies/false
=== RUN   Test/RecvBufferCompactionReleaseAndErrors
=== RUN   Test/RecvBufferCompactionReleaseAndErrors/EOF
=== RUN   Test/RecvBufferCompactionReleaseAndErrors/stream_failed
--- FAIL: Test (0.02s)
    --- PASS: Test/ReceiveBufferCompaction (0.01s)
        --- PASS: Test/ReceiveBufferCompaction/server=false/frameSize=1 (0.00s)
        --- PASS: Test/ReceiveBufferCompaction/server=false/frameSize=7 (0.00s)
        --- PASS: Test/ReceiveBufferCompaction/server=false/frameSize=255 (0.00s)
        --- PASS: Test/ReceiveBufferCompaction/server=false/frameSize=256 (0.00s)
        --- PASS: Test/ReceiveBufferCompaction/server=false/frameSize=4096 (0.00s)
        --- PASS: Test/ReceiveBufferCompaction/server=true/frameSize=1 (0.01s)
        --- PASS: Test/ReceiveBufferCompaction/server=true/frameSize=7 (0.00s)
        --- PASS: Test/ReceiveBufferCompaction/server=true/frameSize=255 (0.00s)
        --- PASS: Test/ReceiveBufferCompaction/server=true/frameSize=256 (0.00s)
        --- PASS: Test/ReceiveBufferCompaction/server=true/frameSize=4096 (0.00s)
    --- FAIL: Test/RecvBufferCompactionConcurrent (0.00s)
    --- PASS: Test/RecvBufferCompactionCopies (0.00s)
        --- PASS: Test/RecvBufferCompactionCopies/true (0.00s)
        --- PASS: Test/RecvBufferCompactionCopies/false (0.00s)
    --- PASS: Test/RecvBufferCompactionReleaseAndErrors (0.00s)
        --- PASS: Test/RecvBufferCompactionReleaseAndErrors/EOF (0.00s)
        --- PASS: Test/RecvBufferCompactionReleaseAndErrors/stream_failed (0.00s)
=== RUN   Test
--- PASS: Test (0.00s)
=== RUN   Test
=== RUN   Test/ReceiveBufferCompaction
=== RUN   Test/ReceiveBufferCompaction/server=false/frameSize=1
=== RUN   Test/ReceiveBufferCompaction/server=false/frameSize=7
=== RUN   Test/ReceiveBufferCompaction/server=false/frameSize=255
=== RUN   Test/ReceiveBufferCompaction/server=false/frameSize=256
=== RUN   Test/ReceiveBufferCompaction/server=false/frameSize=4096
=== RUN   Test/ReceiveBufferCompaction/server=true/frameSize=1
=== RUN   Test/ReceiveBufferCompaction/server=true/frameSize=7
=== RUN   Test/ReceiveBufferCompaction/server=true/frameSize=255
=== RUN   Test/ReceiveBufferCompaction/server=true/frameSize=256
=== RUN   Test/ReceiveBufferCompaction/server=true/frameSize=4096
=== RUN   Test/RecvBufferCompactionConcurrent
C1-MUTANT-HIT post-consumption put on this buffer, kind=data
C1-MUTANT-HIT post-consumption put on this buffer, kind=terminal
    recv_buffer_test.go:345: C1 mutant: terminal put after consumption
=== RUN   Test/RecvBufferCompactionCopies
=== RUN   Test/RecvBufferCompactionCopies/true
=== RUN   Test/RecvBufferCompactionCopies/false
=== RUN   Test/RecvBufferCompactionReleaseAndErrors
=== RUN   Test/RecvBufferCompactionReleaseAndErrors/EOF
=== RUN   Test/RecvBufferCompactionReleaseAndErrors/stream_failed
--- FAIL: Test (0.02s)
    --- PASS: Test/ReceiveBufferCompaction (0.01s)
        --- PASS: Test/ReceiveBufferCompaction/server=false/frameSize=1 (0.00s)
        --- PASS: Test/ReceiveBufferCompaction/server=false/frameSize=7 (0.00s)
        --- PASS: Test/ReceiveBufferCompaction/server=false/frameSize=255 (0.00s)
        --- PASS: Test/ReceiveBufferCompaction/server=false/frameSize=256 (0.00s)
        --- PASS: Test/ReceiveBufferCompaction/server=false/frameSize=4096 (0.00s)
        --- PASS: Test/ReceiveBufferCompaction/server=true/frameSize=1 (0.01s)
        --- PASS: Test/ReceiveBufferCompaction/server=true/frameSize=7 (0.00s)
        --- PASS: Test/ReceiveBufferCompaction/server=true/frameSize=255 (0.00s)
        --- PASS: Test/ReceiveBufferCompaction/server=true/frameSize=256 (0.00s)
        --- PASS: Test/ReceiveBufferCompaction/server=true/frameSize=4096 (0.00s)
    --- FAIL: Test/RecvBufferCompactionConcurrent (0.00s)
    --- PASS: Test/RecvBufferCompactionCopies (0.00s)
        --- PASS: Test/RecvBufferCompactionCopies/true (0.00s)
        --- PASS: Test/RecvBufferCompactionCopies/false (0.00s)
    --- PASS: Test/RecvBufferCompactionReleaseAndErrors (0.00s)
        --- PASS: Test/RecvBufferCompactionReleaseAndErrors/EOF (0.00s)
        --- PASS: Test/RecvBufferCompactionReleaseAndErrors/stream_failed (0.00s)
=== RUN   Test
--- PASS: Test (0.00s)
=== RUN   Test
=== RUN   Test/ReceiveBufferCompaction
=== RUN   Test/ReceiveBufferCompaction/server=false/frameSize=1
=== RUN   Test/ReceiveBufferCompaction/server=false/frameSize=7
=== RUN   Test/ReceiveBufferCompaction/server=false/frameSize=255
=== RUN   Test/ReceiveBufferCompaction/server=false/frameSize=256
=== RUN   Test/ReceiveBufferCompaction/server=false/frameSize=4096
=== RUN   Test/ReceiveBufferCompaction/server=true/frameSize=1
=== RUN   Test/ReceiveBufferCompaction/server=true/frameSize=7
=== RUN   Test/ReceiveBufferCompaction/server=true/frameSize=255
=== RUN   Test/ReceiveBufferCompaction/server=true/frameSize=256
=== RUN   Test/ReceiveBufferCompaction/server=true/frameSize=4096
=== RUN   Test/RecvBufferCompactionConcurrent
C1-MUTANT-HIT post-consumption put on this buffer, kind=data
C1-MUTANT-HIT post-consumption put on this buffer, kind=terminal
    recv_buffer_test.go:345: C1 mutant: terminal put after consumption
=== RUN   Test/RecvBufferCompactionCopies
=== RUN   Test/RecvBufferCompactionCopies/true
=== RUN   Test/RecvBufferCompactionCopies/false
=== RUN   Test/RecvBufferCompactionReleaseAndErrors
=== RUN   Test/RecvBufferCompactionReleaseAndErrors/EOF
=== RUN   Test/RecvBufferCompactionReleaseAndErrors/stream_failed
--- FAIL: Test (0.02s)
    --- PASS: Test/ReceiveBufferCompaction (0.01s)
        --- PASS: Test/ReceiveBufferCompaction/server=false/frameSize=1 (0.00s)
        --- PASS: Test/ReceiveBufferCompaction/server=false/frameSize=7 (0.00s)
        --- PASS: Test/ReceiveBufferCompaction/server=false/frameSize=255 (0.00s)
        --- PASS: Test/ReceiveBufferCompaction/server=false/frameSize=256 (0.00s)
        --- PASS: Test/ReceiveBufferCompaction/server=false/frameSize=4096 (0.00s)
        --- PASS: Test/ReceiveBufferCompaction/server=true/frameSize=1 (0.01s)
        --- PASS: Test/ReceiveBufferCompaction/server=true/frameSize=7 (0.00s)
        --- PASS: Test/ReceiveBufferCompaction/server=true/frameSize=255 (0.00s)
        --- PASS: Test/ReceiveBufferCompaction/server=true/frameSize=256 (0.00s)
        --- PASS: Test/ReceiveBufferCompaction/server=true/frameSize=4096 (0.00s)
    --- FAIL: Test/RecvBufferCompactionConcurrent (0.00s)
    --- PASS: Test/RecvBufferCompactionCopies (0.00s)
        --- PASS: Test/RecvBufferCompactionCopies/true (0.00s)
        --- PASS: Test/RecvBufferCompactionCopies/false (0.00s)
    --- PASS: Test/RecvBufferCompactionReleaseAndErrors (0.00s)
        --- PASS: Test/RecvBufferCompactionReleaseAndErrors/EOF (0.00s)
        --- PASS: Test/RecvBufferCompactionReleaseAndErrors/stream_failed (0.00s)
=== RUN   Test
--- PASS: Test (0.00s)
=== RUN   Test
=== RUN   Test/ReceiveBufferCompaction
=== RUN   Test/ReceiveBufferCompaction/server=false/frameSize=1
=== RUN   Test/ReceiveBufferCompaction/server=false/frameSize=7
=== RUN   Test/ReceiveBufferCompaction/server=false/frameSize=255
=== RUN   Test/ReceiveBufferCompaction/server=false/frameSize=256
=== RUN   Test/ReceiveBufferCompaction/server=false/frameSize=4096
=== RUN   Test/ReceiveBufferCompaction/server=true/frameSize=1
=== RUN   Test/ReceiveBufferCompaction/server=true/frameSize=7
=== RUN   Test/ReceiveBufferCompaction/server=true/frameSize=255
=== RUN   Test/ReceiveBufferCompaction/server=true/frameSize=256
=== RUN   Test/ReceiveBufferCompaction/server=true/frameSize=4096
=== RUN   Test/RecvBufferCompactionConcurrent
C1-MUTANT-HIT post-consumption put on this buffer, kind=data
C1-MUTANT-HIT post-consumption put on this buffer, kind=terminal
    recv_buffer_test.go:345: C1 mutant: terminal put after consumption
=== RUN   Test/RecvBufferCompactionCopies
=== RUN   Test/RecvBufferCompactionCopies/true
=== RUN   Test/RecvBufferCompactionCopies/false
=== RUN   Test/RecvBufferCompactionReleaseAndErrors
=== RUN   Test/RecvBufferCompactionReleaseAndErrors/EOF
=== RUN   Test/RecvBufferCompactionReleaseAndErrors/stream_failed
--- FAIL: Test (0.02s)
    --- PASS: Test/ReceiveBufferCompaction (0.01s)
        --- PASS: Test/ReceiveBufferCompaction/server=false/frameSize=1 (0.00s)
        --- PASS: Test/ReceiveBufferCompaction/server=false/frameSize=7 (0.00s)
        --- PASS: Test/ReceiveBufferCompaction/server=false/frameSize=255 (0.00s)
        --- PASS: Test/ReceiveBufferCompaction/server=false/frameSize=256 (0.00s)
        --- PASS: Test/ReceiveBufferCompaction/server=false/frameSize=4096 (0.00s)
        --- PASS: Test/ReceiveBufferCompaction/server=true/frameSize=1 (0.01s)
        --- PASS: Test/ReceiveBufferCompaction/server=true/frameSize=7 (0.00s)
        --- PASS: Test/ReceiveBufferCompaction/server=true/frameSize=255 (0.00s)
        --- PASS: Test/ReceiveBufferCompaction/server=true/frameSize=256 (0.00s)
        --- PASS: Test/ReceiveBufferCompaction/server=true/frameSize=4096 (0.00s)
    --- FAIL: Test/RecvBufferCompactionConcurrent (0.00s)
    --- PASS: Test/RecvBufferCompactionCopies (0.00s)
        --- PASS: Test/RecvBufferCompactionCopies/true (0.00s)
        --- PASS: Test/RecvBufferCompactionCopies/false (0.00s)
    --- PASS: Test/RecvBufferCompactionReleaseAndErrors (0.00s)
        --- PASS: Test/RecvBufferCompactionReleaseAndErrors/EOF (0.00s)
        --- PASS: Test/RecvBufferCompactionReleaseAndErrors/stream_failed (0.00s)
=== RUN   Test
--- PASS: Test (0.00s)
=== RUN   Test
=== RUN   Test/ReceiveBufferCompaction
=== RUN   Test/ReceiveBufferCompaction/server=false/frameSize=1
=== RUN   Test/ReceiveBufferCompaction/server=false/frameSize=7
=== RUN   Test/ReceiveBufferCompaction/server=false/frameSize=255
=== RUN   Test/ReceiveBufferCompaction/server=false/frameSize=256
=== RUN   Test/ReceiveBufferCompaction/server=false/frameSize=4096
=== RUN   Test/ReceiveBufferCompaction/server=true/frameSize=1
=== RUN   Test/ReceiveBufferCompaction/server=true/frameSize=7
=== RUN   Test/ReceiveBufferCompaction/server=true/frameSize=255
=== RUN   Test/ReceiveBufferCompaction/server=true/frameSize=256
=== RUN   Test/ReceiveBufferCompaction/server=true/frameSize=4096
=== RUN   Test/RecvBufferCompactionConcurrent
C1-MUTANT-HIT post-consumption put on this buffer, kind=data
C1-MUTANT-HIT post-consumption put on this buffer, kind=terminal
    recv_buffer_test.go:345: C1 mutant: terminal put after consumption
=== RUN   Test/RecvBufferCompactionCopies
=== RUN   Test/RecvBufferCompactionCopies/true
=== RUN   Test/RecvBufferCompactionCopies/false
=== RUN   Test/RecvBufferCompactionReleaseAndErrors
=== RUN   Test/RecvBufferCompactionReleaseAndErrors/EOF
=== RUN   Test/RecvBufferCompactionReleaseAndErrors/stream_failed
--- FAIL: Test (0.02s)
    --- PASS: Test/ReceiveBufferCompaction (0.01s)
        --- PASS: Test/ReceiveBufferCompaction/server=false/frameSize=1 (0.00s)
        --- PASS: Test/ReceiveBufferCompaction/server=false/frameSize=7 (0.00s)
        --- PASS: Test/ReceiveBufferCompaction/server=false/frameSize=255 (0.00s)
        --- PASS: Test/ReceiveBufferCompaction/server=false/frameSize=256 (0.00s)
        --- PASS: Test/ReceiveBufferCompaction/server=false/frameSize=4096 (0.00s)
        --- PASS: Test/ReceiveBufferCompaction/server=true/frameSize=1 (0.01s)
        --- PASS: Test/ReceiveBufferCompaction/server=true/frameSize=7 (0.00s)
        --- PASS: Test/ReceiveBufferCompaction/server=true/frameSize=255 (0.00s)
        --- PASS: Test/ReceiveBufferCompaction/server=true/frameSize=256 (0.00s)
        --- PASS: Test/ReceiveBufferCompaction/server=true/frameSize=4096 (0.00s)
    --- FAIL: Test/RecvBufferCompactionConcurrent (0.00s)
    --- PASS: Test/RecvBufferCompactionCopies (0.00s)
        --- PASS: Test/RecvBufferCompactionCopies/true (0.00s)
        --- PASS: Test/RecvBufferCompactionCopies/false (0.00s)
    --- PASS: Test/RecvBufferCompactionReleaseAndErrors (0.00s)
        --- PASS: Test/RecvBufferCompactionReleaseAndErrors/EOF (0.00s)
        --- PASS: Test/RecvBufferCompactionReleaseAndErrors/stream_failed (0.00s)
=== RUN   Test
--- PASS: Test (0.00s)
FAIL
FAIL	google.golang.org/grpc/internal/transport	0.212s
FAIL
