    recv_buffer_test.go:60: 65535 unread payload bytes retain 67288 heap bytes
    recv_buffer_test.go:60: 65535 unread payload bytes retain 4984832 heap bytes
    recv_buffer_test.go:60: 65535 unread payload bytes retain 67288 heap bytes
    recv_buffer_test.go:60: 65535 unread payload bytes retain 67288 heap bytes
    recv_buffer_test.go:60: 65535 unread payload bytes retain 4973824 heap bytes
    recv_buffer_test.go:60: 65535 unread payload bytes retain 67288 heap bytes
--- PASS: Test (1.57s)
    --- PASS: Test/ReceiveBufferCompactionConcurrentReads (0.06s)
    --- PASS: Test/ReceiveBufferCompactionMemory (1.48s)
        --- PASS: Test/ReceiveBufferCompactionMemory/client=false (0.86s)
            --- PASS: Test/ReceiveBufferCompactionMemory/client=false/configured (0.19s)
            --- PASS: Test/ReceiveBufferCompactionMemory/client=false/disabled (0.43s)
            --- PASS: Test/ReceiveBufferCompactionMemory/client=false/enabled (0.24s)
        --- PASS: Test/ReceiveBufferCompactionMemory/client=true (0.62s)
            --- PASS: Test/ReceiveBufferCompactionMemory/client=true/configured (0.18s)
            --- PASS: Test/ReceiveBufferCompactionMemory/client=true/disabled (0.27s)
            --- PASS: Test/ReceiveBufferCompactionMemory/client=true/enabled (0.17s)
    --- PASS: Test/ReceiveBufferCompactionReads (0.00s)
        --- PASS: Test/ReceiveBufferCompactionReads/enabled=false/error=EOF (0.00s)
        --- PASS: Test/ReceiveBufferCompactionReads/enabled=false/error=stream_failed (0.00s)
        --- PASS: Test/ReceiveBufferCompactionReads/enabled=true/error=EOF (0.00s)
        --- PASS: Test/ReceiveBufferCompactionReads/enabled=true/error=stream_failed (0.00s)
--- PASS: Test (0.00s)
PASS
ok  	google.golang.org/grpc/internal/transport	2.586s
