    recv_buffer_test.go:143: retained heap for 65532 unread payload bytes: 4993032 bytes
    recv_buffer_test.go:143: retained heap for 65532 unread payload bytes: 67912 bytes
    recv_buffer_test.go:143: retained heap for 65532 unread payload bytes: 67912 bytes
    recv_buffer_test.go:143: retained heap for 65532 unread payload bytes: 4981528 bytes
    recv_buffer_test.go:143: retained heap for 65532 unread payload bytes: 67912 bytes
    recv_buffer_test.go:143: retained heap for 65532 unread payload bytes: 67912 bytes
--- PASS: Test (1.75s)
    --- PASS: Test/ReceiveBufferCompactionMemory (1.43s)
        --- PASS: Test/ReceiveBufferCompactionMemory/server=false (0.71s)
            --- PASS: Test/ReceiveBufferCompactionMemory/server=false/disabled (0.36s)
            --- PASS: Test/ReceiveBufferCompactionMemory/server=false/enabled (0.19s)
            --- PASS: Test/ReceiveBufferCompactionMemory/server=false/configured (0.16s)
        --- PASS: Test/ReceiveBufferCompactionMemory/server=true (0.71s)
            --- PASS: Test/ReceiveBufferCompactionMemory/server=true/disabled (0.30s)
            --- PASS: Test/ReceiveBufferCompactionMemory/server=true/enabled (0.23s)
            --- PASS: Test/ReceiveBufferCompactionMemory/server=true/configured (0.18s)
    --- PASS: Test/ReceiveBufferCompactionOwnership (0.30s)
        --- PASS: Test/ReceiveBufferCompactionOwnership/compact=false (0.15s)
        --- PASS: Test/ReceiveBufferCompactionOwnership/compact=true (0.15s)
--- PASS: Test (0.00s)
PASS
ok  	google.golang.org/grpc/internal/transport	2.783s
