=== RUN   Test
=== RUN   Test/RecvBuffer_CompactionDisabled
=== RUN   Test/RecvBuffer_CompactionReleasesPooledBuffers
=== RUN   Test/RecvBuffer_CompactsSmallFrames
=== RUN   Test/RecvBuffer_ConcurrentReadWrite
=== RUN   Test/RecvBuffer_LargeFramesBypassCompaction
=== RUN   Test/ServerStream_CompactsTinyDataFrames
=== RUN   Test/ServerStream_CompactsTinyDataFrames/compaction=true
=== RUN   Test/ServerStream_CompactsTinyDataFrames/compaction=false
--- PASS: Test (2.28s)
    --- PASS: Test/RecvBuffer_CompactionDisabled (0.30s)
    --- PASS: Test/RecvBuffer_CompactionReleasesPooledBuffers (0.30s)
    --- PASS: Test/RecvBuffer_CompactsSmallFrames (0.31s)
    --- PASS: Test/RecvBuffer_ConcurrentReadWrite (0.31s)
    --- PASS: Test/RecvBuffer_LargeFramesBypassCompaction (0.30s)
    --- PASS: Test/ServerStream_CompactsTinyDataFrames (0.76s)
        --- PASS: Test/ServerStream_CompactsTinyDataFrames/compaction=true (0.35s)
        --- PASS: Test/ServerStream_CompactsTinyDataFrames/compaction=false (0.40s)
=== RUN   Test
--- PASS: Test (0.00s)
=== RUN   Test
=== RUN   Test/RecvBuffer_CompactionDisabled
=== RUN   Test/RecvBuffer_CompactionReleasesPooledBuffers
=== RUN   Test/RecvBuffer_CompactsSmallFrames
=== RUN   Test/RecvBuffer_ConcurrentReadWrite
=== RUN   Test/RecvBuffer_LargeFramesBypassCompaction
=== RUN   Test/ServerStream_CompactsTinyDataFrames
=== RUN   Test/ServerStream_CompactsTinyDataFrames/compaction=true
=== RUN   Test/ServerStream_CompactsTinyDataFrames/compaction=false
--- PASS: Test (2.23s)
    --- PASS: Test/RecvBuffer_CompactionDisabled (0.30s)
    --- PASS: Test/RecvBuffer_CompactionReleasesPooledBuffers (0.30s)
    --- PASS: Test/RecvBuffer_CompactsSmallFrames (0.31s)
    --- PASS: Test/RecvBuffer_ConcurrentReadWrite (0.30s)
    --- PASS: Test/RecvBuffer_LargeFramesBypassCompaction (0.30s)
    --- PASS: Test/ServerStream_CompactsTinyDataFrames (0.71s)
        --- PASS: Test/ServerStream_CompactsTinyDataFrames/compaction=true (0.35s)
        --- PASS: Test/ServerStream_CompactsTinyDataFrames/compaction=false (0.35s)
=== RUN   Test
--- PASS: Test (0.00s)
=== RUN   Test
=== RUN   Test/RecvBuffer_CompactionDisabled
=== RUN   Test/RecvBuffer_CompactionReleasesPooledBuffers
=== RUN   Test/RecvBuffer_CompactsSmallFrames
=== RUN   Test/RecvBuffer_ConcurrentReadWrite
=== RUN   Test/RecvBuffer_LargeFramesBypassCompaction
=== RUN   Test/ServerStream_CompactsTinyDataFrames
=== RUN   Test/ServerStream_CompactsTinyDataFrames/compaction=true
=== RUN   Test/ServerStream_CompactsTinyDataFrames/compaction=false
--- PASS: Test (2.23s)
    --- PASS: Test/RecvBuffer_CompactionDisabled (0.30s)
    --- PASS: Test/RecvBuffer_CompactionReleasesPooledBuffers (0.30s)
    --- PASS: Test/RecvBuffer_CompactsSmallFrames (0.31s)
    --- PASS: Test/RecvBuffer_ConcurrentReadWrite (0.30s)
    --- PASS: Test/RecvBuffer_LargeFramesBypassCompaction (0.30s)
    --- PASS: Test/ServerStream_CompactsTinyDataFrames (0.71s)
        --- PASS: Test/ServerStream_CompactsTinyDataFrames/compaction=true (0.35s)
        --- PASS: Test/ServerStream_CompactsTinyDataFrames/compaction=false (0.35s)
=== RUN   Test
--- PASS: Test (0.00s)
=== RUN   Test
=== RUN   Test/RecvBuffer_CompactionDisabled
=== RUN   Test/RecvBuffer_CompactionReleasesPooledBuffers
=== RUN   Test/RecvBuffer_CompactsSmallFrames
=== RUN   Test/RecvBuffer_ConcurrentReadWrite
=== RUN   Test/RecvBuffer_LargeFramesBypassCompaction
=== RUN   Test/ServerStream_CompactsTinyDataFrames
=== RUN   Test/ServerStream_CompactsTinyDataFrames/compaction=true
=== RUN   Test/ServerStream_CompactsTinyDataFrames/compaction=false
--- PASS: Test (2.23s)
    --- PASS: Test/RecvBuffer_CompactionDisabled (0.30s)
    --- PASS: Test/RecvBuffer_CompactionReleasesPooledBuffers (0.30s)
    --- PASS: Test/RecvBuffer_CompactsSmallFrames (0.31s)
    --- PASS: Test/RecvBuffer_ConcurrentReadWrite (0.30s)
    --- PASS: Test/RecvBuffer_LargeFramesBypassCompaction (0.30s)
    --- PASS: Test/ServerStream_CompactsTinyDataFrames (0.71s)
        --- PASS: Test/ServerStream_CompactsTinyDataFrames/compaction=true (0.35s)
        --- PASS: Test/ServerStream_CompactsTinyDataFrames/compaction=false (0.35s)
=== RUN   Test
--- PASS: Test (0.00s)
=== RUN   Test
=== RUN   Test/RecvBuffer_CompactionDisabled
=== RUN   Test/RecvBuffer_CompactionReleasesPooledBuffers
=== RUN   Test/RecvBuffer_CompactsSmallFrames
=== RUN   Test/RecvBuffer_ConcurrentReadWrite
=== RUN   Test/RecvBuffer_LargeFramesBypassCompaction
=== RUN   Test/ServerStream_CompactsTinyDataFrames
=== RUN   Test/ServerStream_CompactsTinyDataFrames/compaction=true
=== RUN   Test/ServerStream_CompactsTinyDataFrames/compaction=false
--- PASS: Test (2.23s)
    --- PASS: Test/RecvBuffer_CompactionDisabled (0.30s)
    --- PASS: Test/RecvBuffer_CompactionReleasesPooledBuffers (0.30s)
    --- PASS: Test/RecvBuffer_CompactsSmallFrames (0.31s)
    --- PASS: Test/RecvBuffer_ConcurrentReadWrite (0.31s)
    --- PASS: Test/RecvBuffer_LargeFramesBypassCompaction (0.30s)
    --- PASS: Test/ServerStream_CompactsTinyDataFrames (0.71s)
        --- PASS: Test/ServerStream_CompactsTinyDataFrames/compaction=true (0.35s)
        --- PASS: Test/ServerStream_CompactsTinyDataFrames/compaction=false (0.35s)
=== RUN   Test
--- PASS: Test (0.00s)
PASS
ok  	google.golang.org/grpc/internal/transport	11.201s
