=== RUN   Test
=== RUN   Test/RecvBuffer_CompactionDisabled
=== RUN   Test/RecvBuffer_CompactionReleasesPooledBuffers
=== RUN   Test/RecvBuffer_CompactsSmallFrames
=== RUN   Test/RecvBuffer_ConcurrentReadWrite
C1-MUTANT-HIT post-consumption put on this buffer, kind=data
C1-MUTANT-HIT post-consumption put on this buffer, kind=terminal
    recv_buffer_test.go:158: st.read(1) after all data = C1 mutant: terminal put after consumption, want EOF
=== RUN   Test/RecvBuffer_LargeFramesBypassCompaction
=== RUN   Test/ServerStream_CompactsTinyDataFrames
=== RUN   Test/ServerStream_CompactsTinyDataFrames/compaction=true
=== RUN   Test/ServerStream_CompactsTinyDataFrames/compaction=false
--- FAIL: Test (0.18s)
    --- PASS: Test/RecvBuffer_CompactionDisabled (0.00s)
    --- PASS: Test/RecvBuffer_CompactionReleasesPooledBuffers (0.00s)
    --- PASS: Test/RecvBuffer_CompactsSmallFrames (0.01s)
    --- FAIL: Test/RecvBuffer_ConcurrentReadWrite (0.01s)
    --- PASS: Test/RecvBuffer_LargeFramesBypassCompaction (0.00s)
    --- PASS: Test/ServerStream_CompactsTinyDataFrames (0.16s)
        --- PASS: Test/ServerStream_CompactsTinyDataFrames/compaction=true (0.05s)
        --- PASS: Test/ServerStream_CompactsTinyDataFrames/compaction=false (0.05s)
=== RUN   Test
--- PASS: Test (0.00s)
=== RUN   Test
=== RUN   Test/RecvBuffer_CompactionDisabled
=== RUN   Test/RecvBuffer_CompactionReleasesPooledBuffers
=== RUN   Test/RecvBuffer_CompactsSmallFrames
=== RUN   Test/RecvBuffer_ConcurrentReadWrite
C1-MUTANT-HIT post-consumption put on this buffer, kind=data
C1-MUTANT-HIT post-consumption put on this buffer, kind=terminal
    recv_buffer_test.go:158: st.read(1) after all data = C1 mutant: terminal put after consumption, want EOF
=== RUN   Test/RecvBuffer_LargeFramesBypassCompaction
=== RUN   Test/ServerStream_CompactsTinyDataFrames
=== RUN   Test/ServerStream_CompactsTinyDataFrames/compaction=true
=== RUN   Test/ServerStream_CompactsTinyDataFrames/compaction=false
--- FAIL: Test (0.19s)
    --- PASS: Test/RecvBuffer_CompactionDisabled (0.00s)
    --- PASS: Test/RecvBuffer_CompactionReleasesPooledBuffers (0.00s)
    --- PASS: Test/RecvBuffer_CompactsSmallFrames (0.01s)
    --- FAIL: Test/RecvBuffer_ConcurrentReadWrite (0.01s)
    --- PASS: Test/RecvBuffer_LargeFramesBypassCompaction (0.00s)
    --- PASS: Test/ServerStream_CompactsTinyDataFrames (0.16s)
        --- PASS: Test/ServerStream_CompactsTinyDataFrames/compaction=true (0.05s)
        --- PASS: Test/ServerStream_CompactsTinyDataFrames/compaction=false (0.05s)
=== RUN   Test
--- PASS: Test (0.00s)
=== RUN   Test
=== RUN   Test/RecvBuffer_CompactionDisabled
=== RUN   Test/RecvBuffer_CompactionReleasesPooledBuffers
=== RUN   Test/RecvBuffer_CompactsSmallFrames
=== RUN   Test/RecvBuffer_ConcurrentReadWrite
C1-MUTANT-HIT post-consumption put on this buffer, kind=data
C1-MUTANT-HIT post-consumption put on this buffer, kind=terminal
    recv_buffer_test.go:158: st.read(1) after all data = C1 mutant: terminal put after consumption, want EOF
=== RUN   Test/RecvBuffer_LargeFramesBypassCompaction
=== RUN   Test/ServerStream_CompactsTinyDataFrames
=== RUN   Test/ServerStream_CompactsTinyDataFrames/compaction=true
=== RUN   Test/ServerStream_CompactsTinyDataFrames/compaction=false
--- FAIL: Test (0.18s)
    --- PASS: Test/RecvBuffer_CompactionDisabled (0.00s)
    --- PASS: Test/RecvBuffer_CompactionReleasesPooledBuffers (0.00s)
    --- PASS: Test/RecvBuffer_CompactsSmallFrames (0.01s)
    --- FAIL: Test/RecvBuffer_ConcurrentReadWrite (0.01s)
    --- PASS: Test/RecvBuffer_LargeFramesBypassCompaction (0.00s)
    --- PASS: Test/ServerStream_CompactsTinyDataFrames (0.16s)
        --- PASS: Test/ServerStream_CompactsTinyDataFrames/compaction=true (0.05s)
        --- PASS: Test/ServerStream_CompactsTinyDataFrames/compaction=false (0.05s)
=== RUN   Test
--- PASS: Test (0.00s)
=== RUN   Test
=== RUN   Test/RecvBuffer_CompactionDisabled
=== RUN   Test/RecvBuffer_CompactionReleasesPooledBuffers
=== RUN   Test/RecvBuffer_CompactsSmallFrames
=== RUN   Test/RecvBuffer_ConcurrentReadWrite
C1-MUTANT-HIT post-consumption put on this buffer, kind=data
C1-MUTANT-HIT post-consumption put on this buffer, kind=terminal
    recv_buffer_test.go:158: st.read(1) after all data = C1 mutant: terminal put after consumption, want EOF
=== RUN   Test/RecvBuffer_LargeFramesBypassCompaction
=== RUN   Test/ServerStream_CompactsTinyDataFrames
=== RUN   Test/ServerStream_CompactsTinyDataFrames/compaction=true
=== RUN   Test/ServerStream_CompactsTinyDataFrames/compaction=false
--- FAIL: Test (0.17s)
    --- PASS: Test/RecvBuffer_CompactionDisabled (0.00s)
    --- PASS: Test/RecvBuffer_CompactionReleasesPooledBuffers (0.00s)
    --- PASS: Test/RecvBuffer_CompactsSmallFrames (0.01s)
    --- FAIL: Test/RecvBuffer_ConcurrentReadWrite (0.01s)
    --- PASS: Test/RecvBuffer_LargeFramesBypassCompaction (0.00s)
    --- PASS: Test/ServerStream_CompactsTinyDataFrames (0.16s)
        --- PASS: Test/ServerStream_CompactsTinyDataFrames/compaction=true (0.05s)
        --- PASS: Test/ServerStream_CompactsTinyDataFrames/compaction=false (0.05s)
=== RUN   Test
--- PASS: Test (0.00s)
=== RUN   Test
=== RUN   Test/RecvBuffer_CompactionDisabled
=== RUN   Test/RecvBuffer_CompactionReleasesPooledBuffers
=== RUN   Test/RecvBuffer_CompactsSmallFrames
=== RUN   Test/RecvBuffer_ConcurrentReadWrite
C1-MUTANT-HIT post-consumption put on this buffer, kind=data
C1-MUTANT-HIT post-consumption put on this buffer, kind=terminal
    recv_buffer_test.go:158: st.read(1) after all data = C1 mutant: terminal put after consumption, want EOF
=== RUN   Test/RecvBuffer_LargeFramesBypassCompaction
=== RUN   Test/ServerStream_CompactsTinyDataFrames
=== RUN   Test/ServerStream_CompactsTinyDataFrames/compaction=true
=== RUN   Test/ServerStream_CompactsTinyDataFrames/compaction=false
--- FAIL: Test (0.17s)
    --- PASS: Test/RecvBuffer_CompactionDisabled (0.00s)
    --- PASS: Test/RecvBuffer_CompactionReleasesPooledBuffers (0.00s)
    --- PASS: Test/RecvBuffer_CompactsSmallFrames (0.01s)
    --- FAIL: Test/RecvBuffer_ConcurrentReadWrite (0.01s)
    --- PASS: Test/RecvBuffer_LargeFramesBypassCompaction (0.00s)
    --- PASS: Test/ServerStream_CompactsTinyDataFrames (0.16s)
        --- PASS: Test/ServerStream_CompactsTinyDataFrames/compaction=true (0.05s)
        --- PASS: Test/ServerStream_CompactsTinyDataFrames/compaction=false (0.05s)
=== RUN   Test
--- PASS: Test (0.00s)
=== RUN   Test
=== RUN   Test/RecvBuffer_CompactionDisabled
=== RUN   Test/RecvBuffer_CompactionReleasesPooledBuffers
=== RUN   Test/RecvBuffer_CompactsSmallFrames
=== RUN   Test/RecvBuffer_ConcurrentReadWrite
C1-MUTANT-HIT post-consumption put on this buffer, kind=data
C1-MUTANT-HIT post-consumption put on this buffer, kind=terminal
    recv_buffer_test.go:158: st.read(1) after all data = C1 mutant: terminal put after consumption, want EOF
=== RUN   Test/RecvBuffer_LargeFramesBypassCompaction
=== RUN   Test/ServerStream_CompactsTinyDataFrames
=== RUN   Test/ServerStream_CompactsTinyDataFrames/compaction=true
=== RUN   Test/ServerStream_CompactsTinyDataFrames/compaction=false
--- FAIL: Test (0.17s)
    --- PASS: Test/RecvBuffer_CompactionDisabled (0.00s)
    --- PASS: Test/RecvBuffer_CompactionReleasesPooledBuffers (0.00s)
    --- PASS: Test/RecvBuffer_CompactsSmallFrames (0.01s)
    --- FAIL: Test/RecvBuffer_ConcurrentReadWrite (0.01s)
    --- PASS: Test/RecvBuffer_LargeFramesBypassCompaction (0.00s)
    --- PASS: Test/ServerStream_CompactsTinyDataFrames (0.16s)
        --- PASS: Test/ServerStream_CompactsTinyDataFrames/compaction=true (0.05s)
        --- PASS: Test/ServerStream_CompactsTinyDataFrames/compaction=false (0.05s)
=== RUN   Test
--- PASS: Test (0.00s)
=== RUN   Test
=== RUN   Test/RecvBuffer_CompactionDisabled
=== RUN   Test/RecvBuffer_CompactionReleasesPooledBuffers
=== RUN   Test/RecvBuffer_CompactsSmallFrames
=== RUN   Test/RecvBuffer_ConcurrentReadWrite
C1-MUTANT-HIT post-consumption put on this buffer, kind=data
C1-MUTANT-HIT post-consumption put on this buffer, kind=terminal
    recv_buffer_test.go:158: st.read(1) after all data = C1 mutant: terminal put after consumption, want EOF
=== RUN   Test/RecvBuffer_LargeFramesBypassCompaction
=== RUN   Test/ServerStream_CompactsTinyDataFrames
=== RUN   Test/ServerStream_CompactsTinyDataFrames/compaction=true
=== RUN   Test/ServerStream_CompactsTinyDataFrames/compaction=false
--- FAIL: Test (0.17s)
    --- PASS: Test/RecvBuffer_CompactionDisabled (0.00s)
    --- PASS: Test/RecvBuffer_CompactionReleasesPooledBuffers (0.00s)
    --- PASS: Test/RecvBuffer_CompactsSmallFrames (0.01s)
    --- FAIL: Test/RecvBuffer_ConcurrentReadWrite (0.01s)
    --- PASS: Test/RecvBuffer_LargeFramesBypassCompaction (0.00s)
    --- PASS: Test/ServerStream_CompactsTinyDataFrames (0.16s)
        --- PASS: Test/ServerStream_CompactsTinyDataFrames/compaction=true (0.05s)
        --- PASS: Test/ServerStream_CompactsTinyDataFrames/compaction=false (0.05s)
=== RUN   Test
--- PASS: Test (0.00s)
=== RUN   Test
=== RUN   Test/RecvBuffer_CompactionDisabled
=== RUN   Test/RecvBuffer_CompactionReleasesPooledBuffers
=== RUN   Test/RecvBuffer_CompactsSmallFrames
=== RUN   Test/RecvBuffer_ConcurrentReadWrite
C1-MUTANT-HIT post-consumption put on this buffer, kind=data
C1-MUTANT-HIT post-consumption put on this buffer, kind=terminal
    recv_buffer_test.go:158: st.read(1) after all data = C1 mutant: terminal put after consumption, want EOF
=== RUN   Test/RecvBuffer_LargeFramesBypassCompaction
=== RUN   Test/ServerStream_CompactsTinyDataFrames
=== RUN   Test/ServerStream_CompactsTinyDataFrames/compaction=true
=== RUN   Test/ServerStream_CompactsTinyDataFrames/compaction=false
--- FAIL: Test (0.18s)
    --- PASS: Test/RecvBuffer_CompactionDisabled (0.00s)
    --- PASS: Test/RecvBuffer_CompactionReleasesPooledBuffers (0.00s)
    --- PASS: Test/RecvBuffer_CompactsSmallFrames (0.01s)
    --- FAIL: Test/RecvBuffer_ConcurrentReadWrite (0.01s)
    --- PASS: Test/RecvBuffer_LargeFramesBypassCompaction (0.00s)
    --- PASS: Test/ServerStream_CompactsTinyDataFrames (0.15s)
        --- PASS: Test/ServerStream_CompactsTinyDataFrames/compaction=true (0.05s)
        --- PASS: Test/ServerStream_CompactsTinyDataFrames/compaction=false (0.05s)
=== RUN   Test
--- PASS: Test (0.00s)
=== RUN   Test
=== RUN   Test/RecvBuffer_CompactionDisabled
=== RUN   Test/RecvBuffer_CompactionReleasesPooledBuffers
=== RUN   Test/RecvBuffer_CompactsSmallFrames
=== RUN   Test/RecvBuffer_ConcurrentReadWrite
C1-MUTANT-HIT post-consumption put on this buffer, kind=data
C1-MUTANT-HIT post-consumption put on this buffer, kind=terminal
    recv_buffer_test.go:158: st.read(1) after all data = C1 mutant: terminal put after consumption, want EOF
=== RUN   Test/RecvBuffer_LargeFramesBypassCompaction
=== RUN   Test/ServerStream_CompactsTinyDataFrames
=== RUN   Test/ServerStream_CompactsTinyDataFrames/compaction=true
=== RUN   Test/ServerStream_CompactsTinyDataFrames/compaction=false
--- FAIL: Test (0.17s)
    --- PASS: Test/RecvBuffer_CompactionDisabled (0.00s)
    --- PASS: Test/RecvBuffer_CompactionReleasesPooledBuffers (0.00s)
    --- PASS: Test/RecvBuffer_CompactsSmallFrames (0.01s)
    --- FAIL: Test/RecvBuffer_ConcurrentReadWrite (0.01s)
    --- PASS: Test/RecvBuffer_LargeFramesBypassCompaction (0.00s)
    --- PASS: Test/ServerStream_CompactsTinyDataFrames (0.16s)
        --- PASS: Test/ServerStream_CompactsTinyDataFrames/compaction=true (0.05s)
        --- PASS: Test/ServerStream_CompactsTinyDataFrames/compaction=false (0.05s)
=== RUN   Test
--- PASS: Test (0.00s)
=== RUN   Test
=== RUN   Test/RecvBuffer_CompactionDisabled
=== RUN   Test/RecvBuffer_CompactionReleasesPooledBuffers
=== RUN   Test/RecvBuffer_CompactsSmallFrames
=== RUN   Test/RecvBuffer_ConcurrentReadWrite
C1-MUTANT-HIT post-consumption put on this buffer, kind=data
C1-MUTANT-HIT post-consumption put on this buffer, kind=terminal
    recv_buffer_test.go:158: st.read(1) after all data = C1 mutant: terminal put after consumption, want EOF
=== RUN   Test/RecvBuffer_LargeFramesBypassCompaction
=== RUN   Test/ServerStream_CompactsTinyDataFrames
=== RUN   Test/ServerStream_CompactsTinyDataFrames/compaction=true
=== RUN   Test/ServerStream_CompactsTinyDataFrames/compaction=false
--- FAIL: Test (0.18s)
    --- PASS: Test/RecvBuffer_CompactionDisabled (0.00s)
    --- PASS: Test/RecvBuffer_CompactionReleasesPooledBuffers (0.00s)
    --- PASS: Test/RecvBuffer_CompactsSmallFrames (0.01s)
    --- FAIL: Test/RecvBuffer_ConcurrentReadWrite (0.01s)
    --- PASS: Test/RecvBuffer_LargeFramesBypassCompaction (0.00s)
    --- PASS: Test/ServerStream_CompactsTinyDataFrames (0.16s)
        --- PASS: Test/ServerStream_CompactsTinyDataFrames/compaction=true (0.05s)
        --- PASS: Test/ServerStream_CompactsTinyDataFrames/compaction=false (0.05s)
=== RUN   Test
--- PASS: Test (0.00s)
FAIL
FAIL	google.golang.org/grpc/internal/transport	1.782s
FAIL
