=== RUN   Test
=== RUN   Test/RecvBuffer_CompactionConcurrentReader
C1-MUTANT-HIT post-consumption put on this buffer, kind=data
C1-MUTANT-HIT post-consumption put on this buffer, kind=terminal
    recv_buffer_test.go:345: Read() failed: C1 mutant: terminal put after consumption
=== RUN   Test/RecvBuffer_CompactionWithError
=== RUN   Test/RecvBuffer_LargeMessagesBypassCompaction
=== RUN   Test/RecvBuffer_SmallMessagesAmortizedAllocations
=== RUN   Test/RecvBuffer_SmallMessagesBoundedMemory
    recv_buffer_test.go:185: Heap held for 65536 1-byte messages: 3991248 bytes without compaction, 76080 bytes with compaction
=== RUN   Test/RecvBuffer_SmallMessagesCompaction
=== RUN   Test/RecvBuffer_SmallMessagesCompaction/enabled
=== RUN   Test/RecvBuffer_SmallMessagesCompaction/disabled
=== RUN   Test/ServerStream_TinyDataFramesCompacted
--- FAIL: Test (0.25s)
    --- FAIL: Test/RecvBuffer_CompactionConcurrentReader (0.01s)
    --- PASS: Test/RecvBuffer_CompactionWithError (0.00s)
    --- PASS: Test/RecvBuffer_LargeMessagesBypassCompaction (0.00s)
    --- PASS: Test/RecvBuffer_SmallMessagesAmortizedAllocations (0.01s)
    --- PASS: Test/RecvBuffer_SmallMessagesBoundedMemory (0.02s)
    --- PASS: Test/RecvBuffer_SmallMessagesCompaction (0.02s)
        --- PASS: Test/RecvBuffer_SmallMessagesCompaction/enabled (0.00s)
        --- PASS: Test/RecvBuffer_SmallMessagesCompaction/disabled (0.01s)
    --- PASS: Test/ServerStream_TinyDataFramesCompacted (0.19s)
=== RUN   Test
--- PASS: Test (0.00s)
=== RUN   Test
=== RUN   Test/RecvBuffer_CompactionConcurrentReader
C1-MUTANT-HIT post-consumption put on this buffer, kind=data
C1-MUTANT-HIT post-consumption put on this buffer, kind=terminal
    recv_buffer_test.go:345: Read() failed: C1 mutant: terminal put after consumption
=== RUN   Test/RecvBuffer_CompactionWithError
=== RUN   Test/RecvBuffer_LargeMessagesBypassCompaction
=== RUN   Test/RecvBuffer_SmallMessagesAmortizedAllocations
=== RUN   Test/RecvBuffer_SmallMessagesBoundedMemory
    recv_buffer_test.go:185: Heap held for 65536 1-byte messages: 3985632 bytes without compaction, 76080 bytes with compaction
=== RUN   Test/RecvBuffer_SmallMessagesCompaction
=== RUN   Test/RecvBuffer_SmallMessagesCompaction/enabled
=== RUN   Test/RecvBuffer_SmallMessagesCompaction/disabled
=== RUN   Test/ServerStream_TinyDataFramesCompacted
--- FAIL: Test (0.18s)
    --- FAIL: Test/RecvBuffer_CompactionConcurrentReader (0.01s)
    --- PASS: Test/RecvBuffer_CompactionWithError (0.00s)
    --- PASS: Test/RecvBuffer_LargeMessagesBypassCompaction (0.00s)
    --- PASS: Test/RecvBuffer_SmallMessagesAmortizedAllocations (0.00s)
    --- PASS: Test/RecvBuffer_SmallMessagesBoundedMemory (0.02s)
    --- PASS: Test/RecvBuffer_SmallMessagesCompaction (0.02s)
        --- PASS: Test/RecvBuffer_SmallMessagesCompaction/enabled (0.00s)
        --- PASS: Test/RecvBuffer_SmallMessagesCompaction/disabled (0.01s)
    --- PASS: Test/ServerStream_TinyDataFramesCompacted (0.12s)
=== RUN   Test
--- PASS: Test (0.00s)
=== RUN   Test
=== RUN   Test/RecvBuffer_CompactionConcurrentReader
C1-MUTANT-HIT post-consumption put on this buffer, kind=data
C1-MUTANT-HIT post-consumption put on this buffer, kind=terminal
    recv_buffer_test.go:345: Read() failed: C1 mutant: terminal put after consumption
=== RUN   Test/RecvBuffer_CompactionWithError
=== RUN   Test/RecvBuffer_LargeMessagesBypassCompaction
=== RUN   Test/RecvBuffer_SmallMessagesAmortizedAllocations
=== RUN   Test/RecvBuffer_SmallMessagesBoundedMemory
    recv_buffer_test.go:185: Heap held for 65536 1-byte messages: 3985616 bytes without compaction, 76080 bytes with compaction
=== RUN   Test/RecvBuffer_SmallMessagesCompaction
=== RUN   Test/RecvBuffer_SmallMessagesCompaction/enabled
=== RUN   Test/RecvBuffer_SmallMessagesCompaction/disabled
=== RUN   Test/ServerStream_TinyDataFramesCompacted
--- FAIL: Test (0.24s)
    --- FAIL: Test/RecvBuffer_CompactionConcurrentReader (0.01s)
    --- PASS: Test/RecvBuffer_CompactionWithError (0.00s)
    --- PASS: Test/RecvBuffer_LargeMessagesBypassCompaction (0.00s)
    --- PASS: Test/RecvBuffer_SmallMessagesAmortizedAllocations (0.00s)
    --- PASS: Test/RecvBuffer_SmallMessagesBoundedMemory (0.02s)
    --- PASS: Test/RecvBuffer_SmallMessagesCompaction (0.02s)
        --- PASS: Test/RecvBuffer_SmallMessagesCompaction/enabled (0.00s)
        --- PASS: Test/RecvBuffer_SmallMessagesCompaction/disabled (0.01s)
    --- PASS: Test/ServerStream_TinyDataFramesCompacted (0.18s)
=== RUN   Test
--- PASS: Test (0.00s)
=== RUN   Test
=== RUN   Test/RecvBuffer_CompactionConcurrentReader
C1-MUTANT-HIT post-consumption put on this buffer, kind=data
C1-MUTANT-HIT post-consumption put on this buffer, kind=terminal
    recv_buffer_test.go:345: Read() failed: C1 mutant: terminal put after consumption
=== RUN   Test/RecvBuffer_CompactionWithError
=== RUN   Test/RecvBuffer_LargeMessagesBypassCompaction
=== RUN   Test/RecvBuffer_SmallMessagesAmortizedAllocations
=== RUN   Test/RecvBuffer_SmallMessagesBoundedMemory
    recv_buffer_test.go:185: Heap held for 65536 1-byte messages: 3985360 bytes without compaction, 76080 bytes with compaction
=== RUN   Test/RecvBuffer_SmallMessagesCompaction
=== RUN   Test/RecvBuffer_SmallMessagesCompaction/enabled
=== RUN   Test/RecvBuffer_SmallMessagesCompaction/disabled
=== RUN   Test/ServerStream_TinyDataFramesCompacted
--- FAIL: Test (0.23s)
    --- FAIL: Test/RecvBuffer_CompactionConcurrentReader (0.01s)
    --- PASS: Test/RecvBuffer_CompactionWithError (0.00s)
    --- PASS: Test/RecvBuffer_LargeMessagesBypassCompaction (0.00s)
    --- PASS: Test/RecvBuffer_SmallMessagesAmortizedAllocations (0.01s)
    --- PASS: Test/RecvBuffer_SmallMessagesBoundedMemory (0.02s)
    --- PASS: Test/RecvBuffer_SmallMessagesCompaction (0.02s)
        --- PASS: Test/RecvBuffer_SmallMessagesCompaction/enabled (0.00s)
        --- PASS: Test/RecvBuffer_SmallMessagesCompaction/disabled (0.01s)
    --- PASS: Test/ServerStream_TinyDataFramesCompacted (0.18s)
=== RUN   Test
--- PASS: Test (0.00s)
=== RUN   Test
=== RUN   Test/RecvBuffer_CompactionConcurrentReader
C1-MUTANT-HIT post-consumption put on this buffer, kind=data
C1-MUTANT-HIT post-consumption put on this buffer, kind=terminal
    recv_buffer_test.go:345: Read() failed: C1 mutant: terminal put after consumption
=== RUN   Test/RecvBuffer_CompactionWithError
=== RUN   Test/RecvBuffer_LargeMessagesBypassCompaction
=== RUN   Test/RecvBuffer_SmallMessagesAmortizedAllocations
=== RUN   Test/RecvBuffer_SmallMessagesBoundedMemory
    recv_buffer_test.go:185: Heap held for 65536 1-byte messages: 3911896 bytes without compaction, 76080 bytes with compaction
=== RUN   Test/RecvBuffer_SmallMessagesCompaction
=== RUN   Test/RecvBuffer_SmallMessagesCompaction/enabled
=== RUN   Test/RecvBuffer_SmallMessagesCompaction/disabled
=== RUN   Test/ServerStream_TinyDataFramesCompacted
--- FAIL: Test (0.24s)
    --- FAIL: Test/RecvBuffer_CompactionConcurrentReader (0.01s)
    --- PASS: Test/RecvBuffer_CompactionWithError (0.00s)
    --- PASS: Test/RecvBuffer_LargeMessagesBypassCompaction (0.00s)
    --- PASS: Test/RecvBuffer_SmallMessagesAmortizedAllocations (0.00s)
    --- PASS: Test/RecvBuffer_SmallMessagesBoundedMemory (0.03s)
    --- PASS: Test/RecvBuffer_SmallMessagesCompaction (0.02s)
        --- PASS: Test/RecvBuffer_SmallMessagesCompaction/enabled (0.00s)
        --- PASS: Test/RecvBuffer_SmallMessagesCompaction/disabled (0.01s)
    --- PASS: Test/ServerStream_TinyDataFramesCompacted (0.17s)
=== RUN   Test
--- PASS: Test (0.00s)
=== RUN   Test
=== RUN   Test/RecvBuffer_CompactionConcurrentReader
C1-MUTANT-HIT post-consumption put on this buffer, kind=data
C1-MUTANT-HIT post-consumption put on this buffer, kind=terminal
    recv_buffer_test.go:345: Read() failed: C1 mutant: terminal put after consumption
=== RUN   Test/RecvBuffer_CompactionWithError
=== RUN   Test/RecvBuffer_LargeMessagesBypassCompaction
=== RUN   Test/RecvBuffer_SmallMessagesAmortizedAllocations
=== RUN   Test/RecvBuffer_SmallMessagesBoundedMemory
    recv_buffer_test.go:185: Heap held for 65536 1-byte messages: 3985584 bytes without compaction, 76080 bytes with compaction
=== RUN   Test/RecvBuffer_SmallMessagesCompaction
=== RUN   Test/RecvBuffer_SmallMessagesCompaction/enabled
=== RUN   Test/RecvBuffer_SmallMessagesCompaction/disabled
=== RUN   Test/ServerStream_TinyDataFramesCompacted
--- FAIL: Test (0.24s)
    --- FAIL: Test/RecvBuffer_CompactionConcurrentReader (0.01s)
    --- PASS: Test/RecvBuffer_CompactionWithError (0.00s)
    --- PASS: Test/RecvBuffer_LargeMessagesBypassCompaction (0.00s)
    --- PASS: Test/RecvBuffer_SmallMessagesAmortizedAllocations (0.00s)
    --- PASS: Test/RecvBuffer_SmallMessagesBoundedMemory (0.02s)
    --- PASS: Test/RecvBuffer_SmallMessagesCompaction (0.02s)
        --- PASS: Test/RecvBuffer_SmallMessagesCompaction/enabled (0.00s)
        --- PASS: Test/RecvBuffer_SmallMessagesCompaction/disabled (0.01s)
    --- PASS: Test/ServerStream_TinyDataFramesCompacted (0.18s)
=== RUN   Test
--- PASS: Test (0.00s)
=== RUN   Test
=== RUN   Test/RecvBuffer_CompactionConcurrentReader
C1-MUTANT-HIT post-consumption put on this buffer, kind=data
C1-MUTANT-HIT post-consumption put on this buffer, kind=terminal
    recv_buffer_test.go:345: Read() failed: C1 mutant: terminal put after consumption
=== RUN   Test/RecvBuffer_CompactionWithError
=== RUN   Test/RecvBuffer_LargeMessagesBypassCompaction
=== RUN   Test/RecvBuffer_SmallMessagesAmortizedAllocations
=== RUN   Test/RecvBuffer_SmallMessagesBoundedMemory
    recv_buffer_test.go:185: Heap held for 65536 1-byte messages: 3985760 bytes without compaction, 76080 bytes with compaction
=== RUN   Test/RecvBuffer_SmallMessagesCompaction
=== RUN   Test/RecvBuffer_SmallMessagesCompaction/enabled
=== RUN   Test/RecvBuffer_SmallMessagesCompaction/disabled
=== RUN   Test/ServerStream_TinyDataFramesCompacted
--- FAIL: Test (0.26s)
    --- FAIL: Test/RecvBuffer_CompactionConcurrentReader (0.01s)
    --- PASS: Test/RecvBuffer_CompactionWithError (0.00s)
    --- PASS: Test/RecvBuffer_LargeMessagesBypassCompaction (0.00s)
    --- PASS: Test/RecvBuffer_SmallMessagesAmortizedAllocations (0.00s)
    --- PASS: Test/RecvBuffer_SmallMessagesBoundedMemory (0.02s)
    --- PASS: Test/RecvBuffer_SmallMessagesCompaction (0.02s)
        --- PASS: Test/RecvBuffer_SmallMessagesCompaction/enabled (0.00s)
        --- PASS: Test/RecvBuffer_SmallMessagesCompaction/disabled (0.01s)
    --- PASS: Test/ServerStream_TinyDataFramesCompacted (0.20s)
=== RUN   Test
--- PASS: Test (0.00s)
=== RUN   Test
=== RUN   Test/RecvBuffer_CompactionConcurrentReader
C1-MUTANT-HIT post-consumption put on this buffer, kind=data
C1-MUTANT-HIT post-consumption put on this buffer, kind=terminal
    recv_buffer_test.go:345: Read() failed: C1 mutant: terminal put after consumption
=== RUN   Test/RecvBuffer_CompactionWithError
=== RUN   Test/RecvBuffer_LargeMessagesBypassCompaction
=== RUN   Test/RecvBuffer_SmallMessagesAmortizedAllocations
=== RUN   Test/RecvBuffer_SmallMessagesBoundedMemory
    recv_buffer_test.go:185: Heap held for 65536 1-byte messages: 3985632 bytes without compaction, 76080 bytes with compaction
=== RUN   Test/RecvBuffer_SmallMessagesCompaction
=== RUN   Test/RecvBuffer_SmallMessagesCompaction/enabled
=== RUN   Test/RecvBuffer_SmallMessagesCompaction/disabled
=== RUN   Test/ServerStream_TinyDataFramesCompacted
--- FAIL: Test (0.23s)
    --- FAIL: Test/RecvBuffer_CompactionConcurrentReader (0.01s)
    --- PASS: Test/RecvBuffer_CompactionWithError (0.00s)
    --- PASS: Test/RecvBuffer_LargeMessagesBypassCompaction (0.00s)
    --- PASS: Test/RecvBuffer_SmallMessagesAmortizedAllocations (0.01s)
    --- PASS: Test/RecvBuffer_SmallMessagesBoundedMemory (0.02s)
    --- PASS: Test/RecvBuffer_SmallMessagesCompaction (0.02s)
        --- PASS: Test/RecvBuffer_SmallMessagesCompaction/enabled (0.00s)
        --- PASS: Test/RecvBuffer_SmallMessagesCompaction/disabled (0.01s)
    --- PASS: Test/ServerStream_TinyDataFramesCompacted (0.18s)
=== RUN   Test
--- PASS: Test (0.00s)
=== RUN   Test
=== RUN   Test/RecvBuffer_CompactionConcurrentReader
C1-MUTANT-HIT post-consumption put on this buffer, kind=data
C1-MUTANT-HIT post-consumption put on this buffer, kind=terminal
    recv_buffer_test.go:345: Read() failed: C1 mutant: terminal put after consumption
=== RUN   Test/RecvBuffer_CompactionWithError
=== RUN   Test/RecvBuffer_LargeMessagesBypassCompaction
=== RUN   Test/RecvBuffer_SmallMessagesAmortizedAllocations
=== RUN   Test/RecvBuffer_SmallMessagesBoundedMemory
    recv_buffer_test.go:185: Heap held for 65536 1-byte messages: 3985648 bytes without compaction, 76080 bytes with compaction
=== RUN   Test/RecvBuffer_SmallMessagesCompaction
=== RUN   Test/RecvBuffer_SmallMessagesCompaction/enabled
=== RUN   Test/RecvBuffer_SmallMessagesCompaction/disabled
=== RUN   Test/ServerStream_TinyDataFramesCompacted
--- FAIL: Test (0.16s)
    --- FAIL: Test/RecvBuffer_CompactionConcurrentReader (0.01s)
    --- PASS: Test/RecvBuffer_CompactionWithError (0.00s)
    --- PASS: Test/RecvBuffer_LargeMessagesBypassCompaction (0.00s)
    --- PASS: Test/RecvBuffer_SmallMessagesAmortizedAllocations (0.00s)
    --- PASS: Test/RecvBuffer_SmallMessagesBoundedMemory (0.02s)
    --- PASS: Test/RecvBuffer_SmallMessagesCompaction (0.02s)
        --- PASS: Test/RecvBuffer_SmallMessagesCompaction/enabled (0.00s)
        --- PASS: Test/RecvBuffer_SmallMessagesCompaction/disabled (0.02s)
    --- PASS: Test/ServerStream_TinyDataFramesCompacted (0.10s)
=== RUN   Test
--- PASS: Test (0.00s)
=== RUN   Test
=== RUN   Test/RecvBuffer_CompactionConcurrentReader
C1-MUTANT-HIT post-consumption put on this buffer, kind=data
C1-MUTANT-HIT post-consumption put on this buffer, kind=terminal
    recv_buffer_test.go:345: Read() failed: C1 mutant: terminal put after consumption
=== RUN   Test/RecvBuffer_CompactionWithError
=== RUN   Test/RecvBuffer_LargeMessagesBypassCompaction
=== RUN   Test/RecvBuffer_SmallMessagesAmortizedAllocations
=== RUN   Test/RecvBuffer_SmallMessagesBoundedMemory
    recv_buffer_test.go:185: Heap held for 65536 1-byte messages: 3985344 bytes without compaction, 76080 bytes with compaction
=== RUN   Test/RecvBuffer_SmallMessagesCompaction
=== RUN   Test/RecvBuffer_SmallMessagesCompaction/enabled
=== RUN   Test/RecvBuffer_SmallMessagesCompaction/disabled
=== RUN   Test/ServerStream_TinyDataFramesCompacted
--- FAIL: Test (0.24s)
    --- FAIL: Test/RecvBuffer_CompactionConcurrentReader (0.01s)
    --- PASS: Test/RecvBuffer_CompactionWithError (0.00s)
    --- PASS: Test/RecvBuffer_LargeMessagesBypassCompaction (0.00s)
    --- PASS: Test/RecvBuffer_SmallMessagesAmortizedAllocations (0.00s)
    --- PASS: Test/RecvBuffer_SmallMessagesBoundedMemory (0.02s)
    --- PASS: Test/RecvBuffer_SmallMessagesCompaction (0.02s)
        --- PASS: Test/RecvBuffer_SmallMessagesCompaction/enabled (0.00s)
        --- PASS: Test/RecvBuffer_SmallMessagesCompaction/disabled (0.01s)
    --- PASS: Test/ServerStream_TinyDataFramesCompacted (0.19s)
=== RUN   Test
--- PASS: Test (0.00s)
FAIL
FAIL	google.golang.org/grpc/internal/transport	2.297s
FAIL
