=== RUN   Test
=== RUN   Test/RecvBuffer_CompactionConcurrentReadWrite
C1-MUTANT-HIT post-consumption put on this buffer, kind=data
C1-MUTANT-HIT post-consumption put on this buffer, kind=terminal
    recv_buffer_test.go:283: Data read from stream does not match data written
=== RUN   Test/RecvBuffer_CompactionDisabled
=== RUN   Test/RecvBuffer_CompactionPreservesErrorOrdering
=== RUN   Test/RecvBuffer_CompactsSmallMessages
=== RUN   Test/RecvBuffer_LargeMessagesBypassCompaction
=== RUN   Test/ServerCompactsTinyDataFramesOnSlowStream
--- FAIL: Test (0.06s)
    --- FAIL: Test/RecvBuffer_CompactionConcurrentReadWrite (0.00s)
    --- PASS: Test/RecvBuffer_CompactionDisabled (0.00s)
    --- PASS: Test/RecvBuffer_CompactionPreservesErrorOrdering (0.00s)
    --- PASS: Test/RecvBuffer_CompactsSmallMessages (0.00s)
    --- PASS: Test/RecvBuffer_LargeMessagesBypassCompaction (0.00s)
    --- PASS: Test/ServerCompactsTinyDataFramesOnSlowStream (0.05s)
=== RUN   Test
--- PASS: Test (0.00s)
=== RUN   Test
=== RUN   Test/RecvBuffer_CompactionConcurrentReadWrite
C1-MUTANT-HIT post-consumption put on this buffer, kind=data
C1-MUTANT-HIT post-consumption put on this buffer, kind=terminal
    recv_buffer_test.go:283: Data read from stream does not match data written
=== RUN   Test/RecvBuffer_CompactionDisabled
=== RUN   Test/RecvBuffer_CompactionPreservesErrorOrdering
=== RUN   Test/RecvBuffer_CompactsSmallMessages
=== RUN   Test/RecvBuffer_LargeMessagesBypassCompaction
=== RUN   Test/ServerCompactsTinyDataFramesOnSlowStream
--- FAIL: Test (0.07s)
    --- FAIL: Test/RecvBuffer_CompactionConcurrentReadWrite (0.00s)
    --- PASS: Test/RecvBuffer_CompactionDisabled (0.00s)
    --- PASS: Test/RecvBuffer_CompactionPreservesErrorOrdering (0.00s)
    --- PASS: Test/RecvBuffer_CompactsSmallMessages (0.00s)
    --- PASS: Test/RecvBuffer_LargeMessagesBypassCompaction (0.00s)
    --- PASS: Test/ServerCompactsTinyDataFramesOnSlowStream (0.05s)
=== RUN   Test
--- PASS: Test (0.00s)
=== RUN   Test
=== RUN   Test/RecvBuffer_CompactionConcurrentReadWrite
C1-MUTANT-HIT post-consumption put on this buffer, kind=data
C1-MUTANT-HIT post-consumption put on this buffer, kind=terminal
    recv_buffer_test.go:283: Data read from stream does not match data written
=== RUN   Test/RecvBuffer_CompactionDisabled
=== RUN   Test/RecvBuffer_CompactionPreservesErrorOrdering
=== RUN   Test/RecvBuffer_CompactsSmallMessages
=== RUN   Test/RecvBuffer_LargeMessagesBypassCompaction
=== RUN   Test/ServerCompactsTinyDataFramesOnSlowStream
--- FAIL: Test (0.13s)
    --- FAIL: Test/RecvBuffer_CompactionConcurrentReadWrite (0.00s)
    --- PASS: Test/RecvBuffer_CompactionDisabled (0.00s)
    --- PASS: Test/RecvBuffer_CompactionPreservesErrorOrdering (0.00s)
    --- PASS: Test/RecvBuffer_CompactsSmallMessages (0.00s)
    --- PASS: Test/RecvBuffer_LargeMessagesBypassCompaction (0.00s)
    --- PASS: Test/ServerCompactsTinyDataFramesOnSlowStream (0.11s)
=== RUN   Test
--- PASS: Test (0.00s)
=== RUN   Test
=== RUN   Test/RecvBuffer_CompactionConcurrentReadWrite
C1-MUTANT-HIT post-consumption put on this buffer, kind=data
C1-MUTANT-HIT post-consumption put on this buffer, kind=terminal
    recv_buffer_test.go:283: Data read from stream does not match data written
=== RUN   Test/RecvBuffer_CompactionDisabled
=== RUN   Test/RecvBuffer_CompactionPreservesErrorOrdering
=== RUN   Test/RecvBuffer_CompactsSmallMessages
=== RUN   Test/RecvBuffer_LargeMessagesBypassCompaction
=== RUN   Test/ServerCompactsTinyDataFramesOnSlowStream
--- FAIL: Test (0.11s)
    --- FAIL: Test/RecvBuffer_CompactionConcurrentReadWrite (0.00s)
    --- PASS: Test/RecvBuffer_CompactionDisabled (0.00s)
    --- PASS: Test/RecvBuffer_CompactionPreservesErrorOrdering (0.00s)
    --- PASS: Test/RecvBuffer_CompactsSmallMessages (0.01s)
    --- PASS: Test/RecvBuffer_LargeMessagesBypassCompaction (0.00s)
    --- PASS: Test/ServerCompactsTinyDataFramesOnSlowStream (0.10s)
=== RUN   Test
--- PASS: Test (0.00s)
=== RUN   Test
=== RUN   Test/RecvBuffer_CompactionConcurrentReadWrite
C1-MUTANT-HIT post-consumption put on this buffer, kind=data
C1-MUTANT-HIT post-consumption put on this buffer, kind=terminal
    recv_buffer_test.go:283: Data read from stream does not match data written
=== RUN   Test/RecvBuffer_CompactionDisabled
=== RUN   Test/RecvBuffer_CompactionPreservesErrorOrdering
=== RUN   Test/RecvBuffer_CompactsSmallMessages
=== RUN   Test/RecvBuffer_LargeMessagesBypassCompaction
=== RUN   Test/ServerCompactsTinyDataFramesOnSlowStream
--- FAIL: Test (0.11s)
    --- FAIL: Test/RecvBuffer_CompactionConcurrentReadWrite (0.00s)
    --- PASS: Test/RecvBuffer_CompactionDisabled (0.00s)
    --- PASS: Test/RecvBuffer_CompactionPreservesErrorOrdering (0.00s)
    --- PASS: Test/RecvBuffer_CompactsSmallMessages (0.00s)
    --- PASS: Test/RecvBuffer_LargeMessagesBypassCompaction (0.00s)
    --- PASS: Test/ServerCompactsTinyDataFramesOnSlowStream (0.10s)
=== RUN   Test
--- PASS: Test (0.00s)
=== RUN   Test
=== RUN   Test/RecvBuffer_CompactionConcurrentReadWrite
C1-MUTANT-HIT post-consumption put on this buffer, kind=data
C1-MUTANT-HIT post-consumption put on this buffer, kind=terminal
    recv_buffer_test.go:283: Data read from stream does not match data written
=== RUN   Test/RecvBuffer_CompactionDisabled
=== RUN   Test/RecvBuffer_CompactionPreservesErrorOrdering
=== RUN   Test/RecvBuffer_CompactsSmallMessages
=== RUN   Test/RecvBuffer_LargeMessagesBypassCompaction
=== RUN   Test/ServerCompactsTinyDataFramesOnSlowStream
--- FAIL: Test (0.12s)
    --- FAIL: Test/RecvBuffer_CompactionConcurrentReadWrite (0.00s)
    --- PASS: Test/RecvBuffer_CompactionDisabled (0.00s)
    --- PASS: Test/RecvBuffer_CompactionPreservesErrorOrdering (0.00s)
    --- PASS: Test/RecvBuffer_CompactsSmallMessages (0.00s)
    --- PASS: Test/RecvBuffer_LargeMessagesBypassCompaction (0.00s)
    --- PASS: Test/ServerCompactsTinyDataFramesOnSlowStream (0.10s)
=== RUN   Test
--- PASS: Test (0.00s)
=== RUN   Test
=== RUN   Test/RecvBuffer_CompactionConcurrentReadWrite
C1-MUTANT-HIT post-consumption put on this buffer, kind=data
C1-MUTANT-HIT post-consumption put on this buffer, kind=terminal
    recv_buffer_test.go:283: Data read from stream does not match data written
=== RUN   Test/RecvBuffer_CompactionDisabled
=== RUN   Test/RecvBuffer_CompactionPreservesErrorOrdering
=== RUN   Test/RecvBuffer_CompactsSmallMessages
=== RUN   Test/RecvBuffer_LargeMessagesBypassCompaction
=== RUN   Test/ServerCompactsTinyDataFramesOnSlowStream
--- FAIL: Test (0.06s)
    --- FAIL: Test/RecvBuffer_CompactionConcurrentReadWrite (0.00s)
    --- PASS: Test/RecvBuffer_CompactionDisabled (0.00s)
    --- PASS: Test/RecvBuffer_CompactionPreservesErrorOrdering (0.00s)
    --- PASS: Test/RecvBuffer_CompactsSmallMessages (0.00s)
    --- PASS: Test/RecvBuffer_LargeMessagesBypassCompaction (0.00s)
    --- PASS: Test/ServerCompactsTinyDataFramesOnSlowStream (0.04s)
=== RUN   Test
--- PASS: Test (0.00s)
=== RUN   Test
=== RUN   Test/RecvBuffer_CompactionConcurrentReadWrite
C1-MUTANT-HIT post-consumption put on this buffer, kind=data
C1-MUTANT-HIT post-consumption put on this buffer, kind=terminal
    recv_buffer_test.go:283: Data read from stream does not match data written
=== RUN   Test/RecvBuffer_CompactionDisabled
=== RUN   Test/RecvBuffer_CompactionPreservesErrorOrdering
=== RUN   Test/RecvBuffer_CompactsSmallMessages
=== RUN   Test/RecvBuffer_LargeMessagesBypassCompaction
=== RUN   Test/ServerCompactsTinyDataFramesOnSlowStream
--- FAIL: Test (0.14s)
    --- FAIL: Test/RecvBuffer_CompactionConcurrentReadWrite (0.00s)
    --- PASS: Test/RecvBuffer_CompactionDisabled (0.00s)
    --- PASS: Test/RecvBuffer_CompactionPreservesErrorOrdering (0.00s)
    --- PASS: Test/RecvBuffer_CompactsSmallMessages (0.00s)
    --- PASS: Test/RecvBuffer_LargeMessagesBypassCompaction (0.00s)
    --- PASS: Test/ServerCompactsTinyDataFramesOnSlowStream (0.13s)
=== RUN   Test
--- PASS: Test (0.00s)
=== RUN   Test
=== RUN   Test/RecvBuffer_CompactionConcurrentReadWrite
C1-MUTANT-HIT post-consumption put on this buffer, kind=data
C1-MUTANT-HIT post-consumption put on this buffer, kind=terminal
    recv_buffer_test.go:283: Data read from stream does not match data written
=== RUN   Test/RecvBuffer_CompactionDisabled
=== RUN   Test/RecvBuffer_CompactionPreservesErrorOrdering
=== RUN   Test/RecvBuffer_CompactsSmallMessages
=== RUN   Test/RecvBuffer_LargeMessagesBypassCompaction
=== RUN   Test/ServerCompactsTinyDataFramesOnSlowStream
--- FAIL: Test (0.06s)
    --- FAIL: Test/RecvBuffer_CompactionConcurrentReadWrite (0.00s)
    --- PASS: Test/RecvBuffer_CompactionDisabled (0.00s)
    --- PASS: Test/RecvBuffer_CompactionPreservesErrorOrdering (0.00s)
    --- PASS: Test/RecvBuffer_CompactsSmallMessages (0.00s)
    --- PASS: Test/RecvBuffer_LargeMessagesBypassCompaction (0.00s)
    --- PASS: Test/ServerCompactsTinyDataFramesOnSlowStream (0.04s)
=== RUN   Test
--- PASS: Test (0.00s)
=== RUN   Test
=== RUN   Test/RecvBuffer_CompactionConcurrentReadWrite
C1-MUTANT-HIT post-consumption put on this buffer, kind=data
C1-MUTANT-HIT post-consumption put on this buffer, kind=terminal
    recv_buffer_test.go:283: Data read from stream does not match data written
=== RUN   Test/RecvBuffer_CompactionDisabled
=== RUN   Test/RecvBuffer_CompactionPreservesErrorOrdering
=== RUN   Test/RecvBuffer_CompactsSmallMessages
=== RUN   Test/RecvBuffer_LargeMessagesBypassCompaction
=== RUN   Test/ServerCompactsTinyDataFramesOnSlowStream
--- FAIL: Test (0.06s)
    --- FAIL: Test/RecvBuffer_CompactionConcurrentReadWrite (0.00s)
    --- PASS: Test/RecvBuffer_CompactionDisabled (0.00s)
    --- PASS: Test/RecvBuffer_CompactionPreservesErrorOrdering (0.00s)
    --- PASS: Test/RecvBuffer_CompactsSmallMessages (0.00s)
    --- PASS: Test/RecvBuffer_LargeMessagesBypassCompaction (0.00s)
    --- PASS: Test/ServerCompactsTinyDataFramesOnSlowStream (0.04s)
=== RUN   Test
--- PASS: Test (0.00s)
FAIL
FAIL	google.golang.org/grpc/internal/transport	0.907s
FAIL
