=== RUN   Test
=== RUN   Test/RecvBufferCompaction_DataAfterError
    recv_buffer_test.go:333: Stream.read(1) returned error rpc error: code = DeadlineExceeded desc = context deadline exceeded, want test error
=== RUN   Test/RecvBufferCompaction_LargeFramesBypassCompaction
    recv_buffer_test.go:256: Stream.read(1) at end of stream returned error rpc error: code = DeadlineExceeded desc = context deadline exceeded, want test error
=== RUN   Test/RecvBufferCompaction_ManySmallFrames
=== RUN   Test/RecvBufferCompaction_ManySmallFrames/enabled
    recv_buffer_test.go:186: Stream.read(1) at end of stream returned error rpc error: code = DeadlineExceeded desc = context deadline exceeded, want EOF
=== RUN   Test/RecvBufferCompaction_ManySmallFrames/disabled
    recv_buffer_test.go:186: Stream.read(1) at end of stream returned error rpc error: code = DeadlineExceeded desc = context deadline exceeded, want EOF
=== RUN   Test/RecvBufferCompaction_PartialChunkDeliveredToReader
--- FAIL: Test (40.09s)
    --- FAIL: Test/RecvBufferCompaction_DataAfterError (10.04s)
    --- FAIL: Test/RecvBufferCompaction_LargeFramesBypassCompaction (10.00s)
    --- FAIL: Test/RecvBufferCompaction_ManySmallFrames (20.04s)
        --- FAIL: Test/RecvBufferCompaction_ManySmallFrames/enabled (10.04s)
        --- FAIL: Test/RecvBufferCompaction_ManySmallFrames/disabled (10.00s)
    --- PASS: Test/RecvBufferCompaction_PartialChunkDeliveredToReader (0.00s)
=== RUN   Test
--- PASS: Test (0.00s)
FAIL
FAIL	google.golang.org/grpc/internal/transport	40.094s
FAIL

real	0m41.597s
user	0m3.346s
sys	0m0.419s
